_off^_usr, _off^_usr, _off^_usr, _off^_usr, _off^_usr, _off^_usr, _off^_usr, _off^_usr, _off^_usr, _off^_usr, _off^_usr, _off^_usr, _off^_usr, _off^_usr, _off^_usr, _off^_usr, _off^_usr, _off^_usr, _off^_usr, _off^_usr, _off^_usr, _off^_usr, _off^_usr, _off^_usr, _off^_usr, _off^_usr, _off^_usr, _off^_usr, _off^_usr
_off^_usr, _off^_usr, _off^_usr, _off^_usr, _off^_usr, _off^_usr, _off^_usr, _off^_usr, _off^_usr, _off^_usr, _off^_usr, _off^_usr, _off^_usr, _off^_usr, _off^_usr, _off^_usr, _off^_usr, _off^_usr, _off^_usr, _off^_usr, _off^_usr, _off^_usr, _off^_usr, _off^_usr, _off^_usr, _off^_usr, _off^_usr, _off^_usr, _off^_usr
_off^_usr, _off^_usr, Md^Xm, Mm^Xm, Mm^Xm, Mm^Xm, Mm^Xm, Mm^Xm, Mm^Xm, Mm^Xm, Mm^Xm, Mm^Xm, Mm^Xm, _off^_usr, _off^_usr, _off^_usr, Mm^Xm, Mm^Xm, Mm^Xm, Mm^Xm, Mm^Xm, Mm^Xm, Mm^Xm, Mm^Xm, Mm^Xm, Mm^Xm, Md^Xm, _off^_usr, _off^_usr
_off^_usr, _off^_usr, Mm^Xm, Wwf, Ds, Rd, Rd, Rd, Rd, Wwf, Wwf, Wwf, Gs, Md^Xm, Md^Xm, Md^Xm, Gs, Wwf, Wwf, Wwf, Rd, Rd, Rd, Rd, Ds, Wwf, Mm^Xm, _off^_usr, _off^_usr
_off^_usr, _off^_usr, Mm^Xm, Wwf, Wwf, Ds, Hhd, Rd, Rd, Rd, Wwf, Wwf, Gs, Gs, _off^_usr, Gs, Gs, Wwf, Wwf, Rd, Rd, Rd, Hhd, Ds, Wwf, Wwf, Mm^Xm, _off^_usr, _off^_usr
_off^_usr, _off^_usr, Mm^Xm, Wwf, Wwf, Ds, Hhd, Rd, Hhd, Ds, Wwf, Gs^Fds, Wwrg, Gg, _off^_usr, Gg, Wwrg, Gs^Fds, Wwf, Ds, Hhd, Rd, Hhd, Ds, Wwf, Wwf, Mm^Xm, _off^_usr, _off^_usr
_off^_usr, _off^_usr, Mm^Xm, Gs^Fms, Wwf, Ds, Ds, Rd, Rd, Ds, Wwf, Wwf, Gs, Gs^Fds, _off^_usr, Gs^Fds, Gs, Wwf, Wwf, Ds, Rd, Rd, Ds, Ds, Wwf, Gs^Fms, Mm^Xm, _off^_usr, _off^_usr
_off^_usr, _off^_usr, Mm^Xm, Gs^Fms, Gs^Fms, Wwf, Dd^Ftd, Rd, Rd, Rd, Rd, Wwf, Mm, Gs, _off^_usr, Gs, Mm, Wwf, Rd, Rd, Rd, Rd, Dd^Ftd, Wwf, Gs^Fms, Gs^Fms, Mm^Xm, _off^_usr, _off^_usr
_off^_usr, _off^_usr, Mm^Xm, Gg^Fms, Gg, Wwf, Wwf, Dd^Ftd, Ds, Rd, Ds, Wwf, Wwg, Gg^Fms, _off^_usr, Gg^Fms, Wwg, Wwf, Ds, Rd, Ds, Dd^Ftd, Wwf, Wwf, Gg, Gg^Fms, Mm^Xm, _off^_usr, _off^_usr
_off^_usr, _off^_usr, Mm^Xm, Gg^Fms, Hh^Fms, Gg^Fms, Gg, Wwf, Hh, Wwf, Wwf, Wwf^Fdw, Ss^Fdw, Hh^Fms, _off^_usr, Hh^Fms, Ss^Fdw, Wwf^Fdw, Wwf, Wwf, Hh, Wwf, Gg, Gg^Fms, Hh^Fms, Gg^Fms, Mm^Xm, _off^_usr, _off^_usr
_off^_usr, _off^_usr, Mm^Xm, Ss, Ss^Fdw, Ss^Vhs, Wwg, Wwf, Wwf, Wwf, Ss, Ss, Hh, Gg, _off^_usr, Gg, Hh, Ss, Ss, Wwf, Wwf, Wwf, Wwg, Ss^Vhs, Ss^Fdw, Ss, Mm^Xm, _off^_usr, _off^_usr
_off^_usr, _off^_usr, Mm^Xm, Ss, Ss, Wwrg, Wwf, Wwf, Wwf, Wwf, Ss, Hh, Wwg, Wwf, _off^_usr, Wwf, Wwg, Hh, Ss, Wwf, Wwf, Wwf, Wwf, Wwrg, Ss, Ss, Mm^Xm, _off^_usr, _off^_usr
_off^_usr, _off^_usr, Mm^Xm, Gg, Wwf, Wwf, Gs^Fms, Gg, Mm, Hh^Fms, Mm, Wwg, Wwf, Wwf, _off^_usr, Wwf, Wwf, Wwg, Mm, Hh^Fms, Mm, Gg, Gs^Fms, Wwf, Wwf, Gg, Mm^Xm, _off^_usr, _off^_usr
_off^_usr, _off^_usr, Mm^Xm, Gs^Fms, Wwf, Ds, Gg, Hh^Ve, Hh, Hh^Fms, Hh, Gs^Fds, Wwf, Hh^Ve, _off^_usr, Hh^Ve, Wwf, Gs^Fds, Hh, Hh^Fms, Hh, Hh^Ve, Gg, Ds, Wwf, Gs^Fms, Mm^Xm, _off^_usr, _off^_usr
_off^_usr, _off^_usr, Mm^Xm, Gs^Fms, Gs^Fms, Wwf, Wwf, Gs^Fds, Hh, Gs, Gg, Wwf, Gg, Hh^Fms, _off^_usr, Hh^Fms, Gg, Wwf, Gg, Gs, Hh, Gs^Fds, Wwf, Wwf, Gs^Fms, Gs^Fms, Mm^Xm, _off^_usr, _off^_usr
_off^_usr, _off^_usr, Mm^Xm, Gs^Fms, Gs, Wwrg, Wwf, Gs^Fms, Gs^Fms, Gg, Wwf, Wwf, Gg, Hh^Fms, _off^_usr, Hh^Fms, Gg, Wwf, Wwf, Gg, Gs^Fms, Gs^Fms, Wwf, Wwrg, Gs, Gs^Fms, Mm^Xm, _off^_usr, _off^_usr
_off^_usr, _off^_usr, Mm^Xm, Gs, Gs, Ds, Wwf, Wwf, Wwf, Gg, Wwf, Gg, Gg^Fet, Cv, _off^_usr, Cv, Gg^Fet, Gg, Wwf, Gg, Wwf, Wwf, Wwf, Ds, Gs, Gs, Mm^Xm, _off^_usr, _off^_usr
_off^_usr, _off^_usr, Mm^Xm, Gg^Tf, Gg^Tf, Gg, Gs, Wwf, Gs, Wwf, Wwf, Cv, Cv, Kv, _off^_usr, Kv, Cv, Cv, Wwf, Wwf, Gs, Wwf, Gs, Gg, Gg^Tf, Gg^Tf, Mm^Xm, _off^_usr, _off^_usr
_off^_usr, _off^_usr, Mm^Xm, Ss, Ss, Gg^Tf, Gg, Gg, Gs, Gs^Fds, Wwf, Wwg, Wwg, Wwg, Mm^Xm, Wwg, Wwg, Wwg, Wwf, Gs^Fds, Gs, Gg, Gg, Gg^Tf, Ss, Ss, Mm^Xm, _off^_usr, _off^_usr
_off^_usr, _off^_usr, _off^_usr, Mm^Xm, Mm^Xm, Mm^Xm, Mm^Xm, Mm^Xm, Mm^Xm, Mm^Xm, Mm^Xm, Mm^Xm, Mm^Xm, Mm^Xm, _off^_usr, Mm^Xm, Mm^Xm, Mm^Xm, Mm^Xm, Mm^Xm, Mm^Xm, Mm^Xm, Mm^Xm, Mm^Xm, Mm^Xm, Mm^Xm, _off^_usr, _off^_usr, _off^_usr
_off^_usr, _off^_usr, _off^_usr, _off^_usr, _off^_usr, _off^_usr, _off^_usr, _off^_usr, _off^_usr, _off^_usr, _off^_usr, _off^_usr, _off^_usr, _off^_usr, _off^_usr, _off^_usr, _off^_usr, _off^_usr, _off^_usr, _off^_usr, _off^_usr, _off^_usr, _off^_usr, _off^_usr, _off^_usr, _off^_usr, _off^_usr, _off^_usr, _off^_usr
_off^_usr, _off^_usr, _off^_usr, _off^_usr, _off^_usr, _off^_usr, _off^_usr, _off^_usr, _off^_usr, _off^_usr, _off^_usr, _off^_usr, _off^_usr, _off^_usr, _off^_usr, _off^_usr, _off^_usr, _off^_usr, _off^_usr, _off^_usr, _off^_usr, _off^_usr, _off^_usr, _off^_usr, _off^_usr, _off^_usr, _off^_usr, _off^_usr, _off^_usr
