Xv, Xv, Aa^Fpa, Aa^Fpa, Aa, Aa, Aa, Aa, Aa^Fpa, Aa^Fpa, Xv, Aa^Fpa, Aa^Fpa, Aa, Aa, Aa, Aa, Aa^Fpa, Aa^Fpa, Xv, Xv
Xv, Xv, Aa^Fpa, Aa, Aa, Aa, 2 Ce, Aa, Aa, Aa^Fpa, Xv, Aa^Fpa, Aa, Aa, 4 Ce, Aa, Aa, Aa, Aa^Fpa, Xv, Xv
Xv, Xv, Mm, Aa, Gd, Gd, Gs, Gd, Gs, Aa, Xv, Aa, Gs, Gd, Gs, Gd, Gd, Aa, Mm, Xv, Xv
Xv, Xv, Mm, Mm, Gs, Gs, Gs, Gd, Mm, Mm, Xv, Mm, Mm, Gd, Gs, Gs, Gs, Mm, Mm, Xv, Xv
Xv, Xv, Hh, Mm, Mm, Gd, Gs, Hh, Hh^Vh, Mm, Xv, Mm, Hh^Vh, Hh, Gs, Gd, Mm, Mm, Hh, Xv, Xv
Xv, Xv, Mm, Hh, Hh, Gs, Gs, Hh, Wwf, Hh, Xv, Hh, Wwf, Hh, Gs, Gs, Hh, Hh, Mm, Xv, Xv
Xv, Xv, Hh, Wwf, Wwf, Wwf, Wwrg, Wwf, Wwf, Wwf, Xv, Wwf, Wwf, Wwf, Wwrg, Wwf, Wwf, Wwf, Hh, Xv, Xv
Xv, Xv, Wwf, Wwf, Wwf, Wwf, Wwg, Wwf, Wwf, Wwf, Xv, Wwf, Wwf, Wwf, Wwg, Wwf, Wwf, Wwf, Wwf, Xv, Xv
Xv, Xv, Wwf, Wwf, Wwrg, Wwrg, Mm, Wwf, Wwf, Wwf, Xv, Wwf, Wwf, Wwf, Mm, Wwrg, Wwrg, Wwf, Wwf, Xv, Xv
Xv, Xv, Wwg, Wwf, Wwf, Mm, Mm, Mm, Wwf, Wwf, Xv, Wwf, Wwf, Mm, Mm, Mm, Wwf, Wwf, Wwg, Xv, Xv
Xv, Xv, Wwg, Wwf, Wwf, Wwrg, Wwf, Wwf, Wwg, Wwg, Xv, Wwg, Wwg, Wwf, Wwf, Wwrg, Wwf, Wwf, Wwg, Xv, Xv
Xv, Xv, Ww^Vm, Wwg, Wwrg, Wwf, Wwf, Wwf, Wwrg, Wwg, Xv, Wwg, Wwrg, Wwf, Wwf, Wwf, Wwrg, Wwg, Ww^Vm, Xv, Xv
Xv, Xv, Wwg, Wwg, Wwg, Wwf, Wwf, Wwf, Wwg, Wwg, Xv, Wwg, Wwg, Wwf, Wwf, Wwf, Wwg, Wwg, Wwg, Xv, Xv
Xv, Xv, Wwg, Wwg, Wwg, Wwf, Iwr, Iwr, Wwg, Wwg, Xv, Wwg, Wwg, Iwr, Iwr, Wwf, Wwg, Wwg, Wwg, Xv, Xv
Xv, Xv, Wwf, Wwg, Iwr, Iwr, Wwg, Wwg, Wwg, Wwg, Xv, Wwg, Wwg, Wwg, Wwg, Iwr, Iwr, Wwg, Wwf, Xv, Xv
Xv, Xv, Wwf, Wwf, Rrd, Iwr, Dd, Dd, Dd, Hd, Xv, Hd, Dd, Dd, Dd, Iwr, Rrd, Wwf, Wwf, Xv, Xv
Xv, Xv, Wwf, Rrd, Rrd, Dd, Dd, Dd^Ftd, Dd^Ftd, Dd, Xv, Dd, Dd^Ftd, Dd^Ftd, Dd, Dd, Rrd, Rrd, Wwf, Xv, Xv
Xv, Xv, Dd^Ftd, Dd^Ftd, Dd, Rrd, Dd^Vda, Dd, Dd, Cd, Xv, Cd, Dd, Dd, Dd^Vda, Rrd, Dd, Dd^Ftd, Dd^Ftd, Xv, Xv
Xv, Xv, Dd^Ftd, Dd^Ftd, Rrd, Rrd, Rrd, Rrd, Rrd, Kd, Xv, Kd, Rrd, Rrd, Rrd, Rrd, Rrd, Dd^Ftd, Dd^Ftd, Xv, Xv
Xv, Xv, Mdd, Dd, Rrd, Hd, Dd, Dd^Do, Dd, Cd, Xv, Cd, Dd, Dd^Do, Dd, Hd, Rrd, Dd, Mdd, Xv, Xv
Xv, Xv, Mdd, Rrd, Mdd, Dd, Dd^Ftd, Dd, Dd, Dd, Xv, Dd, Dd, Dd, Dd^Ftd, Dd, Mdd, Rrd, Mdd, Xv, Xv
Xv, Xv, Mdd, Rrd, Rrd, Dd, Dd, Dd^Ftd, Hd, Mdd, Xv, Mdd, Hd, Dd^Ftd, Dd, Dd, Rrd, Rrd, Mdd, Xv, Xv
Xv, Xv, Dd^Ftd, Rrd, Rrd, Rrd, Dd, Hd, Dd, Mdd, Xv, Mdd, Dd, Hd, Dd, Rrd, Rrd, Rrd, Dd^Ftd, Xv, Xv
Xv, Xv, Dd, Dd^Ftd, Dd, Rrd, Rrd, Dd, Dd, Dd^Ftd, Xv, Dd^Ftd, Dd, Dd, Rrd, Rrd, Dd, Dd^Ftd, Dd, Xv, Xv
Xv, Xv, Re, Dd, Gd, Re, Re, Dd, Gd^Ftp, Dd, Xv, Dd, Gd, Dd, Re, Re, Gd, Dd, Re, Xv, Xv
Xv, Xv, Re, Gd, Gd^Ftp, Gd, Re^Vct, Gd, Gd, Re, Xv, Re, Gd, Gd, Re^Vct, Gd, Gd, Gd, Re, Xv, Xv
Xv, Xv, Re, Gd, Gd, Gd, Gd, Gd, Gs^Fds, Gs^Fds, Xv, Gs^Fds, Gs^Fds, Gd, Gd, Gd, Gd, Gd, Re, Xv, Xv
Xv, Xv, Gs^Fds, Gs^Fds, Gs^Fds, Gd, Gs, Gs^Fds, Gs, Gs^Fds, Xv, Gs^Fds, Gs, Gs^Fds, Gs, Gd, Gs^Fds, Gs^Fds, Gs^Fds, Xv, Xv
Xv, Xv, Mm, Gs^Fds, Gs, Gg, Gs, Gs, Ce, Gs, Xv, Gs, Ce, Gs, Gs, Gg, Gs, Gs^Fds, Mm, Xv, Xv
Xv, Xv, Mm, Mm, Mm, Hh, Hh, Gs, Gs, Ke, Xv, Ke, Gs, Gs, Hh, Hh, Mm, Mm, Mm, Xv, Xv
Xv, Xv, Mm, Mm, Wot, Wot^Ewl, Wot^Ewf, Hh, Gg, Ce, Xv, Ce, Gg, Hh, Wot^Ewf, Wot^Ewl, Wot, Mm, Mm, Xv, Xv
Xv, Xv, Wwg, Wwg, Wot, Wot, Ww^Vm, Hh, Gs^Ewsh, Gs, Xv, Gs, Gs^Ewsh, Hh, Ww^Vm, Wot, Wot, Wwg, Wwg, Xv, Xv
Xv, Xv, Wwg, Wwg, Hh, Wwf, Wwf, Wwf, Gs, Gs, Xv, Gs, Gs, Wwf, Wwf, Wwf, Hh, Wwg, Wwg, Xv, Xv
Xv, Xv, Wwg, Hh, Gg, Gs, Gg, Wwf, Gll^Ftr, Gs, Xv, Gs, Gll^Ftr, Wwf, Gg, Gs, Gg, Hh, Wwg, Xv, Xv
Xv, Xv, Wwrg, Gs, Gs, Wwf, Ww^Wkf, Gll^Ftr, Gll^Ftr, Gll^Ftr, Xv, Gll^Ftr, Gll^Ftr, Gll^Ftr, Ww^Wkf, Wwf, Gs, Gs, Wwrg, Xv, Xv
Xv, Xv, Wwg, Wwf, Wwf, Wwf, Ww^Wkf, Ww^Wkf, Ww^Wkf, Gll^Ftr, Xv, Gll^Ftr, Ww^Wkf, Ww^Wkf, Ww^Wkf, Wwf, Wwf, Wwf, Wwg, Xv, Xv
Xv, Xv, Wwg, Hh, Hh, Wwf, Wwf, Ww^Wkf, Ww^Wkf, Ss, Xv, Ss, Ww^Wkf, Ww^Wkf, Wwf, Wwf, Hh, Hh, Wwg, Xv, Xv
Xv, Xv, Gs, Gs, Gs, Hh^Fms, Gs, Wwf, Ss, Ss, Xv, Ss, Ss, Wwf, Gs, Hh^Fms, Gs, Gs, Gs, Xv, Xv
Xv, Xv, Hh, Gs^Fms, Gs, Gs, Gs, Wwf, Wwf, Ss, Xv, Ss, Wwf, Wwf, Gs, Gs, Gs, Gs^Fms, Hh, Xv, Xv
Xv, Xv, Hh^Fms, Hh^Fms, Hh, Gs, Gs, Gs, Ch, 1 Kh, Xv, 3 Kh, Ch, Gs, Gs, Gs, Hh, Hh^Fms, Hh^Fms, Xv, Xv
Xv, Xv, Hh, Mm, Mm, Gs^Vh, Gs, Gs, Gs^Fms, Ch, Xv, Ch, Gs^Fms, Gs, Gs, Gs^Vh, Mm, Mm, Hh, Xv, Xv
Xv, Xv, Hh, Mm, Mm, Mm, Hh^Fms, Gs, Gs, Gs, Xv, Gs, Gs, Gs, Hh^Fms, Mm, Mm, Mm, Hh, Xv, Xv
Xv, Xv, Hh, Hh, Gs, Hh, Gs, Gs, Gs, Gs, Xv, Gs, Gs, Gs, Gs, Hh, Gs, Hh, Hh, Xv, Xv
