_off^_usr, _off^_usr, _off^_usr, _off^_usr, _off^_usr, _off^_usr, _off^_usr, _off^_usr, _off^_usr, Wot^Xo, _off^_usr, _off^_usr, Wog^Xo, Wog^Xo, Wog^Xo, Wog^Xo, Wog^Xo, Wog^Xo, Wog^Xo, _off^_usr, Wog^Xo, Wog^Xo, Wog^Xo, Wog^Xo, Wog^Xo, Wog^Xo, Wog^Xo, _off^_usr, _off^_usr, Wot^Xo, _off^_usr, _off^_usr, _off^_usr, _off^_usr, _off^_usr, _off^_usr, _off^_usr, _off^_usr, _off^_usr
_off^_usr, _off^_usr, _off^_usr, _off^_usr, _off^_usr, _off^_usr, _off^_usr, _off^_usr, _off^_usr, _off^_usr, Wog^Xo, Wog^Xo, Wog^Xo, Wog^Xo, Wog^Xo, Wog^Xo, Wog^Xo, Wog^Xo, Wog^Xo, Wog^Xo, Wog^Xo, Wog^Xo, Wog^Xo, Wog^Xo, Wog^Xo, Wog^Xo, Wog^Xo, Wog^Xo, Wog^Xo, _off^_usr, _off^_usr, _off^_usr, _off^_usr, _off^_usr, _off^_usr, _off^_usr, _off^_usr, _off^_usr, _off^_usr
_off^_usr, _off^_usr, _off^_usr, _off^_usr, _off^_usr, _off^_usr, _off^_usr, _off^_usr, Wog^Xo, Wog^Xo, Wog^Xo, Wog^Xo, Wog^Xo, Wog^Xo, Wog^Xo, Wog^Xo, Wog^Xo, Wog^Xo, Wog^Xo, Wog^Xo, Wog^Xo, Wog^Xo, Wog^Xo, Wog^Xo, Wog^Xo, Wog^Xo, Wog^Xo, Wog^Xo, Wog^Xo, Wog^Xo, Wog^Xo, _off^_usr, _off^_usr, _off^_usr, _off^_usr, _off^_usr, _off^_usr, _off^_usr, _off^_usr
_off^_usr, _off^_usr, _off^_usr, _off^_usr, _off^_usr, _off^_usr, _off^_usr, _off^_usr, Wog^Xo, Wog^Xo, Wog^Xo, Wog^Xo, Wog^Xo, Wog^Xo, Wog^Xo, Wog^Xo, Wog^Xo, Wog^Xo, Wog^Xo, Wog^Xo, Wog^Xo, Wog^Xo, Wog^Xo, Wog^Xo, Wog^Xo, Wog^Xo, Wog^Xo, Wog^Xo, Wog^Xo, Wog^Xo, Wog^Xo, _off^_usr, _off^_usr, _off^_usr, _off^_usr, _off^_usr, _off^_usr, _off^_usr, _off^_usr
_off^_usr, _off^_usr, _off^_usr, _off^_usr, _off^_usr, _off^_usr, Wog^Xo, Wog^Xo, Wog^Xo, Wog^Xo, Wog^Xo, Wog^Xo, Wog^Xo, Wog^Xo, Wog^Xo, Wog^Xo, Wog, Wog, Wog, Wog^Xo, Wog, Wog, Wog, Wog^Xo, Wog^Xo, Wog^Xo, Wog^Xo, Wog^Xo, Wog^Xo, Wog^Xo, Wog^Xo, Wog^Xo, Wog^Xo, _off^_usr, _off^_usr, _off^_usr, _off^_usr, _off^_usr, _off^_usr
_off^_usr, _off^_usr, _off^_usr, _off^_usr, _off^_usr, _off^_usr, Wog^Xo, Wog^Xo, Wog^Xo, Wog^Xo, Wog^Xo, Wog^Xo, Wog^Xo, Wog^Xo, Wog, Wog, Wwg, Wwg, Wwg, Wog, Wwg, Wwg, Wwg, Wog, Wog, Wog^Xo, Wog^Xo, Wog^Xo, Wog^Xo, Wog^Xo, Wog^Xo, Wog^Xo, Wog^Xo, _off^_usr, _off^_usr, _off^_usr, _off^_usr, _off^_usr, _off^_usr
_off^_usr, _off^_usr, _off^_usr, _off^_usr, _off^_usr, _off^_usr, Wog^Xo, Wog^Xo, Wog^Xo, Wog^Xo, Wog^Xo, Wog^Xo, Wog^Xo, Wog, Wwg, Wwg, Rrd, Rrd, Wwg, Wwg, Wwg, Rrd, Rrd, Wwg, Wwg, Wog, Wog^Xo, Wog^Xo, Wog^Xo, Wog^Xo, Wog^Xo, Wog^Xo, Wog^Xo, _off^_usr, _off^_usr, _off^_usr, _off^_usr, _off^_usr, _off^_usr
_off^_usr, _off^_usr, _off^_usr, _off^_usr, _off^_usr, _off^_usr, Wog^Xo, Wog^Xo, Wog^Xo, Wog^Xo, Wog^Xo, Wog^Xo, Wog, Wog, Wwg, Rrd, Rrd, Rrd, Rrd, Cd, Rrd, Rrd, Rrd, Rrd, Wwg, Wog, Wog, Wog^Xo, Wog^Xo, Wog^Xo, Wog^Xo, Wog^Xo, Wog^Xo, _off^_usr, _off^_usr, _off^_usr, _off^_usr, _off^_usr, _off^_usr
_off^_usr, _off^_usr, _off^_usr, _off^_usr, _off^_usr, _off^_usr, _off^_usr, Wog^Xo, Wog^Xo, Wog^Xo, Wog^Xo, Wog, Wwg, Wwg, Rrd, Rrd, Rrd, Rrd, Rrd, Rrd, Rrd, Rrd, Rrd, Rrd, Rrd, Wwg, Wwg, Wog, Wog^Xo, Wog^Xo, Wog^Xo, Wog^Xo, _off^_usr, _off^_usr, _off^_usr, _off^_usr, _off^_usr, _off^_usr, _off^_usr
_off^_usr, _off^_usr, _off^_usr, _off^_usr, _off^_usr, _off^_usr, _off^_usr, Wog^Xo, Wog^Xo, Wog^Xo, Wog, Wog, Wwg, Rrd, _off^_usr, _off^_usr, Rrd, Rrd, Rrd, Cer, Rrd, Rrd, Rrd, _off^_usr, _off^_usr, Rrd, Wwg, Wog, Wog, Wog^Xo, Wog^Xo, Wog^Xo, _off^_usr, _off^_usr, _off^_usr, _off^_usr, _off^_usr, _off^_usr, _off^_usr
_off^_usr, _off^_usr, _off^_usr, _off^_usr, _off^_usr, _off^_usr, _off^_usr, _off^_usr, _off^_usr, Wog, Wwg, Wwg, _off^_usr, _off^_usr, _off^_usr, _off^_usr, Gs, Gs, Gs^Tf, Gs, Gs^Tf, Gs, Gs, _off^_usr, _off^_usr, _off^_usr, _off^_usr, Wwg, Wwg, Wog, _off^_usr, _off^_usr, _off^_usr, _off^_usr, _off^_usr, _off^_usr, _off^_usr, _off^_usr, _off^_usr
_off^_usr, _off^_usr, _off^_usr, _off^_usr, _off^_usr, _off^_usr, _off^_usr, _off^_usr, _off^_usr, _off^_usr, _off^_usr, _off^_usr, _off^_usr, _off^_usr, Gs, Gs, Gs, Gs, Ss, Ss, Ss, Gs, Gs, Gs, Gs, _off^_usr, _off^_usr, _off^_usr, _off^_usr, _off^_usr, _off^_usr, _off^_usr, _off^_usr, _off^_usr, _off^_usr, _off^_usr, _off^_usr, _off^_usr, _off^_usr
_off^_usr, _off^_usr, _off^_usr, _off^_usr, _off^_usr, _off^_usr, _off^_usr, _off^_usr, _off^_usr, _off^_usr, _off^_usr, _off^_usr, Gs, Hh, Hh^Tf, Gs, Gs^Fds, Ss, Hh, Hh, Hh, Ss, Gs^Fds, Gs, Hh^Tf, Hh, Gs, _off^_usr, _off^_usr, _off^_usr, _off^_usr, _off^_usr, _off^_usr, _off^_usr, _off^_usr, _off^_usr, _off^_usr, _off^_usr, _off^_usr
_off^_usr, _off^_usr, _off^_usr, _off^_usr, _off^_usr, _off^_usr, _off^_usr, _off^_usr, _off^_usr, _off^_usr, _off^_usr, _off^_usr, Gs^Fds, Hh, Gs, Gs, Hh, Hh^Fds, Wwg, Wwg, Wwg, Hh^Fds, Hh, Gs, Gs, Hh, Gs^Fds, _off^_usr, _off^_usr, _off^_usr, _off^_usr, _off^_usr, _off^_usr, _off^_usr, _off^_usr, _off^_usr, _off^_usr, _off^_usr, _off^_usr
_off^_usr, _off^_usr, _off^_usr, _off^_usr, _off^_usr, _off^_usr, _off^_usr, _off^_usr, _off^_usr, _off^_usr, _off^_usr, _off^_usr, Hh^Fds, Gs^Fds, Hh, Gs, Mm, Mm, Mm, Wwg, Mm, Mm, Mm, Gs, Hh, Gs^Fds, Hh^Fds, _off^_usr, _off^_usr, _off^_usr, _off^_usr, _off^_usr, _off^_usr, _off^_usr, _off^_usr, _off^_usr, _off^_usr, _off^_usr, _off^_usr
_off^_usr, _off^_usr, _off^_usr, _off^_usr, _off^_usr, _off^_usr, _off^_usr, _off^_usr, _off^_usr, _off^_usr, _off^_usr, Hh^Fds, Hh^Fds, Mm, Hh, Gs, Gs, Mm, Gs^Fds, Wwg, Gs^Fds, Mm, Gs, Gs, Hh, Mm, Hh^Fds, Hh^Fds, _off^_usr, _off^_usr, _off^_usr, _off^_usr, _off^_usr, _off^_usr, _off^_usr, _off^_usr, _off^_usr, _off^_usr, _off^_usr
_off^_usr, _off^_usr, _off^_usr, _off^_usr, _off^_usr, _off^_usr, _off^_usr, _off^_usr, _off^_usr, _off^_usr, Gg^Ve, Gs^Fds, Cvr, Hh, Mm, Hh, Gs, Gs, Gs^Fds, _off^_usr, Gs^Fds, Gs, Gs, Hh, Mm, Hh, Cvr, Gs^Fds, Gg^Ve, _off^_usr, _off^_usr, _off^_usr, _off^_usr, _off^_usr, _off^_usr, _off^_usr, _off^_usr, _off^_usr, _off^_usr
_off^_usr, _off^_usr, _off^_usr, _off^_usr, _off^_usr, _off^_usr, _off^_usr, _off^_usr, _off^_usr, _off^_usr, Gs^Fds, Gs^Fds, Kvr, Cvr, Gs, Gs, Hh, Gs^Fds, Mm, _off^_usr, Mm, Gs^Fds, Hh, Gs, Gs, Cvr, Kvr, Gs^Fds, Gs^Fds, _off^_usr, _off^_usr, _off^_usr, _off^_usr, _off^_usr, _off^_usr, _off^_usr, _off^_usr, _off^_usr, _off^_usr
_off^_usr, _off^_usr, _off^_usr, _off^_usr, _off^_usr, _off^_usr, _off^_usr, _off^_usr, _off^_usr, _off^_usr, Xor, Gs^Fms, Cvr, Cvr, Gs, Gs, Mm, Mm, _off^_usr, _off^_usr, _off^_usr, Mm, Mm, Gs, Gs, Cvr, Cvr, Gs^Fms, Xor, _off^_usr, _off^_usr, _off^_usr, _off^_usr, _off^_usr, _off^_usr, _off^_usr, _off^_usr, _off^_usr, _off^_usr
_off^_usr, _off^_usr, _off^_usr, _off^_usr, _off^_usr, _off^_usr, _off^_usr, _off^_usr, _off^_usr, _off^_usr, Xor, Gs^Fds, _off^_usr, _off^_usr, Gs, Mm, Mm, Mm, Mm, _off^_usr, Mm, Mm, Mm, Mm, Gs, _off^_usr, _off^_usr, Gs^Fds, Xor, _off^_usr, _off^_usr, _off^_usr, _off^_usr, _off^_usr, _off^_usr, _off^_usr, _off^_usr, _off^_usr, _off^_usr
_off^_usr, _off^_usr, _off^_usr, _off^_usr, _off^_usr, _off^_usr, Xot, Xor, Xor, Xor, Hh^Fds, _off^_usr, Gs^Fds, Gs^Fds, Gs, Gs, Gs, Mm, Hh^Fds, _off^_usr, Hh^Fds, Mm, Gs, Gs, Gs, Gs^Fds, Gs^Fds, _off^_usr, Hh^Fds, Xor, Xor, Xor, Xot, _off^_usr, _off^_usr, _off^_usr, _off^_usr, _off^_usr, _off^_usr
_off^_usr, _off^_usr, _off^_usr, _off^_usr, Xor, Ur^Pr/, Wwf, Gg^Fet, Gs, Hh, Gs, Hh, Hh, Gs^Fds, Gs, Gs, Gs^Fds, Hh^Fds, _off^_usr, _off^_usr, _off^_usr, Hh^Fds, Gs^Fds, Gs, Gs, Gs^Fds, Hh, Hh, Gs, Hh, Gs, Gg^Fet, Wwf, Ur^Pr\, Xor, _off^_usr, _off^_usr, _off^_usr, _off^_usr
_off^_usr, _off^_usr, _off^_usr, _off^_usr, Xor, Gs^Fds, Gs^Fds, Wwf, Wwf, Wwf, Gs, Gs, Gs, Gs, Ss, Ss, _off^_usr, _off^_usr, _off^_usr, _off^_usr, _off^_usr, _off^_usr, _off^_usr, Ss, Ss, Gs, Gs, Gs, Gs, Wwf, Wwf, Wwf, Gs^Fds, Gs^Fds, Xor, _off^_usr, _off^_usr, _off^_usr, _off^_usr
_off^_usr, _off^_usr, _off^_usr, _off^_usr, Xor, Gs^Fds, Gg^Ve, Mm, Gs, Gs, Gs, Mm, _off^_usr, Ss, _off^_usr, _off^_usr, _off^_usr, _off^_usr, _off^_usr, _off^_usr, _off^_usr, _off^_usr, _off^_usr, _off^_usr, _off^_usr, Ss, _off^_usr, Mm, Gs, Gs, Gs, Mm, Gg^Ve, Gs^Fds, Xor, _off^_usr, _off^_usr, _off^_usr, _off^_usr
_off^_usr, _off^_usr, _off^_usr, Xor, Hh, Gs^Fds, Gs, Gs, Hh^Tf, _off^_usr, _off^_usr, _off^_usr, _off^_usr, _off^_usr, _off^_usr, _off^_usr, _off^_usr, _off^_usr, _off^_usr, _off^_usr, _off^_usr, _off^_usr, _off^_usr, _off^_usr, _off^_usr, _off^_usr, _off^_usr, _off^_usr, _off^_usr, _off^_usr, Hh^Tf, Gs, Gs, Gs^Fds, Hh, Xor, _off^_usr, _off^_usr, _off^_usr
_off^_usr, _off^_usr, _off^_usr, _off^_usr, Gs, Gs, Gs, Gs, Hh, _off^_usr, _off^_usr, _off^_usr, _off^_usr, _off^_usr, _off^_usr, _off^_usr, _off^_usr, _off^_usr, _off^_usr, _off^_usr, _off^_usr, _off^_usr, _off^_usr, _off^_usr, _off^_usr, _off^_usr, _off^_usr, _off^_usr, _off^_usr, _off^_usr, Hh, Gs, Gs, Gs, Gs, _off^_usr, _off^_usr, _off^_usr, _off^_usr
_off^_usr, _off^_usr, _off^_usr, _off^_usr, _off^_usr, Mm, Gs, Hh^Fds, Hh, Gs^Fds, Gs^Fds, _off^_usr, _off^_usr, _off^_usr, Gs, _off^_usr, _off^_usr, _off^_usr, _off^_usr, _off^_usr, _off^_usr, _off^_usr, _off^_usr, _off^_usr, Gs, _off^_usr, _off^_usr, _off^_usr, Gs^Fds, Gs^Fds, Hh, Hh^Fds, Gs, Mm, _off^_usr, _off^_usr, _off^_usr, _off^_usr, _off^_usr
_off^_usr, _off^_usr, _off^_usr, _off^_usr, _off^_usr, Mm, Ss, Gs, Gs, Gs, Gs, Mm, Hh, Gs, Gs, Gs^Fds, Gs^Fds, _off^_usr, _off^_usr, _off^_usr, _off^_usr, _off^_usr, Gs^Fds, Gs^Fds, Gs, Gs, Hh, Mm, Gs, Gs, Gs, Gs, Ss, Mm, _off^_usr, _off^_usr, _off^_usr, _off^_usr, _off^_usr
_off^_usr, _off^_usr, _off^_usr, _off^_usr, _off^_usr, _off^_usr, _off^_usr, Ss, Ss, Gs, Gs, Gs, Gs, Gs, Gs, Gs^Fds, Hh^Fds, Hh, _off^_usr, _off^_usr, _off^_usr, Hh, Hh^Fds, Gs^Fds, Gs, Gs, Gs, Gs, Gs, Gs, Ss, Ss, _off^_usr, _off^_usr, _off^_usr, _off^_usr, _off^_usr, _off^_usr, _off^_usr
_off^_usr, _off^_usr, _off^_usr, _off^_usr, _off^_usr, _off^_usr, _off^_usr, _off^_usr, _off^_usr, Hh, Hh^Fds, Gs, Gs^Fds, Gs^Fds, Gs, Gs, Gs, Hh, _off^_usr, _off^_usr, _off^_usr, Hh, Gs, Gs, Gs, Gs^Fds, Gs^Fds, Gs, Hh^Fds, Hh, _off^_usr, _off^_usr, _off^_usr, _off^_usr, _off^_usr, _off^_usr, _off^_usr, _off^_usr, _off^_usr
_off^_usr, _off^_usr, _off^_usr, _off^_usr, _off^_usr, _off^_usr, _off^_usr, _off^_usr, _off^_usr, _off^_usr, _off^_usr, _off^_usr, _off^_usr, Gs^Fds, Cme, Km, Cme, Gs, Gs, _off^_usr, Gs, Gs, Cme, Km, Cme, Gs^Fds, _off^_usr, _off^_usr, _off^_usr, _off^_usr, _off^_usr, _off^_usr, _off^_usr, _off^_usr, _off^_usr, _off^_usr, _off^_usr, _off^_usr, _off^_usr
_off^_usr, _off^_usr, _off^_usr, _off^_usr, _off^_usr, _off^_usr, _off^_usr, _off^_usr, _off^_usr, _off^_usr, _off^_usr, _off^_usr, _off^_usr, Gs^Fds, Wog, Cme, Wog, Gs, Mm, _off^_usr, Mm, Gs, Wog, Cme, Wog, Gs^Fds, _off^_usr, _off^_usr, _off^_usr, _off^_usr, _off^_usr, _off^_usr, _off^_usr, _off^_usr, _off^_usr, _off^_usr, _off^_usr, _off^_usr, _off^_usr
_off^_usr, _off^_usr, _off^_usr, _off^_usr, _off^_usr, _off^_usr, _off^_usr, _off^_usr, _off^_usr, _off^_usr, Gs^Fds, _off^_usr, Gs^Fds, _off^_usr, Wwg, Wwg, Wwg, Gs, Gs, _off^_usr, Gs, Gs, Wwg, Wwg, Wwg, _off^_usr, Gs^Fds, _off^_usr, Gs^Fds, _off^_usr, _off^_usr, _off^_usr, _off^_usr, _off^_usr, _off^_usr, _off^_usr, _off^_usr, _off^_usr, _off^_usr
_off^_usr, _off^_usr, _off^_usr, _off^_usr, _off^_usr, _off^_usr, _off^_usr, _off^_usr, _off^_usr, _off^_usr, Gs^Fds, Gs^Fds, Wwf, Gs^Fds, Gs, Wwg, Ww^Wkf, Gs, Gg^Ve, _off^_usr, Gg^Ve, Gs, Ww^Wkf, Wwg, Gs, Gs^Fds, Wwf, Gs^Fds, Gs^Fds, _off^_usr, _off^_usr, _off^_usr, _off^_usr, _off^_usr, _off^_usr, _off^_usr, _off^_usr, _off^_usr, _off^_usr
_off^_usr, _off^_usr, _off^_usr, _off^_usr, _off^_usr, _off^_usr, _off^_usr, _off^_usr, Hh^Fds, Hh, Wwf, Wwf, Gs^Fds, Wwf, Wwf, Ww^Wkf, Wwrg, Wwf, Gs, _off^_usr, Gs, Wwf, Wwrg, Ww^Wkf, Wwf, Wwf, Gs^Fds, Wwf, Wwf, Hh, Hh^Fds, _off^_usr, _off^_usr, _off^_usr, _off^_usr, _off^_usr, _off^_usr, _off^_usr, _off^_usr
_off^_usr, _off^_usr, _off^_usr, _off^_usr, _off^_usr, _off^_usr, Hh, Hh, Wwg, Wwf, Hh^Tf, Gs^Fds, Gs^Fds, Gs, Gs^Fds, Wwf, Gs, Gs, Gs, _off^_usr, Gs, Gs, Gs, Wwf, Gs^Fds, Gs, Gs^Fds, Gs^Fds, Hh^Tf, Wwf, Wwg, Hh, Hh, _off^_usr, _off^_usr, _off^_usr, _off^_usr, _off^_usr, _off^_usr
_off^_usr, _off^_usr, _off^_usr, _off^_usr, Wwg, Wwg, Ww^Wkf, Wwg, Wwg, Wwf, Wwf, Hh, Gs^Fds, Gs^Fds, Mm, Gs, Gs^Fds, Gs^Fds, _off^_usr, _off^_usr, _off^_usr, Gs^Fds, Gs^Fds, Gs, Mm, Gs^Fds, Gs^Fds, Hh, Wwf, Wwf, Wwg, Wwg, Ww^Wkf, Wwg, Wwg, _off^_usr, _off^_usr, _off^_usr, _off^_usr
_off^_usr, _off^_usr, _off^_usr, Wwg, Ww^Wkf, Ww^Wkf, Ww^Wkf, Ww^Wkf, Wwf, Wwf, Wwf, Hh, Gs^Fds, Gs^Fds, Gs, Gs, _off^_usr, _off^_usr, _off^_usr, _off^_usr, _off^_usr, _off^_usr, _off^_usr, Gs, Gs, Gs^Fds, Gs^Fds, Hh, Wwf, Wwf, Wwf, Ww^Wkf, Ww^Wkf, Ww^Wkf, Ww^Wkf, Wwg, _off^_usr, _off^_usr, _off^_usr
_off^_usr, _off^_usr, _off^_usr, Wwg, Gs, Ww^Wkf, Ww^Wkf, Wwf, Gs^Fds, Wwf, Hh, Gs^Fds, Gs^Fds, Gs, _off^_usr, _off^_usr, _off^_usr, _off^_usr, _off^_usr, _off^_usr, _off^_usr, _off^_usr, _off^_usr, _off^_usr, _off^_usr, Gs, Gs^Fds, Gs^Fds, Hh, Wwf, Gs^Fds, Wwf, Ww^Wkf, Ww^Wkf, Gs, Wwg, _off^_usr, _off^_usr, _off^_usr
_off^_usr, _off^_usr, _off^_usr, _off^_usr, Gs^Fds, Gs^Fds, Wwf, Wwf, Gs^Fds, Gs^Fds, Gs, Gs^Fds, _off^_usr, _off^_usr, _off^_usr, _off^_usr, _off^_usr, _off^_usr, _off^_usr, _off^_usr, _off^_usr, _off^_usr, _off^_usr, _off^_usr, _off^_usr, _off^_usr, _off^_usr, Gs^Fds, Gs, Gs^Fds, Gs^Fds, Wwf, Wwf, Gs^Fds, Gs^Fds, _off^_usr, _off^_usr, _off^_usr, _off^_usr
_off^_usr, _off^_usr, _off^_usr, Gs, Gs, Gs^Fds, Wwf, Wwf, Gs^Fds, Gs^Fds, _off^_usr, _off^_usr, _off^_usr, _off^_usr, _off^_usr, _off^_usr, _off^_usr, _off^_usr, _off^_usr, _off^_usr, _off^_usr, _off^_usr, _off^_usr, _off^_usr, _off^_usr, _off^_usr, _off^_usr, _off^_usr, _off^_usr, Gs^Fds, Gs^Fds, Wwf, Wwf, Gs^Fds, Gs, Gs, _off^_usr, _off^_usr, _off^_usr
_off^_usr, _off^_usr, _off^_usr, Gs, Hh, Gs, Gs, Gs^Fds, Gs, _off^_usr, _off^_usr, _off^_usr, _off^_usr, _off^_usr, _off^_usr, _off^_usr, _off^_usr, _off^_usr, _off^_usr, _off^_usr, _off^_usr, _off^_usr, _off^_usr, _off^_usr, _off^_usr, _off^_usr, _off^_usr, _off^_usr, _off^_usr, _off^_usr, Gs, Gs^Fds, Gs, Gs, Hh, Gs, _off^_usr, _off^_usr, _off^_usr
_off^_usr, _off^_usr, _off^_usr, Gs, Gs, Gs, Gg^Ve, Gs, _off^_usr, _off^_usr, _off^_usr, _off^_usr, _off^_usr, _off^_usr, _off^_usr, _off^_usr, _off^_usr, _off^_usr, _off^_usr, _off^_usr, _off^_usr, _off^_usr, _off^_usr, _off^_usr, _off^_usr, _off^_usr, _off^_usr, _off^_usr, _off^_usr, _off^_usr, _off^_usr, Gs, Gg^Ve, Gs, Gs, Gs, _off^_usr, _off^_usr, _off^_usr
_off^_usr, _off^_usr, _off^_usr, Xos, Gs^Fds, Gs, Hh, Xos, _off^_usr, _off^_usr, _off^_usr, _off^_usr, Xof, Xof, Xof, _off^_usr, _off^_usr, _off^_usr, _off^_usr, _off^_usr, _off^_usr, _off^_usr, _off^_usr, _off^_usr, Xof, Xof, Xof, _off^_usr, _off^_usr, _off^_usr, _off^_usr, Xos, Hh, Gs, Gs^Fds, Xos, _off^_usr, _off^_usr, _off^_usr
_off^_usr, _off^_usr, _off^_usr, Xos, Ss, Gs, Gs, Xos, _off^_usr, _off^_usr, Xof, Xof, Gs^Fds, Gs^Fds, Gs^Fds, Xof, Xof, _off^_usr, _off^_usr, _off^_usr, _off^_usr, _off^_usr, Xof, Xof, Gs^Fds, Gs^Fds, Gs^Fds, Xof, Xof, _off^_usr, _off^_usr, Xos, Gs, Gs, Ss, Xos, _off^_usr, _off^_usr, _off^_usr
_off^_usr, _off^_usr, _off^_usr, Xos, Ss, Gs, Gs, Xof, Xof, Xof, Hh, Hh, Hh, Gs^Fds, Gs^Fds, Gs^Fds, Gs^Fds, Xof, Xof, _off^_usr, Xof, Xof, Gs^Fds, Gs^Fds, Gs^Fds, Gs^Fds, Hh, Hh, Hh, Xof, Xof, Xof, Gs, Gs, Ss, Xos, _off^_usr, _off^_usr, _off^_usr
_off^_usr, _off^_usr, _off^_usr, Xos, Gs, Gs, Ce, Gs, Gs^Fds, Hh^Fds, Mm, Mm, Mm, Gs^Fds, Gs, Gs^Fds, Gg^Ve, Gs, Xof, _off^_usr, Xof, Gs, Gg^Ve, Gs^Fds, Gs, Gs^Fds, Mm, Mm, Mm, Hh^Fds, Gs^Fds, Gs, Ce, Gs, Gs, Xos, _off^_usr, _off^_usr, _off^_usr
_off^_usr, _off^_usr, _off^_usr, Xos, Xos, Gs, Gs, Gs, Gs, Mm, Mm, Gs, Gs, Gs, Gg, Gs, Gs, Gs, Gs, Xof, Gs, Gs, Gs, Gs, Gg, Gs, Gs, Gs, Mm, Mm, Gs, Gs, Gs, Gs, Xos, Xos, _off^_usr, _off^_usr, _off^_usr
_off^_usr, _off^_usr, _off^_usr, _off^_usr, _off^_usr, Xof, Hh, Gs, Gs, Mm, Gs^Fds, Gs^Fds, Gs, Gs, Gs^Fds, Gs, Gs^Qhhf, Gs, Gg, Xos, Gg, Gs, Gs^Qhhf, Gs, Gs^Fds, Gs, Gs, Gs^Fds, Gs^Fds, Mm, Gs, Gs, Hh, Xof, _off^_usr, _off^_usr, _off^_usr, _off^_usr, _off^_usr
_off^_usr, _off^_usr, _off^_usr, _off^_usr, Xof, Xof, Hh, Gs, Gs, Gs^Xxxx, Gs, Gs, Gs^Fds, Gs^Fds, Gs^Fds, Hh^Fds, Hh^Fds, Hh, Gg, Xos, Gg, Hh, Hh^Fds, Hh^Fds, Gs^Fds, Gs^Fds, Gs^Fds, Gs, Gs, Gs^Xxxx, Gs, Gs, Hh, Xof, Xof, _off^_usr, _off^_usr, _off^_usr, _off^_usr
_off^_usr, _off^_usr, _off^_usr, Xof, Hh, Hh, Mm, Gs, Gs^Fds, Gg, Gs, Gs, Gs, Gs^Fds, Gs, Gs, Gs, Hh, Gg, Xof, Gg, Hh, Gs, Gs, Gs, Gs^Fds, Gs, Gs, Gs, Gg, Gs^Fds, Gs, Mm, Hh, Hh, Xof, _off^_usr, _off^_usr, _off^_usr
_off^_usr, _off^_usr, _off^_usr, Xos, Hh, Mm, Mm, Gs^Fds, Gs^Fds, Gs, Ss, Ss, Ss, Gs, Gs, Gs, Gs, Gs, Ce, Xos, Ce, Gs, Gs, Gs, Gs, Gs, Ss, Ss, Ss, Gs, Gs^Fds, Gs^Fds, Mm, Mm, Hh, Xos, _off^_usr, _off^_usr, _off^_usr
_off^_usr, _off^_usr, _off^_usr, Xos, Xof, Mm, Gs, Mm, Gs, Gs, Ss, Ss, Xof, Gs, Gs, Gs, Ce, Ce, Ket, Xos, Ket, Ce, Ce, Gs, Gs, Gs, Xof, Ss, Ss, Gs, Gs, Mm, Gs, Mm, Xof, Xos, _off^_usr, _off^_usr, _off^_usr
_off^_usr, _off^_usr, _off^_usr, _off^_usr, Xos, Ss, Ss, Gs, Gs, Ss, Gs^Fds, Ss, Xof, Xof, Xos, Gs, Gs, Ce, Ce, Xos, Ce, Ce, Gs, Gs, Xos, Xof, Xof, Ss, Gs^Fds, Ss, Gs, Gs, Ss, Ss, Xos, _off^_usr, _off^_usr, _off^_usr, _off^_usr
_off^_usr, _off^_usr, _off^_usr, _off^_usr, _off^_usr, Xof, Xos, Ss, Gs, Gs, Gs^Fds, Gs^Fds, Xos, _off^_usr, _off^_usr, Xos, Xos, Xof, Xof, Xof, Xof, Xof, Xos, Xos, _off^_usr, _off^_usr, Xos, Gs^Fds, Gs^Fds, Gs, Gs, Ss, Xos, Xof, _off^_usr, _off^_usr, _off^_usr, _off^_usr, _off^_usr
_off^_usr, _off^_usr, _off^_usr, _off^_usr, _off^_usr, _off^_usr, _off^_usr, Xos, Xos, Gs^Fds, Gs^Fds, Gs^Fds, Xos, _off^_usr, _off^_usr, _off^_usr, _off^_usr, _off^_usr, _off^_usr, Xos, _off^_usr, _off^_usr, _off^_usr, _off^_usr, _off^_usr, _off^_usr, Xos, Gs^Fds, Gs^Fds, Gs^Fds, Xos, Xos, _off^_usr, _off^_usr, _off^_usr, _off^_usr, _off^_usr, _off^_usr, _off^_usr
_off^_usr, _off^_usr, _off^_usr, _off^_usr, _off^_usr, _off^_usr, _off^_usr, _off^_usr, _off^_usr, Xos, Xos, Xos, _off^_usr, _off^_usr, _off^_usr, _off^_usr, _off^_usr, _off^_usr, _off^_usr, Xos, _off^_usr, _off^_usr, _off^_usr, _off^_usr, _off^_usr, _off^_usr, _off^_usr, Xos, Xos, Xos, _off^_usr, _off^_usr, _off^_usr, _off^_usr, _off^_usr, _off^_usr, _off^_usr, _off^_usr, _off^_usr
_off^_usr, _off^_usr, _off^_usr, _off^_usr, _off^_usr, _off^_usr, _off^_usr, _off^_usr, _off^_usr, _off^_usr, _off^_usr, _off^_usr, _off^_usr, _off^_usr, _off^_usr, _off^_usr, _off^_usr, _off^_usr, _off^_usr, Xos, _off^_usr, _off^_usr, _off^_usr, _off^_usr, _off^_usr, _off^_usr, _off^_usr, _off^_usr, _off^_usr, _off^_usr, _off^_usr, _off^_usr, _off^_usr, _off^_usr, _off^_usr, _off^_usr, _off^_usr, _off^_usr, _off^_usr
_off^_usr, _off^_usr, _off^_usr, _off^_usr, _off^_usr, _off^_usr, _off^_usr, _off^_usr, _off^_usr, _off^_usr, _off^_usr, _off^_usr, _off^_usr, _off^_usr, _off^_usr, _off^_usr, _off^_usr, _off^_usr, _off^_usr, Xos, _off^_usr, _off^_usr, _off^_usr, _off^_usr, _off^_usr, _off^_usr, _off^_usr, _off^_usr, _off^_usr, _off^_usr, _off^_usr, _off^_usr, _off^_usr, _off^_usr, _off^_usr, _off^_usr, _off^_usr, _off^_usr, _off^_usr
_off^_usr, _off^_usr, _off^_usr, _off^_usr, _off^_usr, _off^_usr, _off^_usr, _off^_usr, _off^_usr, _off^_usr, _off^_usr, _off^_usr, _off^_usr, _off^_usr, _off^_usr, _off^_usr, _off^_usr, _off^_usr, Xos, Xos, Xos, _off^_usr, _off^_usr, _off^_usr, _off^_usr, _off^_usr, _off^_usr, _off^_usr, _off^_usr, _off^_usr, _off^_usr, _off^_usr, _off^_usr, _off^_usr, _off^_usr, _off^_usr, _off^_usr, _off^_usr, _off^_usr
_off^_usr, _off^_usr, _off^_usr, _off^_usr, _off^_usr, _off^_usr, _off^_usr, _off^_usr, _off^_usr, _off^_usr, _off^_usr, _off^_usr, _off^_usr, _off^_usr, _off^_usr, _off^_usr, Xos, Xos, _off^_usr, _off^_usr, _off^_usr, Xos, Xos, _off^_usr, _off^_usr, _off^_usr, _off^_usr, _off^_usr, _off^_usr, _off^_usr, _off^_usr, _off^_usr, _off^_usr, _off^_usr, _off^_usr, _off^_usr, _off^_usr, _off^_usr, _off^_usr
_off^_usr, _off^_usr, _off^_usr, _off^_usr, _off^_usr, _off^_usr, _off^_usr, _off^_usr, _off^_usr, _off^_usr, _off^_usr, _off^_usr, _off^_usr, _off^_usr, Xos, Xos, _off^_usr, _off^_usr, _off^_usr, _off^_usr, _off^_usr, _off^_usr, _off^_usr, Xos, Xos, _off^_usr, _off^_usr, _off^_usr, _off^_usr, _off^_usr, _off^_usr, _off^_usr, _off^_usr, _off^_usr, _off^_usr, _off^_usr, _off^_usr, _off^_usr, _off^_usr
