_off^_usr, _off^_usr, _off^_usr, _off^_usr, _off^_usr, _off^_usr, _off^_usr, _off^_usr, _off^_usr, _off^_usr, _off^_usr, _off^_usr, Hh^Fds, Gs^Fds, Hh, Gs, Mm, Mm, Mm, Wwg, Mm, Mm, Mm, Gs, Hh, Gs^Fds, Hh^Fds, _off^_usr, _off^_usr, _off^_usr, _off^_usr, _off^_usr, _off^_usr, _off^_usr, _off^_usr, _off^_usr, _off^_usr, _off^_usr, _off^_usr
_off^_usr, _off^_usr, _off^_usr, _off^_usr, _off^_usr, _off^_usr, Xor, _off^_usr, _off^_usr, _off^_usr, _off^_usr, Hh^Fds, Hh^Fds, Mm, Hh, Gs, Gs, Mm, Gs^Fds, Wwg, Gs^Fds, Mm, Gs, Gs, Hh, Mm, Hh^Fds, Hh^Fds, _off^_usr, _off^_usr, _off^_usr, _off^_usr, Xor, _off^_usr, _off^_usr, _off^_usr, _off^_usr, _off^_usr, _off^_usr
_off^_usr, _off^_usr, _off^_usr, _off^_usr, Xor, Xor, Qxua, Xor, Xor, _off^_usr, Gg^Ve, Gs^Fds, Cvr, Hh, Mm, Hh, Gs, Gs, Gs^Fds, _off^_usr, Gs^Fds, Gs, Gs, Hh, Mm, Hh, Cvr, Gs^Fds, Gg^Ve, _off^_usr, Xor, Xor, Qxua, Xor, Xor, _off^_usr, _off^_usr, _off^_usr, _off^_usr
_off^_usr, _off^_usr, _off^_usr, Xor, Ur, Qxua, Qxua, Qxua, Xor, _off^_usr, Gs^Fds, Gs^Fds, Kvr, Cvr, Gs, Gs, Hh, Gs^Fds, Mm, _off^_usr, Mm, Gs^Fds, Hh, Gs, Gs, Cvr, Kvr, Gs^Fds, Gs^Fds, _off^_usr, Xor, Qxua, Qxua, Qxua, Ur, Xor, _off^_usr, _off^_usr, _off^_usr
_off^_usr, _off^_usr, Xor, Xor, Ur, Ur, Qxua, Qxua, Xor, Xor, Xor, Gs^Fms, Cvr, Cvr, Gs, Gs, Mm, Mm, _off^_usr, _off^_usr, _off^_usr, Mm, Mm, Gs, Gs, Cvr, Cvr, Gs^Fms, Xor, Xor, Xor, Qxua, Qxua, Ur, Ur, Xor, Xor, _off^_usr, _off^_usr
_off^_usr, _off^_usr, Xor, Ur, Ur, Ur, Uu^Tf, Xor, _off^_usr, _off^_usr, Xor, Gs^Fds, _off^_usr, _off^_usr, Gs, Mm, Mm, Mm, Mm, _off^_usr, Mm, Mm, Mm, Mm, Gs, _off^_usr, _off^_usr, Gs^Fds, Xor, _off^_usr, _off^_usr, Xor, Uu^Tf, Ur, Ur, Ur, Xor, _off^_usr, _off^_usr
_off^_usr, _off^_usr, _off^_usr, Xor, Ur, Ur, Xot, Xor, Xor, Xor, Hh^Fds, _off^_usr, Gs^Fds, Gs^Fds, Gs, Gs, Gs, Mm, Hh^Fds, _off^_usr, Hh^Fds, Mm, Gs, Gs, Gs, Gs^Fds, Gs^Fds, _off^_usr, Hh^Fds, Xor, Xor, Xor, Xot, Ur, Ur, Xor, _off^_usr, _off^_usr, _off^_usr
_off^_usr, _off^_usr, _off^_usr, Xor, Xor, Ur^Pr/o, Wwf, Gg^Fet, Gs, Hh, Gs, Hh, Hh, Gs^Fds, Gs, Gs, Gs^Fds, Hh^Fds, _off^_usr, _off^_usr, _off^_usr, Hh^Fds, Gs^Fds, Gs, Gs, Gs^Fds, Hh, Hh, Gs, Hh, Gs, Gg^Fet, Wwf, Ur^Pr\o, Xor, Xor, _off^_usr, _off^_usr, _off^_usr
_off^_usr, _off^_usr, _off^_usr, _off^_usr, _off^_usr, Gs^Fds, Gs^Fds, Wwf, Wwf, Wwf, Gs, Gs, Gs, Gs, Ss, Ss, _off^_usr, _off^_usr, _off^_usr, _off^_usr, _off^_usr, _off^_usr, _off^_usr, Ss, Ss, Gs, Gs, Gs, Gs, Wwf, Wwf, Wwf, Gs^Fds, Gs^Fds, _off^_usr, _off^_usr, _off^_usr, _off^_usr, _off^_usr
