_off^_usr, _off^_usr, _off^_usr, _off^_usr, _off^_usr, Wot^Xo, Wot^Xo, Wot^Xo, Wot^Xo, Wot^Xo, Wot^Xo, Wot^Xo, Wot^Xo, Wot^Xo, Wot^Xo, Wot^Xo, Wot^Xo, Wot^Xo, Wot^Xo, Wot^Xo, Wot^Xo, Wot^Xo, Wot^Xo, Wot^Xo, Wot^Xo, Wot^Xo, Wot^Xo, Wot^Xo, Wot^Xo, Wot^Xo, Wot^Xo, Wot^Xo, Wot^Xo, Wot^Xo, _off^_usr, _off^_usr, _off^_usr, _off^_usr, _off^_usr
_off^_usr, _off^_usr, _off^_usr, _off^_usr, _off^_usr, Wot^Xo, Wot^Xo, Wot^Xo, Wot^Xo, Wot^Xo, Wot^Xo, Wot^Xo, Wot^Xo, Wot^Xo, Wot^Xo, Wot^Xo, Wot^Xo, Wot^Xo, Wot^Xo, Wot^Xo, Wot^Xo, Wot^Xo, Wot^Xo, Wot^Xo, Wot^Xo, Wot^Xo, Wot^Xo, Wot^Xo, Wot^Xo, Wot^Xo, Wot^Xo, Wot^Xo, Wot^Xo, Wot^Xo, _off^_usr, _off^_usr, _off^_usr, _off^_usr, _off^_usr
_off^_usr, _off^_usr, _off^_usr, _off^_usr, _off^_usr, Wot^Xo, Wot^Xo, Wot^Xo, Wot^Xo, Wot^Xo, Wot^Xo, Wot^Xo, Wot^Xo, Wot^Xo, Wot^Xo, Wot^Xo, Wot^Xo, Wot^Xo, Wot^Xo, Wot^Xo, Wot^Xo, Wot^Xo, Wwt^Xo, Wot^Xo, Wwrt^Xo, Wot^Xo, Wot^Xo, Wot^Xo, Wot^Xo, Wot^Xo, Wot^Xo, Wot^Xo, Wot^Xo, Wot^Xo, _off^_usr, _off^_usr, _off^_usr, _off^_usr, _off^_usr
_off^_usr, _off^_usr, _off^_usr, _off^_usr, _off^_usr, Wot^Xo, Wot^Xo, Wot^Xo, Wot^Xo, Wot^Xo, Wot^Xo, Wot^Xo, Wot^Xo, Wwt^Xo, Wwt^Xo, Wot^Xo, Wot^Xo, Wot^Xo, Wot^Xo, Wot^Xo, Wot^Xo, Wot^Xo, Wot^Xo, Wwt^Xo, Wwt^Xo, Wwrt^Xo, Wwt^Xo, Wwt^Xo, Wwt^Xo, Wot^Xo, Wot^Xo, Wot^Xo, Wot^Xo, Wot^Xo, _off^_usr, _off^_usr, _off^_usr, _off^_usr, _off^_usr
_off^_usr, _off^_usr, _off^_usr, _off^_usr, _off^_usr, Wot^Xo, Wot^Xo, Wot^Xo, Wot^Xo, Wot^Xo, Wot^Xo, Wot^Xo, Wwrt^Xo, Wwt^Xo, Wot^Xo, Wot^Xo, Wot^Xo, Wot^Xo, Wot^Xo, Wot^Xo, Wot^Xo, Wot^Xo, Wot^Xo, Wot^Xo, Wot^Xo, Wot^Xo, Wot^Xo, Wwrt^Xo, Wot^Xo, Wwt^Xo, Wot^Xo, Wot^Xo, Wot^Xo, Wot^Xo, _off^_usr, _off^_usr, _off^_usr, _off^_usr, _off^_usr
_off^_usr, _off^_usr, _off^_usr, _off^_usr, _off^_usr, Wwt^Xo, Wot^Xo, Wot^Xo, Wot^Xo, Wot^Xo, Wot^Xo, Wwrt^Xo, Wwt^Xo, Wwt^Xo, Wot^Xo, Wot^Xo, Wot^Xo, Wot^Xo, Wot^Xo, Wot^Xo, Wot^Xo, Wot^Xo, Wot^Xo, Wot^Xo, Wot^Xo, Wot^Xo, Wot^Xo, Wot^Xo, Wot^Xo, Wot^Xo, Wot^Xo, Wot^Xo, Wot^Xo, Wot^Xo, _off^_usr, _off^_usr, _off^_usr, _off^_usr, _off^_usr
_off^_usr, _off^_usr, _off^_usr, _off^_usr, _off^_usr, Wwrt^Xo, Wot^Xo, Wot^Xo, Wot^Xo, Wot^Xo, Wwrt^Xo, Wwt^Xo, Wwt^Xo, Wot^Xo, Wot^Xo, Wot^Xo, Wwt^Xo, Wot^Xo, Wwt, Wwt, Wwt, Wot^Xo, Wot^Xo, Wot^Xo, Wot^Xo, Wot^Xo, Wot^Xo, Wot^Xo, Wot^Xo, Wot^Xo, Wot^Xo, Wot^Xo, Wot^Xo, Wot^Xo, _off^_usr, _off^_usr, _off^_usr, _off^_usr, _off^_usr
_off^_usr, _off^_usr, _off^_usr, _off^_usr, _off^_usr, Wwt^Xo, Wot^Xo, Wot^Xo, Wwt^Xo, Wwt^Xo, Wwt^Xo, Wwt^Xo, Wot^Xo, Wot^Xo, Wot^Xo, Wwt^Xo, Wwt, Wwt, Ds, Cd, Ds, Wwt, Wwt, Wot^Xo, Wwrt^Xo, Wot^Xo, Wot^Xo, Wot^Xo, Wot^Xo, Wot^Xo, Wot^Xo, Wot^Xo, Wot^Xo, Wwrt^Xo, _off^_usr, _off^_usr, _off^_usr, _off^_usr, _off^_usr
_off^_usr, _off^_usr, _off^_usr, _off^_usr, _off^_usr, Wwrt, Wwrt, Wot^Xo, Wot, Wot^Xo, Wot, Wot^Xo, Wot, Wot^Xo, Wwt, Wwt, Ds, Ds, Gs, Rr, Gs, Ds, Ds, Wwt, Wwt, Wwt^Xo, Wot, Wot^Xo, Wot, Wot^Xo, Wot, Wot^Xo, Wwrt, Wwrt, _off^_usr, _off^_usr, _off^_usr, _off^_usr, _off^_usr
_off^_usr, _off^_usr, _off^_usr, _off^_usr, _off^_usr, _off^_usr, _off^_usr, Wot, Wot, Wot, Wot, Wot, Wwt, Wwt, Ds, Ds, Gs, Gs, Gs^Efm, Rr, Gs, Gs, Gs, Ds, Ds, Wwt, Wwt, Wot, Wot, Wot, Wot, Wot, _off^_usr, _off^_usr, _off^_usr, _off^_usr, _off^_usr, _off^_usr, _off^_usr
_off^_usr, _off^_usr, _off^_usr, _off^_usr, _off^_usr, _off^_usr, _off^_usr, _off^_usr, Wot, _off^_usr, _off^_usr, Wwrt, Ds, Ds, Gs, Hh, Hh^Fds, Gs, Gs, Rr, Gs^Efm, Gs, Hh^Fds, Hh, Gs^Efm, Ds, Ds, Wwt, _off^_usr, _off^_usr, Wot, _off^_usr, _off^_usr, _off^_usr, _off^_usr, _off^_usr, _off^_usr, _off^_usr, _off^_usr
_off^_usr, _off^_usr, _off^_usr, _off^_usr, _off^_usr, _off^_usr, _off^_usr, _off^_usr, Wot, _off^_usr, _off^_usr, _off^_usr, _off^_usr, Gs^Efm, Gs, Gs^Fds, Gs, Gs, Rr, Rr, Rr, Gs, Gs, Gs^Fds, Gs, Gs, _off^_usr, _off^_usr, _off^_usr, _off^_usr, Wot, _off^_usr, _off^_usr, _off^_usr, _off^_usr, _off^_usr, _off^_usr, _off^_usr, _off^_usr
_off^_usr, _off^_usr, _off^_usr, _off^_usr, _off^_usr, _off^_usr, _off^_usr, _off^_usr, Wot, _off^_usr, _off^_usr, _off^_usr, _off^_usr, Gs, Hh^Fds, Gs, Gs, Hh, Rr, Hh^Fds, Rr, Hh, Gs, Gs, Hh^Fds, Gs, _off^_usr, _off^_usr, _off^_usr, _off^_usr, Wot, _off^_usr, _off^_usr, _off^_usr, _off^_usr, _off^_usr, _off^_usr, _off^_usr, _off^_usr
_off^_usr, _off^_usr, _off^_usr, _off^_usr, _off^_usr, _off^_usr, _off^_usr, _off^_usr, Wot, Wot, Wwt, _off^_usr, _off^_usr, Gs^Fms, Mm, Gs, Rr, Rr, Ss, Hh, Ss, Rr, Rr, Gs^Efm, Mm, Gs^Fms, _off^_usr, _off^_usr, Wwt, Wot, Wot, _off^_usr, _off^_usr, _off^_usr, _off^_usr, _off^_usr, _off^_usr, _off^_usr, _off^_usr
_off^_usr, _off^_usr, _off^_usr, _off^_usr, _off^_usr, _off^_usr, _off^_usr, _off^_usr, _off^_usr, Wwt, Ss, Wwt, Wwf, Hh, Gs, Rr, Gs^Efm, Hh, Hh^Fds, Mm, Hh^Fds, Hh, Gs, Rr, Gs, Hh, Wwf, Wwt, Ss, Wwt, _off^_usr, _off^_usr, _off^_usr, _off^_usr, _off^_usr, _off^_usr, _off^_usr, _off^_usr, _off^_usr
_off^_usr, _off^_usr, _off^_usr, _off^_usr, _off^_usr, _off^_usr, _off^_usr, _off^_usr, _off^_usr, _off^_usr, _off^_usr, Ss, Wwt, Gs, Gs^Fms, Rr, Wwt, Ss, Mm^Xm, Xue, Mm^Xm, Ss, Wwt, Rr, Gs^Fms, Gs, Wwt, Ss, _off^_usr, _off^_usr, _off^_usr, _off^_usr, _off^_usr, _off^_usr, _off^_usr, _off^_usr, _off^_usr, _off^_usr, _off^_usr
_off^_usr, _off^_usr, _off^_usr, _off^_usr, _off^_usr, _off^_usr, _off^_usr, _off^_usr, _off^_usr, _off^_usr, _off^_usr, _off^_usr, Hh, Wwt, Wwt, Wwt^Bw|, Gs^Fp, Mm^Xm, Xue, Xue, Xue, Mm^Xm, Gs^Fp, Wwt^Bw|, Wwt, Wwt, Hh, _off^_usr, _off^_usr, _off^_usr, _off^_usr, _off^_usr, _off^_usr, _off^_usr, _off^_usr, _off^_usr, _off^_usr, _off^_usr, _off^_usr
_off^_usr, _off^_usr, _off^_usr, _off^_usr, _off^_usr, _off^_usr, _off^_usr, _off^_usr, _off^_usr, _off^_usr, _off^_usr, _off^_usr, Hh^Fmf, Wwf, Gs, Re, Hh, Mm^Xm, Xue, Xue, Xue, Mm^Xm, Hh, Re, Gs^Efm, Wwf, Hh^Fmf, _off^_usr, _off^_usr, _off^_usr, _off^_usr, _off^_usr, _off^_usr, _off^_usr, _off^_usr, _off^_usr, _off^_usr, _off^_usr, _off^_usr
_off^_usr, _off^_usr, _off^_usr, _off^_usr, _off^_usr, _off^_usr, _off^_usr, _off^_usr, _off^_usr, _off^_usr, _off^_usr, _off^_usr, Mm, Wwf, Re, Re, Mm, Xue, Xue, Xue, Xue, Xue, Mm, Re, Re, Wwf, Mm, _off^_usr, _off^_usr, _off^_usr, _off^_usr, _off^_usr, _off^_usr, _off^_usr, _off^_usr, _off^_usr, _off^_usr, _off^_usr, _off^_usr
_off^_usr, _off^_usr, _off^_usr, _off^_usr, _off^_usr, _off^_usr, _off^_usr, _off^_usr, _off^_usr, _off^_usr, Gs, Hh, Wwf, Wwf, Re, Gs^Efm, Hh^Fdf, Xue, Xue, Xue, Xue, Xue, Hh^Fdf, Gs^Efm, Re, Wwf, Wwf, Hh, Gs, _off^_usr, _off^_usr, _off^_usr, _off^_usr, _off^_usr, _off^_usr, _off^_usr, _off^_usr, _off^_usr, _off^_usr
_off^_usr, _off^_usr, _off^_usr, _off^_usr, _off^_usr, _off^_usr, _off^_usr, _off^_usr, _off^_usr, Hh^Fmf, Wwf, Wwf, Gs^Vh, Gs^Efm, Re, Ss, Xue, Xue, Xue, Xue, Xue, Xue, Xue, Ss, Re, Gs, Gs^Ve, Wwf, Wwf, Hh^Fmf, _off^_usr, _off^_usr, _off^_usr, _off^_usr, _off^_usr, _off^_usr, _off^_usr, _off^_usr, _off^_usr
_off^_usr, _off^_usr, _off^_usr, _off^_usr, _off^_usr, _off^_usr, _off^_usr, _off^_usr, _off^_usr, Wwf, Ss, Gs, Re, Re, Xue, Xue, Xue, Xue, Xue, Xue, Xue, Xue, Xue, Xue, Xue, Re, Re, Gs, Ss, Wwf, _off^_usr, _off^_usr, _off^_usr, _off^_usr, _off^_usr, _off^_usr, _off^_usr, _off^_usr, _off^_usr
_off^_usr, _off^_usr, _off^_usr, _off^_usr, _off^_usr, _off^_usr, _off^_usr, _off^_usr, _off^_usr, Wwf, Hh, Re, Gs, Gs^Efm, Xue, Xue, Xue, Xue, Xue, Xue, Xue, Xue, Xue, Xue, Xue, Gs^Efm, Gs^Efm, Re, Hh, Wwf, _off^_usr, _off^_usr, _off^_usr, _off^_usr, _off^_usr, _off^_usr, _off^_usr, _off^_usr, _off^_usr
_off^_usr, _off^_usr, _off^_usr, _off^_usr, _off^_usr, _off^_usr, _off^_usr, _off^_usr, Wwf, Wwf, Gs, Re, Mm, Gs, Xue, Xue, Xue, Xue, Xue, Xue, Xue, Xue, Xue, Xue, Xue, Gs, Mm, Re, Gs, Wwf, Wwf, _off^_usr, _off^_usr, _off^_usr, _off^_usr, _off^_usr, _off^_usr, _off^_usr, _off^_usr
_off^_usr, _off^_usr, _off^_usr, _off^_usr, _off^_usr, _off^_usr, Hh^Fp, Gs^Efm, Wwf, Gs^Efm, Re, Re, Hh, Hh^Fmf, Xue, Xue, Xue, Xue, Xue, Xue, Xue, Xue, Xue, Xue, Xue, Hh^Fmf, Hh, Re, Re, Gs, Wwf, Gs^Efm, Hh^Fp, _off^_usr, _off^_usr, _off^_usr, _off^_usr, _off^_usr, _off^_usr
_off^_usr, _off^_usr, _off^_usr, _off^_usr, Wwf, Mm, Hh, Gs, Wwg^Bw/, Re, Gs, Ss, Xue, Xue, Xue, Xue, Xue, Xue, Xue, Xue, Xue, Xue, Xue, Xue, Xue, Xue, Xue, Ss, Gs, Re, Wwg^Bw\, Gs^Efm, Hh, Mm, Wwf, _off^_usr, _off^_usr, _off^_usr, _off^_usr
_off^_usr, _off^_usr, _off^_usr, _off^_usr, Ss, Wwf, Re, Re, Wwf, Wwg, Xue, Xue, Xue, Xue, Xue, Xue, Xue, Xue, Xue, Xue, Xue, Xue, Xue, Xue, Xue, Xue, Xue, Xue, Xue, Wwg, Wwf, Re, Re, Wwf, Ss, _off^_usr, _off^_usr, _off^_usr, _off^_usr
_off^_usr, _off^_usr, _off^_usr, _off^_usr, Hh, Re, Ss, Wwf, Wwf, Xue, Xue, Xue, Xue, Xue, Xue, Xue, Xue, Xue, Xue, Xue, Xue, Xue, Xue, Xue, Xue, Xue, Xue, Xue, Xue, Xue, Wwf, Wwf, Ss, Re, Hh, _off^_usr, _off^_usr, _off^_usr, _off^_usr
_off^_usr, _off^_usr, _off^_usr, _off^_usr, Mm, Re, Gs^Fp, Mm, Wwf, Xue, Xue, Xue, Xue, Xue, Xue, Xue, Xue, Xue, Xue, Xue, Xue, Xue, Xue, Xue, Xue, Xue, Xue, Xue, Xue, Xue, Wwf, Mm, Gs^Fp, Re, Mm, _off^_usr, _off^_usr, _off^_usr, _off^_usr
_off^_usr, _off^_usr, _off^_usr, _off^_usr, Gs^Fp, Re, Re, Hh^Fp, Gs, Ss, Re, Xue, Gs^Efm, Mm, Hh^Fp, Xue, Xue, Xue, Xos, Xue, Xos, Xue, Xue, Xue, Hh^Fp, Mm, Gs, Xue, Re, Ss, Gs, Hh^Fp, Re, Re, Gs^Fp, _off^_usr, _off^_usr, _off^_usr, _off^_usr
_off^_usr, _off^_usr, _off^_usr, _off^_usr, _off^_usr, Gs, Hh, Re, Re, Re, Gs, Re, Re, Hh, Gs^Fp, Ss, Ce, Xos^Efs, Xos^Efs, Xos, Xos^Efs, Xos^Efs, Ce, Ss, Gs^Fp, Hh, Re, Re, Gs, Re, Re, Re, Hh, Gs, _off^_usr, _off^_usr, _off^_usr, _off^_usr, _off^_usr
_off^_usr, _off^_usr, _off^_usr, _off^_usr, _off^_usr, _off^_usr, _off^_usr, Gs, Gs^Fp, Ss, Wwf, Hh, Re, Re, Re, Gs, Re, Ke, Xos, Xos, Xos, Ke, Re, Gs^Efm, Re, Re, Re, Hh, Wwf, Ss, Gs^Fp, Gs^Efm, _off^_usr, _off^_usr, _off^_usr, _off^_usr, _off^_usr, _off^_usr, _off^_usr
_off^_usr, _off^_usr, _off^_usr, _off^_usr, _off^_usr, _off^_usr, _off^_usr, _off^_usr, _off^_usr, Hh^Fp, Mm, Wwg, Wwg^Bw|, Gs, Wwg, Re, Wwf, Ce, Xos, Xos, Xos, Ce, Wwf, Re, Wwg, Gs, Wwg^Bw|, Wwg, Mm, Hh^Fp, _off^_usr, _off^_usr, _off^_usr, _off^_usr, _off^_usr, _off^_usr, _off^_usr, _off^_usr, _off^_usr
_off^_usr, _off^_usr, _off^_usr, _off^_usr, _off^_usr, _off^_usr, _off^_usr, _off^_usr, _off^_usr, _off^_usr, _off^_usr, Wwg, Re, Wwg, Ss, Wwf, Wwf, Ce, Xos, Xos, Xos, Ce, Wwf, Wwf, Ss, Wwg, Re, Wwg, _off^_usr, _off^_usr, _off^_usr, _off^_usr, _off^_usr, _off^_usr, _off^_usr, _off^_usr, _off^_usr, _off^_usr, _off^_usr
_off^_usr, _off^_usr, _off^_usr, _off^_usr, _off^_usr, _off^_usr, _off^_usr, _off^_usr, _off^_usr, _off^_usr, _off^_usr, Wwg, Re, Gs, Gs, Hh, Wwf, Xos, Xos, Xos, Xos, Xos, Wwf, Hh, Gs, Gs, Re, Wwg, _off^_usr, _off^_usr, _off^_usr, _off^_usr, _off^_usr, _off^_usr, _off^_usr, _off^_usr, _off^_usr, _off^_usr, _off^_usr
_off^_usr, _off^_usr, _off^_usr, _off^_usr, _off^_usr, _off^_usr, _off^_usr, _off^_usr, _off^_usr, _off^_usr, Wwf, Wwf, Re, Hh, Gs, Gs^Efm, Ss, Xos, Xos, Xos, Xos, Xos, Ss, Gs, Gs, Hh, Re, Wwf, Wwf, _off^_usr, _off^_usr, _off^_usr, _off^_usr, _off^_usr, _off^_usr, _off^_usr, _off^_usr, _off^_usr, _off^_usr
_off^_usr, _off^_usr, _off^_usr, _off^_usr, _off^_usr, _off^_usr, _off^_usr, _off^_usr, Hh, Hh^Fp, Wwg^Bw/, Re, Gs, Gs, Gs^Fp, Gs, Xue, Xue, Xue, Xue, Xue, Xue, Xue, Gs, Gs^Fp, Gs, Gs, Re, Wwg^Bw\, Hh^Fp, Hh, _off^_usr, _off^_usr, _off^_usr, _off^_usr, _off^_usr, _off^_usr, _off^_usr, _off^_usr
_off^_usr, _off^_usr, _off^_usr, _off^_usr, _off^_usr, _off^_usr, _off^_usr, _off^_usr, Re, Re, Wwf, Gs, Hh, Hh^Fp, Xue, Xue, Xue, Xue, Xue, Xue, Xue, Xue, Xue, Xue, Xue, Hh^Fp, Hh, Gs^Efm, Wwf, Re, Re, _off^_usr, _off^_usr, _off^_usr, _off^_usr, _off^_usr, _off^_usr, _off^_usr, _off^_usr
_off^_usr, _off^_usr, _off^_usr, _off^_usr, _off^_usr, _off^_usr, _off^_usr, _off^_usr, Re, Gs^Vc, Gs^Efm, Wwf, Wwf, Xue, Xue, Xue, Xue, Xue, Xue, Xue, Xue, Xue, Xue, Xue, Xue, Xue, Wwf, Wwf, Gs, Gs^Vc, Re, _off^_usr, _off^_usr, _off^_usr, _off^_usr, _off^_usr, _off^_usr, _off^_usr, _off^_usr
_off^_usr, _off^_usr, _off^_usr, _off^_usr, _off^_usr, _off^_usr, _off^_usr, _off^_usr, Re, Gs, Mm, Hh^Fms, Wwf, Xue, Xue, Xue, Xue, Xue, Xue, Xue, Xue, Xue, Xue, Xue, Xue, Xue, Wwf, Hh^Fms, Mm, Gs, Re, _off^_usr, _off^_usr, _off^_usr, _off^_usr, _off^_usr, _off^_usr, _off^_usr, _off^_usr
_off^_usr, _off^_usr, _off^_usr, _off^_usr, _off^_usr, _off^_usr, _off^_usr, _off^_usr, Gs, Re, Ss, Gs^Fms, Wwf, Xue, Xue, Xue, Xue, Xue, Xue, Xue, Xue, Xue, Xue, Xue, Xue, Xue, Wwf, Gs^Fms, Ss, Re, Gs, _off^_usr, _off^_usr, _off^_usr, _off^_usr, _off^_usr, _off^_usr, _off^_usr, _off^_usr
_off^_usr, _off^_usr, _off^_usr, _off^_usr, _off^_usr, _off^_usr, _off^_usr, _off^_usr, Hh^Fms, Re, Wwf, Wwf, Hh, Xue, Xue, Xue, Xue, Xue, Xue, Xue, Xue, Xue, Xue, Xue, Xue, Xue, Hh, Wwf, Wwf, Re, Hh^Fms, _off^_usr, _off^_usr, _off^_usr, _off^_usr, _off^_usr, _off^_usr, _off^_usr, _off^_usr
_off^_usr, _off^_usr, _off^_usr, _off^_usr, _off^_usr, _off^_usr, Gs, Gs^Fms, Wwf, Wwg^Bw|, Gs, Gs^Efm, Hh, Xue, Xue, Xue, Xue, Xue, Xue, Xue, Xue, Xue, Xue, Xue, Xue, Xue, Hh, Gs, Gs, Wwg^Bw|, Wwf, Gs^Fms, Gs^Efm, _off^_usr, _off^_usr, _off^_usr, _off^_usr, _off^_usr, _off^_usr
_off^_usr, _off^_usr, _off^_usr, _off^_usr, _off^_usr, Gs, Gs^Efm, Wwf, Re, Re, Hh^Fms, Mm, Xue, Xue, Xue, Xue, Xue, Xue, Xue, Xue, Xue, Xue, Xue, Xue, Xue, Xue, Xue, Mm, Hh^Fms, Re, Re, Wwf, Gs, Gs, _off^_usr, _off^_usr, _off^_usr, _off^_usr, _off^_usr
_off^_usr, _off^_usr, _off^_usr, _off^_usr, _off^_usr, Gs^Fms, Wwf, Wwf, Re, Gs, Xue, Xue, Xue, Xue, Xue, Xue, Xue, Xue, Xue, Xue, Xue, Xue, Xue, Xue, Xue, Xue, Xue, Xue, Xue, Gs, Re, Wwf, Wwf, Gs^Fms, _off^_usr, _off^_usr, _off^_usr, _off^_usr, _off^_usr
_off^_usr, _off^_usr, _off^_usr, _off^_usr, _off^_usr, Hh^Fms, Wwf, Wwf, Wwg^Bw|, Gs^Fms, Xue, Xue, Xue, Xue, Xue, Xue, Xue, Xue, Xue, Xue, Xue, Xue, Xue, Xue, Xue, Xue, Xue, Xue, Xue, Gs^Fms, Wwg^Bw|, Wwf, Wwf, Hh^Fms, _off^_usr, _off^_usr, _off^_usr, _off^_usr, _off^_usr
_off^_usr, _off^_usr, _off^_usr, _off^_usr, _off^_usr, Hh, Wwf, Ss, Re, Wwf, Wwf, Xue, Uh, Xue, Xue, Xue, Xue, Xue, Xue, Xue, Xue, Xue, Xue, Xue, Xue, Xue, Uu, Xue, Wwf, Wwf, Re, Ss, Wwf, Hh, _off^_usr, _off^_usr, _off^_usr, _off^_usr, _off^_usr
_off^_usr, _off^_usr, _off^_usr, _off^_usr, _off^_usr, Wwf, Gs, Gs, Re, Hh, Gs, Ss, Uu, Wwg, Wwf, Wwf, Uu^Ii, Xue, Xue, Xue, Xue, Xue, Uu^Ii, Wwg, Wwf, Wwf, Uh, Ss, Gs, Hh, Re, Gs, Gs, Wwf, _off^_usr, _off^_usr, _off^_usr, _off^_usr, _off^_usr
_off^_usr, _off^_usr, _off^_usr, _off^_usr, _off^_usr, Wwf, Hh, Gs, Re, Gs^Efm, Xue, Xue, Xue, Wwf, Xue, Wwg, Xue, Xue, Xue, Xue, Xue, Xue, Xue, Wwf, Xue, Wwg, Xue, Xue, Xue, Gs^Efm, Re, Gs, Hh, Wwf, _off^_usr, _off^_usr, _off^_usr, _off^_usr, _off^_usr
_off^_usr, _off^_usr, _off^_usr, _off^_usr, _off^_usr, Wwf, Mm, Hh, Re, Gs, Xue, Xue, Xue, Xue, Xue, Xue, Xue, Xue, Xue, Xue, Xue, Xue, Xue, Xue, Xue, Xue, Xue, Xue, Xue, Gs, Re, Hh, Mm, Wwf, _off^_usr, _off^_usr, _off^_usr, _off^_usr, _off^_usr
_off^_usr, _off^_usr, _off^_usr, _off^_usr, _off^_usr, Wwf, Wwf, Gs, Re, Hh, Xue, Xue, Xue, Xue, Xue, Xue, Xue, Xue, Xue, Xue, Xue, Xue, Xue, Xue, Xue, Xue, Xue, Xue, Xue, Hh, Re, Gs^Efm, Wwf, Wwf, _off^_usr, _off^_usr, _off^_usr, _off^_usr, _off^_usr
_off^_usr, _off^_usr, _off^_usr, _off^_usr, _off^_usr, Hh, Wwf, Ss, Re, Mm, Hh^Fds, Xue, Xue, Xue, Xue, Xue, Xue, Xue, Xue, Xue, Xue, Xue, Xue, Xue, Xue, Xue, Xue, Xue, Hh^Fds, Mm, Re, Ss, Wwf, Hh, _off^_usr, _off^_usr, _off^_usr, _off^_usr, _off^_usr
_off^_usr, _off^_usr, _off^_usr, _off^_usr, _off^_usr, Hh^Fds, Wwf, Hh, Gs, Re, Re, Gs^Ve, Gs, Xue, Xue, Xue, Xue, Xue, Xue, Xue, Xue, Xue, Xue, Xue, Xue, Xue, Gs^Efm, Gs^Vh, Re, Re, Gs, Hh, Wwf, Hh^Fds, _off^_usr, _off^_usr, _off^_usr, _off^_usr, _off^_usr
_off^_usr, _off^_usr, _off^_usr, _off^_usr, _off^_usr, _off^_usr, _off^_usr, Wwf, Wwf, Gs^Efm, Hh, Re, Ss, Hh, Mm, Xue, Xue, Xue, Xue, Xue, Xue, Xue, Xue, Xue, Mm, Hh, Ss, Re, Hh, Gs, Wwf, Wwf, _off^_usr, _off^_usr, _off^_usr, _off^_usr, _off^_usr, _off^_usr, _off^_usr
_off^_usr, _off^_usr, _off^_usr, _off^_usr, _off^_usr, _off^_usr, _off^_usr, _off^_usr, _off^_usr, Wwf, Wwf, Re, Re, Gs^Fms, Hh, Xue, Xue, Xue, Xue, Xue, Xue, Xue, Xue, Xue, Hh, Gs^Fms, Re, Re, Wwf, Wwf, _off^_usr, _off^_usr, _off^_usr, _off^_usr, _off^_usr, _off^_usr, _off^_usr, _off^_usr, _off^_usr
_off^_usr, _off^_usr, _off^_usr, _off^_usr, _off^_usr, _off^_usr, _off^_usr, _off^_usr, _off^_usr, _off^_usr, Mm, Wwf, Hh^Fds, Re, Re, Xue, Xue, Xue, Xue, Xue, Xue, Xue, Xue, Xue, Re, Re, Hh^Fds, Wwf, Mm, _off^_usr, _off^_usr, _off^_usr, _off^_usr, _off^_usr, _off^_usr, _off^_usr, _off^_usr, _off^_usr, _off^_usr
_off^_usr, _off^_usr, _off^_usr, _off^_usr, _off^_usr, _off^_usr, _off^_usr, _off^_usr, _off^_usr, _off^_usr, Gs^Fds, Wwf, Hh, Gs, Re, Xue, Xue, Xue, Xue, Xue, Xue, Xue, Xue, Xue, Re, Gs, Hh, Wwf, Gs^Fds, _off^_usr, _off^_usr, _off^_usr, _off^_usr, _off^_usr, _off^_usr, _off^_usr, _off^_usr, _off^_usr, _off^_usr
_off^_usr, _off^_usr, _off^_usr, _off^_usr, _off^_usr, _off^_usr, _off^_usr, _off^_usr, _off^_usr, _off^_usr, Hh, Wwf, Wwf, Re, Hh, Xue, Xue, Xue, Xue, Xue, Xue, Xue, Xue, Xue, Hh, Re, Wwf, Wwf, Hh, _off^_usr, _off^_usr, _off^_usr, _off^_usr, _off^_usr, _off^_usr, _off^_usr, _off^_usr, _off^_usr, _off^_usr
_off^_usr, _off^_usr, _off^_usr, _off^_usr, _off^_usr, _off^_usr, _off^_usr, _off^_usr, _off^_usr, _off^_usr, Mm, Gs, Gs, Wwg^Bw|, Wwf, Hh, Gs, Xue, Xue, Xue, Xue, Xue, Gs, Hh, Wwf, Wwf^Bw|, Gs, Gs^Efm, Mm, _off^_usr, _off^_usr, _off^_usr, _off^_usr, _off^_usr, _off^_usr, _off^_usr, _off^_usr, _off^_usr, _off^_usr
_off^_usr, _off^_usr, _off^_usr, _off^_usr, _off^_usr, _off^_usr, _off^_usr, _off^_usr, _off^_usr, _off^_usr, _off^_usr, Hh^Fds, Ss, Re, Gs^Fms, Wwf, Hh^Fms, Hh, Xue, Xue, Xue, Hh, Hh^Fms, Wwf, Gs^Fms, Re, Ss, Hh^Fds, _off^_usr, _off^_usr, _off^_usr, _off^_usr, _off^_usr, _off^_usr, _off^_usr, _off^_usr, _off^_usr, _off^_usr, _off^_usr
_off^_usr, _off^_usr, _off^_usr, _off^_usr, _off^_usr, _off^_usr, _off^_usr, _off^_usr, _off^_usr, _off^_usr, _off^_usr, _off^_usr, _off^_usr, Re, Gs^Efm, Wwf, Wwf, Mm, Mm, Xue, Mm, Mm, Wwf, Wwf, Gs^Efm, Re, _off^_usr, _off^_usr, _off^_usr, _off^_usr, _off^_usr, _off^_usr, _off^_usr, _off^_usr, _off^_usr, _off^_usr, _off^_usr, _off^_usr, _off^_usr
_off^_usr, _off^_usr, _off^_usr, _off^_usr, _off^_usr, _off^_usr, _off^_usr, _off^_usr, _off^_usr, _off^_usr, _off^_usr, _off^_usr, _off^_usr, Re, Re, Gs, Wwf, Gs^Fms, Hh, _off^_usr, Hh, Gs^Fds, Wwf, Gs, Re, Re, _off^_usr, _off^_usr, _off^_usr, _off^_usr, _off^_usr, _off^_usr, _off^_usr, _off^_usr, _off^_usr, _off^_usr, _off^_usr, _off^_usr, _off^_usr
_off^_usr, _off^_usr, _off^_usr, _off^_usr, _off^_usr, _off^_usr, _off^_usr, _off^_usr, _off^_usr, _off^_usr, _off^_usr, _off^_usr, Hh^Fds, Gs^Fds, Re, Wwf, Gs, Hh, Mm, _off^_usr, Mm, Hh, Gs, Wwf, Re, Gs^Fds, Hh^Fds, _off^_usr, _off^_usr, _off^_usr, _off^_usr, _off^_usr, _off^_usr, _off^_usr, _off^_usr, _off^_usr, _off^_usr, _off^_usr, _off^_usr
_off^_usr, _off^_usr, _off^_usr, _off^_usr, _off^_usr, _off^_usr, _off^_usr, _off^_usr, _off^_usr, _off^_usr, Gs, Hh, Ss, Hh, Re, Wwf, Hh, Mm, _off^_usr, _off^_usr, _off^_usr, Mm, Hh, Wwf, Re, Hh, Ss, Hh, Gs, _off^_usr, _off^_usr, _off^_usr, _off^_usr, _off^_usr, _off^_usr, _off^_usr, _off^_usr, _off^_usr, _off^_usr
_off^_usr, _off^_usr, _off^_usr, _off^_usr, _off^_usr, _off^_usr, _off^_usr, _off^_usr, _off^_usr, Gs^Vh, Gs, Gs, Re, Re, Wwf, Wwf, _off^_usr, _off^_usr, _off^_usr, _off^_usr, _off^_usr, _off^_usr, _off^_usr, Wwf, Wwf, Re, Re, Gs, Gs, Gs^Ve, _off^_usr, _off^_usr, _off^_usr, _off^_usr, _off^_usr, _off^_usr, _off^_usr, _off^_usr, _off^_usr
_off^_usr, _off^_usr, _off^_usr, _off^_usr, _off^_usr, _off^_usr, _off^_usr, _off^_usr, _off^_usr, Hh, Gs, Gs^Efm, Wwg^Bw|, Wwf, _off^_usr, _off^_usr, _off^_usr, _off^_usr, _off^_usr, _off^_usr, _off^_usr, _off^_usr, _off^_usr, _off^_usr, _off^_usr, Wwf, Wwg^Bw|, Gs^Efm, Gs, Hh, _off^_usr, _off^_usr, _off^_usr, _off^_usr, _off^_usr, _off^_usr, _off^_usr, _off^_usr, _off^_usr
_off^_usr, _off^_usr, _off^_usr, _off^_usr, _off^_usr, _off^_usr, _off^_usr, _off^_usr, _off^_usr, Mm, Gs^Fms, Wwf, Re, Gs^Fds, _off^_usr, _off^_usr, _off^_usr, _off^_usr, _off^_usr, _off^_usr, _off^_usr, _off^_usr, _off^_usr, _off^_usr, _off^_usr, Gs^Fds, Re, Wwf, Gs^Fms, Mm, _off^_usr, _off^_usr, _off^_usr, _off^_usr, _off^_usr, _off^_usr, _off^_usr, _off^_usr, _off^_usr
_off^_usr, _off^_usr, _off^_usr, _off^_usr, _off^_usr, _off^_usr, _off^_usr, _off^_usr, _off^_usr, Hh^Fds, Wwf, Wwf, Re, Hh, _off^_usr, _off^_usr, _off^_usr, _off^_usr, _off^_usr, _off^_usr, _off^_usr, _off^_usr, _off^_usr, _off^_usr, _off^_usr, Hh, Re, Wwf, Wwf, Hh^Fds, _off^_usr, _off^_usr, _off^_usr, _off^_usr, _off^_usr, _off^_usr, _off^_usr, _off^_usr, _off^_usr
_off^_usr, _off^_usr, _off^_usr, _off^_usr, _off^_usr, _off^_usr, _off^_usr, _off^_usr, Gs^Fms, Ss, Gs, Gs, Re, Ss, Mm, _off^_usr, _off^_usr, _off^_usr, _off^_usr, _off^_usr, _off^_usr, _off^_usr, _off^_usr, _off^_usr, Mm, Ss, Re, Gs, Gs^Efm, Ss, Gs^Fms, _off^_usr, _off^_usr, _off^_usr, _off^_usr, _off^_usr, _off^_usr, _off^_usr, _off^_usr
_off^_usr, _off^_usr, _off^_usr, _off^_usr, _off^_usr, _off^_usr, _off^_usr, _off^_usr, Hh, Wwf, Gs, Re, Gs^Efm, Hh, Hh^Fds, _off^_usr, _off^_usr, _off^_usr, _off^_usr, _off^_usr, _off^_usr, _off^_usr, _off^_usr, _off^_usr, Hh^Fds, Hh, Gs, Re, Gs, Wwf, Hh, _off^_usr, _off^_usr, _off^_usr, _off^_usr, _off^_usr, _off^_usr, _off^_usr, _off^_usr
_off^_usr, _off^_usr, _off^_usr, _off^_usr, _off^_usr, _off^_usr, _off^_usr, Mm, Ss, Wwf, Gs, Re, Gs, Wwf, Wwf, Gs^Fms, _off^_usr, _off^_usr, _off^_usr, _off^_usr, _off^_usr, _off^_usr, _off^_usr, Gs^Fms, Wwf, Wwf, Gs^Efm, Re, Gs, Wwf, Ss, Mm, _off^_usr, _off^_usr, _off^_usr, _off^_usr, _off^_usr, _off^_usr, _off^_usr
_off^_usr, _off^_usr, _off^_usr, _off^_usr, _off^_usr, _off^_usr, _off^_usr, Gs^Fms, Hh, Gs^Efm, Gs, Re, Gs, Gs, Wwf, Mm^Vhh, Hh^Fp, _off^_usr, _off^_usr, _off^_usr, _off^_usr, _off^_usr, Hh^Fp, Mm^Vhh, Wwf, Gs, Gs, Re, Gs, Gs, Hh, Gs^Fms, _off^_usr, _off^_usr, _off^_usr, _off^_usr, _off^_usr, _off^_usr, _off^_usr
_off^_usr, _off^_usr, _off^_usr, _off^_usr, _off^_usr, _off^_usr, _off^_usr, Gs^Fms, Ce, Gs, Ce, Ket, Ce, Gs, Ce, Hh, _off^_usr, _off^_usr, _off^_usr, _off^_usr, _off^_usr, _off^_usr, _off^_usr, Hh, Ce, Gs, Ce, Ket, Ce, Gs, Ce, Gs^Fms, _off^_usr, _off^_usr, _off^_usr, _off^_usr, _off^_usr, _off^_usr, _off^_usr
_off^_usr, _off^_usr, _off^_usr, _off^_usr, _off^_usr, _off^_usr, _off^_usr, _off^_usr, _off^_usr, Ce, Uu, Ce, Uu, Ce, _off^_usr, _off^_usr, _off^_usr, _off^_usr, _off^_usr, _off^_usr, _off^_usr, _off^_usr, _off^_usr, _off^_usr, _off^_usr, Ce, Uu, Ce, Uu, Ce, _off^_usr, _off^_usr, _off^_usr, _off^_usr, _off^_usr, _off^_usr, _off^_usr, _off^_usr, _off^_usr
_off^_usr, _off^_usr, _off^_usr, _off^_usr, _off^_usr, _off^_usr, _off^_usr, _off^_usr, _off^_usr, Uu^Tf, Uh, Uu, Uh, Uu^Tf, _off^_usr, _off^_usr, _off^_usr, _off^_usr, _off^_usr, _off^_usr, _off^_usr, _off^_usr, _off^_usr, _off^_usr, _off^_usr, Uu^Tf, Uh, Uu, Uh, Uu^Tf, _off^_usr, _off^_usr, _off^_usr, _off^_usr, _off^_usr, _off^_usr, _off^_usr, _off^_usr, _off^_usr
_off^_usr, _off^_usr, _off^_usr, _off^_usr, _off^_usr, _off^_usr, _off^_usr, _off^_usr, _off^_usr, _off^_usr, _off^_usr, Uh, _off^_usr, _off^_usr, _off^_usr, _off^_usr, _off^_usr, _off^_usr, _off^_usr, _off^_usr, _off^_usr, _off^_usr, _off^_usr, _off^_usr, _off^_usr, _off^_usr, _off^_usr, Uh, _off^_usr, _off^_usr, _off^_usr, _off^_usr, _off^_usr, _off^_usr, _off^_usr, _off^_usr, _off^_usr, _off^_usr, _off^_usr
_off^_usr, _off^_usr, _off^_usr, _off^_usr, _off^_usr, _off^_usr, _off^_usr, _off^_usr, _off^_usr, _off^_usr, _off^_usr, _off^_usr, _off^_usr, _off^_usr, _off^_usr, _off^_usr, _off^_usr, _off^_usr, _off^_usr, _off^_usr, _off^_usr, _off^_usr, _off^_usr, _off^_usr, _off^_usr, _off^_usr, _off^_usr, _off^_usr, _off^_usr, _off^_usr, _off^_usr, _off^_usr, _off^_usr, _off^_usr, _off^_usr, _off^_usr, _off^_usr, _off^_usr, _off^_usr
_off^_usr, _off^_usr, _off^_usr, _off^_usr, _off^_usr, _off^_usr, _off^_usr, _off^_usr, _off^_usr, _off^_usr, _off^_usr, _off^_usr, _off^_usr, _off^_usr, _off^_usr, _off^_usr, _off^_usr, _off^_usr, _off^_usr, _off^_usr, _off^_usr, _off^_usr, _off^_usr, _off^_usr, _off^_usr, _off^_usr, _off^_usr, _off^_usr, _off^_usr, _off^_usr, _off^_usr, _off^_usr, _off^_usr, _off^_usr, _off^_usr, _off^_usr, _off^_usr, _off^_usr, _off^_usr
_off^_usr, _off^_usr, _off^_usr, _off^_usr, _off^_usr, _off^_usr, _off^_usr, _off^_usr, _off^_usr, _off^_usr, _off^_usr, _off^_usr, _off^_usr, _off^_usr, _off^_usr, _off^_usr, _off^_usr, _off^_usr, _off^_usr, _off^_usr, _off^_usr, _off^_usr, _off^_usr, _off^_usr, _off^_usr, _off^_usr, _off^_usr, _off^_usr, _off^_usr, _off^_usr, _off^_usr, _off^_usr, _off^_usr, _off^_usr, _off^_usr, _off^_usr, _off^_usr, _off^_usr, _off^_usr
_off^_usr, _off^_usr, _off^_usr, _off^_usr, _off^_usr, _off^_usr, _off^_usr, _off^_usr, _off^_usr, _off^_usr, _off^_usr, _off^_usr, _off^_usr, _off^_usr, _off^_usr, _off^_usr, _off^_usr, _off^_usr, _off^_usr, _off^_usr, _off^_usr, _off^_usr, _off^_usr, _off^_usr, _off^_usr, _off^_usr, _off^_usr, _off^_usr, _off^_usr, _off^_usr, _off^_usr, _off^_usr, _off^_usr, _off^_usr, _off^_usr, _off^_usr, _off^_usr, _off^_usr, _off^_usr
