_off^_usr, _off^_usr, _off^_usr, _off^_usr, _off^_usr, _off^_usr, _off^_usr, _off^_usr, _off^_usr, Wog, _off^_usr, Wog, _off^_usr, Wog, _off^_usr, _off^_usr, _off^_usr, _off^_usr, _off^_usr, _off^_usr, _off^_usr, _off^_usr, _off^_usr, _off^_usr, _off^_usr, _off^_usr, _off^_usr, _off^_usr, _off^_usr, _off^_usr, _off^_usr, _off^_usr, _off^_usr, _off^_usr, _off^_usr, _off^_usr, _off^_usr, _off^_usr, _off^_usr, Wog, _off^_usr, Wog, _off^_usr, Wog, _off^_usr, _off^_usr, _off^_usr, _off^_usr, _off^_usr, _off^_usr, _off^_usr, _off^_usr, _off^_usr
_off^_usr, _off^_usr, _off^_usr, _off^_usr, _off^_usr, _off^_usr, _off^_usr, _off^_usr, _off^_usr, _off^_usr, _off^_usr, _off^_usr, _off^_usr, _off^_usr, _off^_usr, _off^_usr, _off^_usr, _off^_usr, _off^_usr, _off^_usr, _off^_usr, _off^_usr, _off^_usr, _off^_usr, _off^_usr, _off^_usr, _off^_usr, _off^_usr, _off^_usr, _off^_usr, _off^_usr, _off^_usr, _off^_usr, _off^_usr, _off^_usr, _off^_usr, _off^_usr, _off^_usr, _off^_usr, _off^_usr, _off^_usr, _off^_usr, _off^_usr, _off^_usr, _off^_usr, _off^_usr, _off^_usr, _off^_usr, _off^_usr, _off^_usr, _off^_usr, _off^_usr, _off^_usr
_off^_usr, _off^_usr, _off^_usr, _off^_usr, _off^_usr, _off^_usr, _off^_usr, _off^_usr, _off^_usr, _off^_usr, _off^_usr, _off^_usr, _off^_usr, _off^_usr, _off^_usr, _off^_usr, _off^_usr, _off^_usr, _off^_usr, _off^_usr, _off^_usr, _off^_usr, _off^_usr, _off^_usr, _off^_usr, _off^_usr, _off^_usr, _off^_usr, _off^_usr, _off^_usr, _off^_usr, _off^_usr, _off^_usr, _off^_usr, _off^_usr, _off^_usr, _off^_usr, _off^_usr, _off^_usr, _off^_usr, _off^_usr, _off^_usr, _off^_usr, _off^_usr, _off^_usr, _off^_usr, _off^_usr, _off^_usr, _off^_usr, _off^_usr, _off^_usr, _off^_usr, _off^_usr
_off^_usr, _off^_usr, _off^_usr, _off^_usr, _off^_usr, _off^_usr, _off^_usr, _off^_usr, _off^_usr, _off^_usr, _off^_usr, _off^_usr, _off^_usr, _off^_usr, _off^_usr, _off^_usr, _off^_usr, _off^_usr, _off^_usr, _off^_usr, _off^_usr, _off^_usr, _off^_usr, _off^_usr, _off^_usr, _off^_usr, Wog^Xo, _off^_usr, _off^_usr, _off^_usr, _off^_usr, _off^_usr, _off^_usr, _off^_usr, _off^_usr, _off^_usr, _off^_usr, _off^_usr, _off^_usr, _off^_usr, _off^_usr, _off^_usr, _off^_usr, _off^_usr, _off^_usr, _off^_usr, _off^_usr, _off^_usr, _off^_usr, _off^_usr, _off^_usr, _off^_usr, _off^_usr
_off^_usr, _off^_usr, _off^_usr, _off^_usr, _off^_usr, _off^_usr, _off^_usr, _off^_usr, _off^_usr, _off^_usr, _off^_usr, _off^_usr, _off^_usr, _off^_usr, _off^_usr, _off^_usr, _off^_usr, _off^_usr, _off^_usr, _off^_usr, _off^_usr, _off^_usr, _off^_usr, _off^_usr, Wog^Xo, Wog^Xo, Wog^Xo, Wog^Xo, Wog^Xo, _off^_usr, _off^_usr, _off^_usr, _off^_usr, _off^_usr, _off^_usr, _off^_usr, _off^_usr, _off^_usr, _off^_usr, _off^_usr, _off^_usr, _off^_usr, _off^_usr, _off^_usr, _off^_usr, _off^_usr, _off^_usr, _off^_usr, _off^_usr, _off^_usr, _off^_usr, _off^_usr, _off^_usr
_off^_usr, _off^_usr, _off^_usr, _off^_usr, _off^_usr, _off^_usr, _off^_usr, _off^_usr, Wog, Wog, Wog, Wog, Wog, Wog, Wog, Wog, Wog, Wog, Wog, Wog, Wog, Wog, Wog, Wog, Wog, Wog, Iwr, Wog, Wog, Wog, Wog, Wog, Wog, Wog, Wog, Wog, Wog, Wog, Wog, Wog, Wog, Wog, Wog, Wog, Wog, _off^_usr, _off^_usr, _off^_usr, _off^_usr, _off^_usr, _off^_usr, _off^_usr, _off^_usr
_off^_usr, _off^_usr, _off^_usr, _off^_usr, _off^_usr, _off^_usr, Wog, Wog, Wog, Wog, Wog, Wog, Wog, Wog, Ior, Wog, Wog, Wog, Wog, Wog, Wog, Wog, Wog, Wog, Iwr, Iwr, Ch, Iwr, Iwr, Wog, Wog, Wog, Wog, Wog, Wog, Wog, Wog, Wog, Ior, Wog, Wog, Wog, Wog, Wog, Wog, Wog, Wog, _off^_usr, _off^_usr, _off^_usr, _off^_usr, _off^_usr, _off^_usr
_off^_usr, _off^_usr, _off^_usr, _off^_usr, Wog, Wog, Wog, Wog, Wog, Iwr, Iwr, Wog, Iwr, Iwr, Wwg, Wwg, Wwg, Wog, Wog, Wog, Ior, Wog, Wog, Wog, Iwr, Iwr, Iwr, Iwr, Iwr, Wog, Wog, Wog, Ior, Wog, Wog, Wog, Wwg, Wwg, Wwg, Iwr, Iwr, Wog, Iwr, Iwr, Wog, Wog, Wog, Wog, Wog, _off^_usr, _off^_usr, _off^_usr, _off^_usr
_off^_usr, _off^_usr, _off^_usr, _off^_usr, Wog, Wog, Wog, Wog, Wog, Wog, Wog, Iwr^Ecf, Iwr, Iwr, Ior, Wwg, Wog, Wog, Iwr, Iwr, Iwr, Iwr, Iwr, Ior, Wog, Wog, Wog, Wog, Wog, Ior, Iwr, Iwr, Iwr, Iwr, Iwr, Wog, Wog, Wwg, Ior, Iwr, Iwr, Iwr^Ecf, Wog, Wog, Wog, Wog, Wog, Wog, Wog, _off^_usr, _off^_usr, _off^_usr, _off^_usr
_off^_usr, _off^_usr, _off^_usr, _off^_usr, Wog, Wog, Wog, Wog, Wwg, Wog, Iwr, Iwr, Km, Iwr, Iwr, Iwr, Iwr, Iwr, Iwr, Iwr, Wog, Ior, Iwr, Iwr, Iwr, Wog, Ww^Vm, Wog, Iwr, Iwr, Iwr, Ior, Wog, Iwr, Iwr, Iwr, Iwr, Iwr, Iwr, Iwr, Km, Iwr, Iwr, Wog, Wwg, Wog, Wog, Wog, Wog, _off^_usr, _off^_usr, _off^_usr, _off^_usr
_off^_usr, _off^_usr, _off^_usr, _off^_usr, Wog, Wog, Wwg, Wwg, Wwg, Iwr, Wwg, Cme, Cme, Cme, Wwg, Iwr, Iwr, Iwr, Wog, Wog, Wog^Xo, Wog, Wog, Iwr^Vct, Ior, Iwr, Iwr, Iwr, Ior, Iwr^Vct, Wog, Wog, Wog^Xo, Wog, Wog, Iwr, Iwr, Iwr, Wwg, Cme, Cme, Cme, Wwg, Iwr, Wwg, Wwg, Wwg, Wog, Wog, _off^_usr, _off^_usr, _off^_usr, _off^_usr
_off^_usr, _off^_usr, _off^_usr, _off^_usr, Wog, Wog, Wwg, Wwg, Wwg, Wwg, Wwg, Wwg, Wwg, Wwg, Wwg, Wwg, Iwr, Ior, Iwr, Wwg, Wwg, Wog^Xo, Wog^Xo, Wog, Wog, Iwr, Iwr, Iwr, Wog, Wog, Wog^Xo, Wog^Xo, Wwg, Wwg, Iwr, Ior, Iwr, Wwg, Wwg, Wwg, Wwg, Wwg, Wwg, Wwg, Wwg, Wwg, Wwg, Wog, Wog, _off^_usr, _off^_usr, _off^_usr, _off^_usr
_off^_usr, _off^_usr, _off^_usr, _off^_usr, Wwg, Wwg, Ww^Vm, Wwg, Wwg, Wwg, Wwg, Wwg, Wwg, Wwg, Wwg, Wwg, Wwg, Iwr, Iwr, Iwr, Iwr, Wwg, Iwr, Wog^Xo, Wog^Xo, Wog, Wog, Wog, Wog^Xo, Wog^Xo, Iwr, Wwg, Iwr, Iwr, Iwr, Iwr, Wwg, Wwg, Wwg, Wwg, Wwg, Wwg, Wwg, Wwg, Wwg, Wwg, Ww^Vm, Wwg, Wwg, _off^_usr, _off^_usr, _off^_usr, _off^_usr
_off^_usr, _off^_usr, _off^_usr, _off^_usr, _off^_usr, Wwg, Wwg, Wwg, Wwg, Mdd, Mdd, Wwg, Wwf, Wwg, Wwf, Wwg, Wwg, Wwg, Wwg, Iwr, Iwr, Ior, Iwr, Iwr, Iwr, Wog^Xo, Wwg^Xo, Wog^Xo, Iwr, Iwr, Iwr, Ior, Iwr, Iwr, Wwg, Wwg, Wwg, Wwg, Wwf, Wwg, Wwf, Wwg, Mdd, Mdd, Wwg, Wwg, Wwg, Wwg, _off^_usr, _off^_usr, _off^_usr, _off^_usr, _off^_usr
_off^_usr, _off^_usr, _off^_usr, _off^_usr, _off^_usr, Wwg, Wwg, Wwg, Wwg, Wwg, Mdd, Wwrg, Wwrg, Wwf, Wwf, Wwf, Wwrg, Ds, Ds, Ds, Cdr, Cdr, Cdr, Iwr, Cdr, Ior, Wwg^Xo, Ior, Cdr, Iwr, Cdr, Cdr, Cdr, Ds, Ds, Ds, Wwrg, Wwf, Wwf, Wwf, Wwrg, Wwrg, Mdd, Wwg, Wwg, Wwg, Wwg, Wwg, _off^_usr, _off^_usr, _off^_usr, _off^_usr, _off^_usr
_off^_usr, _off^_usr, _off^_usr, _off^_usr, Wwg, Wwg, Wwg, Wwf, Wwg, Wwrg, Wwf, Mdd, Rd, Cdr, Dd^Ftd, Dd^Ftd, Dd^Ftd, Dd, Dd, Cdr, Rd, Rd, Rd, Cdr, Dd^Ftd, Cdr, Wwg^Xo, Cdr, Dd^Ftd, Cdr, Rd, Rd, Rd, Cdr, Dd, Dd, Dd^Ftd, Dd^Ftd, Dd^Ftd, Cdr, Rd, Mdd, Wwf, Wwrg, Wwg, Wwf, Wwg, Wwg, Wwg, _off^_usr, _off^_usr, _off^_usr, _off^_usr
_off^_usr, _off^_usr, _off^_usr, Wwg, Wwg, Wwg, Wwf, Wwf, Wwrg, Wwf, Mdd, Rd, Rd, Hd, Hd, Dd^Ftd, Dd, Dd, Hd, Dd, Dd^Ftd, Dd^Ftd, Rd, Rd, Dd^Ftd, Cdr, _off^_usr, Cdr, Dd^Ftd, Rd, Rd, Dd^Ftd, Dd^Ftd, Dd, Hd, Dd, Dd, Dd^Ftd, Hd, Hd, Rd, Rd, Mdd, Wwf, Wwrg, Wwf, Wwf, Wwg, Wwg, Wwg, _off^_usr, _off^_usr, _off^_usr
_off^_usr, _off^_usr, _off^_usr, Wwg, Wwg, Wwf, Wwg, Wwg, Mdd, Mdd, Wwf, Mdd, Mdd, Hd, Dd, Hd, Dd^Ftd, Hd, Dd^Ftd, Dd, Dd^Ftd, Dd^Ftd, Rd, Rd, Rd, Dd, _off^_usr, Dd, Rd, Rd, Rd, Dd^Ftd, Dd^Ftd, Dd, Dd^Ftd, Hd, Dd^Ftd, Hd, Dd, Hd, Mdd, Mdd, Wwf, Mdd, Mdd, Wwg, Wwg, Wwf, Wwg, Wwg, _off^_usr, _off^_usr, _off^_usr
_off^_usr, _off^_usr, _off^_usr, Wwg, Wwg, Wwf, Wwf, Wwrg, Wwf, Wwf, Wwf, Wwf, Wwf, Ds, Ds, Dd, Dd, Dd^Ftd, Dd^Ftd, Dd, Rd, Rd, Hd, Dd^Ftd, Rd, Dd, _off^_usr, Dd, Rd, Dd^Ftd, Hd, Rd, Rd, Dd, Dd^Ftd, Dd^Ftd, Dd, Dd, Ds, Ds, Wwf, Wwf, Wwf, Wwf, Wwf, Wwrg, Wwf, Wwf, Wwg, Wwg, _off^_usr, _off^_usr, _off^_usr
_off^_usr, _off^_usr, _off^_usr, _off^_usr, Wwg, Wwg, Wwg, Wwf, Wwrg, Wwrg, Wwrg, Wwrg, Wwg, Wwf, Wwf, Ds, Dd, Dd^Ftd, Rd, Rd, Dd^Ftd, Rd, Hd^Ftd, Hd^Ftd, Dd^Ftd, Rd, _off^_usr, Rd, Dd^Ftd, Hd^Ftd, Hd^Ftd, Rd, Dd^Ftd, Rd, Rd, Dd^Ftd, Dd, Ds, Wwf, Wwf, Wwrg, Wwrg, Wwrg, Wwrg, Wwg, Wwf, Wwg, Wwg, Wwg, _off^_usr, _off^_usr, _off^_usr, _off^_usr
_off^_usr, _off^_usr, _off^_usr, _off^_usr, _off^_usr, Wwg, Wwg, Wwg, Wwg, Wwg, Wwg, Wwg, Wwg, Wwf, Wwf, Ds, Dd^Ftd, Dd, Rd, Hd^Ftd, Rd, Rd, Rd, Dd^Do, Hd^Ftd, Rd, _off^_usr, Rd, Hd^Ftd, Dd^Do, Rd, Rd, Rd, Hd^Ftd, Rd, Dd, Dd^Ftd, Ds, Wwf, Wwf, Wwg, Wwg, Wwg, Wwg, Wwg, Wwg, Wwg, Wwg, _off^_usr, _off^_usr, _off^_usr, _off^_usr, _off^_usr
_off^_usr, _off^_usr, _off^_usr, _off^_usr, _off^_usr, Wwg, Wwg, Wwg, Dd^Ftd, Wwg, Wwg, Wwg, Wwg, Wwg, Wwg, Ds, Mdd, Dd^Ftd, Rd, Hd^Ftd, Dd^Ftd, Rd, Cdr, Hd, Kdr, Rd, _off^_usr, Rd, Kdr, Hd, Cdr, Rd, Dd^Ftd, Hd^Ftd, Rd, Dd^Ftd, Mdd, Ds, Wwg, Wwg, Wwg, Wwg, Wwg, Wwg, Dd^Ftd, Wwg, Wwg, Wwg, _off^_usr, _off^_usr, _off^_usr, _off^_usr, _off^_usr
_off^_usr, _off^_usr, _off^_usr, _off^_usr, Wwg, Wwg, Wwg, Dd^Ftd, Dd^Ftd, Wwrg, Ds, Wwf, Wwrg, Wwg, Wwf, Ds, Mdd, Rd, Dd^Ftd, Dd^Ftd, Rd, Rd, Rd, Cdr, Rd, Dd^Ftd, _off^_usr, Dd^Ftd, Rd, Cdr, Rd, Rd, Rd, Dd^Ftd, Dd^Ftd, Rd, Mdd, Ds, Wwf, Wwg, Wwrg, Wwf, Ds, Wwrg, Dd^Ftd, Dd^Ftd, Wwg, Wwg, Wwg, _off^_usr, _off^_usr, _off^_usr, _off^_usr
_off^_usr, _off^_usr, _off^_usr, _off^_usr, Wwg, Wwg, Hd, Dd^Ftd, Dd^Ftd, Dd^Do, Ds, Wwf, Wwf, Wwf, Mdd^Xm, Mdd, Mdd^Xm, Rd, Rd, Rd, Hd, Rd, Mdd, Rd, Dd^Ftd, Dd^Ftd, _off^_usr, Dd^Ftd, Dd^Ftd, Rd, Mdd, Rd, Hd, Rd, Rd, Rd, Mdd^Xm, Mdd, Mdd^Xm, Wwf, Wwf, Wwf, Ds, Dd^Do, Dd^Ftd, Dd^Ftd, Hd, Wwg, Wwg, _off^_usr, _off^_usr, _off^_usr, _off^_usr
_off^_usr, _off^_usr, _off^_usr, Wwg, Wwg, Wwg, Hd, Hd, Ds, Ds, Wwg, Wwf, Mdd^Xm, Mdd^Xm, Wwf, Mdd^Xm, Ds, Mdd^Xm, Mdd^Xm, Hd, Hd, Rd, Mdd, Mdd, Hd^Ftd, Dd^Ftd, _off^_usr, Dd^Ftd, Hd^Ftd, Mdd, Mdd, Rd, Hd, Hd, Mdd^Xm, Mdd^Xm, Ds, Mdd^Xm, Wwf, Mdd^Xm, Mdd^Xm, Wwf, Wwg, Ds, Ds, Hd, Hd, Wwg, Wwg, Wwg, _off^_usr, _off^_usr, _off^_usr
_off^_usr, _off^_usr, _off^_usr, Wwg, Wwg, Wwg, Wwrg, Ds, Wwg, Wwg, Wwg, Wwrg, Wwf, Wwf, Wwf, Wwf, Wwf, Ds, Ds, Mdd^Xm, Hd, Rd, Rd, Rd, Dd^Do, Dd, _off^_usr, Dd, Dd^Do, Rd, Rd, Rd, Hd, Mdd^Xm, Ds, Ds, Wwf, Wwf, Wwf, Wwf, Wwf, Wwrg, Wwg, Wwg, Wwg, Ds, Wwrg, Wwg, Wwg, Wwg, _off^_usr, _off^_usr, _off^_usr
_off^_usr, _off^_usr, _off^_usr, _off^_usr, Wwg, Wwg, Wwg, Wwrg, Wwg, Wwg, Wwg, Wwg, Wwf, Wwf, Wwf, Wwf, Wwf, Ds, Mdd^Xm, Mdd^Xm, Rd, Rd, Hd, Rd, Rd, Hd, _off^_usr, Hd, Rd, Rd, Hd, Rd, Rd, Mdd^Xm, Mdd^Xm, Ds, Wwf, Wwf, Wwf, Wwf, Wwf, Wwg, Wwg, Wwg, Wwg, Wwrg, Wwg, Wwg, Wwg, _off^_usr, _off^_usr, _off^_usr, _off^_usr
_off^_usr, _off^_usr, _off^_usr, Wwg, Wwg, Wwg, Wwg, Wwg, Wwg, Wwg, Wwg, Wwg, Wwg, Ww^Vm, Wwf, Wwrg, Mdd^Xm, Mdd^Xm, Dd, Hd, Rd, Dd, Hd, Hd, Dd, Rd, _off^_usr, Rd, Dd, Hd, Hd, Dd, Rd, Hd, Dd, Mdd^Xm, Mdd^Xm, Wwrg, Wwf, Ww^Vm, Wwg, Wwg, Wwg, Wwg, Wwg, Wwg, Wwg, Wwg, Wwg, Wwg, _off^_usr, _off^_usr, _off^_usr
_off^_usr, _off^_usr, _off^_usr, Wwg, Wwg, Ww^Vm, Wwg, Wwg, Wwg, Wwg, Iwr, Wwg, Wwg, Wwg, Wwg, Wwrg, Hd, Dd, Dd^Ftd, Rd, Dd, Hd, Rd, Dd^Do, Rd, Rd, _off^_usr, Rd, Rd, Dd^Do, Rd, Hd, Dd, Rd, Dd^Ftd, Dd, Hd, Wwrg, Wwg, Wwg, Wwg, Wwg, Iwr, Wwg, Wwg, Wwg, Wwg, Ww^Vm, Wwg, Wwg, _off^_usr, _off^_usr, _off^_usr
_off^_usr, _off^_usr, _off^_usr, Wwg, Wwg, Wwg, Wwg, Wwg, Iwr, Iwr, Wwg, Wwg, Wwg, Wwg, Wwg, Wwf, Wwf, Dd, Dd, Dd^Ftd, Hd, Rd, Dd^Ftd, Rd, Rd, Dd^Ftd, _off^_usr, Dd^Ftd, Rd, Rd, Dd^Ftd, Rd, Hd, Dd^Ftd, Dd, Dd, Wwf, Wwf, Wwg, Wwg, Wwg, Wwg, Wwg, Iwr, Iwr, Wwg, Wwg, Wwg, Wwg, Wwg, _off^_usr, _off^_usr, _off^_usr
_off^_usr, _off^_usr, _off^_usr, Wwg, Wwg, Wwg, Iwr, Iwr, Wwg, Wwg, Wwg, Wwg, Wwg, Wwg, Wwf, Wwf, Wwf, Hd, Dd^Ftd, Rd, Rd, Dd, Hd, Dd^Ftd, Rd, Dd, _off^_usr, Dd, Rd, Dd^Ftd, Hd, Dd, Rd, Rd, Dd^Ftd, Hd, Wwf, Wwf, Wwf, Wwg, Wwg, Wwg, Wwg, Wwg, Wwg, Iwr, Iwr, Wwg, Wwg, Wwg, _off^_usr, _off^_usr, _off^_usr
_off^_usr, _off^_usr, _off^_usr, Wwg, Wwg, Iwr, Iwr, Wwg, Wwg, Wwg, Wwg, Wwg, Wwg, Wwf, Dd^Ftd, Wwf, Wwf, Hd, Dd^Ftd, Dd^Do, Rd, Hd, Rd, Hd, Rd, Rd, _off^_usr, Rd, Rd, Hd, Rd, Hd, Rd, Dd^Do, Dd^Ftd, Hd, Wwf, Wwf, Dd^Ftd, Wwf, Wwg, Wwg, Wwg, Wwg, Wwg, Wwg, Iwr, Iwr, Wwg, Wwg, _off^_usr, _off^_usr, _off^_usr
_off^_usr, _off^_usr, _off^_usr, Wwg, Wwg, Wwg, Wwf, Iwr, Iwr, Wwg, Cd, Wwrg, Wwf, Wwf, Dd^Ftd, Hd, Dd, Dd^Ftd, Rd, Rd, Dd^Ftd, Rd, Rd, Rd, Rd, Rd, _off^_usr, Rd, Rd, Rd, Rd, Rd, Dd^Ftd, Rd, Rd, Dd^Ftd, Dd, Hd, Dd^Ftd, Wwf, Wwf, Wwrg, Cd, Wwg, Iwr, Iwr, Wwf, Wwg, Wwg, Wwg, _off^_usr, _off^_usr, _off^_usr
_off^_usr, _off^_usr, _off^_usr, Wwg, Wwg, Wwf, Wwf, Wwf, Cd, Cd, Dd^Ftd, Mdd, Mdd, Dd^Ftd, Dd^Ftd, Hd, Mdd, Mdd, Rd, Hd^Ftd, Hd^Ftd, Rd, Dd^Dr, Rd, Mdd^Xm, _off^_usr, _off^_usr, _off^_usr, Mdd^Xm, Rd, Dd^Dr, Rd, Hd^Ftd, Hd^Ftd, Rd, Mdd, Mdd, Hd, Dd^Ftd, Dd^Ftd, Mdd, Mdd, Dd^Ftd, Cd, Cd, Wwf, Wwf, Wwf, Wwg, Wwg, _off^_usr, _off^_usr, _off^_usr
_off^_usr, _off^_usr, _off^_usr, Wwg, Dd, Dd, Cd, Cd, Kd, Cd, Rd, Mdd, Rd, Dd^Vdt, Hd, Hd, Hd, Rd, Rd, Hd, Rd, Rd, Mdd, Mdd, Mdd^Xm, Mdd^Xm, _off^_usr, Mdd^Xm, Mdd^Xm, Mdd, Mdd, Rd, Rd, Hd, Rd, Rd, Hd, Hd, Hd, Dd^Vdt, Rd, Mdd, Rd, Cd, Kd, Cd, Cd, Dd, Dd, Wwg, _off^_usr, _off^_usr, _off^_usr
_off^_usr, _off^_usr, _off^_usr, _off^_usr, Dd^Ftd, Dd, Dd^Ftd, Cd, Dd^Ftd, Dd^Ftd, Hd, Rd, Hd, Rd, Rd, Hd, Rd, Rd, Rd, Hd, Rd, Mdd, Mdd, Mdd^Xm, Mdd^Xm, Mdd^Xm, _off^_usr, Mdd^Xm, Mdd^Xm, Mdd^Xm, Mdd, Mdd, Rd, Hd, Rd, Rd, Rd, Hd, Rd, Rd, Hd, Rd, Hd, Dd^Ftd, Dd^Ftd, Cd, Dd^Ftd, Dd, Dd^Ftd, _off^_usr, _off^_usr, _off^_usr, _off^_usr
_off^_usr, _off^_usr, _off^_usr, _off^_usr, _off^_usr, Dd, Dd, Dd^Ftd, Dd, Hd, Hd, Rd, Hd, Dd^Ftd, Rd, Rd, Hd, Dd^Dc, Rd, Rd, Rd, Mdd, Mdd, Mdd^Xm, Mdd^Xm, Mdd^Xm, _off^_usr, Mdd^Xm, Mdd^Xm, Mdd^Xm, Mdd, Mdd, Rd, Rd, Rd, Dd^Dc, Hd, Rd, Rd, Dd^Ftd, Hd, Rd, Hd, Hd, Dd, Dd^Ftd, Dd, Dd, _off^_usr, _off^_usr, _off^_usr, _off^_usr, _off^_usr
_off^_usr, _off^_usr, _off^_usr, _off^_usr, _off^_usr, Dd^Ftd, Dd^Ftd, _off^_usr, _off^_usr, Dd, Dd, Rd, Rd, Rd, Rd, Hd, Rd, Hd, Rd, Hd, Hd, Rd, Rd, Mdd, Hd, Hd, _off^_usr, Hd, Hd, Mdd, Rd, Rd, Hd, Hd, Rd, Hd, Rd, Hd, Rd, Rd, Rd, Rd, Dd, Dd, _off^_usr, _off^_usr, Dd^Ftd, Dd^Ftd, _off^_usr, _off^_usr, _off^_usr, _off^_usr, _off^_usr
_off^_usr, _off^_usr, _off^_usr, _off^_usr, _off^_usr, _off^_usr, _off^_usr, _off^_usr, _off^_usr, _off^_usr, _off^_usr, Dd^Ftd, Dd^Ftd, Mdd, Mdd, Rd, Mdd, Rd, Rd, Hd, Hd, Rd, Rd, Hd, Hd, Hd, _off^_usr, Hd, Hd, Hd, Rd, Rd, Hd, Hd, Rd, Rd, Mdd, Rd, Mdd, Mdd, Dd^Ftd, Dd^Ftd, _off^_usr, _off^_usr, _off^_usr, _off^_usr, _off^_usr, _off^_usr, _off^_usr, _off^_usr, _off^_usr, _off^_usr, _off^_usr
_off^_usr, _off^_usr, _off^_usr, _off^_usr, _off^_usr, _off^_usr, _off^_usr, _off^_usr, _off^_usr, _off^_usr, _off^_usr, _off^_usr, _off^_usr, _off^_usr, _off^_usr, Mdd, Rd, Rd, Rd, Dd, Dd, Dd, Rd, Rd, Rd, Hd, _off^_usr, Hd, Rd, Rd, Rd, Dd, Dd, Dd, Rd, Rd, Rd, Mdd, _off^_usr, _off^_usr, _off^_usr, _off^_usr, _off^_usr, _off^_usr, _off^_usr, _off^_usr, _off^_usr, _off^_usr, _off^_usr, _off^_usr, _off^_usr, _off^_usr, _off^_usr
_off^_usr, _off^_usr, _off^_usr, _off^_usr, _off^_usr, _off^_usr, _off^_usr, _off^_usr, _off^_usr, _off^_usr, _off^_usr, _off^_usr, _off^_usr, _off^_usr, _off^_usr, _off^_usr, Rd, Rd, Dd, Dd, Dd, Dd, Dd, Rd, Rd, Rd, _off^_usr, Rd, Rd, Rd, Dd, Dd, Dd, Dd, Dd, Rd, Rd, _off^_usr, _off^_usr, _off^_usr, _off^_usr, _off^_usr, _off^_usr, _off^_usr, _off^_usr, _off^_usr, _off^_usr, _off^_usr, _off^_usr, _off^_usr, _off^_usr, _off^_usr, _off^_usr
_off^_usr, _off^_usr, _off^_usr, _off^_usr, _off^_usr, _off^_usr, _off^_usr, _off^_usr, _off^_usr, _off^_usr, _off^_usr, _off^_usr, _off^_usr, _off^_usr, _off^_usr, _off^_usr, Qlf, Dd, Dd, Dd, Dd, Dd, Dd, Dd, Dd, Dd, _off^_usr, Dd, Dd, Dd, Dd, Dd, Dd, Dd, Dd, Dd, Qlf, _off^_usr, _off^_usr, _off^_usr, _off^_usr, _off^_usr, _off^_usr, _off^_usr, _off^_usr, _off^_usr, _off^_usr, _off^_usr, _off^_usr, _off^_usr, _off^_usr, _off^_usr, _off^_usr
Qlf, Qlf, Qlf, Qlf, Qlf, Qlf, Qlf, Qlf, Qlf, Qlf, Qlf, Qlf, Qlf, Qlf, Qlf, Qlf, Qlf, Qlf, Qlf, Qlf, Qlf, Qlf, Qlf, Qlf, Qlf, Qlf, _off^_usr, Qlf, Qlf, Qlf, Qlf, Qlf, Qlf, Qlf, Qlf, Qlf, Qlf, Qlf, Qlf, Qlf, Qlf, Qlf, Qlf, Qlf, Qlf, Qlf, Qlf, Qlf, Qlf, Qlf, Qlf, Qlf, Qlf
Qlf, Qlf, Qlf, Qlf, Qlf, Qlf, Qlf, Qlf, Qlf, Qlf, Qlf, Qlf, Qlf, Qlf, Qlf, Qlf, Qlf, Qlf, Qlf, Qlf, Qlf, Qlf, Qlf, Qlf, Qlf, Qlf, _off^_usr, Qlf, Qlf, Qlf, Qlf, Qlf, Qlf, Qlf, Qlf, Qlf, Qlf, Qlf, Qlf, Qlf, Qlf, Qlf, Qlf, Qlf, Qlf, Qlf, Qlf, Qlf, Qlf, Qlf, Qlf, Qlf, Qlf
Qlf, Qlf, Qlf, Qlf, Qlf, Qlf, Qlf, Qlf, Qlf, Qlf, Qlf, Qlf, Qlf, Qlf, Qlf, Qlf, Qlf, Qlf, Qlf, Qlf, Qlf, Qlf, Qlf, Qlf, Qlf, Qlf, _off^_usr, Qlf, Qlf, Qlf, Qlf, Qlf, Qlf, Qlf, Qlf, Qlf, Qlf, Qlf, Qlf, Qlf, Qlf, Qlf, Qlf, Qlf, Qlf, Qlf, Qlf, Qlf, Qlf, Qlf, Qlf, Qlf, Qlf
