_off^_usr, _off^_usr, _off^_usr, _off^_usr, _off^_usr, _off^_usr, _off^_usr, _off^_usr, _off^_usr, _off^_usr, _off^_usr, _off^_usr, _off^_usr, _off^_usr, _off^_usr, _off^_usr, _off^_usr, _off^_usr, _off^_usr, _off^_usr, _off^_usr, _off^_usr, _off^_usr, _off^_usr, _off^_usr, _off^_usr, _off^_usr, _off^_usr, _off^_usr, _off^_usr, _off^_usr, _off^_usr, _off^_usr, _off^_usr, _off^_usr, _off^_usr, _off^_usr, _off^_usr, _off^_usr, _off^_usr, _off^_usr, _off^_usr, _off^_usr, _off^_usr, _off^_usr, _off^_usr, _off^_usr, _off^_usr, _off^_usr, _off^_usr, _off^_usr, _off^_usr, _off^_usr
_off^_usr, _off^_usr, _off^_usr, _off^_usr, _off^_usr, _off^_usr, _off^_usr, _off^_usr, _off^_usr, _off^_usr, _off^_usr, _off^_usr, _off^_usr, _off^_usr, _off^_usr, _off^_usr, _off^_usr, _off^_usr, _off^_usr, _off^_usr, _off^_usr, _off^_usr, _off^_usr, _off^_usr, _off^_usr, _off^_usr, Xoi, _off^_usr, _off^_usr, _off^_usr, _off^_usr, _off^_usr, _off^_usr, _off^_usr, _off^_usr, _off^_usr, _off^_usr, _off^_usr, _off^_usr, _off^_usr, _off^_usr, _off^_usr, _off^_usr, _off^_usr, _off^_usr, _off^_usr, _off^_usr, _off^_usr, _off^_usr, _off^_usr, _off^_usr, _off^_usr, _off^_usr
_off^_usr, _off^_usr, _off^_usr, _off^_usr, _off^_usr, _off^_usr, _off^_usr, _off^_usr, _off^_usr, _off^_usr, _off^_usr, _off^_usr, _off^_usr, _off^_usr, _off^_usr, _off^_usr, _off^_usr, _off^_usr, _off^_usr, _off^_usr, _off^_usr, _off^_usr, _off^_usr, _off^_usr, _off^_usr, Xoi, Iwr, Xoi, _off^_usr, _off^_usr, _off^_usr, _off^_usr, _off^_usr, _off^_usr, _off^_usr, _off^_usr, _off^_usr, _off^_usr, _off^_usr, _off^_usr, _off^_usr, _off^_usr, _off^_usr, _off^_usr, _off^_usr, _off^_usr, _off^_usr, _off^_usr, _off^_usr, _off^_usr, _off^_usr, _off^_usr, _off^_usr
_off^_usr, _off^_usr, _off^_usr, _off^_usr, _off^_usr, _off^_usr, _off^_usr, _off^_usr, _off^_usr, _off^_usr, _off^_usr, _off^_usr, _off^_usr, _off^_usr, _off^_usr, _off^_usr, _off^_usr, _off^_usr, _off^_usr, _off^_usr, _off^_usr, _off^_usr, _off^_usr, _off^_usr, Xoi, Xoi, Iwr^Ebn, Xoi, Xoi, _off^_usr, _off^_usr, _off^_usr, _off^_usr, _off^_usr, _off^_usr, _off^_usr, _off^_usr, _off^_usr, _off^_usr, _off^_usr, _off^_usr, _off^_usr, _off^_usr, _off^_usr, _off^_usr, _off^_usr, _off^_usr, _off^_usr, _off^_usr, _off^_usr, _off^_usr, _off^_usr, _off^_usr
_off^_usr, _off^_usr, _off^_usr, _off^_usr, _off^_usr, _off^_usr, _off^_usr, _off^_usr, _off^_usr, _off^_usr, _off^_usr, _off^_usr, _off^_usr, _off^_usr, _off^_usr, _off^_usr, _off^_usr, _off^_usr, _off^_usr, _off^_usr, _off^_usr, _off^_usr, Xoi, _off^_usr, Xoi, Iwr, Iwr, Iwr, Xoi, _off^_usr, Xoi, _off^_usr, _off^_usr, _off^_usr, _off^_usr, _off^_usr, _off^_usr, _off^_usr, _off^_usr, _off^_usr, _off^_usr, _off^_usr, _off^_usr, _off^_usr, _off^_usr, _off^_usr, _off^_usr, _off^_usr, _off^_usr, _off^_usr, _off^_usr, _off^_usr, _off^_usr
_off^_usr, _off^_usr, _off^_usr, _off^_usr, _off^_usr, _off^_usr, _off^_usr, _off^_usr, _off^_usr, _off^_usr, _off^_usr, _off^_usr, _off^_usr, _off^_usr, _off^_usr, _off^_usr, _off^_usr, _off^_usr, _off^_usr, _off^_usr, _off^_usr, Xoi, Iwr, Xoi, Iwr, Xoi^Efs, Iwr, Xoi^Efs, Iwr, Xoi, Iwr, Xoi, _off^_usr, _off^_usr, _off^_usr, _off^_usr, _off^_usr, _off^_usr, _off^_usr, _off^_usr, _off^_usr, _off^_usr, _off^_usr, _off^_usr, _off^_usr, _off^_usr, _off^_usr, _off^_usr, _off^_usr, _off^_usr, _off^_usr, _off^_usr, _off^_usr
_off^_usr, _off^_usr, _off^_usr, _off^_usr, _off^_usr, _off^_usr, _off^_usr, _off^_usr, _off^_usr, _off^_usr, _off^_usr, _off^_usr, _off^_usr, _off^_usr, _off^_usr, _off^_usr, _off^_usr, _off^_usr, Xoi, Xoi, Xoi, Xoi, Qxua, Qxua, Qxua, Qxua, Qxua, Qxua, Qxua, Qxua, Qxua, Xoi, Xoi, Xoi, Xoi, _off^_usr, _off^_usr, _off^_usr, _off^_usr, _off^_usr, _off^_usr, _off^_usr, _off^_usr, _off^_usr, _off^_usr, _off^_usr, _off^_usr, _off^_usr, _off^_usr, _off^_usr, _off^_usr, _off^_usr, _off^_usr
_off^_usr, _off^_usr, _off^_usr, _off^_usr, _off^_usr, _off^_usr, _off^_usr, _off^_usr, _off^_usr, _off^_usr, _off^_usr, _off^_usr, _off^_usr, _off^_usr, _off^_usr, _off^_usr, _off^_usr, _off^_usr, Xoi, Cer, Qxua, Qxua, Qxua, Qxua, Xoi, Qxua, Xoi, Qxua, Xoi, Qxua, Qxua, Qxua, Qxua, Cer, Xoi, _off^_usr, _off^_usr, _off^_usr, _off^_usr, _off^_usr, _off^_usr, _off^_usr, _off^_usr, _off^_usr, _off^_usr, _off^_usr, _off^_usr, _off^_usr, _off^_usr, _off^_usr, _off^_usr, _off^_usr, _off^_usr
_off^_usr, _off^_usr, _off^_usr, _off^_usr, _off^_usr, _off^_usr, _off^_usr, _off^_usr, _off^_usr, _off^_usr, _off^_usr, _off^_usr, _off^_usr, _off^_usr, _off^_usr, _off^_usr, _off^_usr, _off^_usr, _off^_usr, Xoi, Xoi, Qxua, Xoi, Rrc^Pw/, Ai, Xoi^Efs, Rra, Xoi^Efs, Ai, Rrc^Pw\, Xoi, Qxua, Xoi, Xoi, _off^_usr, _off^_usr, _off^_usr, _off^_usr, _off^_usr, _off^_usr, _off^_usr, _off^_usr, _off^_usr, _off^_usr, _off^_usr, _off^_usr, _off^_usr, _off^_usr, _off^_usr, _off^_usr, _off^_usr, _off^_usr, _off^_usr
_off^_usr, _off^_usr, _off^_usr, _off^_usr, _off^_usr, _off^_usr, _off^_usr, _off^_usr, _off^_usr, _off^_usr, _off^_usr, _off^_usr, _off^_usr, _off^_usr, _off^_usr, _off^_usr, _off^_usr, _off^_usr, Wog, Wog, Xoi, Cer, Xoi, Rra, Ai, Rra, Cea, Rra, Ai, Rra, Xoi, Cer, Xoi, Wog, Wog, _off^_usr, _off^_usr, _off^_usr, _off^_usr, _off^_usr, _off^_usr, _off^_usr, _off^_usr, _off^_usr, _off^_usr, _off^_usr, _off^_usr, _off^_usr, _off^_usr, _off^_usr, _off^_usr, _off^_usr, _off^_usr
_off^_usr, _off^_usr, _off^_usr, _off^_usr, _off^_usr, _off^_usr, _off^_usr, _off^_usr, _off^_usr, _off^_usr, _off^_usr, _off^_usr, _off^_usr, _off^_usr, _off^_usr, _off^_usr, Wog, Wog, Wog, Wwg, Wog, Xoi, Xoi, Ai, Rra, Ai, Rra, Ai, Rra, Ai, Xoi, Xoi, Wog, Wwg, Wog, Wog, Wog, _off^_usr, _off^_usr, _off^_usr, _off^_usr, _off^_usr, _off^_usr, _off^_usr, _off^_usr, _off^_usr, _off^_usr, _off^_usr, _off^_usr, _off^_usr, _off^_usr, _off^_usr, _off^_usr
_off^_usr, _off^_usr, _off^_usr, _off^_usr, _off^_usr, _off^_usr, _off^_usr, _off^_usr, _off^_usr, _off^_usr, _off^_usr, _off^_usr, _off^_usr, _off^_usr, Wog, Wog, Ai, Wog, Ai, Ai, Wwg, Wog, Xoi, Ai, Ai, Rra, Rra, Rra, Ai, Ai, Xoi, Wog, Wwg, Ai, Ai, Wog, Ai, Wog, Wog, _off^_usr, _off^_usr, _off^_usr, _off^_usr, _off^_usr, _off^_usr, _off^_usr, _off^_usr, _off^_usr, _off^_usr, _off^_usr, _off^_usr, _off^_usr, _off^_usr
_off^_usr, _off^_usr, _off^_usr, _off^_usr, _off^_usr, _off^_usr, _off^_usr, _off^_usr, _off^_usr, _off^_usr, _off^_usr, _off^_usr, _off^_usr, Wog, Wog, Wwg, Rb, Wwg, Rb, Rb, Ai, Wwg, Ai, Xoi, Xoi, Ai, Rra, Ai, Xoi, Xoi, Ai, Wwg, Ai, Rb, Rb, Wwg, Rb, Wwg, Wog, Wog, _off^_usr, _off^_usr, _off^_usr, _off^_usr, _off^_usr, _off^_usr, _off^_usr, _off^_usr, _off^_usr, _off^_usr, _off^_usr, _off^_usr, _off^_usr
_off^_usr, _off^_usr, _off^_usr, _off^_usr, _off^_usr, _off^_usr, _off^_usr, _off^_usr, _off^_usr, _off^_usr, _off^_usr, _off^_usr, _off^_usr, Wog, Wog, Ai, Rb, Rb, Wwrg, Rb, Rb, Rb, Ai, Ai, Xoi, Rra, Rra, Rra, Xoi, Ai, Ai, Rb, Rb, Rb, Wwrg, Rb, Rb, Ai, Wog, Wog, _off^_usr, _off^_usr, _off^_usr, _off^_usr, _off^_usr, _off^_usr, _off^_usr, _off^_usr, _off^_usr, _off^_usr, _off^_usr, _off^_usr, _off^_usr
_off^_usr, _off^_usr, _off^_usr, _off^_usr, _off^_usr, _off^_usr, _off^_usr, _off^_usr, _off^_usr, _off^_usr, _off^_usr, _off^_usr, Wog, Wog, Wog, Rb, Rb, Wwg, Mv, Wwrg, Rb, Rb, Rb, Wwf, Gll^Fdf, Rra, Rra, Rra, Gll^Fdf, Wwf, Rb, Rb, Rb, Wwrg, Mv, Wwg, Rb, Rb, Wog, Wog, Wog, _off^_usr, _off^_usr, _off^_usr, _off^_usr, _off^_usr, _off^_usr, _off^_usr, _off^_usr, _off^_usr, _off^_usr, _off^_usr, _off^_usr
_off^_usr, _off^_usr, _off^_usr, _off^_usr, _off^_usr, _off^_usr, _off^_usr, _off^_usr, _off^_usr, _off^_usr, _off^_usr, _off^_usr, Wog, Wog, Ai, Ai, Rb, Wwrg, Wwrg, Wwg, Wwr^Pr/, Rb, Rb, Ai, Rb, Rb, Hhd, Rb, Rb, Ai, Rb, Rb, Wwr^Pr\, Wwg, Wwrg, Wwrg, Rb, Ai, Ai, Wog, Wog, _off^_usr, _off^_usr, _off^_usr, _off^_usr, _off^_usr, _off^_usr, _off^_usr, _off^_usr, _off^_usr, _off^_usr, _off^_usr, _off^_usr
_off^_usr, _off^_usr, _off^_usr, _off^_usr, _off^_usr, _off^_usr, _off^_usr, _off^_usr, _off^_usr, _off^_usr, _off^_usr, _off^_usr, Wog, Wog, Wog, Rb, Rb, Rb, Rb, Wwg^Pr/, Cme, Gll^Fdf, Wwr, Rb, Rb^Fdf, Gll^Fdf, Md^Xm, Gll^Fdf, Rb^Fdf, Rb, Wwr, Gll^Fdf, Cme, Wwg^Pr\, Rb, Rb, Rb, Rb, Wog, Wog, Wog, _off^_usr, _off^_usr, _off^_usr, _off^_usr, _off^_usr, _off^_usr, _off^_usr, _off^_usr, _off^_usr, _off^_usr, _off^_usr, _off^_usr
_off^_usr, _off^_usr, _off^_usr, _off^_usr, _off^_usr, _off^_usr, _off^_usr, _off^_usr, _off^_usr, _off^_usr, _off^_usr, _off^_usr, Wog, Wog, Xuc, Wwf, Rb, Rb, Rb, Wwg^Pr\, Wwg^Pr\, Cme, Cme, Kme, Hhd^Fdf, Hhd^Fdf, Md^Xm, Hhd^Fdf, Hhd^Fdf, Kme, Cme, Cme, Wwg^Pr/, Wwg^Pr/, Rb, Rb, Rb, Wwf, Xuc, Wog, Wog, _off^_usr, _off^_usr, _off^_usr, _off^_usr, _off^_usr, _off^_usr, _off^_usr, _off^_usr, _off^_usr, _off^_usr, _off^_usr, _off^_usr
_off^_usr, _off^_usr, _off^_usr, _off^_usr, _off^_usr, _off^_usr, _off^_usr, _off^_usr, _off^_usr, _off^_usr, _off^_usr, _off^_usr, Xuc, Xuc, Ai, Wwf, Wog^Bsb|, Wot, Wog^Bsb|, Wot, Wot, Wwg, Wwg, Cme, Hhd, Hhd^Fdf, Md^Xm, Hhd^Fdf, Hhd, Cme, Wwg, Wwg, Wot, Wot, Wog^Bsb|, Wot, Wog^Bsb|, Wwf, Ai, Xuc, Xuc, _off^_usr, _off^_usr, _off^_usr, _off^_usr, _off^_usr, _off^_usr, _off^_usr, _off^_usr, _off^_usr, _off^_usr, _off^_usr, _off^_usr
_off^_usr, _off^_usr, _off^_usr, _off^_usr, _off^_usr, _off^_usr, _off^_usr, _off^_usr, _off^_usr, _off^_usr, Xuc, Xuc, Wog, Wwrg, Wwg, Wog, Wog^Bsb|, Cte, Wog^Bsb|, Wog, Ai, Wot, Wwg, Cme, Hhd, Hhd, _off^_usr, Hhd, Hhd, Cme, Wwg, Wot, Ai, Wog, Wog^Bsb|, Cte, Wog^Bsb|, Wog, Wwg, Wwrg, Wog, Xuc, Xuc, _off^_usr, _off^_usr, _off^_usr, _off^_usr, _off^_usr, _off^_usr, _off^_usr, _off^_usr, _off^_usr, _off^_usr
_off^_usr, _off^_usr, _off^_usr, _off^_usr, _off^_usr, _off^_usr, _off^_usr, _off^_usr, Xuc, Xuc, Wog, Wwg, Wog, Wog, Wog, Wog, Isa, Wwg, Isa, Wog, Wwg, Xuc, Xuc, _off^_usr, _off^_usr, _off^_usr, _off^_usr, _off^_usr, _off^_usr, _off^_usr, Xuc, Xuc, Wwg, Wog, Isa, Wwg, Isa, Wog, Wog, Wog, Wog, Wwg, Wog, Xuc, Xuc, _off^_usr, _off^_usr, _off^_usr, _off^_usr, _off^_usr, _off^_usr, _off^_usr, _off^_usr
_off^_usr, _off^_usr, _off^_usr, _off^_usr, _off^_usr, _off^_usr, Xuc, Xuc, Isa, Isa, Isa, Wog, Wwg, Wog, Wog, Ww^Vm, Isa, Isa, Isa, Wwg, Xuc, Wwrg, Wog, Xuc, Xuc, _off^_usr, _off^_usr, _off^_usr, Xuc, Xuc, Wog, Wwrg, Xuc, Wwg, Isa, Isa, Isa, Ww^Vm, Wog, Wog, Wwg, Wog, Isa, Isa, Isa, Xuc, Xuc, _off^_usr, _off^_usr, _off^_usr, _off^_usr, _off^_usr, _off^_usr
_off^_usr, _off^_usr, _off^_usr, _off^_usr, Xuc, Xuc, Isa, Isa, Isa, Isa, Isa, Isa, Isa, Wwg, Isa, Isa, Isa, Isa, Xuc, Xuc, Wog, Wog, Wog^Ii, Wog, Uu^Tf, Xuc, _off^_usr, Xuc, Uu^Tf, Wog, Wog^Ii, Wog, Wog, Xuc, Xuc, Isa, Isa, Isa, Isa, Wwg, Isa, Isa, Isa, Isa, Isa, Isa, Isa, Xuc, Xuc, _off^_usr, _off^_usr, _off^_usr, _off^_usr
_off^_usr, _off^_usr, _off^_usr, _off^_usr, Xuc, Isa, Isa, Isa, Ai, Uh, Xuc, Isa, Isa, Isa, Isa, Isa, Qxu^Xo, Xuc, Qxu^Xo, Uu, Xu, Wog, Uu, Uu^Tf, Uu, Xuc, _off^_usr, Xuc, Uu, Uu^Tf, Uu, Wog, Xu, Uu, Qxu^Xo, Xuc, Qxu^Xo, Isa, Isa, Isa, Isa, Isa, Xuc, Uh, Ai, Isa, Isa, Isa, Xuc, _off^_usr, _off^_usr, _off^_usr, _off^_usr
_off^_usr, _off^_usr, _off^_usr, _off^_usr, Xuc, Isa, Isa, Wwg, Uh, Uh, Xuc, Qxu^Xo, Qxu^Xo, Isa, Qxu^Xo, Qxu^Xo, Qxu^Xo, Xuc, Qxu^Xo, Qxu^Xo, Qxu^Xo, Xu, Qxu^Xo, Xu, Qxu^Xo, Xuc, _off^_usr, Xuc, Qxu^Xo, Xu, Qxu^Xo, Xu, Qxu^Xo, Qxu^Xo, Qxu^Xo, Xuc, Qxu^Xo, Qxu^Xo, Qxu^Xo, Isa, Qxu^Xo, Qxu^Xo, Xuc, Uh, Uh, Wwg, Isa, Isa, Xuc, _off^_usr, _off^_usr, _off^_usr, _off^_usr
_off^_usr, _off^_usr, _off^_usr, _off^_usr, Xuc, Isa, Isa, Wwg, Uu^Vu, Xuc, Qxu^Xo, Qxu^Xo, Qxu^Xo, Qxu^Xo, Qxu^Xo, Qxu^Xo, Qxu^Xo, Xuc, Uh, Uu, Uu, Qxu^Xo, Qxu^Xo, Qxu^Xo, Qxu^Xo, Xuc, _off^_usr, Xuc, Qxu^Xo, Qxu^Xo, Qxu^Xo, Qxu^Xo, Uu, Uu, Uh, Xuc, Qxu^Xo, Qxu^Xo, Qxu^Xo, Qxu^Xo, Qxu^Xo, Qxu^Xo, Qxu^Xo, Xuc, Uu^Vu, Wwg, Isa, Isa, Xuc, _off^_usr, _off^_usr, _off^_usr, _off^_usr
_off^_usr, _off^_usr, _off^_usr, _off^_usr, Xuc, Isa, Isa, Uh, Uu, Xuc, Isa, Qxu^Xo, Qxu^Xo, Qxu^Xo, Isa, Isa, Isa, Uh, Xuc, Uh, Uu^Vu, Qxu^Xo, Uu, Qxu^Xo, Xuc, Xuc, _off^_usr, Xuc, Xuc, Qxu^Xo, Uu, Qxu^Xo, Uu^Vu, Uh, Xuc, Uh, Isa, Isa, Isa, Qxu^Xo, Qxu^Xo, Qxu^Xo, Isa, Xuc, Uu, Uh, Isa, Isa, Xuc, _off^_usr, _off^_usr, _off^_usr, _off^_usr
_off^_usr, _off^_usr, _off^_usr, _off^_usr, Xuc, Isa, Isa, Isa^Ii, Isa, Isa, Isa, Isa, Isa, Isa, Isa, Isa, Isa, Isa, Isa, Xuc, Rb, Uu, Xuc, Xuc, Ke, Ce, _off^_usr, Ce, Ke, Xuc, Xuc, Uu, Rb, Xuc, Isa, Isa, Isa, Isa, Isa, Isa, Isa, Isa, Isa, Isa, Isa, Isa^Ii, Isa, Isa, Xuc, _off^_usr, _off^_usr, _off^_usr, _off^_usr
_off^_usr, _off^_usr, _off^_usr, _off^_usr, Xuc, Aa, Aa^Fda, Isa^Ii, Isa, Isa, Rb^Tf, Isa, Isa, Isa, Uu, Rb, Rb^Tf, Isa, Isa, Isa, Rp, Cf, Rb, Cea, Cea, Ce, _off^_usr, Ce, Cea, Cea, Rb, Cf, Rp, Isa, Isa, Isa, Rb^Tf, Rb, Uu, Isa, Isa, Isa, Rb^Tf, Isa, Isa, Isa^Ii, Aa^Fda, Aa, Xuc, _off^_usr, _off^_usr, _off^_usr, _off^_usr
_off^_usr, _off^_usr, _off^_usr, _off^_usr, _off^_usr, Xuc, Xuc, Ai, Ai, Aa, Xuc, Rb, Uh, Rb^Tf, Uue, Uue, Uu, Rb, Cf, Rp, Rp, Rb, Aa^Fdw, Aa, Aa, Re, _off^_usr, Re, Aa, Aa, Aa^Fdw, Rb, Rp, Rp, Cf, Rb, Uu, Uue, Uue, Rb^Tf, Uh, Rb, Xuc, Aa, Ai, Ai, Xuc, Xuc, _off^_usr, _off^_usr, _off^_usr, _off^_usr, _off^_usr
_off^_usr, _off^_usr, _off^_usr, _off^_usr, _off^_usr, _off^_usr, _off^_usr, Xuc, Xuc, Xuc, _off^_usr, Xuc, Xuc, Wwf, Wwf, Uh, Xuc, Xuc, Re, Rb, Gd, Rp, Gs, Gd^Fdw, Re, Gd, _off^_usr, Gd, Re, Gd^Fdw, Gs, Rp, Gd, Rb, Re, Xuc, Xuc, Uh, Wwf, Wwf, Xuc, Xuc, _off^_usr, Xuc, Xuc, Xuc, _off^_usr, _off^_usr, _off^_usr, _off^_usr, _off^_usr, _off^_usr, _off^_usr
_off^_usr, _off^_usr, _off^_usr, _off^_usr, _off^_usr, _off^_usr, _off^_usr, _off^_usr, _off^_usr, _off^_usr, _off^_usr, _off^_usr, _off^_usr, Xuc, Xuc, Xuc, _off^_usr, Gd, Gd, Rb, Rb, Rb, Gll^Fdf, Gll^Fdf, Gd, Gd, _off^_usr, Gd, Gd, Gll^Fdf, Gll^Fdf, Rb, Rb, Rb, Gd, Gd, _off^_usr, Xuc, Xuc, Xuc, _off^_usr, _off^_usr, _off^_usr, _off^_usr, _off^_usr, _off^_usr, _off^_usr, _off^_usr, _off^_usr, _off^_usr, _off^_usr, _off^_usr, _off^_usr
_off^_usr, _off^_usr, _off^_usr, _off^_usr, _off^_usr, _off^_usr, _off^_usr, _off^_usr, _off^_usr, _off^_usr, _off^_usr, _off^_usr, _off^_usr, _off^_usr, _off^_usr, _off^_usr, Md, Aa, Gd, Gd, Rb, Gd, Gd, Gd, Wwg, Wwg, _off^_usr, Wwg, Wwg, Gd, Gd, Gd, Rb, Gd, Gd, Aa, Md, _off^_usr, _off^_usr, _off^_usr, _off^_usr, _off^_usr, _off^_usr, _off^_usr, _off^_usr, _off^_usr, _off^_usr, _off^_usr, _off^_usr, _off^_usr, _off^_usr, _off^_usr, _off^_usr
_off^_usr, _off^_usr, _off^_usr, _off^_usr, _off^_usr, _off^_usr, _off^_usr, _off^_usr, _off^_usr, _off^_usr, _off^_usr, _off^_usr, Hhd, Hhd, Gd, Md, Hhd, Hhd^Vhhr, Gd, Hhd, Gd, Gll^Fdf, Ds, Wwg, Wwg, Wwg, _off^_usr, Wwg, Wwg, Wwg, Ds, Gll^Fdf, Gd, Hhd, Gd, Hhd^Vhhr, Hhd, Md, Gd, Hhd, Hhd, _off^_usr, _off^_usr, _off^_usr, _off^_usr, _off^_usr, _off^_usr, _off^_usr, _off^_usr, _off^_usr, _off^_usr, _off^_usr, _off^_usr
_off^_usr, _off^_usr, _off^_usr, _off^_usr, _off^_usr, _off^_usr, Hhd, Hhd^Fdf, Ce, Ket, Gd, Md, Rb, Hhd, Re, Hhd, Hhd^Fdf, Re, Re, Hhd, Gd, Gll^Fdf, Ds, Wwg, Wog, Wwg, _off^_usr, Wwg, Wog, Wwg, Ds, Gll^Fdf, Gd, Hhd, Re, Re, Hhd^Fdf, Hhd, Re, Hhd, Rb, Md, Gd, Ket, Ce, Hhd^Fdf, Hhd, _off^_usr, _off^_usr, _off^_usr, _off^_usr, _off^_usr, _off^_usr
_off^_usr, _off^_usr, _off^_usr, _off^_usr, _off^_usr, _off^_usr, Hhd, Re, Ce, Ce, Aa, Gd, Rb, Rb, Gd, Gs, Gd, Gs, Gd, Gd, Ds, Ds, Wog, Wog, Wog, Wog, _off^_usr, Wog, Wog, Wog, Wog, Ds, Ds, Gd, Gd, Gs, Gd, Gs, Gd, Rb, Rb, Gd, Aa, Ce, Ce, Re, Hhd, _off^_usr, _off^_usr, _off^_usr, _off^_usr, _off^_usr, _off^_usr
_off^_usr, _off^_usr, _off^_usr, _off^_usr, _off^_usr, _off^_usr, Hhd^Fdf, Re, Gd, Gll^Fmw, Aa^Fdw, Gll^Fdw, Gd, Gd, Wwf, Gd, Wwf^Fdw, Wwf^Fdw, Wwf, Ds, Wwf, Wwf, Wog, Wog, Wwg, Wwg, _off^_usr, Wwg, Wwg, Wog, Wog, Wwf, Wwf, Ds, Wwf, Wwf^Fdw, Wwf^Fdw, Gd, Wwf, Gd, Gd, Gll^Fdw, Aa^Fdw, Gll^Fmw, Gd, Re, Hhd^Fdf, _off^_usr, _off^_usr, _off^_usr, _off^_usr, _off^_usr, _off^_usr
_off^_usr, _off^_usr, _off^_usr, _off^_usr, _off^_usr, _off^_usr, _off^_usr, Gd, Aa, Gd, Gd, Gd, Gd, Wwf, Wwf^Fdw, Wwg, Wwg, Wwf, Wwg, Wwg, Wog, Wwf^Fdw, Wog, Wwg, Wwg, Wwg, _off^_usr, Wwg, Wwg, Wwg, Wog, Wwf^Fdw, Wog, Wwg, Wwg, Wwf, Wwg, Wwg, Wwf^Fdw, Wwf, Gd, Gd, Gd, Gd, Aa, Gd, _off^_usr, _off^_usr, _off^_usr, _off^_usr, _off^_usr, _off^_usr, _off^_usr
_off^_usr, _off^_usr, _off^_usr, _off^_usr, _off^_usr, _off^_usr, _off^_usr, Gll^Fdf, Md, Md, Gd, Gd^Fdf, Wwg, Wwf, Wog, Wwg, Wwg, Wwg, Wwf, Wwf^Fdw, Wwrg, Wog, Wwg, Wog, Wog, Wwg, _off^_usr, Wwg, Wog, Wog, Wwg, Wog, Wwrg, Wwf^Fdw, Wwf, Wwg, Wwg, Wwg, Wog, Wwf, Wwg, Gd^Fdf, Gd, Md, Md, Gll^Fdf, _off^_usr, _off^_usr, _off^_usr, _off^_usr, _off^_usr, _off^_usr, _off^_usr
_off^_usr, _off^_usr, _off^_usr, _off^_usr, _off^_usr, _off^_usr, Xue, Hhd, Wwf, Hhd^Fdf, Gd, Gd, Wwg, Wog, Wog, Wwg, Wwg, Cme, Wwf, Wwf^Fdw, Hd^Fdw, Hd, Wwg, Wwg, Wwg, Wwrg, _off^_usr, Wwrg, Wwg, Wwg, Wwg, Hd, Hd^Fdw, Wwf^Fdw, Wwf, Cme, Wwg, Wwg, Wog, Wog, Wwg, Gd, Gd, Hhd^Fdf, Wwf, Hhd, Xue, _off^_usr, _off^_usr, _off^_usr, _off^_usr, _off^_usr, _off^_usr
_off^_usr, _off^_usr, _off^_usr, _off^_usr, _off^_usr, Xue, Wwf, Wwf, Re, Gd^Fdf, Gd, Gd, Wwf, Wog, Wog, Wwg, Wwg, Wwf, Wwf, Wwf, Wwg, Wwf^Fdw, Ds^Fdw, Ds, Wwg, Wwg, _off^_usr, Wwg, Wwg, Ds, Ds^Fdw, Wwf^Fdw, Wwg, Wwf, Wwf, Wwf, Wwg, Wwg, Wog, Wog, Wwf, Gd, Gd, Gd^Fdf, Re, Wwf, Wwf, Xue, _off^_usr, _off^_usr, _off^_usr, _off^_usr, _off^_usr
_off^_usr, _off^_usr, _off^_usr, _off^_usr, Xue, Xue, Wwg, Cer, Re, Re, Xue, Wwf, Wog, Wog, Wog, Wog, Wwg, Wwf^Fdw, Wwf, Wwg, Wwg, Ds^Fdw, Wog, Wog, Wog, Wog, _off^_usr, Wog, Wog, Wog, Wog, Ds^Fdw, Wwg, Wwg, Wwf, Wwf^Fdw, Wwg, Wog, Wog, Wog, Wog, Wwf, Xue, Re, Re, Cer, Wwg, Xue, Xue, _off^_usr, _off^_usr, _off^_usr, _off^_usr
_off^_usr, _off^_usr, _off^_usr, _off^_usr, Xue, Wwg, Wwf, Wwf, Re, Xue, Wog, Wog, Wog, Wog, Wog, Wwg, Wwg, Wwg, Wwg, Wwg, Wwg, Wog, Wog, Wog, Wog, Wog, _off^_usr, Wog, Wog, Wog, Wog, Wog, Wwg, Wwg, Wwg, Wwg, Wwg, Wwg, Wog, Wog, Wog, Wog, Wog, Xue, Re, Wwf, Wwf, Wwg, Xue, _off^_usr, _off^_usr, _off^_usr, _off^_usr
_off^_usr, _off^_usr, _off^_usr, _off^_usr, Xue, Wwg, Re, Re, Xue, Xue, Wog, Wog, Wwg, Wog, Wog, Wwg, Wwg, Wwg, Wwf, Wwg, Wwf, Wwg, Wog, Wog, Wog, Wog, _off^_usr, Wog, Wog, Wog, Wog, Wwg, Wwf, Wwg, Wwf, Wwg, Wwg, Wwg, Wog, Wog, Wwg, Wog, Wog, Xue, Xue, Re, Re, Wwg, Xue, _off^_usr, _off^_usr, _off^_usr, _off^_usr
_off^_usr, _off^_usr, Xue, Xue, Re, Re, Re, Xue, Wog, Wog, Wwrg, Wwg, Wwg, Wwg, Wwf, Wwg, Wwg, Wwf^Fdw, Wwf, Gll^Fmf, Gll^Fmf, Ww^Vm, Wwg, Wog, Wog, Wog, _off^_usr, Wog, Wog, Wog, Wwg, Ww^Vm, Gll^Fmf, Gll^Fmf, Wwf, Wwf^Fdw, Wwg, Wwg, Wwf, Wwg, Wwg, Wwg, Wwrg, Wog, Wog, Xue, Re, Re, Re, Xue, Xue, _off^_usr, _off^_usr
_off^_usr, _off^_usr, Xue, Re^Vht, Re, Re, Xue, Xue, Hh, Hh^Fms, Hh, Ds, Ds, Wwg, Wwg, Wwf, Wwrg, Wwg, Wwf, Wwf^Fdw, Gll^Fmf, Wwf, Wwf^Fdw, Wwg, Wog, Wog, _off^_usr, Wog, Wog, Wwg, Wwf^Fdw, Wwf, Gll^Fmf, Wwf^Fdw, Wwf, Wwg, Wwrg, Wwf, Wwg, Wwg, Ds, Ds, Hh, Hh^Fms, Hh, Xue, Xue, Re, Re, Re^Vht, Xue, _off^_usr, _off^_usr
_off^_usr, _off^_usr, Xue, Re, Re, Xue, Hh^Fms, Hh, Mm, Mm, Gs^Fms, Hh^Vh, Gs, Ds, Wwg, Wwf, Wwg, Wwg, Wwg, Wwf, Wwg, Wwf, Wwg, Wwg, Wwg, Wwg, _off^_usr, Wwg, Wwg, Wwg, Wwg, Wwf, Wwg, Wwf, Wwg, Wwg, Wwg, Wwf, Wwg, Ds, Gs, Hh^Vh, Gs^Fms, Mm, Mm, Hh, Hh^Fms, Xue, Re, Re, Xue, _off^_usr, _off^_usr
_off^_usr, _off^_usr, _off^_usr, Xue, Re, Gd, Hh^Fms, Mm, Mm, Gs^Fms, Gs, Hh^Fms, Gs, Ds, Ds, Wwg, Wwf, Wwg, Wwg, Wwg, Wwg, Wwg, Wwg, Wwg, Wwg, Wwg, _off^_usr, Wwg, Wwg, Wwg, Wwg, Wwg, Wwg, Wwg, Wwg, Wwg, Wwf, Wwg, Ds, Ds, Gs, Hh^Fms, Gs, Gs^Fms, Mm, Mm, Hh^Fms, Gd, Re, Xue, _off^_usr, _off^_usr, _off^_usr
_off^_usr, _off^_usr, _off^_usr, Xue, Xue, Gd, Gd, Mm, Gs^Fms, Gg^Fms, Gd, Gs, Ce, Gd, Ds, Wwg, Wwg, Wwg, Wwg, Wwf, Wwf, Wwf, Wwf, Wwg, Wwg, Wwg, _off^_usr, Wwg, Wwg, Wwg, Wwf, Wwf, Wwf, Wwf, Wwg, Wwg, Wwg, Wwg, Ds, Gd, Ce, Gs, Gd, Gg^Fms, Gs^Fms, Mm, Gd, Gd, Xue, Xue, _off^_usr, _off^_usr, _off^_usr
_off^_usr, _off^_usr, _off^_usr, _off^_usr, _off^_usr, Xue, Xue, Gs, Gs, Gs, Gs, Gs, Gs, Gd, Gd, Ds, Ds, Wwg, Wwg^Fdw, Wwg, Wwg, Wwf, Wwg, Wwrg, Wwf, Wwg, _off^_usr, Wwg, Wwf, Wwrg, Wwg, Wwf, Wwg, Wwg, Wwg^Fdw, Wwg, Ds, Ds, Gd, Gd, Gs, Gs, Gs, Gs, Gs, Gs, Xue, Xue, _off^_usr, _off^_usr, _off^_usr, _off^_usr, _off^_usr
_off^_usr, _off^_usr, _off^_usr, _off^_usr, _off^_usr, _off^_usr, Xue, Gs, Gs, Gd, Gs, Gs, Gs, Gs, Ce, Gs, Ds, Ww^Ewl, Ww^Ewl, Wwg^Fdw, Wwg, Wwg, Wwg, Wwf, Wwf, Wwg, _off^_usr, Wwg, Wwf, Wwf, Wwg, Wwg, Wwg, Wwg^Fdw, Ww^Ewl, Ww^Ewl, Ds, Gs, Ce, Gs, Gs, Gs, Gs, Gd, Gs, Gs, Xue, _off^_usr, _off^_usr, _off^_usr, _off^_usr, _off^_usr, _off^_usr
_off^_usr, _off^_usr, _off^_usr, _off^_usr, _off^_usr, _off^_usr, _off^_usr, Xue, Gs, Gg, Gs^Fms, Gs, Gs, Gs, Gs, Gs, Ds, Ww^Ewl, Ww^Ewf, Ww^Ewf, Ww^Ewl, Wwg^Fdw, Wwf, Cme, Wwg, Wwg, _off^_usr, Wwg, Wwg, Cme, Wwf, Wwg^Fdw, Ww^Ewl, Ww^Ewf, Ww^Ewf, Ww^Ewl, Ds, Gs, Gs, Gs, Gs, Gs, Gs^Fms, Gg, Gs, Xue, _off^_usr, _off^_usr, _off^_usr, _off^_usr, _off^_usr, _off^_usr, _off^_usr
_off^_usr, _off^_usr, _off^_usr, _off^_usr, _off^_usr, _off^_usr, _off^_usr, Xue, Xue, Gs, Gs^Fms, Hh^Fds, Gs^Fds, Gs, Gs, Gd, Gs, Wwf, Wwf, Wwf, Wwf, Wwf, Hh, Wwf, Wwf, Wwg, _off^_usr, Wwg, Wwf, Wwf, Hh, Wwf, Wwf, Wwf, Wwf, Wwf, Gs, Gd, Gs, Gs, Gs^Fds, Hh^Fds, Gs^Fms, Gs, Xue, Xue, _off^_usr, _off^_usr, _off^_usr, _off^_usr, _off^_usr, _off^_usr, _off^_usr
_off^_usr, _off^_usr, _off^_usr, _off^_usr, _off^_usr, _off^_usr, _off^_usr, _off^_usr, _off^_usr, Gs^Fms, Hh^Fds, Mm, Gs, Gs^Fds, Gs, Gs, Ce, Gs, Wwf, Wwf, Gs, Hh, Mm, Hh^Fds, Mm, Wwf, _off^_usr, Wwf, Mm, Hh^Fds, Mm, Hh, Gs, Wwf, Wwf, Gs, Ce, Gs, Gs, Gs^Fds, Gs, Mm, Hh^Fds, Gs^Fms, _off^_usr, _off^_usr, _off^_usr, _off^_usr, _off^_usr, _off^_usr, _off^_usr, _off^_usr, _off^_usr
_off^_usr, _off^_usr, _off^_usr, _off^_usr, _off^_usr, _off^_usr, _off^_usr, _off^_usr, _off^_usr, Gs^Fms, Mm, Mm, Mm, Gs, Gs, Gs, Gs, Gs, Gs, Gs, Hh^Fds, Hh, Hh^Fms, Mm, Gs^Fms, Hh^Fds, _off^_usr, Hh^Fds, Gs^Fms, Mm, Hh^Fms, Hh, Hh^Fds, Gs, Gs, Gs, Gs, Gs, Gs, Gs, Mm, Mm, Mm, Gs^Fms, _off^_usr, _off^_usr, _off^_usr, _off^_usr, _off^_usr, _off^_usr, _off^_usr, _off^_usr, _off^_usr
_off^_usr, _off^_usr, _off^_usr, _off^_usr, _off^_usr, _off^_usr, _off^_usr, _off^_usr, _off^_usr, _off^_usr, Gs^Fms, Hh^Vh, Hh, Mm, Gs, Gg, Gs^Fds, Gd, Gs, Gs, Gg, Gll^Fp, Gll^Fp, Mm, Gs^Fms, Gs^Fms, _off^_usr, Gs^Fms, Gs^Fms, Mm, Gll^Fp, Gll^Fp, Gg, Gs, Gs, Gd, Gs^Fds, Gg, Gs, Mm, Hh, Hh^Vh, Gs^Fms, _off^_usr, _off^_usr, _off^_usr, _off^_usr, _off^_usr, _off^_usr, _off^_usr, _off^_usr, _off^_usr, _off^_usr
_off^_usr, _off^_usr, _off^_usr, _off^_usr, _off^_usr, _off^_usr, _off^_usr, _off^_usr, _off^_usr, _off^_usr, _off^_usr, Mm, Hh, Hh, Gd, Gs, Gs^Fp, Gs^Fp, Gd, Gs, Gs, Gll^Fp, Gll^Fp, Gll^Fp, Gll^Fp, Gs^Fms, _off^_usr, Gs^Fms, Gll^Fp, Gll^Fp, Gll^Fp, Gll^Fp, Gs, Gs, Gd, Gs^Fp, Gs^Fp, Gs, Gd, Hh, Hh, Mm, _off^_usr, _off^_usr, _off^_usr, _off^_usr, _off^_usr, _off^_usr, _off^_usr, _off^_usr, _off^_usr, _off^_usr, _off^_usr
_off^_usr, _off^_usr, _off^_usr, _off^_usr, _off^_usr, _off^_usr, _off^_usr, _off^_usr, _off^_usr, _off^_usr, _off^_usr, _off^_usr, _off^_usr, Hh^Fds, Gs, Gs^Fp, Hh^Fp, Gs, Ce, Ce, Ce, Gll^Fp, Gs, Gll^Fp, Gs, Gs^Fms, _off^_usr, Gs^Fms, Gs, Gll^Fp, Gs, Gll^Fp, Ce, Ce, Ce, Gs, Hh^Fp, Gs^Fp, Gs, Hh^Fds, _off^_usr, _off^_usr, _off^_usr, _off^_usr, _off^_usr, _off^_usr, _off^_usr, _off^_usr, _off^_usr, _off^_usr, _off^_usr, _off^_usr, _off^_usr
_off^_usr, _off^_usr, _off^_usr, _off^_usr, _off^_usr, _off^_usr, _off^_usr, _off^_usr, _off^_usr, _off^_usr, _off^_usr, _off^_usr, _off^_usr, _off^_usr, _off^_usr, Mm, Hh^Fp, Hh^Fp, Hh^Fp, Kf, Ce, Gg, Gs, Gs, Gd, Gs^Vh, _off^_usr, Gs^Vh, Gd, Gs, Gs, Gg, Ce, Kf, Hh^Fp, Hh^Fp, Hh^Fp, Mm, _off^_usr, _off^_usr, _off^_usr, _off^_usr, _off^_usr, _off^_usr, _off^_usr, _off^_usr, _off^_usr, _off^_usr, _off^_usr, _off^_usr, _off^_usr, _off^_usr, _off^_usr
_off^_usr, _off^_usr, _off^_usr, _off^_usr, _off^_usr, _off^_usr, _off^_usr, _off^_usr, _off^_usr, _off^_usr, _off^_usr, _off^_usr, _off^_usr, _off^_usr, _off^_usr, Mm, Mm, Hh, Hh, Ce, Gs, Gg, Gs, Gs, Gll^Fp, Gs, _off^_usr, Gs, Gll^Fp, Gs, Gs, Gg, Gs, Ce, Hh, Hh, Mm, Mm, _off^_usr, _off^_usr, _off^_usr, _off^_usr, _off^_usr, _off^_usr, _off^_usr, _off^_usr, _off^_usr, _off^_usr, _off^_usr, _off^_usr, _off^_usr, _off^_usr, _off^_usr
_off^_usr, _off^_usr, _off^_usr, _off^_usr, _off^_usr, _off^_usr, _off^_usr, _off^_usr, _off^_usr, _off^_usr, _off^_usr, _off^_usr, _off^_usr, _off^_usr, _off^_usr, _off^_usr, Hh^Fp, Mm, Hh, Gg, Gs, Gs, Gll^Fp, Gll^Fp, Gll^Fp, Gll^Fp, _off^_usr, Gll^Fp, Gll^Fp, Gll^Fp, Gll^Fp, Gs, Gs, Gg, Hh, Mm, Hh^Fp, _off^_usr, _off^_usr, _off^_usr, _off^_usr, _off^_usr, _off^_usr, _off^_usr, _off^_usr, _off^_usr, _off^_usr, _off^_usr, _off^_usr, _off^_usr, _off^_usr, _off^_usr, _off^_usr
_off^_usr, _off^_usr, _off^_usr, _off^_usr, _off^_usr, _off^_usr, _off^_usr, _off^_usr, _off^_usr, _off^_usr, _off^_usr, _off^_usr, _off^_usr, _off^_usr, _off^_usr, _off^_usr, Hh^Fp, Hh^Fp, Mm, Hh^Fp, Mm, Gs, Gs, Gs, Gg, Gs, _off^_usr, Gs, Gg, Gs, Gs, Gs, Mm, Hh^Fp, Mm, Hh^Fp, Hh^Fp, _off^_usr, _off^_usr, _off^_usr, _off^_usr, _off^_usr, _off^_usr, _off^_usr, _off^_usr, _off^_usr, _off^_usr, _off^_usr, _off^_usr, _off^_usr, _off^_usr, _off^_usr, _off^_usr
_off^_usr, _off^_usr, _off^_usr, _off^_usr, _off^_usr, _off^_usr, _off^_usr, _off^_usr, _off^_usr, _off^_usr, _off^_usr, _off^_usr, _off^_usr, _off^_usr, _off^_usr, _off^_usr, _off^_usr, Hh, Mm, Mm, Hh, Mm, Gs, Gs, Gs, Gs, _off^_usr, Gs, Gs, Gs, Gs, Mm, Hh, Mm, Mm, Hh, _off^_usr, _off^_usr, _off^_usr, _off^_usr, _off^_usr, _off^_usr, _off^_usr, _off^_usr, _off^_usr, _off^_usr, _off^_usr, _off^_usr, _off^_usr, _off^_usr, _off^_usr, _off^_usr, _off^_usr
Qlf, Qlf, Qlf, Qlf, Qlf, Qlf, Qlf, Qlf, Qlf, Qlf, Qlf, Qlf, Qlf, Qlf, Qlf, Qlf, Qlf, Qlf, Qlf, Qlf, Qlf, Qlf, Qlf, Qlf, Qlf, Qlf, _off^_usr, Qlf, Qlf, Qlf, Qlf, Qlf, Qlf, Qlf, Qlf, Qlf, Qlf, Qlf, Qlf, Qlf, Qlf, Qlf, Qlf, Qlf, Qlf, Qlf, Qlf, Qlf, Qlf, Qlf, Qlf, Qlf, Qlf
Qlf, Qlf, Qlf, Qlf, Qlf, Qlf, Qlf, Qlf, Qlf, Qlf, Qlf, Qlf, Qlf, Qlf, Qlf, Qlf, Qlf, Qlf, Qlf, Qlf, Qlf, Qlf, Qlf, Qlf, Qlf, Qlf, _off^_usr, Qlf, Qlf, Qlf, Qlf, Qlf, Qlf, Qlf, Qlf, Qlf, Qlf, Qlf, Qlf, Qlf, Qlf, Qlf, Qlf, Qlf, Qlf, Qlf, Qlf, Qlf, Qlf, Qlf, Qlf, Qlf, Qlf
Qlf, Qlf, Qlf, Qlf, Qlf, Qlf, Qlf, Qlf, Qlf, Qlf, Qlf, Qlf, Qlf, Qlf, Qlf, Qlf, Qlf, Qlf, Qlf, Qlf, Qlf, Qlf, Qlf, Qlf, Qlf, Qlf, _off^_usr, Qlf, Qlf, Qlf, Qlf, Qlf, Qlf, Qlf, Qlf, Qlf, Qlf, Qlf, Qlf, Qlf, Qlf, Qlf, Qlf, Qlf, Qlf, Qlf, Qlf, Qlf, Qlf, Qlf, Qlf, Qlf, Qlf
