_off^_usr, _off^_usr, _off^_usr, _off^_usr, _off^_usr, _off^_usr, _off^_usr, _off^_usr, _off^_usr, _off^_usr, _off^_usr, _off^_usr, _off^_usr, _off^_usr, _off^_usr, _off^_usr, _off^_usr, _off^_usr, _off^_usr, _off^_usr, _off^_usr, _off^_usr, _off^_usr, _off^_usr, _off^_usr, _off^_usr, _off^_usr, _off^_usr, _off^_usr, _off^_usr, _off^_usr, _off^_usr, _off^_usr, _off^_usr, _off^_usr, _off^_usr, _off^_usr, _off^_usr, _off^_usr, _off^_usr, _off^_usr, _off^_usr, _off^_usr, _off^_usr, _off^_usr, _off^_usr, _off^_usr, _off^_usr, _off^_usr, _off^_usr, _off^_usr
_off^_usr, _off^_usr, _off^_usr, _off^_usr, _off^_usr, _off^_usr, _off^_usr, _off^_usr, _off^_usr, _off^_usr, _off^_usr, _off^_usr, _off^_usr, _off^_usr, _off^_usr, _off^_usr, _off^_usr, _off^_usr, _off^_usr, _off^_usr, _off^_usr, _off^_usr, _off^_usr, _off^_usr, Gg, _off^_usr, Gg, _off^_usr, _off^_usr, _off^_usr, _off^_usr, _off^_usr, _off^_usr, _off^_usr, _off^_usr, _off^_usr, _off^_usr, _off^_usr, _off^_usr, _off^_usr, _off^_usr, _off^_usr, _off^_usr, _off^_usr, _off^_usr, _off^_usr, _off^_usr, _off^_usr, _off^_usr, _off^_usr, _off^_usr
_off^_usr, _off^_usr, _off^_usr, _off^_usr, _off^_usr, _off^_usr, _off^_usr, _off^_usr, _off^_usr, _off^_usr, _off^_usr, _off^_usr, _off^_usr, _off^_usr, _off^_usr, _off^_usr, _off^_usr, _off^_usr, _off^_usr, _off^_usr, _off^_usr, _off^_usr, Gs^Fds, Gs, Gs, Gs, Gs, Gs, Gs^Fds, _off^_usr, _off^_usr, _off^_usr, _off^_usr, _off^_usr, _off^_usr, _off^_usr, _off^_usr, _off^_usr, _off^_usr, _off^_usr, _off^_usr, _off^_usr, _off^_usr, _off^_usr, _off^_usr, _off^_usr, _off^_usr, _off^_usr, _off^_usr, _off^_usr, _off^_usr
_off^_usr, _off^_usr, _off^_usr, _off^_usr, _off^_usr, _off^_usr, _off^_usr, _off^_usr, _off^_usr, _off^_usr, _off^_usr, _off^_usr, _off^_usr, _off^_usr, _off^_usr, _off^_usr, _off^_usr, _off^_usr, _off^_usr, _off^_usr, _off^_usr, _off^_usr, Gs^Fds, Gg, Gs, Cv, Gs, Gg, Gs^Fds, _off^_usr, _off^_usr, _off^_usr, _off^_usr, _off^_usr, _off^_usr, _off^_usr, _off^_usr, _off^_usr, _off^_usr, _off^_usr, _off^_usr, _off^_usr, _off^_usr, _off^_usr, _off^_usr, _off^_usr, _off^_usr, _off^_usr, _off^_usr, _off^_usr, _off^_usr
_off^_usr, _off^_usr, _off^_usr, _off^_usr, _off^_usr, _off^_usr, _off^_usr, _off^_usr, _off^_usr, _off^_usr, _off^_usr, _off^_usr, _off^_usr, _off^_usr, _off^_usr, _off^_usr, _off^_usr, _off^_usr, _off^_usr, _off^_usr, Gs, Gs, Gs, Gg, Gg, Gs, Gg, Gg, Gs, Gs, Gs, _off^_usr, _off^_usr, _off^_usr, _off^_usr, _off^_usr, _off^_usr, _off^_usr, _off^_usr, _off^_usr, _off^_usr, _off^_usr, _off^_usr, _off^_usr, _off^_usr, _off^_usr, _off^_usr, _off^_usr, _off^_usr, _off^_usr, _off^_usr
_off^_usr, _off^_usr, _off^_usr, _off^_usr, _off^_usr, _off^_usr, _off^_usr, _off^_usr, _off^_usr, _off^_usr, _off^_usr, _off^_usr, _off^_usr, _off^_usr, _off^_usr, _off^_usr, _off^_usr, _off^_usr, _off^_usr, _off^_usr, Gs^Fds, Cv^Fds, Gs^Fds, Cv, Gg, Gg, Gg, Cv, Gs^Fds, Cv^Fds, Gs^Fds, _off^_usr, _off^_usr, _off^_usr, _off^_usr, _off^_usr, _off^_usr, _off^_usr, _off^_usr, _off^_usr, _off^_usr, _off^_usr, _off^_usr, _off^_usr, _off^_usr, _off^_usr, _off^_usr, _off^_usr, _off^_usr, _off^_usr, _off^_usr
_off^_usr, _off^_usr, _off^_usr, _off^_usr, _off^_usr, _off^_usr, _off^_usr, _off^_usr, _off^_usr, _off^_usr, _off^_usr, _off^_usr, _off^_usr, _off^_usr, _off^_usr, _off^_usr, _off^_usr, _off^_usr, _off^_usr, Gs^Fds, Gg, Cv, Kv, Cv, Gs, Gs^Fds, Gs, Cv, Kv, Cv, Gg, Gs^Fds, _off^_usr, _off^_usr, _off^_usr, _off^_usr, _off^_usr, _off^_usr, _off^_usr, _off^_usr, _off^_usr, _off^_usr, _off^_usr, _off^_usr, _off^_usr, _off^_usr, _off^_usr, _off^_usr, _off^_usr, _off^_usr, _off^_usr
_off^_usr, _off^_usr, _off^_usr, _off^_usr, _off^_usr, _off^_usr, _off^_usr, _off^_usr, _off^_usr, _off^_usr, _off^_usr, _off^_usr, _off^_usr, _off^_usr, _off^_usr, _off^_usr, _off^_usr, _off^_usr, _off^_usr, Gs^Fds, Gs, Cv, Cv, Cv^Fds, Gs^Fds, Gs, Gs^Fds, Cv^Fds, Cv, Cv, Gs, Gs^Fds, _off^_usr, _off^_usr, _off^_usr, _off^_usr, _off^_usr, _off^_usr, _off^_usr, _off^_usr, _off^_usr, _off^_usr, _off^_usr, _off^_usr, _off^_usr, _off^_usr, _off^_usr, _off^_usr, _off^_usr, _off^_usr, _off^_usr
_off^_usr, _off^_usr, _off^_usr, _off^_usr, _off^_usr, _off^_usr, _off^_usr, _off^_usr, _off^_usr, _off^_usr, _off^_usr, _off^_usr, _off^_usr, _off^_usr, _off^_usr, _off^_usr, _off^_usr, _off^_usr, _off^_usr, _off^_usr, _off^_usr, Gs^Fds, Gg, Gg, Gg, Gs, Gg, Gg, Gg, Gs^Fds, _off^_usr, _off^_usr, _off^_usr, _off^_usr, _off^_usr, _off^_usr, _off^_usr, _off^_usr, _off^_usr, _off^_usr, _off^_usr, _off^_usr, _off^_usr, _off^_usr, _off^_usr, _off^_usr, _off^_usr, _off^_usr, _off^_usr, _off^_usr, _off^_usr
_off^_usr, _off^_usr, _off^_usr, _off^_usr, _off^_usr, _off^_usr, _off^_usr, _off^_usr, _off^_usr, _off^_usr, _off^_usr, _off^_usr, Xoc, _off^_usr, _off^_usr, _off^_usr, _off^_usr, _off^_usr, _off^_usr, _off^_usr, _off^_usr, _off^_usr, Xoc, Gg, Gs, Gg, Gs, Gg, Xoc, _off^_usr, _off^_usr, _off^_usr, _off^_usr, _off^_usr, _off^_usr, _off^_usr, _off^_usr, _off^_usr, Xoc, _off^_usr, _off^_usr, _off^_usr, _off^_usr, _off^_usr, _off^_usr, _off^_usr, _off^_usr, _off^_usr, _off^_usr, _off^_usr, _off^_usr
_off^_usr, _off^_usr, _off^_usr, _off^_usr, _off^_usr, _off^_usr, _off^_usr, _off^_usr, _off^_usr, _off^_usr, Xoc, Xoc, Ce, Xoc, Xoc, _off^_usr, _off^_usr, _off^_usr, _off^_usr, _off^_usr, Xoc, Xoc, Rr, Xoc, Rr^Pw\o, Gs, Rr^Pw/o, Xoc, Rr, Xoc, Xoc, _off^_usr, _off^_usr, _off^_usr, _off^_usr, _off^_usr, Xoc, Xoc, Ce, Xoc, Xoc, _off^_usr, _off^_usr, _off^_usr, _off^_usr, _off^_usr, _off^_usr, _off^_usr, _off^_usr, _off^_usr, _off^_usr
_off^_usr, _off^_usr, _off^_usr, _off^_usr, _off^_usr, _off^_usr, _off^_usr, _off^_usr, Xoc, Xoc, Ce, Ket, Ce, Ce, Rr, Xoc, Xoc, _off^_usr, Xoc, Xoc, Rr, Rr, Ce, Rr, Rr, Xoc, Rr, Rr, Ce, Rr, Rr, Xoc, Xoc, _off^_usr, Xoc, Xoc, Rr, Ce, Ce, Ket, Ce, Xoc, Xoc, _off^_usr, _off^_usr, _off^_usr, _off^_usr, _off^_usr, _off^_usr, _off^_usr, _off^_usr
_off^_usr, _off^_usr, _off^_usr, _off^_usr, _off^_usr, _off^_usr, Xoc, Xoc, Rr, Rr, Rr, Ce, Rr, Rr, Rr, Rr, Rr, Xoc, Rr, Rr, Rr, Rr, Rr, Rr, Xoc, Xoc, Xoc, Rr, Rr, Rr, Rr, Rr, Rr, Xoc, Rr, Rr, Rr, Rr, Rr, Ce, Rr, Rr, Rr, Xoc, Xoc, _off^_usr, _off^_usr, _off^_usr, _off^_usr, _off^_usr, _off^_usr
_off^_usr, _off^_usr, _off^_usr, _off^_usr, Xoc, Xoc, Rr, Rr, Rr, Rr, Xoc, Rr, Rr, Rr, Xoc, Xoc, Rr, Rr, Rr, Rr, Rr, Rr, Xoc, Xoc, _off^_usr, _off^_usr, _off^_usr, Xoc, Xoc, Rr, Rr, Rr, Rr, Rr, Rr, Xoc, Xoc, Rr, Rr, Rr, Xoc, Rr, Rr, Rr, Rr, Xoc, Xoc, _off^_usr, _off^_usr, _off^_usr, _off^_usr
_off^_usr, _off^_usr, _off^_usr, Xoc, Rr, Rr, Rr, Rr, Rr, Xoc, Rr, Xoc, Xoc, Xoc, Rr, Rr, Rr, Rr, Rr, Rr, Rr, Xoc, Rr, Xoc, Xoc, _off^_usr, Xoc, Xoc, Rr, Xoc, Rr, Rr, Rr, Rr, Rr, Rr, Rr, Xoc, Xoc, Xoc, Rr, Xoc, Rr, Rr, Rr, Rr, Rr, Xoc, _off^_usr, _off^_usr, _off^_usr
_off^_usr, _off^_usr, _off^_usr, Xoc, Rr, Rr, Rr, Rr, Xoc, Xoc, Rr, Rr, Xoc, Rr, Rr, Ce, Rr, Rr, Xoc, Xoc, Rr, Rr, Rr, Rr, Rr, Xoc, Rr, Rr, Rr, Rr, Rr, Xoc, Xoc, Rr, Rr, Ce, Rr, Rr, Xoc, Rr, Rr, Xoc, Xoc, Rr, Rr, Rr, Rr, Xoc, _off^_usr, _off^_usr, _off^_usr
_off^_usr, _off^_usr, _off^_usr, Xoc, Xoc, Rr, Rr, Rr, Xoc, Rr, Rr, Rr, Rr, Rr, Rr, Rr, Xoc, Xoc, _off^_usr, Xoc, Xoc, Rr, Rr, Rr, Xoc, Xoc, Xoc, Rr, Rr, Rr, Xoc, Xoc, _off^_usr, Xoc, Xoc, Rr, Rr, Rr, Rr, Rr, Rr, Rr, Xoc, Rr, Rr, Rr, Xoc, Xoc, _off^_usr, _off^_usr, _off^_usr
_off^_usr, _off^_usr, _off^_usr, _off^_usr, _off^_usr, Xoc, Rr, Rr, Xoc, Xoc, Rr, Rr, Rr, Rr, Rr, Xoc, _off^_usr, _off^_usr, _off^_usr, _off^_usr, _off^_usr, Xoc, Xoc, Xoc, _off^_usr, _off^_usr, _off^_usr, Xoc, Xoc, Xoc, _off^_usr, _off^_usr, _off^_usr, _off^_usr, _off^_usr, Xoc, Rr, Rr, Rr, Rr, Rr, Xoc, Xoc, Rr, Rr, Xoc, _off^_usr, _off^_usr, _off^_usr, _off^_usr, _off^_usr
_off^_usr, _off^_usr, _off^_usr, _off^_usr, _off^_usr, Xoc, Rr, Rr, Xoc, Rr, Rr, Rr, Rr, Rr, Xoc, Xoc, Xoc, _off^_usr, _off^_usr, _off^_usr, _off^_usr, _off^_usr, _off^_usr, _off^_usr, _off^_usr, _off^_usr, _off^_usr, _off^_usr, _off^_usr, _off^_usr, _off^_usr, _off^_usr, _off^_usr, _off^_usr, Xoc, Xoc, Xoc, Rr, Rr, Rr, Rr, Rr, Xoc, Rr, Rr, Xoc, _off^_usr, _off^_usr, _off^_usr, _off^_usr, _off^_usr
_off^_usr, _off^_usr, _off^_usr, _off^_usr, _off^_usr, Xoc, Rr, Rr, Xoc, Rr, Rr, Rr, Rr, Rr, Rr, Rr, Xoc, _off^_usr, _off^_usr, _off^_usr, Xoc, _off^_usr, _off^_usr, _off^_usr, _off^_usr, _off^_usr, _off^_usr, _off^_usr, _off^_usr, _off^_usr, Xoc, _off^_usr, _off^_usr, _off^_usr, Xoc, Rr, Rr, Rr, Rr, Rr, Rr, Rr, Xoc, Rr, Rr, Xoc, _off^_usr, _off^_usr, _off^_usr, _off^_usr, _off^_usr
_off^_usr, _off^_usr, _off^_usr, _off^_usr, Xoc, Xoc, Rr, Rr, Rr, Xoc, Xoc, Rr, Rr, Rr, Rr, Rr, Rr, Xoc, Xoc, _off^_usr, Xoc, Rr^Pw|, Xoc, _off^_usr, _off^_usr, _off^_usr, _off^_usr, _off^_usr, Xoc, Rr^Pw|, Xoc, _off^_usr, Xoc, Xoc, Rr, Rr, Rr, Rr, Rr, Rr, Xoc, Xoc, Rr, Rr, Rr, Xoc, Xoc, _off^_usr, _off^_usr, _off^_usr, _off^_usr
_off^_usr, _off^_usr, _off^_usr, _off^_usr, Xoc, Rr, Rr, Rr, Rr, Rr, Rr, Rr, Xoc, Rr, Rr, Rr, Rr, Rr, Ce, Xoc, Ce, Rr, Xoc, _off^_usr, _off^_usr, _off^_usr, _off^_usr, _off^_usr, Xoc, Rr, Ce, Xoc, Ce, Rr, Rr, Rr, Rr, Rr, Rr, Xoc, Rr, Rr, Rr, Rr, Rr, Rr, Xoc, _off^_usr, _off^_usr, _off^_usr, _off^_usr
_off^_usr, _off^_usr, _off^_usr, _off^_usr, Xoc, Rr, Rr, Rr, Rr, Rr, Xoc, Rr, Xoc, Rr, Xoc, Xoc, Xoc, Rr, Ce, Ket, Ce, Ce, Xoc, _off^_usr, _off^_usr, _off^_usr, _off^_usr, _off^_usr, Xoc, Ce, Ce, Ket, Ce, Rr, Xoc, Xoc, Xoc, Rr, Xoc, Rr, Xoc, Rr, Rr, Rr, Rr, Rr, Xoc, _off^_usr, _off^_usr, _off^_usr, _off^_usr
_off^_usr, _off^_usr, _off^_usr, _off^_usr, Xoc, Rr, Rr, Rr, Xoc, Xoc, Rr, Xoc, Rr, Xoc, Rr, Rr, Rr, Rr, Rr, Ce, Rr, Xoc, _off^_usr, _off^_usr, _off^_usr, _off^_usr, _off^_usr, _off^_usr, _off^_usr, Xoc, Rr, Ce, Rr, Rr, Rr, Rr, Rr, Xoc, Rr, Xoc, Rr, Xoc, Xoc, Rr, Rr, Rr, Xoc, _off^_usr, _off^_usr, _off^_usr, _off^_usr
_off^_usr, _off^_usr, _off^_usr, _off^_usr, _off^_usr, Xoc, Rr, Rr, Xoc, Rr, Rr, Rr, Rr, Rr, Rr, Rr, Xoc, Rr, Rr, Rr, Xoc, Xoc, _off^_usr, _off^_usr, _off^_usr, _off^_usr, _off^_usr, _off^_usr, _off^_usr, Xoc, Xoc, Rr, Rr, Rr, Xoc, Rr, Rr, Rr, Rr, Rr, Rr, Rr, Xoc, Rr, Rr, Xoc, _off^_usr, _off^_usr, _off^_usr, _off^_usr, _off^_usr
_off^_usr, _off^_usr, _off^_usr, _off^_usr, _off^_usr, Xoc, Rr, Xoc, Rr, Rr, Rr, Rr, Rr, Rr, Xoc, Xoc, Rr, Rr, Rr, Xoc, Xoc, _off^_usr, Xoc, _off^_usr, _off^_usr, _off^_usr, _off^_usr, _off^_usr, Xoc, _off^_usr, Xoc, Xoc, Rr, Rr, Rr, Xoc, Xoc, Rr, Rr, Rr, Rr, Rr, Rr, Xoc, Rr, Xoc, _off^_usr, _off^_usr, _off^_usr, _off^_usr, _off^_usr
_off^_usr, _off^_usr, _off^_usr, _off^_usr, _off^_usr, Xoc, Xoc, Xoc, Rr, Rr, Rr, Rr, Rr, Rr, Xoc, Rr, Xoc, Rr, Rr, Rr, Xoc, Xoc, Rr, Xoc, Xoc, _off^_usr, Xoc, Xoc, Rr, Xoc, Xoc, Rr, Rr, Rr, Xoc, Rr, Xoc, Rr, Rr, Rr, Rr, Rr, Rr, Xoc, Xoc, Xoc, _off^_usr, _off^_usr, _off^_usr, _off^_usr, _off^_usr
_off^_usr, _off^_usr, _off^_usr, _off^_usr, _off^_usr, _off^_usr, Xoc, Rr, Rr, Rr, Xoc, Rr, Xoc, Xoc, Rr, Xoc, Rr, Rr, Rr, Xoc, Rr, Rr, Rr, Rr, Xoc, _off^_usr, Xoc, Rr, Rr, Rr, Rr, Xoc, Rr, Rr, Rr, Xoc, Rr, Xoc, Xoc, Rr, Xoc, Rr, Rr, Rr, Xoc, _off^_usr, _off^_usr, _off^_usr, _off^_usr, _off^_usr, _off^_usr
_off^_usr, _off^_usr, _off^_usr, _off^_usr, _off^_usr, _off^_usr, Xoc, Rr, Rr, Xoc, Rr, Xoc, Rr, Rr, Rr, Rr, Rr, Rr, Rr, Xoc, Rr, Rr, Rr, Rr, Xoc, _off^_usr, Xoc, Rr, Rr, Rr, Rr, Xoc, Rr, Rr, Rr, Rr, Rr, Rr, Rr, Xoc, Rr, Xoc, Rr, Rr, Xoc, _off^_usr, _off^_usr, _off^_usr, _off^_usr, _off^_usr, _off^_usr
_off^_usr, _off^_usr, _off^_usr, _off^_usr, _off^_usr, Xoc, Rr, Rr, Rr, Xoc, Rr, Rr, Rr, Rr, Xoc, Xoc, Xoc, Rr, Xoc, Xoc, Rr, Rr, Xoc, Xoc, _off^_usr, _off^_usr, _off^_usr, Xoc, Xoc, Rr, Rr, Xoc, Xoc, Rr, Xoc, Xoc, Xoc, Rr, Rr, Rr, Rr, Xoc, Rr, Rr, Rr, Xoc, _off^_usr, _off^_usr, _off^_usr, _off^_usr, _off^_usr
_off^_usr, _off^_usr, _off^_usr, _off^_usr, Xoc, Xoc, Xoc, Rr, Xoc, Xoc, Xoc, Rr, Rr, Rr, Rr, Rr, Rr, Xoc, Rr, Rr, Rr, Xoc, Xoc, _off^_usr, _off^_usr, _off^_usr, _off^_usr, _off^_usr, Xoc, Xoc, Rr, Rr, Rr, Xoc, Rr, Rr, Rr, Rr, Rr, Rr, Xoc, Xoc, Xoc, Rr, Xoc, Xoc, Xoc, _off^_usr, _off^_usr, _off^_usr, _off^_usr
_off^_usr, _off^_usr, _off^_usr, _off^_usr, Xoc, Rr, Rr, Rr, Rr, Xoc, Rr, Rr, Rr, Rr, Xoc, Rr, Rr, Rr, Rr, Rr, Rr, Rr, Xoc, _off^_usr, _off^_usr, _off^_usr, _off^_usr, _off^_usr, Xoc, Rr, Rr, Rr, Rr, Rr, Rr, Rr, Xoc, Rr, Rr, Rr, Rr, Xoc, Rr, Rr, Rr, Rr, Xoc, _off^_usr, _off^_usr, _off^_usr, _off^_usr
_off^_usr, _off^_usr, _off^_usr, _off^_usr, Xoc, Rr, Rr, Xoc, Xoc, Xoc, Xoc, Rr, Xoc, Xoc, Rr, Xoc, Cer, Xoc, Xoc, Rr, Rr, Rr, Xoc, _off^_usr, _off^_usr, _off^_usr, _off^_usr, _off^_usr, Xoc, Rr, Rr, Rr, Xoc, Xoc, Cer, Xoc, Rr, Xoc, Xoc, Rr, Xoc, Xoc, Xoc, Xoc, Rr, Rr, Xoc, _off^_usr, _off^_usr, _off^_usr, _off^_usr
_off^_usr, _off^_usr, _off^_usr, _off^_usr, Xoc, Rr, Rr, Rr, Rr, Rr, Rr, Rr, Rr, Rr, Rr, Cer, Ket, Cer, Xoc, Rr, Rr, Rr, Rr, Xoc, _off^_usr, _off^_usr, _off^_usr, Xoc, Rr, Rr, Rr, Rr, Xoc, Cer, Ket, Cer, Rr, Rr, Rr, Rr, Rr, Rr, Rr, Rr, Rr, Rr, Xoc, _off^_usr, _off^_usr, _off^_usr, _off^_usr
_off^_usr, _off^_usr, _off^_usr, _off^_usr, _off^_usr, Xoc, Xoc, Xoc, Rr, Rr, Rr, Rr, Xoc, Xoc, Rr, Cer, Rr, Rr, Xoc, Rr, Rr, Xoc, Rr, Xoc, Xoc, _off^_usr, Xoc, Xoc, Rr, Xoc, Rr, Rr, Xoc, Rr, Rr, Cer, Rr, Xoc, Xoc, Rr, Rr, Rr, Rr, Xoc, Xoc, Xoc, _off^_usr, _off^_usr, _off^_usr, _off^_usr, _off^_usr
_off^_usr, _off^_usr, _off^_usr, _off^_usr, _off^_usr, Xoc, Rr, Rr, Rr, Xoc, Rr, Rr, Xoc, Rr, Rr, Rr, Rr, Rr, Xoc, Rr, Xoc, Xoc, Xoc, Rr, Xoc, _off^_usr, Xoc, Rr, Xoc, Xoc, Xoc, Rr, Xoc, Rr, Rr, Rr, Rr, Rr, Xoc, Rr, Rr, Xoc, Rr, Rr, Rr, Xoc, _off^_usr, _off^_usr, _off^_usr, _off^_usr, _off^_usr
_off^_usr, _off^_usr, _off^_usr, _off^_usr, Xoc, Xoc, Rr, Rr, Rr, Xoc, Xoc, Xoc, Rr, Rr, Rr, Rr, Rr, Rr, Xoc, Rr, Rr, Rr, Rr, Rr, Xoc, _off^_usr, Xoc, Rr, Rr, Rr, Rr, Rr, Xoc, Rr, Rr, Rr, Rr, Rr, Rr, Xoc, Xoc, Xoc, Rr, Rr, Rr, Xoc, Xoc, _off^_usr, _off^_usr, _off^_usr, _off^_usr
_off^_usr, _off^_usr, _off^_usr, _off^_usr, Xoc, Rr, Xoc, Rr, Rr, Rr, Rr, Xoc, Rr, Rr, Rr, Rr, Rr, Rr, Rr, Xoc, Rr, Rr, Xoc, Xoc, Xoc, _off^_usr, Xoc, Xoc, Xoc, Rr, Rr, Xoc, Rr, Rr, Rr, Rr, Rr, Rr, Rr, Xoc, Rr, Rr, Rr, Rr, Xoc, Rr, Xoc, _off^_usr, _off^_usr, _off^_usr, _off^_usr
_off^_usr, _off^_usr, _off^_usr, Xoc, Rr, Rr, Rr, Xoc, Rr, Rr, Rr, Xoc, Xoc, Rr, Xoc, Rr, Rr, Rr, Xoc, Rr, Rr, Rr, Rr, Rr, Xoc, _off^_usr, Xoc, Rr, Rr, Rr, Rr, Rr, Xoc, Rr, Rr, Rr, Xoc, Rr, Xoc, Xoc, Rr, Rr, Rr, Xoc, Rr, Rr, Rr, Xoc, _off^_usr, _off^_usr, _off^_usr
_off^_usr, _off^_usr, _off^_usr, Xoc, Rr, Xoc, Xoc, Xoc, Xoc, Rr, Xoc, Xoc, Rr, Xoc, Rr, Rr, Rr, Rr, Rr, Xoc, Xoc, Rr, Xoc, Rr, Xoc, _off^_usr, Xoc, Rr, Xoc, Rr, Xoc, Xoc, Rr, Rr, Rr, Rr, Rr, Xoc, Rr, Xoc, Xoc, Rr, Xoc, Xoc, Xoc, Xoc, Rr, Xoc, _off^_usr, _off^_usr, _off^_usr
_off^_usr, _off^_usr, _off^_usr, Xoc, Xoc, Rr, Rr, Rr, Rr, Rr, Rr, Rr, Rr, Rr, Rr, Xoc, Rr, Rr, Xoc, Xoc, Rr, Rr, Rr, Rr, Xoc, _off^_usr, Xoc, Rr, Rr, Rr, Rr, Xoc, Xoc, Rr, Rr, Xoc, Rr, Rr, Rr, Rr, Rr, Rr, Rr, Rr, Rr, Rr, Xoc, Xoc, _off^_usr, _off^_usr, _off^_usr
_off^_usr, _off^_usr, _off^_usr, _off^_usr, _off^_usr, Xoc, Xoc, Xoc, Xoc, Rr, Xoc, Rr, Rr, Xoc, Rr, Rr, Rr, Xoc, Rr, Rr, Rr, Xoc, Xoc, Rr, Rr, Xoc, Rr, Rr, Xoc, Xoc, Rr, Rr, Rr, Xoc, Rr, Rr, Rr, Xoc, Rr, Rr, Xoc, Rr, Xoc, Xoc, Xoc, Xoc, _off^_usr, _off^_usr, _off^_usr, _off^_usr, _off^_usr
_off^_usr, _off^_usr, _off^_usr, _off^_usr, _off^_usr, _off^_usr, _off^_usr, _off^_usr, _off^_usr, Xoc, _off^_usr, Xoc, Xoc, Rr, Rr, Xoc, Rr, Xoc, Xoc, Rr, Rr, Rr, Xoc, Rr, Rr, Xoc, Rr, Rr, Xoc, Rr, Rr, Rr, Xoc, Xoc, Rr, Xoc, Rr, Rr, Xoc, Xoc, _off^_usr, Xoc, _off^_usr, _off^_usr, _off^_usr, _off^_usr, _off^_usr, _off^_usr, _off^_usr, _off^_usr, _off^_usr
_off^_usr, _off^_usr, _off^_usr, _off^_usr, _off^_usr, _off^_usr, _off^_usr, _off^_usr, _off^_usr, _off^_usr, _off^_usr, _off^_usr, Xoc, Rr, Xoc, Rr, Rr, Rr, Xoc, Xoc, Rr, Rr, Rr, Xoc, Xoi, Xot^Efs, Xoi, Xoc, Rr, Rr, Rr, Xoc, Xoc, Rr, Rr, Rr, Xoc, Rr, Xoc, _off^_usr, _off^_usr, _off^_usr, _off^_usr, _off^_usr, _off^_usr, _off^_usr, _off^_usr, _off^_usr, _off^_usr, _off^_usr, _off^_usr
_off^_usr, _off^_usr, _off^_usr, _off^_usr, _off^_usr, _off^_usr, _off^_usr, _off^_usr, _off^_usr, _off^_usr, _off^_usr, _off^_usr, _off^_usr, Xoc, _off^_usr, Xoc, Rr, Rr, Rr, Rr, Rr, Rr, Rr^Pr/o, Xot^Efs, Qxu, _off^_usr, Qxu, Xot^Efs, Rr^Pr\o, Rr, Rr, Rr, Rr, Rr, Rr, Xoc, _off^_usr, Xoc, _off^_usr, _off^_usr, _off^_usr, _off^_usr, _off^_usr, _off^_usr, _off^_usr, _off^_usr, _off^_usr, _off^_usr, _off^_usr, _off^_usr, _off^_usr
_off^_usr, _off^_usr, _off^_usr, _off^_usr, _off^_usr, _off^_usr, _off^_usr, _off^_usr, _off^_usr, _off^_usr, _off^_usr, _off^_usr, _off^_usr, _off^_usr, _off^_usr, Xoc, Xoc, Rr, Xoc, Rr, Xot^Efs, Xot^Efs, Qxu^Bp/, Qxu, Qxu, _off^_usr, Qxu, Qxu, Qxu^Bp\, Xot^Efs, Xot^Efs, Rr, Xoc, Rr, Xoc, Xoc, _off^_usr, _off^_usr, _off^_usr, _off^_usr, _off^_usr, _off^_usr, _off^_usr, _off^_usr, _off^_usr, _off^_usr, _off^_usr, _off^_usr, _off^_usr, _off^_usr, _off^_usr
_off^_usr, _off^_usr, _off^_usr, _off^_usr, _off^_usr, _off^_usr, _off^_usr, _off^_usr, _off^_usr, _off^_usr, _off^_usr, _off^_usr, _off^_usr, _off^_usr, _off^_usr, _off^_usr, _off^_usr, Xoc, _off^_usr, Xot, Ce, Ce, Qxu, Qxu, Ias, _off^_usr, Ias, Qxu, Qxu, Ce, Ce, Xot, _off^_usr, Xoc, _off^_usr, _off^_usr, _off^_usr, _off^_usr, _off^_usr, _off^_usr, _off^_usr, _off^_usr, _off^_usr, _off^_usr, _off^_usr, _off^_usr, _off^_usr, _off^_usr, _off^_usr, _off^_usr, _off^_usr
_off^_usr, _off^_usr, _off^_usr, _off^_usr, _off^_usr, _off^_usr, _off^_usr, _off^_usr, _off^_usr, _off^_usr, _off^_usr, _off^_usr, _off^_usr, _off^_usr, _off^_usr, _off^_usr, Sm, Sm, Sm, Xot^Efs, Ce, Qxu, Ias, Ias, Ias, _off^_usr, Ias, Ias, Ias, Qxu, Ce, Xot^Efs, Sm, Sm, Sm, _off^_usr, _off^_usr, _off^_usr, _off^_usr, _off^_usr, _off^_usr, _off^_usr, _off^_usr, _off^_usr, _off^_usr, _off^_usr, _off^_usr, _off^_usr, _off^_usr, _off^_usr, _off^_usr
_off^_usr, _off^_usr, _off^_usr, _off^_usr, _off^_usr, _off^_usr, _off^_usr, _off^_usr, _off^_usr, _off^_usr, _off^_usr, _off^_usr, _off^_usr, _off^_usr, _off^_usr, Sm, Rb^Fdw, Rb, Sm, Sm, Ce, Ias, Ias, Ias, Ias, _off^_usr, Ias, Ias, Ias, Ias, Ce, Sm, Sm, Rb, Rb^Fdw, Sm, _off^_usr, _off^_usr, _off^_usr, _off^_usr, _off^_usr, _off^_usr, _off^_usr, _off^_usr, _off^_usr, _off^_usr, _off^_usr, _off^_usr, _off^_usr, _off^_usr, _off^_usr
_off^_usr, _off^_usr, _off^_usr, _off^_usr, _off^_usr, _off^_usr, _off^_usr, _off^_usr, _off^_usr, _off^_usr, _off^_usr, _off^_usr, _off^_usr, _off^_usr, _off^_usr, Sm, Gd^Fdw, Rb, Sm^Bw\r, Sm, Gs, Ce, Ce, Ket, Ce, _off^_usr, Ce, Ket, Ce, Ce, Gs, Sm, Sm^Bw/r, Rb, Gd^Fdw, Sm, _off^_usr, _off^_usr, _off^_usr, _off^_usr, _off^_usr, _off^_usr, _off^_usr, _off^_usr, _off^_usr, _off^_usr, _off^_usr, _off^_usr, _off^_usr, _off^_usr, _off^_usr
_off^_usr, _off^_usr, _off^_usr, _off^_usr, _off^_usr, _off^_usr, _off^_usr, _off^_usr, _off^_usr, _off^_usr, _off^_usr, _off^_usr, _off^_usr, _off^_usr, _off^_usr, _off^_usr, _off^_usr, _off^_usr, Sm, Gd, Gd, Gll^Fdf, Gs, Ce, Gs, _off^_usr, Gs, Ce, Gs, Gll^Fdf, Gd, Gd, Sm, _off^_usr, _off^_usr, _off^_usr, _off^_usr, _off^_usr, _off^_usr, _off^_usr, _off^_usr, _off^_usr, _off^_usr, _off^_usr, _off^_usr, _off^_usr, _off^_usr, _off^_usr, _off^_usr, _off^_usr, _off^_usr
_off^_usr, _off^_usr, _off^_usr, _off^_usr, _off^_usr, _off^_usr, _off^_usr, _off^_usr, _off^_usr, _off^_usr, _off^_usr, _off^_usr, _off^_usr, _off^_usr, Md^Xm, _off^_usr, Hhd, _off^_usr, Mm, Gll^Fdf, Hhd^Fdf, Gd, Gs, Gs, Hhd^Fdf, _off^_usr, Hhd^Fdf, Gs, Gs, Gd, Hhd^Fdf, Gll^Fdf, Mm, _off^_usr, Hhd, _off^_usr, Md^Xm, _off^_usr, _off^_usr, _off^_usr, _off^_usr, _off^_usr, _off^_usr, _off^_usr, _off^_usr, _off^_usr, _off^_usr, _off^_usr, _off^_usr, _off^_usr, _off^_usr
_off^_usr, _off^_usr, _off^_usr, _off^_usr, _off^_usr, _off^_usr, _off^_usr, _off^_usr, _off^_usr, _off^_usr, _off^_usr, _off^_usr, Md^Xm, Md^Xm, Mm, Gll^Fdf, Gll^Fdf, Hhd^Fdf, Mm, Hhd, Gll, Gs, Gs, Gs^Dr, Gll^Fdf, _off^_usr, Gll^Fdf, Gs^Dr, Gs, Gs, Gll, Hhd, Mm, Hhd^Fdf, Gll^Fdf, Gll^Fdf, Mm, Md^Xm, Md^Xm, _off^_usr, _off^_usr, _off^_usr, _off^_usr, _off^_usr, _off^_usr, _off^_usr, _off^_usr, _off^_usr, _off^_usr, _off^_usr, _off^_usr
Qlf, Qlf, Qlf, Qlf, Qlf, Qlf, Qlf, Qlf, Qlf, Qlf, Qlf, Md^Xm, Qlf, Qlf, Qlf, Qlf, Qlf, Qlf, Qlf, Qlf, Qlf, Qlf, Qlf, Qlf, Qlf, _off^_usr, Qlf, Qlf, Qlf, Qlf, Qlf, Qlf, Qlf, Qlf, Qlf, Qlf, Qlf, Qlf, Qlf, Md^Xm, Qlf, Qlf, Qlf, Qlf, Qlf, Qlf, Qlf, Qlf, Qlf, Qlf, Qlf
Qlf, Qlf, Qlf, Qlf, Qlf, Qlf, Qlf, Qlf, Qlf, Qlf, Qlf, Qlf, Qlf, Qlf, Qlf, Qlf, Qlf, Qlf, Qlf, Qlf, Qlf, Qlf, Qlf, Qlf, Qlf, _off^_usr, Qlf, Qlf, Qlf, Qlf, Qlf, Qlf, Qlf, Qlf, Qlf, Qlf, Qlf, Qlf, Qlf, Qlf, Qlf, Qlf, Qlf, Qlf, Qlf, Qlf, Qlf, Qlf, Qlf, Qlf, Qlf
Qlf, Qlf, Qlf, Qlf, Qlf, Qlf, Qlf, Qlf, Qlf, Qlf, Qlf, Qlf, Qlf, Qlf, Qlf, Qlf, Qlf, Qlf, Qlf, Qlf, Qlf, Qlf, Qlf, Qlf, Qlf, _off^_usr, Qlf, Qlf, Qlf, Qlf, Qlf, Qlf, Qlf, Qlf, Qlf, Qlf, Qlf, Qlf, Qlf, Qlf, Qlf, Qlf, Qlf, Qlf, Qlf, Qlf, Qlf, Qlf, Qlf, Qlf, Qlf
