_off^_usr, _off^_usr, _off^_usr, _off^_usr, _off^_usr, _off^_usr, _off^_usr, _off^_usr, _off^_usr, _off^_usr, _off^_usr, _off^_usr, Sm, Sm^Fdw, Sm^Fdw, Hhd^Fdw, Rb, Rb, Sm, Sm^Fdw, Rb, Rb, Rb, Rb, Rb, Sm^Fdw, _off^_usr, Sm^Fdw, Rb, Rb, Rb, Rb, Rb, Sm^Fdw, Sm, Rb, Rb, Hhd^Fdw, Sm^Fdw, Sm^Fdw, Sm, _off^_usr, _off^_usr, _off^_usr, _off^_usr, _off^_usr, _off^_usr, _off^_usr, _off^_usr, _off^_usr, _off^_usr, _off^_usr, _off^_usr
_off^_usr, _off^_usr, _off^_usr, _off^_usr, _off^_usr, _off^_usr, _off^_usr, _off^_usr, Xoc, Xoc, Xoc, _off^_usr, _off^_usr, Sm, Sm^Fdw, Sm^Fdw, Sm^Vhs, Sm, Wwf, Sm, Rb, Rb, Sm^Tf, Sm, Sm^Bw|r, Sm^Fdw, _off^_usr, Sm^Fdw, Sm^Bw|r, Sm, Sm^Tf, Rb, Rb, Sm, Wwf, Sm, Sm^Vhs, Sm^Fdw, Sm^Fdw, Sm, _off^_usr, _off^_usr, Xoc, Xoc, Xoc, _off^_usr, _off^_usr, _off^_usr, _off^_usr, _off^_usr, _off^_usr, _off^_usr, _off^_usr
_off^_usr, _off^_usr, _off^_usr, _off^_usr, _off^_usr, _off^_usr, Xoc, Xoc, Isr, Isr, Isr, Xoc, _off^_usr, Sm^Fdw, Sm^Tf, Sm, Wwf, Wwg, Wwf, Sm^Fdw, Sm, Rb, Sm, Sm, Sm^Bw|r, Sm^Fdw, _off^_usr, Sm^Fdw, Sm^Bw|r, Sm, Sm, Rb, Sm, Sm^Fdw, Wwf, Wwg, Wwf, Sm, Sm^Tf, Sm^Fdw, _off^_usr, Xoc, Isr, Isr, Isr, Xoc, Xoc, _off^_usr, _off^_usr, _off^_usr, _off^_usr, _off^_usr, _off^_usr
_off^_usr, _off^_usr, _off^_usr, _off^_usr, _off^_usr, Xoc, Isr, Isr, Isr, Isr, Isr, Xoc, _off^_usr, Sm, Hhd, Sm^Fdw, Wwf, Wwf, Wwf, Sm^Fdw, Sm, Sm^Bw|r, Wwg^Bw\r, Sm^Bw/r, Wwf, Sm, _off^_usr, Sm, Wwf, Sm^Bw\r, Wwg^Bw/r, Sm^Bw|r, Sm, Sm^Fdw, Wwf, Wwf, Wwf, Sm^Fdw, Hhd, Sm, _off^_usr, Xoc, Isr, Isr, Isr, Isr, Isr, Xoc, _off^_usr, _off^_usr, _off^_usr, _off^_usr, _off^_usr
_off^_usr, _off^_usr, _off^_usr, _off^_usr, _off^_usr, Xoc, Isr, Isr, Isr, Isr, Xoc, Xoc, Sm, Sm, Sm^Fdw, Sm, Sm, Sm^Fdw, Sm, Sm, Sm^Fdw, Sm^Fdw, Sm^Bw|r, Wwf^Bw\r, Sm^Bw\r, Sm, Isa^Xo, Sm, Sm^Bw/r, Wwf^Bw/r, Sm^Bw|r, Sm^Fdw, Sm^Fdw, Sm, Sm, Sm^Fdw, Sm, Sm, Sm^Fdw, Sm, Sm, Xoc, Xoc, Isr, Isr, Isr, Isr, Xoc, _off^_usr, _off^_usr, _off^_usr, _off^_usr, _off^_usr
_off^_usr, _off^_usr, _off^_usr, _off^_usr, _off^_usr, Xoc, Xoc, Isr, Isr, Isr, Xoc, _off^_usr, Sm^Fdw, Hhd, Sm, Sm, Isa, Sm^Fdw, Sm^Fdw, Sm^Tf, Sm, Sm, Sm^Bw|r, Sm^Fdw, Isa, Isa, _off^_usr, Isa, Isa, Sm^Fdw, Sm^Bw|r, Sm, Sm, Sm^Tf, Sm^Fdw, Sm^Fdw, Isa, Sm, Sm, Hhd, Sm^Fdw, _off^_usr, Xoc, Isr, Isr, Isr, Xoc, Xoc, _off^_usr, _off^_usr, _off^_usr, _off^_usr, _off^_usr
_off^_usr, _off^_usr, _off^_usr, _off^_usr, _off^_usr, _off^_usr, _off^_usr, Xoc, Xoc, Isr, Isr, Xoc, Rb^Fdw, Sm^Fdw, Isa, Isa, Cer, Isa, Sm^Fdw, Sm^Fdw, Isa, Sm, Isa, Isa, Sm, _off^_usr, _off^_usr, _off^_usr, Sm, Isa, Isa, Sm, Isa, Sm^Fdw, Sm^Fdw, Isa, Cer, Isa, Isa, Sm^Fdw, Rb^Fdw, Xoc, Isr, Isr, Xoc, Xoc, _off^_usr, _off^_usr, _off^_usr, _off^_usr, _off^_usr, _off^_usr, _off^_usr
_off^_usr, _off^_usr, _off^_usr, _off^_usr, _off^_usr, _off^_usr, _off^_usr, _off^_usr, _off^_usr, Xoc, Isa, Rb, Isa, Sm^Fdw, Isa, Cer, Ker, Isa, Isa, Isa, Sm, Isa, Isa, Isa, Sm, Sm^Fdw, _off^_usr, Sm^Fdw, Sm, Isa, Isa, Isa, Sm, Isa, Isa, Isa, Ker, Cer, Isa, Sm^Fdw, Isa, Rb, Isa, Xoc, _off^_usr, _off^_usr, _off^_usr, _off^_usr, _off^_usr, _off^_usr, _off^_usr, _off^_usr, _off^_usr
_off^_usr, _off^_usr, _off^_usr, _off^_usr, _off^_usr, _off^_usr, _off^_usr, _off^_usr, _off^_usr, Isa, Sm, Isa, Isa, Isa, Sm^Fdw, Cer, Rb, Cer, Sm, Sm, Sm^Fdw, Sm, Sm, Sm, Sm^Tf, Sm^Fdw, _off^_usr, Sm^Fdw, Sm^Tf, Sm, Sm, Sm, Sm^Fdw, Sm, Sm, Cer, Rb, Cer, Sm^Fdw, Isa, Isa, Isa, Sm, Isa, _off^_usr, _off^_usr, _off^_usr, _off^_usr, _off^_usr, _off^_usr, _off^_usr, _off^_usr, _off^_usr
_off^_usr, _off^_usr, _off^_usr, _off^_usr, _off^_usr, _off^_usr, _off^_usr, _off^_usr, _off^_usr, Sm, Sm, Sm^Fdw, Isa, Sm, Sm^Fdw, Sm, Rb, Sm, Sm, Sm^Fdw, Sm^Fdw, Hhd^Fdw, Sm, Sm^Fdw, Sm^Tf, _off^_usr, _off^_usr, _off^_usr, Sm^Tf, Sm^Fdw, Sm, Hhd^Fdw, Sm^Fdw, Sm^Fdw, Sm, Sm, Rb, Sm, Sm^Fdw, Sm, Isa, Sm^Fdw, Sm, Sm, _off^_usr, _off^_usr, _off^_usr, _off^_usr, _off^_usr, _off^_usr, _off^_usr, _off^_usr, _off^_usr
