_off^_usr, _off^_usr, _off^_usr, Xoc, Rr, Rr, Rr, Rr, Rr, Xoc, Rr, Xoc, Xoc, Xoc, Rr, Rr, Rr, Rr, Rr, Rr, Rr, Xoc, Rr, Xoc, Xoc, _off^_usr, Xoc, Xoc, Rr, Xoc, Rr, Rr, Rr, Rr, Rr, Rr, Rr, Xoc, Xoc, Xoc, Rr, Xoc, Rr, Rr, Rr, Rr, Rr, Xoc, _off^_usr, _off^_usr, _off^_usr
_off^_usr, _off^_usr, _off^_usr, Xoc, Rr, Rr, Rr, Rr, Xoc, Xoc, Rr, Rr, Xoc, Rr, Rr, Ce, Rr, Rr, Xoc, Xoc, Rr, Rr, Rr, Rr, Rr, Xoc, Rr, Rr, Rr, Rr, Rr, Xoc, Xoc, Rr, Rr, Ce, Rr, Rr, Xoc, Rr, Rr, Xoc, Xoc, Rr, Rr, Rr, Rr, Xoc, _off^_usr, _off^_usr, _off^_usr
_off^_usr, _off^_usr, _off^_usr, Xoc, Xoc, Rr, Rr, Rr, Xoc, Rr, Rr, Rr, Rr, Rr, Rr, Rr, Xoc^Efs, Xoc^Efs, Rr, Xoc, Xoc, Rr, Rr, Rr, Xoc, Xoc, Xoc, Rr, Rr, Rr, Xoc, Xoc, Rr, Xoc^Efs, Xoc^Efs, Rr, Rr, Rr, Rr, Rr, Rr, Rr, Xoc, Rr, Rr, Rr, Xoc, Xoc, _off^_usr, _off^_usr, _off^_usr
_off^_usr, _off^_usr, _off^_usr, _off^_usr, _off^_usr, Xoc, Rr, Rr, Xoc, Xoc, Rr, Rr, Rr, Rr, Rr, Xoc, Rr, Rr, Rr, Rr, Rr, Xoc, Xoc^Efs, Xoc, Xoc, _off^_usr, Xoc, Xoc, Xoc^Efs, Xoc, Rr, Rr, Rr, Rr, Rr, Xoc, Rr, Rr, Rr, Rr, Rr, Xoc, Xoc, Rr, Rr, Xoc, _off^_usr, _off^_usr, _off^_usr, _off^_usr, _off^_usr
_off^_usr, _off^_usr, _off^_usr, _off^_usr, _off^_usr, Xoc, Rr, Rr, Xoc, Rr, Rr, Rr, Rr, Rr, Xoc, Xoc, Xoc, Rr, Rr, Rr, Rr, Rr, Rr, Rr, Xoc, _off^_usr, Xoc, Rr, Rr, Rr, Rr, Rr, Rr, Rr, Xoc, Xoc, Xoc, Rr, Rr, Rr, Rr, Rr, Xoc, Rr, Rr, Xoc, _off^_usr, _off^_usr, _off^_usr, _off^_usr, _off^_usr
_off^_usr, _off^_usr, _off^_usr, _off^_usr, _off^_usr, Xoc, Rr, Rr, Xoc, Rr, Rr, Rr, Rr, Rr, Rr, Rr, Xoc, Rr, Rr, Rr, Xoc, Rr, Rr, Xoc, _off^_usr, _off^_usr, _off^_usr, Xoc, Rr, Rr, Xoc, Rr, Rr, Rr, Xoc, Rr, Rr, Rr, Rr, Rr, Rr, Rr, Xoc, Rr, Rr, Xoc, _off^_usr, _off^_usr, _off^_usr, _off^_usr, _off^_usr
_off^_usr, _off^_usr, _off^_usr, _off^_usr, Xoc, Xoc, Rr, Rr, Rr, Xoc, Xoc, Rr, Rr, Rr, Rr, Rr, Rr, Xoc, Xoc, Rr, Xoc, Rr^Pw|o, Xoc, Xoc, _off^_usr, _off^_usr, _off^_usr, Xoc, Xoc, Rr^Pw|o, Xoc, Rr, Xoc, Xoc, Rr, Rr, Rr, Rr, Rr, Rr, Xoc, Xoc, Rr, Rr, Rr, Xoc, Xoc, _off^_usr, _off^_usr, _off^_usr, _off^_usr
_off^_usr, _off^_usr, _off^_usr, _off^_usr, Xoc, Rr, Rr, Rr, Rr, Rr, Rr, Rr, Xoc, Rr, Rr, Rr, Rr, Rr, Ce, Xoc, Ce, Rr, Xoc, _off^_usr, _off^_usr, _off^_usr, _off^_usr, _off^_usr, Xoc, Rr, Ce, Xoc, Ce, Rr, Rr, Rr, Rr, Rr, Rr, Xoc, Rr, Rr, Rr, Rr, Rr, Rr, Xoc, _off^_usr, _off^_usr, _off^_usr, _off^_usr
_off^_usr, _off^_usr, _off^_usr, _off^_usr, Xoc, Rr, Rr, Rr, Rr, Rr, Xoc, Rr, Xoc, Rr, Xoc, Xoc, Xoc, Rr, Ce, Ket, Ce, Ce, Xoc, _off^_usr, _off^_usr, _off^_usr, _off^_usr, _off^_usr, Xoc, Ce, Ce, Ket, Ce, Rr, Xoc, Xoc, Xoc, Rr, Xoc, Rr, Xoc, Rr, Rr, Rr, Rr, Rr, Xoc, _off^_usr, _off^_usr, _off^_usr, _off^_usr
_off^_usr, _off^_usr, _off^_usr, _off^_usr, Xoc, Rr, Rr, Rr, Xoc, Xoc, Rr, Xoc, Rr, Xoc, Rr, Rr, Rr, Rr, Rr, Ce, Rr, Xoc, _off^_usr, _off^_usr, _off^_usr, _off^_usr, _off^_usr, _off^_usr, _off^_usr, Xoc, Rr, Ce, Rr, Rr, Rr, Rr, Rr, Xoc, Rr, Xoc, Rr, Xoc, Xoc, Rr, Rr, Rr, Xoc, _off^_usr, _off^_usr, _off^_usr, _off^_usr
