_off^_usr, _off^_usr, _off^_usr, _off^_usr, _off^_usr, _off^_usr, _off^_usr, _off^_usr, _off^_usr, _off^_usr, _off^_usr, _off^_usr, _off^_usr, _off^_usr, _off^_usr, _off^_usr, _off^_usr, _off^_usr, _off^_usr, _off^_usr, _off^_usr, _off^_usr, _off^_usr, _off^_usr, _off^_usr, _off^_usr, _off^_usr, _off^_usr, _off^_usr, _off^_usr, _off^_usr, _off^_usr, _off^_usr, _off^_usr, _off^_usr, _off^_usr, _off^_usr, _off^_usr, _off^_usr, _off^_usr, _off^_usr, _off^_usr, _off^_usr, _off^_usr, _off^_usr, _off^_usr, _off^_usr, _off^_usr, _off^_usr, _off^_usr, _off^_usr, _off^_usr, _off^_usr
_off^_usr, _off^_usr, _off^_usr, _off^_usr, _off^_usr, _off^_usr, _off^_usr, _off^_usr, _off^_usr, _off^_usr, _off^_usr, _off^_usr, _off^_usr, _off^_usr, _off^_usr, _off^_usr, _off^_usr, _off^_usr, _off^_usr, _off^_usr, _off^_usr, _off^_usr, _off^_usr, _off^_usr, _off^_usr, _off^_usr, _off^_usr, _off^_usr, _off^_usr, _off^_usr, _off^_usr, _off^_usr, _off^_usr, _off^_usr, _off^_usr, _off^_usr, _off^_usr, _off^_usr, _off^_usr, _off^_usr, _off^_usr, _off^_usr, _off^_usr, _off^_usr, _off^_usr, _off^_usr, _off^_usr, _off^_usr, _off^_usr, _off^_usr, _off^_usr, _off^_usr, _off^_usr
_off^_usr, _off^_usr, _off^_usr, _off^_usr, _off^_usr, _off^_usr, _off^_usr, _off^_usr, _off^_usr, _off^_usr, _off^_usr, _off^_usr, _off^_usr, _off^_usr, _off^_usr, _off^_usr, _off^_usr, _off^_usr, _off^_usr, _off^_usr, _off^_usr, _off^_usr, _off^_usr, _off^_usr, _off^_usr, _off^_usr, _off^_usr, _off^_usr, _off^_usr, _off^_usr, _off^_usr, _off^_usr, _off^_usr, _off^_usr, _off^_usr, _off^_usr, _off^_usr, _off^_usr, _off^_usr, _off^_usr, _off^_usr, _off^_usr, _off^_usr, _off^_usr, _off^_usr, _off^_usr, _off^_usr, _off^_usr, _off^_usr, _off^_usr, _off^_usr, _off^_usr, _off^_usr
_off^_usr, _off^_usr, _off^_usr, _off^_usr, _off^_usr, _off^_usr, _off^_usr, _off^_usr, _off^_usr, _off^_usr, _off^_usr, _off^_usr, _off^_usr, _off^_usr, _off^_usr, _off^_usr, _off^_usr, _off^_usr, _off^_usr, _off^_usr, _off^_usr, _off^_usr, _off^_usr, _off^_usr, _off^_usr, _off^_usr, _off^_usr, _off^_usr, _off^_usr, _off^_usr, _off^_usr, _off^_usr, _off^_usr, _off^_usr, _off^_usr, _off^_usr, _off^_usr, _off^_usr, _off^_usr, _off^_usr, _off^_usr, _off^_usr, _off^_usr, _off^_usr, _off^_usr, _off^_usr, _off^_usr, _off^_usr, _off^_usr, _off^_usr, _off^_usr, _off^_usr, _off^_usr
_off^_usr, _off^_usr, _off^_usr, _off^_usr, _off^_usr, _off^_usr, _off^_usr, _off^_usr, Ha, _off^_usr, _off^_usr, _off^_usr, _off^_usr, _off^_usr, Aa^Fpa, _off^_usr, Aa^Fpa, _off^_usr, Aa^Fpa, Ms, Ms, Ms, Ha, Aa^Fpa, Aa^Fpa, Ha, Ha, Ha, Aa^Fpa, Aa^Fpa, Ha, Ms, Ms, Ms, Aa^Fpa, _off^_usr, Aa^Fpa, _off^_usr, Aa^Fpa, _off^_usr, _off^_usr, _off^_usr, _off^_usr, _off^_usr, Ha, _off^_usr, _off^_usr, _off^_usr, _off^_usr, _off^_usr, _off^_usr, _off^_usr, _off^_usr
_off^_usr, _off^_usr, _off^_usr, _off^_usr, _off^_usr, _off^_usr, Aa^Fpa, Ha, Ms, Ha, Ha, Ha, Aa, Aa^Fpa, Aa^Fpa, Aa^Fpa, Aa^Fpa, Aa^Fpa, Aa^Fpa, Ms, Ha, Ha, Wwf, Ha, Wwf, Cha, Cha, Cha, Wwf, Ha, Wwf, Ha, Ha, Ms, Aa^Fpa, Aa^Fpa, Aa^Fpa, Aa^Fpa, Aa^Fpa, Aa^Fpa, Aa, Ha, Ha, Ha, Ms, Ha, Aa^Fpa, _off^_usr, _off^_usr, _off^_usr, _off^_usr, _off^_usr, _off^_usr
_off^_usr, _off^_usr, _off^_usr, _off^_usr, _off^_usr, _off^_usr, Aa^Fpa, Ha, Ms, Ms, Ms, Ha, Aa^Fpa, Aa, Aa, Aa^Fpa, Aa, Aa^Fpa, Aa^Vla, Ha, Aa^Fpa, Ha, Rr, Wwf, Wwf^Bw/, Cha, Kha, Cha, Wwf^Bw\, Wwf, Rr, Ha, Aa^Fpa, Ha, Aa^Vla, Aa^Fpa, Aa, Aa^Fpa, Aa, Aa, Aa^Fpa, Ha, Ms, Ms, Ms, Ha, Aa^Fpa, _off^_usr, _off^_usr, _off^_usr, _off^_usr, _off^_usr, _off^_usr
_off^_usr, _off^_usr, _off^_usr, _off^_usr, _off^_usr, _off^_usr, Aa^Fpa, Aa, Aa^Fpa, Ms, Ms, Aa, Kva, Aa^Fpa, Cha, Aa, Rr, Aa^Fpa, Rr, Rr, Rr, Rr, Rr, Rr, Wwf, Wwf, Cha, Wwf, Wwf, Rr, Rr, Rr, Rr, Rr, Rr, Aa^Fpa, Rr, Aa, Cha, Aa^Fpa, Kva, Aa, Ms, Ms, Aa^Fpa, Aa, Aa^Fpa, _off^_usr, _off^_usr, _off^_usr, _off^_usr, _off^_usr, _off^_usr
_off^_usr, _off^_usr, _off^_usr, _off^_usr, _off^_usr, _off^_usr, Cha, Cha, Cha, Aa^Fpa, Cha, Cha, Cha, Cha, Cha, Aa^Fpa, Rr, Rr, Rr, Rr, Rr, Rr, Ai, Cea, Wwf, Ds, Ds, Ds, Wwf, Cea, Ai, Rr, Rr, Rr, Rr, Rr, Rr, Aa^Fpa, Cha, Cha, Cha, Cha, Cha, Aa^Fpa, Cha, Cha, Cha, _off^_usr, _off^_usr, _off^_usr, _off^_usr, _off^_usr, _off^_usr
_off^_usr, _off^_usr, _off^_usr, _off^_usr, _off^_usr, _off^_usr, Cha, Rrc^Vhca, Aa, Cha, Rrc^Vhca, Aa^Fpa, Rrc, Rrc^Vhca, Aa, Cha, Cha, Rr, Aa^Fpa, Aa^Fpa, Aa^Fpa, Aa^Vca, Ai, Wwf, Ds, Ds, Ds, Ds, Ds, Wwf, Ai, Aa^Vca, Aa^Fpa, Aa^Fpa, Aa^Fpa, Rr, Cha, Cha, Aa, Rrc^Vhca, Rrc, Aa^Fpa, Rrc^Vhca, Cha, Aa, Rrc^Vhca, Cha, _off^_usr, _off^_usr, _off^_usr, _off^_usr, _off^_usr, _off^_usr
_off^_usr, _off^_usr, _off^_usr, _off^_usr, _off^_usr, _off^_usr, Cha, Aa, Rrc^Vhca, Aa, Rrc, Aa, Rrc, Rrc, Rrc^Vhca, Rrc^Vhca, Cha, Aa^Fpa, Wwf, Wwf, Ai, Ai, Wwrg, Wwf, Wwf, Ds, Cea, Ds, Wwf, Wwf, Wwrg, Ai, Ai, Wwf, Wwf, Aa^Fpa, Cha, Rrc^Vhca, Rrc^Vhca, Rrc, Rrc, Aa, Rrc, Aa, Rrc^Vhca, Aa, Cha, _off^_usr, _off^_usr, _off^_usr, _off^_usr, _off^_usr, _off^_usr
_off^_usr, _off^_usr, _off^_usr, _off^_usr, _off^_usr, _off^_usr, Cha, Rrc, Aa, Rrc, Rrc^Vhca, Rrc, Kha, Aa, Cha, Cha, Aa^Fpa, Aa^Fpa, Ai, Wwf, Wwg, Wwf, Wwf, Wwf, Wwrg, Wwrg, Wwf, Wwrg, Wwrg, Wwf, Wwf, Wwf, Wwg, Wwf, Ai, Aa^Fpa, Aa^Fpa, Cha, Cha, Aa, Kha, Rrc, Rrc^Vhca, Rrc, Aa, Rrc, Cha, _off^_usr, _off^_usr, _off^_usr, _off^_usr, _off^_usr, _off^_usr
_off^_usr, _off^_usr, _off^_usr, _off^_usr, _off^_usr, _off^_usr, Cha, Rrc, Cha, Rrc, Cha, Cha, Cha, Cha, Rr, Rr, Rr, Aa^Fpa, Ai, Wwf, Wwg, Wwg, Gs^Fms, Gs^Fms, Hh, Wwf, _off^_usr, Wwf, Hh, Gs^Fms, Gs^Fms, Wwg, Wwg, Wwf, Ai, Aa^Fpa, Rr, Rr, Rr, Cha, Cha, Cha, Cha, Rrc, Cha, Rrc, Cha, _off^_usr, _off^_usr, _off^_usr, _off^_usr, _off^_usr, _off^_usr
_off^_usr, _off^_usr, _off^_usr, _off^_usr, _off^_usr, _off^_usr, Aa^Fpa, Cha, Aa, Cha, Aa^Fpa, Aa^Fpa, Aa^Fpa, Aa^Fpa, Rr, Rr, Rr, Aa^Fpa, Ai, Wwf, Wwg, Gs^Fms, Gs^Fms, Hh, Mm, Hh, _off^_usr, Hh, Mm, Hh, Gs^Fms, Gs^Fms, Wwg, Wwf, Ai, Aa^Fpa, Rr, Rr, Rr, Aa^Fpa, Aa^Fpa, Aa^Fpa, Aa^Fpa, Cha, Aa, Cha, Aa^Fpa, _off^_usr, _off^_usr, _off^_usr, _off^_usr, _off^_usr, _off^_usr
_off^_usr, _off^_usr, _off^_usr, _off^_usr, _off^_usr, _off^_usr, Ha, Aa^Fpa, Aa^Fma, Aa^Fpa, Aa^Fpa, Aa^Fpa, Aa^Fpa, Aa^Fpa, Aa^Fpa, Rr, Rr, Aa^Fpa, Wwf, Ai, Wwrg, Wwf, Gs^Fms, Hh, Gs^Fds, Mm, _off^_usr, Mm, Gs^Fds, Hh, Gs^Fms, Wwf, Wwrg, Ai, Wwf, Aa^Fpa, Rr, Rr, Aa^Fpa, Aa^Fpa, Aa^Fpa, Aa^Fpa, Aa^Fpa, Aa^Fpa, Aa^Fpa, Aa^Fpa, Ha, _off^_usr, _off^_usr, _off^_usr, _off^_usr, _off^_usr, _off^_usr
_off^_usr, _off^_usr, _off^_usr, _off^_usr, _off^_usr, _off^_usr, Aa^Fpa, Ha, Aa^Fma, Aa^Fma, Ms, Ha, Ha, Aa^Vea, Ai, Ai, Wwg, Wwg^Bsb\, Wwg^Bsb\, Wwg, Wwg, Wwg, Wwf, Wwf, Gs^Fds, Mm, _off^_usr, Mm, Gs^Fds, Wwf, Wwf, Wwg, Wwg, Wwg, Wwg^Bsb/, Wwg^Bsb/, Wwg, Ai, Ai, Aa^Vea, Ha, Ha, Ms, Aa^Fpa, Aa^Fpa, Ha, Aa^Fpa, _off^_usr, _off^_usr, _off^_usr, _off^_usr, _off^_usr, _off^_usr
_off^_usr, _off^_usr, _off^_usr, _off^_usr, _off^_usr, _off^_usr, Mm, Ms, Aa, Ms, Mm, Mm, Aa, Wwf, Ai, Wwf, Wwg, Wwg, Wwg, Wwg^Bsb\, Gg, Gg, Gg, Gg, Gg, Hh, _off^_usr, Hh, Gg, Gg, Gg, Gg, Gg, Wwg^Bsb/, Wwg, Wwg, Wwg, Wwf, Ai, Wwf, Aa, Mm, Mm, Ms, Aa, Ms, Mm, _off^_usr, _off^_usr, _off^_usr, _off^_usr, _off^_usr, _off^_usr
_off^_usr, _off^_usr, _off^_usr, _off^_usr, _off^_usr, _off^_usr, Mm, Mm, Mm, Mm, Hh, Hh, Wwf, Ai, Wwf, Wwf, Wwf, Wwg, Wwf, Chr, Gg, Gg, Gs^Fds, Gg, Gs^Fds, Gg, _off^_usr, Gg, Gs^Fds, Gg, Gs^Fds, Gg, Gg, Chr, Wwf, Wwg, Wwf, Wwf, Wwf, Ai, Wwf, Hh, Hh, Mm, Mm, Mm, Mm, _off^_usr, _off^_usr, _off^_usr, _off^_usr, _off^_usr, _off^_usr
_off^_usr, _off^_usr, _off^_usr, _off^_usr, _off^_usr, _off^_usr, Hh, Mm, Hh, Mm, Hh, Wwf, Wwg, Wwf, Wwf, Wwf, Gs^Fds, Wwf, Hh, Gs^Fds, Gs^Fds, Gs^Fds, Gg, Gg, Gs^Fds, Gg, _off^_usr, Gg, Gs^Fds, Gg, Gg, Gs^Fds, Gs^Fds, Gs^Fds, Hh, Wwf, Gs^Fds, Wwf, Wwf, Wwf, Wwg, Wwf, Hh, Mm, Hh, Mm, Hh, _off^_usr, _off^_usr, _off^_usr, _off^_usr, _off^_usr, _off^_usr
_off^_usr, _off^_usr, _off^_usr, _off^_usr, _off^_usr, _off^_usr, Ss, Hh, Gs^Ft, Hh, Wwrg, Wwrg, Wwg, Wwg, Ss, Gs^Fds, Hh, Hh, Mm, Gs^Fds, Gs^Fds, Gs^Fds, Gg, Gs^Fds, Gg^Ve, Gg, _off^_usr, Gg, Gg^Ve, Gs^Fds, Gg, Gs^Fds, Gs^Fds, Gs^Fds, Mm, Hh, Hh, Gs^Fds, Ss, Wwg, Wwg, Wwrg, Wwrg, Hh, Gs^Ft, Hh, Ss, _off^_usr, _off^_usr, _off^_usr, _off^_usr, _off^_usr, _off^_usr
_off^_usr, _off^_usr, _off^_usr, _off^_usr, _off^_usr, _off^_usr, Ss, Gs^Ft, Gs^Ft, Ss, Wwrg, Wwg, Wwg, Wwrg, Ss, Gs^Fds, Gs^Fds, Hh, Mm, Mm, Mm, Gs^Fds, Gs^Fds, Gg, Gg, Gg, _off^_usr, Gg, Gg, Gg, Gs^Fds, Gs^Fds, Mm, Mm, Mm, Hh, Gs^Fds, Gs^Fds, Ss, Wwrg, Wwg, Wwg, Wwrg, Ss, Gs^Ft, Gs^Ft, Ss, _off^_usr, _off^_usr, _off^_usr, _off^_usr, _off^_usr, _off^_usr
_off^_usr, _off^_usr, _off^_usr, _off^_usr, _off^_usr, _off^_usr, Ss, Ss, Chs, Ss, Wwf, Wwg, Wwg, Ss, Wwrg, Ss, Wwrg, Gs^Fds, Hh, Mm, Gs^Fds, Gs^Fds, Gs^Fds, Gs^Fms, Gg, Gs^Fms, _off^_usr, Gs^Fms, Gg, Gs^Fms, Gs^Fds, Gs^Fds, Gs^Fds, Mm, Hh, Gs^Fds, Wwrg, Ss, Wwrg, Ss, Wwg, Wwg, Wwf, Ss, Chs, Ss, Ss, _off^_usr, _off^_usr, _off^_usr, _off^_usr, _off^_usr, _off^_usr
_off^_usr, _off^_usr, _off^_usr, _off^_usr, _off^_usr, _off^_usr, Khs, Chs, Ss^Vhs, Wwf, Wwf, Wwg, Wwg, Wwg, Wwg, Wwg, Ss, Ss^Vhs, Ss, Hh, Gs^Fds, Gs^Fds, Gs^Fds, Gg, Gs^Fms, Hh, _off^_usr, Hh, Gs^Fms, Gg, Gs^Fds, Gs^Fds, Gs^Fds, Hh, Ss, Ss^Vhs, Ss, Wwg, Wwg, Wwg, Wwg, Wwg, Wwf, Wwf, Ss^Vhs, Chs, Khs, _off^_usr, _off^_usr, _off^_usr, _off^_usr, _off^_usr, _off^_usr
_off^_usr, _off^_usr, _off^_usr, _off^_usr, _off^_usr, _off^_usr, Gs^Ft, Chs, Ss, Wwf, Wwf, Ss, Wwrg, Ss, Ss, Ss, Gs^Ft, Ss, Ss, Ss, Gs^Fds, Gs^Fds, Gs^Fms, Gg, Hh, Hh, _off^_usr, Hh, Hh, Gg, Gs^Fms, Gs^Fds, Gs^Fds, Ss, Ss, Ss, Gs^Ft, Ss, Ss, Ss, Wwrg, Ss, Wwf, Wwf, Ss, Chs, Gs^Ft, _off^_usr, _off^_usr, _off^_usr, _off^_usr, _off^_usr, _off^_usr
_off^_usr, _off^_usr, _off^_usr, _off^_usr, _off^_usr, _off^_usr, Gs^Ft, Gs^Ft, Ss, Ss, Wwf, Ss, Wwf, Wwrg, Ss, Gs^Ft, Gs^Ft, Ss, Gg, Gg, Gg, Gg, Gg, Gg, Gs^Fms, Gs^Fms, _off^_usr, Gs^Fms, Gs^Fms, Gg, Gg, Gg, Gg, Gg, Gg, Ss, Gs^Ft, Gs^Ft, Ss, Wwrg, Wwf, Ss, Wwf, Ss, Ss, Gs^Ft, Gs^Ft, _off^_usr, _off^_usr, _off^_usr, _off^_usr, _off^_usr, _off^_usr
_off^_usr, _off^_usr, _off^_usr, _off^_usr, _off^_usr, _off^_usr, Ss, Ss, Gs^Ft, Gs^Ft, Ss, Wwf, Ss, Wwf, Wwf, Ss, Ss, Ss, Gs^Fms, Gg, Gs^Fms, Gs^Fms, Hh, Gs^Fms, Gs^Fms, Gs^Fms, _off^_usr, Gs^Fms, Gs^Fms, Gs^Fms, Hh, Gs^Fms, Gs^Fms, Gg, Gs^Fms, Ss, Ss, Ss, Wwf, Wwf, Ss, Wwf, Ss, Gs^Ft, Gs^Ft, Ss, Ss, _off^_usr, _off^_usr, _off^_usr, _off^_usr, _off^_usr, _off^_usr
_off^_usr, _off^_usr, _off^_usr, _off^_usr, _off^_usr, _off^_usr, Hh, Ss, Ss, Ss, Gs^Ft, Ss, Gs^Ft, Ss, Ss, Wwf, Gg, Gs^Fms, Gg, Gg, Hh, Gs^Fms, Hh, Mm, Mm, Mm, _off^_usr, Mm, Mm, Mm, Hh, Gs^Fms, Hh, Gg, Gg, Gs^Fms, Gg, Wwf, Ss, Ss, Gs^Ft, Ss, Gs^Ft, Ss, Ss, Ss, Hh, _off^_usr, _off^_usr, _off^_usr, _off^_usr, _off^_usr, _off^_usr
_off^_usr, _off^_usr, _off^_usr, _off^_usr, _off^_usr, _off^_usr, Gs^Fds, Hh, Ss, Ss, Ss, Gs^Ft, Gs^Ft, Ss, Ss, Wwf, Wwf, Gg, Ke, Gs^Fms, Hh, Mm, Mm, Hh, Mm, Mm, _off^_usr, Mm, Mm, Hh, Mm, Mm, Hh, Gs^Fms, Ke, Gg, Wwf, Wwf, Ss, Ss, Gs^Ft, Gs^Ft, Ss, Ss, Ss, Hh, Gs^Fds, _off^_usr, _off^_usr, _off^_usr, _off^_usr, _off^_usr, _off^_usr
_off^_usr, _off^_usr, _off^_usr, _off^_usr, _off^_usr, _off^_usr, Gs^Fds, Gs^Fds, Gs^Fds, Gs^Fds, Ss, Ss, Ss, Ss, Gs^Fds, Ss, Wwf, Ce, Ce, Hh, Wwg, Gs^Fms, Wwg, Hh, Hh, Hh, _off^_usr, Hh, Hh, Hh, Wwg, Gs^Fms, Wwg, Hh, Ce, Ce, Wwf, Ss, Gs^Fds, Ss, Ss, Ss, Ss, Gs^Fds, Gs^Fds, Gs^Fds, Gs^Fds, _off^_usr, _off^_usr, _off^_usr, _off^_usr, _off^_usr, _off^_usr
_off^_usr, _off^_usr, _off^_usr, _off^_usr, _off^_usr, _off^_usr, Gg^Ve, Gg, Gg, Gg, Gg, Ss, Gs^Fds, Ss, Gg, Gg, Gs^Fds, Wwf, Wwf, Wwg, Gg, Wwg, Gs^Fds, Wwg, Wwg, Gg, _off^_usr, Gg, Wwg, Wwg, Gs^Fds, Wwg, Gg, Wwg, Wwf, Wwf, Gs^Fds, Gg, Gg, Ss, Gs^Fds, Ss, Gg, Gg, Gg, Gg, Gg^Ve, _off^_usr, _off^_usr, _off^_usr, _off^_usr, _off^_usr, _off^_usr
_off^_usr, _off^_usr, _off^_usr, _off^_usr, _off^_usr, _off^_usr, Gs^Fms, Gs^Fms, Hh, Hh, Gg, Gg, Gg, Gg, Gg^Ve, Gs^Fds, Mm, Hh, Hh, Gg, Gg, Gs^Fds, Gs^Fds, Gs^Fds, Wwg, Gg, _off^_usr, Gg, Wwg, Gs^Fds, Gs^Fds, Gs^Fds, Gg, Gg, Hh, Hh, Mm, Gs^Fds, Gg^Ve, Gg, Gg, Gg, Gg, Hh, Hh, Gs^Fms, Gs^Fms, _off^_usr, _off^_usr, _off^_usr, _off^_usr, _off^_usr, _off^_usr
_off^_usr, _off^_usr, _off^_usr, _off^_usr, _off^_usr, _off^_usr, Gs^Fms, Gs^Fms, Hh, Gs^Fms, Gg, Gg, Gs^Fds, Gs^Fds, Hh, Hh, Mm, Hh, Mm, Hh, Gg^Ve, Gg, Wwf, Wwf, Gg, Gg, _off^_usr, Gg, Gg, Wwf, Wwf, Gg, Gg^Ve, Hh, Mm, Hh, Mm, Hh, Hh, Gs^Fds, Gs^Fds, Gg, Gg, Gs^Fms, Hh, Gs^Fms, Gs^Fms, _off^_usr, _off^_usr, _off^_usr, _off^_usr, _off^_usr, _off^_usr
_off^_usr, _off^_usr, _off^_usr, _off^_usr, _off^_usr, _off^_usr, Gg, Hh, Gs^Fms, Gs^Fms, Wwg, Wwg, Wwg, Hh, Gs^Fms, Hh, Gs^Fms, Gs^Fms, Hh, Hh, Gs^Fds, Gs^Fds, Wwg, Gg, Gs^Fds, Gs^Fms, _off^_usr, Gs^Fms, Gs^Fds, Gg, Wwg, Gs^Fds, Gs^Fds, Hh, Hh, Gs^Fms, Gs^Fms, Hh, Gs^Fms, Hh, Wwg, Wwg, Wwg, Gs^Fms, Gs^Fms, Hh, Gg, _off^_usr, _off^_usr, _off^_usr, _off^_usr, _off^_usr, _off^_usr
_off^_usr, _off^_usr, _off^_usr, _off^_usr, _off^_usr, _off^_usr, Gg, Gg, Wwg, Wwg, Gs^Fds, Wwg, Wwg, Gs^Fds, Wwg, Gs^Fms, Wwf, Hh, Wwf, Wwf, Wwf, Gs^Fds, Wwg, Gg, Gs^Fds, Gs^Fms, _off^_usr, Gs^Fms, Gs^Fds, Gg, Wwg, Gs^Fds, Wwf, Wwf, Wwf, Hh, Wwf, Gs^Fms, Wwg, Gs^Fds, Wwg, Wwg, Gs^Fds, Wwg, Wwg, Gg, Gg, _off^_usr, _off^_usr, _off^_usr, _off^_usr, _off^_usr, _off^_usr
_off^_usr, _off^_usr, _off^_usr, _off^_usr, _off^_usr, _off^_usr, _off^_usr, Wwg, Wwg, Gs^Fds, Wwg, Wwg, Wwg, Wwg, Hh, Wwg, Hh, Wwf, Wwf, Gs^Fms, Gs^Fms, Wwg, Gg, Gg, Gs^Fds, Hh, _off^_usr, Hh, Gs^Fds, Gg, Gg, Wwg, Gs^Fms, Gs^Fms, Wwf, Wwf, Hh, Wwg, Hh, Wwg, Wwg, Wwg, Wwg, Gs^Fds, Wwg, Wwg, _off^_usr, _off^_usr, _off^_usr, _off^_usr, _off^_usr, _off^_usr, _off^_usr
_off^_usr, _off^_usr, _off^_usr, _off^_usr, _off^_usr, _off^_usr, _off^_usr, _off^_usr, _off^_usr, Wwg, Wwg, Wwg, Wwg, Wwg, Hh, Hh, Hh, Gs^Fms, Wwg, Hh, Gg, Gg, Ce, Gg, Gg, Hh, _off^_usr, Hh, Gg, Gg, Ce, Gg, Gg, Hh, Wwg, Gs^Fms, Hh, Hh, Hh, Wwg, Wwg, Wwg, Wwg, Wwg, _off^_usr, _off^_usr, _off^_usr, _off^_usr, _off^_usr, _off^_usr, _off^_usr, _off^_usr, _off^_usr
_off^_usr, _off^_usr, _off^_usr, _off^_usr, _off^_usr, _off^_usr, _off^_usr, _off^_usr, _off^_usr, _off^_usr, _off^_usr, Wwg, Wwg, Hh, Hh^Vhh, Mm, Gg^Fet, Wwg, Wwf, Wwrg, Gs, Gs, Gs, Gs, Gs^Fds, Mm, _off^_usr, Mm, Gs^Fds, Gs, Gs, Gs, Gs, Wwrg, Wwf, Wwg, Gg^Fet, Mm, Hh^Vhh, Hh, Wwg, Wwg, _off^_usr, _off^_usr, _off^_usr, _off^_usr, _off^_usr, _off^_usr, _off^_usr, _off^_usr, _off^_usr, _off^_usr, _off^_usr
_off^_usr, _off^_usr, _off^_usr, _off^_usr, _off^_usr, _off^_usr, _off^_usr, _off^_usr, _off^_usr, _off^_usr, _off^_usr, _off^_usr, _off^_usr, Wwg, Wwg, Wwf, Gs, Wwf, Wwf, Wwf, Wwf, Gs^Fds, Gs^Fds, Gs^Fds, Mm, Mm, _off^_usr, Mm, Mm, Gs^Fds, Gs^Fds, Gs^Fds, Wwf, Wwf, Wwf, Wwf, Gs, Wwf, Wwg, Wwg, _off^_usr, _off^_usr, _off^_usr, _off^_usr, _off^_usr, _off^_usr, _off^_usr, _off^_usr, _off^_usr, _off^_usr, _off^_usr, _off^_usr, _off^_usr
_off^_usr, _off^_usr, _off^_usr, _off^_usr, _off^_usr, _off^_usr, _off^_usr, _off^_usr, _off^_usr, _off^_usr, Xu, _off^_usr, _off^_usr, _off^_usr, _off^_usr, Hh, Hh, Gd, Gs, Wwf, Wwf, Gs, Gg, Gs^Fds, Gs, Gs, _off^_usr, Gs, Gs, Gs^Fds, Gg, Gs, Wwf, Wwf, Gs, Gd, Hh, Hh, _off^_usr, _off^_usr, _off^_usr, _off^_usr, Xu, _off^_usr, _off^_usr, _off^_usr, _off^_usr, _off^_usr, _off^_usr, _off^_usr, _off^_usr, _off^_usr, _off^_usr
_off^_usr, _off^_usr, _off^_usr, _off^_usr, _off^_usr, _off^_usr, _off^_usr, _off^_usr, _off^_usr, Xu, Chw, Xu, Xu, _off^_usr, Xu, Hh, Hh, Gs, Gg, Gs, Gg, Gs, Gg, Gs, Ce, Gg, _off^_usr, Gg, Ce, Gs, Gg, Gs, Gg, Gs, Gg, Gs, Hh, Hh, Xu, _off^_usr, Xu, Xu, Chw, Xu, _off^_usr, _off^_usr, _off^_usr, _off^_usr, _off^_usr, _off^_usr, _off^_usr, _off^_usr, _off^_usr
_off^_usr, _off^_usr, _off^_usr, _off^_usr, _off^_usr, _off^_usr, _off^_usr, _off^_usr, Xu, Xu, Khw, Chw, Wwf, Xu, Uh, Xu, Gs, Gg, Gs, Gg, Ss, Gg, Gg, Gg, Gd^Fts, Gd, _off^_usr, Gd, Gd^Fts, Gg, Gg, Gg, Ss, Gg, Gs, Gg, Gs, Xu, Uh, Xu, Wwf, Chw, Khw, Xu, Xu, _off^_usr, _off^_usr, _off^_usr, _off^_usr, _off^_usr, _off^_usr, _off^_usr, _off^_usr
_off^_usr, _off^_usr, _off^_usr, _off^_usr, _off^_usr, _off^_usr, _off^_usr, Xu, Wwg, Chw, Chw, Chw, Wwf, Uh, Uh, Uu^Tf, Gs, Gg, Ss, Ss, Ss, Gs, Gs, Gd^Fts, Gd^Fts, Gd, _off^_usr, Gd, Gd^Fts, Gd^Fts, Gs, Gs, Ss, Ss, Ss, Gg, Gs, Uu^Tf, Uh, Uh, Wwf, Chw, Chw, Chw, Wwg, Xu, _off^_usr, _off^_usr, _off^_usr, _off^_usr, _off^_usr, _off^_usr, _off^_usr
_off^_usr, _off^_usr, _off^_usr, _off^_usr, _off^_usr, _off^_usr, _off^_usr, Xu, Xu, Wwg, Wwrg, Wwrg, Wwf, Wwf, Ur, Ur, Xu, Gs^Ftp, Gs^Ftp, Ss, Ss, Gs^Ftp, Gs, Gd, Gd, Gs, _off^_usr, Gs, Gd, Gd, Gs, Gs^Ftp, Ss, Ss, Gs^Ftp, Gs^Ftp, Xu, Ur, Ur, Wwf, Wwf, Wwrg, Wwrg, Wwg, Xu, Xu, _off^_usr, _off^_usr, _off^_usr, _off^_usr, _off^_usr, _off^_usr, _off^_usr
_off^_usr, _off^_usr, _off^_usr, _off^_usr, _off^_usr, _off^_usr, _off^_usr, Xu, Wwg, Wwrg, Xu, Wwrg, Ur, Ur, Uu, Xu, Gs^Ftp, Gs^Ftp, Ss, Ss, Gs^Ftp, Gs^Ftp, Gg, Gd, Gll^Fdf, Hhd, _off^_usr, Hhd, Gll^Fdf, Gd, Gg, Gs^Ftp, Gs^Ftp, Ss, Ss, Gs^Ftp, Gs^Ftp, Xu, Uu, Ur, Ur, Wwrg, Xu, Wwrg, Wwg, Xu, _off^_usr, _off^_usr, _off^_usr, _off^_usr, _off^_usr, _off^_usr, _off^_usr
_off^_usr, _off^_usr, _off^_usr, _off^_usr, _off^_usr, _off^_usr, Xu, Xu, Wwg, Uu, Wwf, Wwf, Ur, Xu, Xu, Xu, Gs, Gs^Ftp, Gd, Gg, Gs, Gs, Gs, Hh, Hh, Mm, _off^_usr, Mm, Hh, Hh, Gs, Gs, Gs, Gg, Gd, Gs^Ftp, Gs, Xu, Xu, Xu, Ur, Wwf, Wwf, Uu, Wwg, Xu, Xu, _off^_usr, _off^_usr, _off^_usr, _off^_usr, _off^_usr, _off^_usr
_off^_usr, _off^_usr, _off^_usr, _off^_usr, _off^_usr, Xu, Wwrg, Wwg, Wwrg, Wwg, Ur, Ur, Uu^Tf, Uh, Xu, Xos, Xos, Gs, Xos, Gd, Gs, Gd, Gs, Gs, Urb, Xos, Xos, Xos, Urb, Gs, Gs, Gd, Gs, Gd, Xos, Gs, Xos, Xos, Xu, Uh, Uu^Tf, Ur, Ur, Wwg, Wwrg, Wwg, Wwrg, Xu, _off^_usr, _off^_usr, _off^_usr, _off^_usr, _off^_usr
_off^_usr, _off^_usr, _off^_usr, _off^_usr, _off^_usr, Xu, Xu, Wwg, Xu, Uu^Ii, Wwf, Uu, Xu, Uh, Xu, Xos, Urb, Urb, Xos, Xos, Xos, Xos, Xos, Urb, Urb, Urb, Xos, Urb, Urb, Urb, Xos, Xos, Xos, Xos, Xos, Urb, Urb, Xos, Xu, Uh, Xu, Uu, Wwf, Uu^Ii, Xu, Wwg, Xu, Xu, _off^_usr, _off^_usr, _off^_usr, _off^_usr, _off^_usr
Qlf, Qlf, Qlf, Qlf, Qlf, Qlf, Qlf, Qlf, Qlf, Qlf, Qlf, Qlf, Qlf, Qlf, Qlf, Qlf, Qlf, Qlf, Qlf, Qlf, Qlf, Qlf, Qlf, Qlf, Qlf, Qlf, _off^_usr, Qlf, Qlf, Qlf, Qlf, Qlf, Qlf, Qlf, Qlf, Qlf, Qlf, Qlf, Qlf, Qlf, Qlf, Qlf, Qlf, Qlf, Qlf, Qlf, Qlf, Qlf, Qlf, Qlf, Qlf, Qlf, Qlf
Qlf, Qlf, Qlf, Qlf, Qlf, Qlf, Qlf, Qlf, Qlf, Qlf, Qlf, Qlf, Qlf, Qlf, Qlf, Qlf, Qlf, Qlf, Qlf, Qlf, Qlf, Qlf, Qlf, Qlf, Qlf, Qlf, _off^_usr, Qlf, Qlf, Qlf, Qlf, Qlf, Qlf, Qlf, Qlf, Qlf, Qlf, Qlf, Qlf, Qlf, Qlf, Qlf, Qlf, Qlf, Qlf, Qlf, Qlf, Qlf, Qlf, Qlf, Qlf, Qlf, Qlf
Qlf, Qlf, Qlf, Qlf, Qlf, Qlf, Qlf, Qlf, Qlf, Qlf, Qlf, Qlf, Qlf, Qlf, Qlf, Qlf, Qlf, Qlf, Qlf, Qlf, Qlf, Qlf, Qlf, Qlf, Qlf, Qlf, _off^_usr, Qlf, Qlf, Qlf, Qlf, Qlf, Qlf, Qlf, Qlf, Qlf, Qlf, Qlf, Qlf, Qlf, Qlf, Qlf, Qlf, Qlf, Qlf, Qlf, Qlf, Qlf, Qlf, Qlf, Qlf, Qlf, Qlf
