_off^_usr, _off^_usr, _off^_usr, _off^_usr, _off^_usr, _off^_usr, _off^_usr, _off^_usr, _off^_usr, _off^_usr, _off^_usr, _off^_usr, _off^_usr, _off^_usr, _off^_usr, _off^_usr, _off^_usr, _off^_usr, _off^_usr, _off^_usr, _off^_usr, _off^_usr, _off^_usr, _off^_usr, _off^_usr, _off^_usr, _off^_usr, _off^_usr, _off^_usr, _off^_usr, _off^_usr, _off^_usr, _off^_usr, _off^_usr, _off^_usr, _off^_usr, _off^_usr, _off^_usr, _off^_usr, _off^_usr, _off^_usr, _off^_usr, _off^_usr, _off^_usr, _off^_usr, _off^_usr, _off^_usr, _off^_usr, _off^_usr, _off^_usr, _off^_usr
_off^_usr, _off^_usr, _off^_usr, _off^_usr, _off^_usr, _off^_usr, _off^_usr, _off^_usr, _off^_usr, _off^_usr, _off^_usr, _off^_usr, _off^_usr, _off^_usr, _off^_usr, _off^_usr, _off^_usr, _off^_usr, _off^_usr, _off^_usr, _off^_usr, _off^_usr, _off^_usr, _off^_usr, _off^_usr, _off^_usr, _off^_usr, _off^_usr, _off^_usr, _off^_usr, _off^_usr, _off^_usr, _off^_usr, _off^_usr, _off^_usr, _off^_usr, _off^_usr, _off^_usr, _off^_usr, _off^_usr, _off^_usr, _off^_usr, _off^_usr, _off^_usr, _off^_usr, _off^_usr, _off^_usr, _off^_usr, _off^_usr, _off^_usr, _off^_usr
_off^_usr, _off^_usr, _off^_usr, _off^_usr, _off^_usr, _off^_usr, _off^_usr, _off^_usr, _off^_usr, _off^_usr, _off^_usr, _off^_usr, _off^_usr, _off^_usr, _off^_usr, _off^_usr, _off^_usr, _off^_usr, _off^_usr, _off^_usr, _off^_usr, _off^_usr, _off^_usr, _off^_usr, Xoi, Xot^Efs, Xoi, _off^_usr, _off^_usr, _off^_usr, _off^_usr, _off^_usr, _off^_usr, _off^_usr, _off^_usr, _off^_usr, _off^_usr, _off^_usr, _off^_usr, _off^_usr, _off^_usr, _off^_usr, _off^_usr, _off^_usr, _off^_usr, _off^_usr, _off^_usr, _off^_usr, _off^_usr, _off^_usr, _off^_usr
_off^_usr, _off^_usr, _off^_usr, _off^_usr, _off^_usr, _off^_usr, _off^_usr, _off^_usr, _off^_usr, _off^_usr, _off^_usr, _off^_usr, _off^_usr, _off^_usr, _off^_usr, _off^_usr, _off^_usr, _off^_usr, _off^_usr, _off^_usr, _off^_usr, _off^_usr, Rr^Pr/, Xot^Efs, Qxu, Qxu, Qxu, Xot^Efs, Rr^Pr\, _off^_usr, _off^_usr, _off^_usr, _off^_usr, _off^_usr, _off^_usr, _off^_usr, _off^_usr, _off^_usr, _off^_usr, _off^_usr, _off^_usr, _off^_usr, _off^_usr, _off^_usr, _off^_usr, _off^_usr, _off^_usr, _off^_usr, _off^_usr, _off^_usr, _off^_usr
_off^_usr, _off^_usr, _off^_usr, _off^_usr, _off^_usr, _off^_usr, _off^_usr, _off^_usr, _off^_usr, _off^_usr, _off^_usr, _off^_usr, _off^_usr, _off^_usr, _off^_usr, _off^_usr, _off^_usr, _off^_usr, _off^_usr, _off^_usr, Xot^Efs, Xot^Efs, Qxu^Bp/, Qxu, Qxu, Qxu, Qxu, Qxu, Qxu^Bp\, Xot^Efs, Xot^Efs, _off^_usr, _off^_usr, _off^_usr, _off^_usr, _off^_usr, _off^_usr, _off^_usr, _off^_usr, _off^_usr, _off^_usr, _off^_usr, _off^_usr, _off^_usr, _off^_usr, _off^_usr, _off^_usr, _off^_usr, _off^_usr, _off^_usr, _off^_usr
_off^_usr, _off^_usr, _off^_usr, _off^_usr, _off^_usr, _off^_usr, _off^_usr, _off^_usr, _off^_usr, _off^_usr, _off^_usr, _off^_usr, _off^_usr, _off^_usr, _off^_usr, _off^_usr, _off^_usr, _off^_usr, _off^_usr, Xot, Ce, Ce, Qxu, Qxu, Isa, Isa, Isa, Qxu, Qxu, Ce, Ce, Xot, _off^_usr, _off^_usr, _off^_usr, _off^_usr, _off^_usr, _off^_usr, _off^_usr, _off^_usr, _off^_usr, _off^_usr, _off^_usr, _off^_usr, _off^_usr, _off^_usr, _off^_usr, _off^_usr, _off^_usr, _off^_usr, _off^_usr
_off^_usr, _off^_usr, _off^_usr, _off^_usr, _off^_usr, _off^_usr, _off^_usr, _off^_usr, _off^_usr, _off^_usr, _off^_usr, _off^_usr, _off^_usr, _off^_usr, _off^_usr, _off^_usr, Sm, Sm, Sm, Xot^Efs, Ce, Qxu, Isa, Isa, Isa, Co, Isa, Isa, Isa, Qxu, Ce, Xot^Efs, Sm, Sm, Sm, _off^_usr, _off^_usr, _off^_usr, _off^_usr, _off^_usr, _off^_usr, _off^_usr, _off^_usr, _off^_usr, _off^_usr, _off^_usr, _off^_usr, _off^_usr, _off^_usr, _off^_usr, _off^_usr
_off^_usr, _off^_usr, _off^_usr, _off^_usr, _off^_usr, _off^_usr, _off^_usr, _off^_usr, _off^_usr, _off^_usr, _off^_usr, _off^_usr, _off^_usr, _off^_usr, _off^_usr, Sm, Rb^Fdw, Rb, Sm, Sm, Ce, Isa, Isa, Isa, Isa, Isa, Isa, Isa, Isa, Isa, Ce, Sm, Sm, Rb, Rb^Fdw, Sm, _off^_usr, _off^_usr, _off^_usr, _off^_usr, _off^_usr, _off^_usr, _off^_usr, _off^_usr, _off^_usr, _off^_usr, _off^_usr, _off^_usr, _off^_usr, _off^_usr, _off^_usr
_off^_usr, _off^_usr, _off^_usr, _off^_usr, _off^_usr, _off^_usr, _off^_usr, _off^_usr, _off^_usr, _off^_usr, _off^_usr, _off^_usr, _off^_usr, _off^_usr, _off^_usr, Sm, Gd^Fdw, Rb, Sm^Bw\r, Sm, Gs, Ce, Ce, Ket, Ce, Isa, Ce, Ket, Ce, Ce, Gs, Sm, Sm^Bw/r, Rb, Gd^Fdw, Sm, _off^_usr, _off^_usr, _off^_usr, _off^_usr, _off^_usr, _off^_usr, _off^_usr, _off^_usr, _off^_usr, _off^_usr, _off^_usr, _off^_usr, _off^_usr, _off^_usr, _off^_usr
_off^_usr, _off^_usr, _off^_usr, _off^_usr, _off^_usr, _off^_usr, _off^_usr, _off^_usr, _off^_usr, _off^_usr, _off^_usr, _off^_usr, _off^_usr, _off^_usr, _off^_usr, _off^_usr, _off^_usr, _off^_usr, Sm, Gd, Gd, Gll^Fdf, Gs, Ce, Gs, Ce, Gs, Ce, Gs, Gll^Fdf, Gd, Gd, Sm, _off^_usr, _off^_usr, _off^_usr, _off^_usr, _off^_usr, _off^_usr, _off^_usr, _off^_usr, _off^_usr, _off^_usr, _off^_usr, _off^_usr, _off^_usr, _off^_usr, _off^_usr, _off^_usr, _off^_usr, _off^_usr
_off^_usr, _off^_usr, _off^_usr, _off^_usr, _off^_usr, _off^_usr, _off^_usr, _off^_usr, _off^_usr, _off^_usr, _off^_usr, _off^_usr, _off^_usr, _off^_usr, Md^Xm, _off^_usr, Hhd, _off^_usr, Mm, Gll^Fdf, Hhd^Fdf, Gd, Gs, Gs, Hhd^Fdf, _off^_usr, Hhd^Fdf, Gs, Gs, Gd, Hhd^Fdf, Gll^Fdf, Mm, _off^_usr, Hhd, _off^_usr, Md^Xm, _off^_usr, _off^_usr, _off^_usr, _off^_usr, _off^_usr, _off^_usr, _off^_usr, _off^_usr, _off^_usr, _off^_usr, _off^_usr, _off^_usr, _off^_usr, _off^_usr
_off^_usr, _off^_usr, _off^_usr, _off^_usr, _off^_usr, _off^_usr, _off^_usr, _off^_usr, _off^_usr, _off^_usr, _off^_usr, _off^_usr, Md^Xm, Md^Xm, Mm, Gll^Fdf, Gll^Fdf, Hhd^Fdf, Hhd, Hhd, Gll, Gs, Gs, Gs^Dr, Gll^Fdf, _off^_usr, Gll^Fdf, Gs^Dr, Gs, Gs, Gll, Hhd, Hhd, Hhd^Fdf, Gll^Fdf, Gll^Fdf, Mm, Md^Xm, Md^Xm, _off^_usr, _off^_usr, _off^_usr, _off^_usr, _off^_usr, _off^_usr, _off^_usr, _off^_usr, _off^_usr, _off^_usr, _off^_usr, _off^_usr
_off^_usr, _off^_usr, _off^_usr, _off^_usr, _off^_usr, _off^_usr, Md^Xm, _off^_usr, Md^Xm, _off^_usr, _off^_usr, Md^Xm, Gll^Fmw, Gll^Fmw, Gll, Hhd, Rp^Vhcr, Mm, Gll^Fdf, Gll^Fdf, Md^Xm, Gll^Fdf, Gs, Gll, Gs, _off^_usr, Gs, Gll, Gs, Gll^Fdf, Md^Xm, Gll^Fdf, Gll^Fdf, Mm, Rp^Vhcr, Hhd, Gll, Gll^Fmw, Gll^Fmw, Md^Xm, _off^_usr, _off^_usr, Md^Xm, _off^_usr, Md^Xm, _off^_usr, _off^_usr, _off^_usr, _off^_usr, _off^_usr, _off^_usr
_off^_usr, _off^_usr, _off^_usr, _off^_usr, Md^Xm, Md^Xm, Gll^Fmf, Md^Xm, Hhd^Fmf, Md^Xm, Md^Xm, Md^Xm, Mm, Gll^Fmw, Gll, Gll^Fmw, Md^Xm, Md^Xm, Md^Xm, Md^Xm, Xue, Xue, Gd, Gs, Xue, _off^_usr, Xue, Gs, Gd, Xue, Xue, Md^Xm, Md^Xm, Md^Xm, Md^Xm, Gll^Fmw, Gll, Gll^Fmw, Mm, Md^Xm, Md^Xm, Md^Xm, Hhd^Fmf, Md^Xm, Gll^Fmf, Md^Xm, Md^Xm, _off^_usr, _off^_usr, _off^_usr, _off^_usr
_off^_usr, _off^_usr, _off^_usr, _off^_usr, Md^Xm, Gll^Fmf, Gll^Fmf, Gll^Fmf, Hhd^Fmf, Hhd^Fmf, Md^Xm, Hhd, Hhd, Hhd, Hhd, Gll, Aa, Cea, Ms^Xm, Xue, Rb, Rb, Gd, Gd, Xue, _off^_usr, Xue, Gd, Gd, Rb, Rb, Xue, Ms^Xm, Cea, Aa, Gll, Hhd, Hhd, Hhd, Hhd, Md^Xm, Hhd^Fmf, Hhd^Fmf, Gll^Fmf, Gll^Fmf, Gll^Fmf, Md^Xm, _off^_usr, _off^_usr, _off^_usr, _off^_usr
_off^_usr, _off^_usr, _off^_usr, Md^Xm, Mm, Mm, Mm, Hhd, Hhd, Gll, Aa, Aa^Fda, Wwf, Wwf, Wwf, Cea, Kte, Cea, Ms^Xm, Xue, Rb, Rb, Rb, Xue, _off^_usr, _off^_usr, _off^_usr, Xue, Rb, Rb, Rb, Xue, Ms^Xm, Cea, Kte, Cea, Wwf, Wwf, Wwf, Aa^Fda, Aa, Gll, Hhd, Hhd, Mm, Mm, Mm, Md^Xm, _off^_usr, _off^_usr, _off^_usr
_off^_usr, _off^_usr, _off^_usr, Md^Xm, Md^Xm, Gll^Fmf, Mm, Gll^Fmw, Aa, Aa^Fma, Ms, Ms, Ai, Ms, Ms, Wwf, Ms^Xm, Ms^Xm, Xue, Xue, Rb, Uue, Rb, Xue, Xue, _off^_usr, Xue, Xue, Rb, Uue, Rb, Xue, Xue, Ms^Xm, Ms^Xm, Wwf, Ms, Ms, Ai, Ms, Ms, Aa^Fma, Aa, Gll^Fmw, Mm, Gll^Fmf, Md^Xm, Md^Xm, _off^_usr, _off^_usr, _off^_usr
_off^_usr, _off^_usr, _off^_usr, _off^_usr, Md^Xm, Gll^Fmf, Gll^Fmw, Gll, Aa, Ms, Ms, Ms, Ai, Ha, Ms, Ai, Ai, Aa, Rb, Rb, Xue, Uue, Rb, Rb, Xue, _off^_usr, Xue, Rb, Rb, Uue, Xue, Rb, Rb, Aa, Ai, Ai, Ms, Ha, Ai, Ms, Ms, Ms, Aa, Gll, Gll^Fmw, Gll^Fmf, Md^Xm, _off^_usr, _off^_usr, _off^_usr, _off^_usr
_off^_usr, _off^_usr, _off^_usr, _off^_usr, _off^_usr, Md^Xm, Md^Xm, Hhd, Hhd, Wwf, Wwf, Ai, Ha, Wwf, Aa^Vca, Ha, Xue, Uue, Rb, Xue, Xue, Rb, Xue, Xue, _off^_usr, _off^_usr, _off^_usr, Xue, Xue, Rb, Xue, Xue, Rb, Uue, Xue, Ha, Aa^Vca, Wwf, Ha, Ai, Wwf, Wwf, Hhd, Hhd, Md^Xm, Md^Xm, _off^_usr, _off^_usr, _off^_usr, _off^_usr, _off^_usr
_off^_usr, _off^_usr, _off^_usr, _off^_usr, _off^_usr, _off^_usr, _off^_usr, Md^Xm, Md^Xm, Hhd, Ai, Ms, Ha, Wwf, Ms^Xm, Ms^Xm, Xue, Rb, Rb, Uue, Uu^Vu, Xue, Uue, Xue, Xue, _off^_usr, Xue, Xue, Uue, Xue, Uu^Vu, Uue, Rb, Rb, Xue, Ms^Xm, Ms^Xm, Wwf, Ha, Ms, Ai, Hhd, Md^Xm, Md^Xm, _off^_usr, _off^_usr, _off^_usr, _off^_usr, _off^_usr, _off^_usr, _off^_usr
_off^_usr, _off^_usr, _off^_usr, _off^_usr, _off^_usr, _off^_usr, _off^_usr, _off^_usr, _off^_usr, Md^Xm, Wwf, Ms, Ha, Ha, Ms, Ms^Xm, Ms^Xm, Xue, Rb, Rb, Rb, Xue, Rb, Uue, Xue, _off^_usr, Xue, Uue, Rb, Xue, Rb, Rb, Rb, Xue, Ms^Xm, Ms^Xm, Ms, Ha, Ha, Ms, Wwf, Md^Xm, _off^_usr, _off^_usr, _off^_usr, _off^_usr, _off^_usr, _off^_usr, _off^_usr, _off^_usr, _off^_usr
_off^_usr, _off^_usr, _off^_usr, _off^_usr, _off^_usr, _off^_usr, _off^_usr, _off^_usr, _off^_usr, _off^_usr, Wwf, Wwf, Aa^Fda, Ms, Ms, Ms, Ms^Xm, Xue, Rb, Xue, Xue, Rb, Uue, Uue, Xue, _off^_usr, Xue, Uue, Uue, Rb, Xue, Xue, Rb, Xue, Ms^Xm, Ms, Ms, Ms, Aa^Fda, Wwf, Wwf, _off^_usr, _off^_usr, _off^_usr, _off^_usr, _off^_usr, _off^_usr, _off^_usr, _off^_usr, _off^_usr, _off^_usr
_off^_usr, _off^_usr, _off^_usr, _off^_usr, _off^_usr, _off^_usr, _off^_usr, _off^_usr, _off^_usr, _off^_usr, Wwf, Ai, Wwf, Aa^Fda, Wwf, Ms, Aa, Xue, Rb, Uue, Uue, Xue, Xue, Aa^Fda, Ha^Fpa, _off^_usr, Ha^Fpa, Aa^Fda, Xue, Xue, Uue, Uue, Rb, Xue, Aa, Ms, Wwf, Aa^Fda, Wwf, Ai, Wwf, _off^_usr, _off^_usr, _off^_usr, _off^_usr, _off^_usr, _off^_usr, _off^_usr, _off^_usr, _off^_usr, _off^_usr
_off^_usr, _off^_usr, _off^_usr, _off^_usr, _off^_usr, _off^_usr, _off^_usr, _off^_usr, _off^_usr, _off^_usr, Wwf, Wwf, Wwf, Aa^Fda, Wwf, Ai, Wwf, Re, Aa, Aa, Xue, Xue, Cha, Aa^Fpa, Aa^Fpa, _off^_usr, Aa^Fpa, Aa^Fpa, Cha, Xue, Xue, Aa, Aa, Re, Wwf, Ai, Wwf, Aa^Fda, Wwf, Wwf, Wwf, _off^_usr, _off^_usr, _off^_usr, _off^_usr, _off^_usr, _off^_usr, _off^_usr, _off^_usr, _off^_usr, _off^_usr
_off^_usr, _off^_usr, _off^_usr, _off^_usr, _off^_usr, _off^_usr, _off^_usr, _off^_usr, _off^_usr, _off^_usr, Wwf, Wwf, Wwf, Wwf, Wwf, Wwf, Wwf, Wwf, Ai, Aa, Cha, Cha, Rr, Rr, Aa^Fpa, _off^_usr, Aa^Fpa, Rr, Rr, Cha, Cha, Aa, Ai, Wwf, Wwf, Wwf, Wwf, Wwf, Wwf, Wwf, Wwf, _off^_usr, _off^_usr, _off^_usr, _off^_usr, _off^_usr, _off^_usr, _off^_usr, _off^_usr, _off^_usr, _off^_usr
_off^_usr, _off^_usr, _off^_usr, _off^_usr, _off^_usr, _off^_usr, _off^_usr, _off^_usr, _off^_usr, Wwf, Ai, Ai, Ai, Wwf, Wwf, Ai, Wwf, Wwf, Wwf, Wwf, Cha, Rrc^Vhca, Kha, Rr, Rr, _off^_usr, Rr, Rr, Kha, Rrc^Vhca, Cha, Wwf, Wwf, Wwf, Wwf, Ai, Wwf, Wwf, Ai, Ai, Ai, Wwf, _off^_usr, _off^_usr, _off^_usr, _off^_usr, _off^_usr, _off^_usr, _off^_usr, _off^_usr, _off^_usr
_off^_usr, _off^_usr, _off^_usr, _off^_usr, _off^_usr, _off^_usr, _off^_usr, _off^_usr, _off^_usr, Wwf, Aa^Fpa, Aa^Fpa, Ai, Wwf, Wwf, Wwf, Ai, Ai, Aa, Aa^Fpa, Gll^Fdw, Cha, Cha, Rr, Ha^Fpa, _off^_usr, Ha^Fpa, Rr, Cha, Cha, Gll^Fdw, Aa^Fpa, Aa, Ai, Ai, Wwf, Wwf, Wwf, Ai, Aa^Fpa, Aa^Fpa, Wwf, _off^_usr, _off^_usr, _off^_usr, _off^_usr, _off^_usr, _off^_usr, _off^_usr, _off^_usr, _off^_usr
_off^_usr, _off^_usr, _off^_usr, _off^_usr, _off^_usr, _off^_usr, _off^_usr, _off^_usr, _off^_usr, Aa^Fpa, Aa^Fpa, Aa^Fpa, Aa^Fpa, Wwf, Wwf, Wwf, Ai, Ms, Ms, Re, Mv, Re, Rb, Aa^Fpa, Aa^Fpa, _off^_usr, Aa^Fpa, Aa^Fpa, Rb, Re, Mv, Re, Ms, Ms, Ai, Wwf, Wwf, Wwf, Aa^Fpa, Aa^Fpa, Aa^Fpa, Aa^Fpa, _off^_usr, _off^_usr, _off^_usr, _off^_usr, _off^_usr, _off^_usr, _off^_usr, _off^_usr, _off^_usr
_off^_usr, _off^_usr, _off^_usr, _off^_usr, _off^_usr, _off^_usr, _off^_usr, _off^_usr, _off^_usr, Aa^Fpa, Wwf, Re, Re, Wwf, Aa^Vla, Aa^Fma, Wwf, Ms, Wwf, Re, Gll^Fdw, Gll^Fdw, Ha, Ha, Ms, _off^_usr, Ms, Ha, Ha, Gll^Fdw, Gll^Fdw, Re, Wwf, Ms, Wwf, Aa^Fma, Aa^Vla, Wwf, Re, Re, Wwf, Aa^Fpa, _off^_usr, _off^_usr, _off^_usr, _off^_usr, _off^_usr, _off^_usr, _off^_usr, _off^_usr, _off^_usr
_off^_usr, _off^_usr, _off^_usr, _off^_usr, _off^_usr, _off^_usr, _off^_usr, _off^_usr, _off^_usr, Ai, Ha, Mv, Ha, Wwf, Wwf, Aa, Rb, Wwf, Ha, Wwf, Ha, Aa^Fpa, Ha, Ms, Ms, _off^_usr, Ms, Ms, Ha, Aa^Fpa, Ha, Wwf, Ha, Wwf, Rb, Aa, Wwf, Wwf, Ha, Mv, Ha, Ai, _off^_usr, _off^_usr, _off^_usr, _off^_usr, _off^_usr, _off^_usr, _off^_usr, _off^_usr, _off^_usr
_off^_usr, _off^_usr, _off^_usr, _off^_usr, _off^_usr, _off^_usr, _off^_usr, _off^_usr, _off^_usr, _off^_usr, Ha, Ha, Ha^Fpa, Ai, Re, Re, Gll^Fdw, Rb, Ha, Ai, Ai, Ha, Ha^Vhha, Ha, Ms, _off^_usr, Ms, Ha, Ha^Vhha, Ha, Ai, Ai, Ha, Rb, Gll^Fdw, Re, Re, Ai, Ha^Fpa, Ha, Ha, _off^_usr, _off^_usr, _off^_usr, _off^_usr, _off^_usr, _off^_usr, _off^_usr, _off^_usr, _off^_usr, _off^_usr
_off^_usr, _off^_usr, _off^_usr, _off^_usr, _off^_usr, _off^_usr, _off^_usr, _off^_usr, _off^_usr, _off^_usr, _off^_usr, Ai, Ai, Ai, Wwf, Mv, Gll^Fdw, Rb, Wwf, Wwf, Wwf, Ms, Ms, Ms, Ms, _off^_usr, Ms, Ms, Ms, Ms, Wwf, Wwf, Wwf, Rb, Gll^Fdw, Mv, Wwf, Ai, Ai, Ai, _off^_usr, _off^_usr, _off^_usr, _off^_usr, _off^_usr, _off^_usr, _off^_usr, _off^_usr, _off^_usr, _off^_usr, _off^_usr
_off^_usr, _off^_usr, _off^_usr, _off^_usr, _off^_usr, _off^_usr, _off^_usr, _off^_usr, _off^_usr, _off^_usr, _off^_usr, _off^_usr, _off^_usr, Wwf, Wwf, Gll, Wwrg, Wwf, Aa^Fpa, Aa^Fpa, Ms, Wwf, Wwf, Ha^Fpa, Ha^Fpa, _off^_usr, Ha^Fpa, Ha^Fpa, Wwf, Wwf, Ms, Aa^Fpa, Aa^Fpa, Wwf, Wwrg, Gll, Wwf, Wwf, _off^_usr, _off^_usr, _off^_usr, _off^_usr, _off^_usr, _off^_usr, _off^_usr, _off^_usr, _off^_usr, _off^_usr, _off^_usr, _off^_usr, _off^_usr
_off^_usr, _off^_usr, _off^_usr, _off^_usr, _off^_usr, _off^_usr, _off^_usr, _off^_usr, _off^_usr, _off^_usr, _off^_usr, _off^_usr, _off^_usr, _off^_usr, Ai, Wwg, Wwg, Wwf, Aa^Fpa, Aa^Fpa, Ms, Ms, Ai, Wwf, Wwf, _off^_usr, Wwf, Wwf, Ai, Ms, Ms, Aa^Fpa, Aa^Fpa, Wwf, Wwg, Wwg, Ai, _off^_usr, _off^_usr, _off^_usr, _off^_usr, _off^_usr, _off^_usr, _off^_usr, _off^_usr, _off^_usr, _off^_usr, _off^_usr, _off^_usr, _off^_usr, _off^_usr
_off^_usr, _off^_usr, _off^_usr, _off^_usr, _off^_usr, _off^_usr, _off^_usr, _off^_usr, _off^_usr, _off^_usr, _off^_usr, _off^_usr, Wwf, Ai, Aa^Fpa, Wwg, Ha^Fpa, Ai, Ai, Wwf, Wwf, Wwf, Wwf, Wwf, Ha^Fpa, _off^_usr, Ha^Fpa, Wwf, Wwf, Wwf, Wwf, Wwf, Ai, Ai, Ha^Fpa, Wwg, Aa^Fpa, Ai, Wwf, _off^_usr, _off^_usr, _off^_usr, _off^_usr, _off^_usr, _off^_usr, _off^_usr, _off^_usr, _off^_usr, _off^_usr, _off^_usr, _off^_usr
_off^_usr, _off^_usr, _off^_usr, _off^_usr, _off^_usr, _off^_usr, _off^_usr, _off^_usr, _off^_usr, _off^_usr, Wwf, Ai, Wwf, Wwf, Wwf, Aa^Fpa, Aa, Aa, Wwg, Wwg, Wwf, Wwf, Wwf, Ha^Fpa, Ha, _off^_usr, Ha, Ha^Fpa, Wwf, Wwf, Wwf, Wwg, Wwg, Aa, Aa, Aa^Fpa, Wwf, Wwf, Wwf, Ai, Wwf, _off^_usr, _off^_usr, _off^_usr, _off^_usr, _off^_usr, _off^_usr, _off^_usr, _off^_usr, _off^_usr, _off^_usr
_off^_usr, _off^_usr, _off^_usr, _off^_usr, _off^_usr, _off^_usr, Ha, Ha, Ha, Wwf, Ha, Wwf, Aa^Fpa, Aa^Fpa, Aa^Fpa, Aa^Fpa, Aa^Fpa, Wwf, Ms, Ms, Ha, Ha, Ha, Wwf, Cha, _off^_usr, Cha, Wwf, Ha, Ha, Ha, Ms, Ms, Wwf, Aa^Fpa, Aa^Fpa, Aa^Fpa, Aa^Fpa, Aa^Fpa, Wwf, Ha, Wwf, Ha, Ha, Ha, _off^_usr, _off^_usr, _off^_usr, _off^_usr, _off^_usr, _off^_usr
_off^_usr, _off^_usr, _off^_usr, _off^_usr, _off^_usr, Aa^Fpa, Ha, Ms, Ms, Ha, Ha, Aa, Aa, Aa^Fpa, Aa^Fpa, Aa^Fpa, Aa^Fpa, Aa^Fpa, Ha, Ha, Ha, Wwf, Wwf, Wwf, Cha, _off^_usr, Cha, Wwf, Wwf, Wwf, Ha, Ha, Ha, Aa^Fpa, Aa^Fpa, Aa^Fpa, Aa^Fpa, Aa^Fpa, Aa, Aa, Ha, Ha, Ms, Ms, Ha, Aa^Fpa, _off^_usr, _off^_usr, _off^_usr, _off^_usr, _off^_usr
_off^_usr, _off^_usr, _off^_usr, _off^_usr, _off^_usr, Aa^Fpa, Aa, Ms, Ms, Ms, Aa, Aa^Fpa, Aa^Fpa, Aa, Aa, Aa, Aa^Fpa, Aa^Vla, Rr, Aa^Fpa, Rr, Rr, Rr, Wwf^Bw/, Wwf, _off^_usr, Wwf, Wwf^Bw\, Rr, Rr, Rr, Aa^Fpa, Rr, Aa^Vla, Aa^Fpa, Aa, Aa, Aa, Aa^Fpa, Aa^Fpa, Aa, Ms, Ms, Ms, Aa, Aa^Fpa, _off^_usr, _off^_usr, _off^_usr, _off^_usr, _off^_usr
_off^_usr, _off^_usr, _off^_usr, _off^_usr, _off^_usr, Aa^Fpa, Cha, Aa^Fpa, Aa^Fpa, Ms, Cha, Kva, Cha, Cha, Aa^Fpa, Rr, Rr, Rr, Rr, Rr, Rr, Rr, Cea, Wwf, Ds, _off^_usr, Ds, Wwf, Cea, Rr, Rr, Rr, Rr, Rr, Rr, Rr, Aa^Fpa, Cha, Cha, Kva, Cha, Ms, Aa^Fpa, Aa^Fpa, Cha, Aa^Fpa, _off^_usr, _off^_usr, _off^_usr, _off^_usr, _off^_usr
_off^_usr, _off^_usr, _off^_usr, _off^_usr, _off^_usr, Cha, Rrc^Vhca, Cha, Cha, Cha, Aa^Fpa, Cha, Rrc^Vhca, Cha, Cha, Rr, Rr, Rr, Aa^Fpa, Rr, Aa^Vca, Ai, Wwf, Wwf, Ds, _off^_usr, Ds, Wwf, Wwf, Ai, Aa^Vca, Rr, Aa^Fpa, Rr, Rr, Rr, Cha, Cha, Rrc^Vhca, Cha, Aa^Fpa, Cha, Cha, Cha, Rrc^Vhca, Cha, _off^_usr, _off^_usr, _off^_usr, _off^_usr, _off^_usr
_off^_usr, _off^_usr, _off^_usr, _off^_usr, _off^_usr, Cha, Aa, Aa, Aa, Rrc^Vhca, Aa, Rrc, Rrc, Aa, Rrc^Vhca, Cha, Aa^Fpa, Aa^Fpa, Wwf, Aa^Fpa, Ai, Ai, Wwf, Ds, Ds, _off^_usr, Ds, Ds, Wwf, Ai, Ai, Aa^Fpa, Wwf, Aa^Fpa, Aa^Fpa, Cha, Rrc^Vhca, Aa, Rrc, Rrc, Aa, Rrc^Vhca, Aa, Aa, Aa, Cha, _off^_usr, _off^_usr, _off^_usr, _off^_usr, _off^_usr
_off^_usr, _off^_usr, _off^_usr, _off^_usr, _off^_usr, Cha, Rrc, Rrc^Vhca, Rrc, Rrc, Rrc, Rrc, Aa, Rrc^Vhca, Cha, Cha, Aa^Fpa, Wwf, Wwf, Ai, Wwf, Wwrg, Wwf, Wwf, Wwrg, _off^_usr, Wwrg, Wwf, Wwf, Wwrg, Wwf, Ai, Wwf, Wwf, Aa^Fpa, Cha, Cha, Rrc^Vhca, Aa, Rrc, Rrc, Rrc, Rrc, Rrc^Vhca, Rrc, Cha, _off^_usr, _off^_usr, _off^_usr, _off^_usr, _off^_usr
_off^_usr, _off^_usr, _off^_usr, _off^_usr, _off^_usr, Cha, Rrc, Aa, Rrc, Rrc^Vhca, Cha, Kha, Cha, Cha, Rr, Aa^Fpa, Aa^Fpa, Ai, Wwf, Wwg, Wwg, Wwf, Gs^Fms, Wwrg, Wwf, _off^_usr, Wwf, Wwrg, Gs^Fms, Wwf, Wwg, Wwg, Wwf, Ai, Aa^Fpa, Aa^Fpa, Rr, Cha, Cha, Kha, Cha, Rrc^Vhca, Rrc, Aa, Rrc, Cha, _off^_usr, _off^_usr, _off^_usr, _off^_usr, _off^_usr
Qlf, Qlf, Qlf, Qlf, Qlf, Qlf, Qlf, Qlf, Qlf, Qlf, Qlf, Qlf, Qlf, Qlf, Qlf, Qlf, Qlf, Qlf, Qlf, Qlf, Qlf, Qlf, Qlf, Qlf, Qlf, _off^_usr, Qlf, Qlf, Qlf, Qlf, Qlf, Qlf, Qlf, Qlf, Qlf, Qlf, Qlf, Qlf, Qlf, Qlf, Qlf, Qlf, Qlf, Qlf, Qlf, Qlf, Qlf, Qlf, Qlf, Qlf, Qlf
Qlf, Qlf, Qlf, Qlf, Qlf, Qlf, Qlf, Qlf, Qlf, Qlf, Qlf, Qlf, Qlf, Qlf, Qlf, Qlf, Qlf, Qlf, Qlf, Qlf, Qlf, Qlf, Qlf, Qlf, Qlf, _off^_usr, Qlf, Qlf, Qlf, Qlf, Qlf, Qlf, Qlf, Qlf, Qlf, Qlf, Qlf, Qlf, Qlf, Qlf, Qlf, Qlf, Qlf, Qlf, Qlf, Qlf, Qlf, Qlf, Qlf, Qlf, Qlf
Qlf, Qlf, Qlf, Qlf, Qlf, Qlf, Qlf, Qlf, Qlf, Qlf, Qlf, Qlf, Qlf, Qlf, Qlf, Qlf, Qlf, Qlf, Qlf, Qlf, Qlf, Qlf, Qlf, Qlf, Qlf, _off^_usr, Qlf, Qlf, Qlf, Qlf, Qlf, Qlf, Qlf, Qlf, Qlf, Qlf, Qlf, Qlf, Qlf, Qlf, Qlf, Qlf, Qlf, Qlf, Qlf, Qlf, Qlf, Qlf, Qlf, Qlf, Qlf
