_off^_usr, _off^_usr, _off^_usr, _off^_usr, _off^_usr, _off^_usr, _off^_usr, _off^_usr, _off^_usr, _off^_usr, _off^_usr, _off^_usr, _off^_usr, _off^_usr, _off^_usr, _off^_usr, _off^_usr, _off^_usr, _off^_usr, _off^_usr, _off^_usr, _off^_usr, _off^_usr, _off^_usr, _off^_usr, _off^_usr, _off^_usr, _off^_usr, _off^_usr, _off^_usr, _off^_usr, _off^_usr, _off^_usr, _off^_usr, _off^_usr, _off^_usr, _off^_usr, _off^_usr, _off^_usr, _off^_usr, _off^_usr, _off^_usr, _off^_usr, _off^_usr, _off^_usr, _off^_usr, _off^_usr, _off^_usr, _off^_usr, _off^_usr, _off^_usr
_off^_usr, _off^_usr, _off^_usr, _off^_usr, _off^_usr, _off^_usr, _off^_usr, _off^_usr, _off^_usr, _off^_usr, _off^_usr, _off^_usr, _off^_usr, _off^_usr, _off^_usr, _off^_usr, _off^_usr, _off^_usr, _off^_usr, _off^_usr, _off^_usr, _off^_usr, _off^_usr, _off^_usr, Xoi, Xoi, Xoi, _off^_usr, _off^_usr, _off^_usr, _off^_usr, _off^_usr, _off^_usr, _off^_usr, _off^_usr, _off^_usr, _off^_usr, _off^_usr, _off^_usr, _off^_usr, _off^_usr, _off^_usr, _off^_usr, _off^_usr, _off^_usr, _off^_usr, _off^_usr, _off^_usr, _off^_usr, _off^_usr, _off^_usr
_off^_usr, _off^_usr, _off^_usr, _off^_usr, _off^_usr, _off^_usr, _off^_usr, _off^_usr, _off^_usr, _off^_usr, _off^_usr, _off^_usr, _off^_usr, _off^_usr, _off^_usr, _off^_usr, _off^_usr, _off^_usr, _off^_usr, _off^_usr, _off^_usr, _off^_usr, Xoi, Xoi, Qxua, Qxua, Qxua, Xoi, Xoi, _off^_usr, _off^_usr, _off^_usr, _off^_usr, _off^_usr, _off^_usr, _off^_usr, _off^_usr, _off^_usr, _off^_usr, _off^_usr, _off^_usr, _off^_usr, _off^_usr, _off^_usr, _off^_usr, _off^_usr, _off^_usr, _off^_usr, _off^_usr, _off^_usr, _off^_usr
_off^_usr, _off^_usr, _off^_usr, _off^_usr, _off^_usr, _off^_usr, _off^_usr, _off^_usr, _off^_usr, _off^_usr, _off^_usr, _off^_usr, _off^_usr, _off^_usr, _off^_usr, _off^_usr, _off^_usr, _off^_usr, _off^_usr, _off^_usr, Xoi, Xoi, Qxua, Qxua, Qxua, Qxua, Qxua, Qxua, Qxua, Xoi, Xoi, _off^_usr, _off^_usr, _off^_usr, _off^_usr, _off^_usr, _off^_usr, _off^_usr, _off^_usr, _off^_usr, _off^_usr, _off^_usr, _off^_usr, _off^_usr, _off^_usr, _off^_usr, _off^_usr, _off^_usr, _off^_usr, _off^_usr, _off^_usr
_off^_usr, _off^_usr, _off^_usr, _off^_usr, _off^_usr, _off^_usr, _off^_usr, _off^_usr, _off^_usr, _off^_usr, Xoi, Xoi, Xoi, _off^_usr, _off^_usr, _off^_usr, _off^_usr, _off^_usr, Xoi, Xoi, Qxua, Qxua, Qxua, Qxua, Isr, Qxua, Isr, Qxua, Qxua, Qxua, Qxua, Xoi, Xoi, _off^_usr, _off^_usr, _off^_usr, _off^_usr, _off^_usr, Xoi, Xoi, Xoi, _off^_usr, _off^_usr, _off^_usr, _off^_usr, _off^_usr, _off^_usr, _off^_usr, _off^_usr, _off^_usr, _off^_usr
_off^_usr, _off^_usr, _off^_usr, _off^_usr, _off^_usr, _off^_usr, _off^_usr, _off^_usr, Xoi, Xoi, Qxua, Qxua, Qxua, Xoi, Xoi, _off^_usr, Xoi, Xoi, Qxua, Qxua, Qxua, Qxua, Isr, Isr, Isr, Qxua, Isr, Isr, Isr, Qxua, Qxua, Qxua, Qxua, Xoi, Xoi, _off^_usr, Xoi, Xoi, Qxua, Qxua, Qxua, Xoi, Xoi, _off^_usr, _off^_usr, _off^_usr, _off^_usr, _off^_usr, _off^_usr, _off^_usr, _off^_usr
_off^_usr, _off^_usr, _off^_usr, _off^_usr, _off^_usr, _off^_usr, Xoi, Xoi, Qxua, Qxua, Qxua, Qxua, Qxua, Qxua, Qxua, Xoi, Qxua, _off^_usr, Qxua, Qxua, Isr, Isr, Isr, Qxua, Isc, Isr, Isc, Qxua, Isr, Isr, Isr, Qxua, Qxua, _off^_usr, Qxua, Xoi, Qxua, Qxua, Qxua, Qxua, Qxua, Qxua, Qxua, Xoi, Xoi, _off^_usr, _off^_usr, _off^_usr, _off^_usr, _off^_usr, _off^_usr
_off^_usr, _off^_usr, _off^_usr, _off^_usr, Xoi, Xoi, Qxua, Qxua, Qxua, Qxua, Qxua, Qxua, Qxua, Qxua, Qxua, Qxua, Qxua, Qxua, Isr, Isr, Isr, Isr, Isr, Qxua, Qxua, Isc, Qxua, Qxua, Isr, Isr, Isr, Isr, Isr, Qxua, Qxua, Qxua, Qxua, Qxua, Qxua, Qxua, Qxua, Qxua, Qxua, Qxua, Qxua, Xoi, Xoi, _off^_usr, _off^_usr, _off^_usr, _off^_usr
_off^_usr, _off^_usr, Xoi, Xoi, Qxua, Qxua, Qxua, Qxua, Qxua, Qxua, Qxua, Qxua, Qxua, Qxua, Qxua, Qxua, Isr, Isr, Isr, Isr, Isr, Isr, Qxua, Isr, Isr, Qxua, Isr, Isr, Qxua, Isr, Isr, Isr, Isr, Isr, Isr, Qxua, Qxua, Qxua, Qxua, Qxua, Qxua, Qxua, Qxua, Qxua, Qxua, Qxua, Qxua, Xoi, Xoi, _off^_usr, _off^_usr
_off^_usr, _off^_usr, Xoi, Qxua, Qxua, Qxua, Ch, Ch, Kh, Qxua, Ch, Ch, Ch, Qxua, Kh, Isr, Isr, Isr, Isr, Isr, Qxua, Qxua, Qxua, Qxua, Qxua, Qxua, Qxua, Qxua, Qxua, Qxua, Qxua, Isr, Isr, Isr, Isr, Isr, Kh, Qxua, Ch, Ch, Ch, Qxua, Kh, Ch, Ch, Qxua, Qxua, Qxua, Xoi, _off^_usr, _off^_usr
_off^_usr, _off^_usr, Xoi, Qxua, Qxua, Ch, Isr, Isr, Ch, Ch, Isr, Isr, Isr, Ch, Ch, Isr, Isr, Isr, Qxua, Qxua, Qxua, Qxua, Xoi, Qxua, Qxua, Qxua, Qxua, Qxua, Xoi, Qxua, Qxua, Qxua, Qxua, Isr, Isr, Isr, Ch, Ch, Isr, Isr, Isr, Ch, Ch, Isr, Isr, Ch, Qxua, Qxua, Xoi, _off^_usr, _off^_usr
_off^_usr, _off^_usr, Xoi, Qxua, Qxua, Ch, Isr, Ch, Isr, Isr, Ch, Kh, Ch, Isr, Isr, Ch, Isr, Ch, Qxua, Qxua, Xoi, Xoi, _off^_usr, Xoi, Xoi, Qxua, Xoi, Xoi, _off^_usr, Xoi, Xoi, Qxua, Qxua, Ch, Isr, Ch, Isr, Isr, Ch, Kh, Ch, Isr, Isr, Ch, Isr, Ch, Qxua, Qxua, Xoi, _off^_usr, _off^_usr
_off^_usr, _off^_usr, Xoi, Qxua, Qxua, Ch, Isr, Ch, Isr, Ch, Isr, Isr, Isr, Ch, Isr, Ch, Isr, Ch, Qxua, Qxua, Xoi, _off^_usr, _off^_usr, _off^_usr, _off^_usr, Xoi, _off^_usr, _off^_usr, _off^_usr, _off^_usr, Xoi, Qxua, Qxua, Ch, Isr, Ch, Isr, Ch, Isr, Isr, Isr, Ch, Isr, Ch, Isr, Ch, Qxua, Qxua, Xoi, _off^_usr, _off^_usr
_off^_usr, _off^_usr, Xoi, Qxua, Qxua, Ch, Isr, Ch, Isr, Ch, Isr, Rr^Vd, Isr, Ch, Isr, Ch, Isr, Ch, Qxua, Qxua, Xoi, _off^_usr, _off^_usr, _off^_usr, _off^_usr, _off^_usr, _off^_usr, _off^_usr, _off^_usr, _off^_usr, Xoi, Qxua, Qxua, Ch, Isr, Ch, Isr, Ch, Isr, Rr^Vd, Isr, Ch, Isr, Ch, Isr, Ch, Qxua, Qxua, Xoi, _off^_usr, _off^_usr
_off^_usr, _off^_usr, Xoi, Qxua, Qxua, Ch, Isr, Kh, Ch, Isr, Isr, Isr, Isr, Isr, Ch, Kh, Isr, Ch, Qxua, Qxua, Xoi, _off^_usr, _off^_usr, _off^_usr, _off^_usr, _off^_usr, _off^_usr, _off^_usr, _off^_usr, _off^_usr, Xoi, Qxua, Qxua, Ch, Isr, Kh, Ch, Isr, Isr, Isr, Isr, Isr, Ch, Kh, Isr, Ch, Qxua, Qxua, Xoi, _off^_usr, _off^_usr
_off^_usr, _off^_usr, Xoi, Qxua, Qxua, Ch, Ch, Isr, Isr, Ch, Isr, Isr, Isr, Ch, Isr, Isr, Ch, Ch, Qxua, Qxua, Xoi, _off^_usr, _off^_usr, _off^_usr, _off^_usr, _off^_usr, _off^_usr, _off^_usr, _off^_usr, _off^_usr, Xoi, Qxua, Qxua, Ch, Ch, Isr, Isr, Ch, Isr, Isr, Isr, Ch, Isr, Isr, Ch, Ch, Qxua, Qxua, Xoi, _off^_usr, _off^_usr
_off^_usr, _off^_usr, Xoi, Qxua, Qxua, Qxua, Qxua, Ch, Ch, Isr, Ch, Rrc, Ch, Isr, Ch, Ch, Qxua, Qxua, Qxua, Qxua, Xoi, _off^_usr, _off^_usr, _off^_usr, _off^_usr, _off^_usr, _off^_usr, _off^_usr, _off^_usr, _off^_usr, Xoi, Qxua, Qxua, Qxua, Qxua, Ch, Ch, Isr, Ch, Rrc, Ch, Isr, Ch, Ch, Qxua, Qxua, Qxua, Qxua, Xoi, _off^_usr, _off^_usr
_off^_usr, _off^_usr, _off^_usr, Xoi, Xoi, Qxua, Qxua, Qxua, Kh, Ch, Rrc^Efs, Rrc, Rrc^Efs, Ch, Kh, Qxua, Qxua, Qxua, Xoi, Xoi, Wwg, _off^_usr, _off^_usr, _off^_usr, _off^_usr, _off^_usr, _off^_usr, _off^_usr, _off^_usr, _off^_usr, Wwg, Xoi, Xoi, Qxua, Qxua, Qxua, Kh, Ch, Rrc^Efs, Rrc, Rrc^Efs, Ch, Kh, Qxua, Qxua, Qxua, Xoi, Xoi, _off^_usr, _off^_usr, _off^_usr
_off^_usr, _off^_usr, _off^_usr, Gs^Fms, Gs, Xoi, Xoi, Qxua, Qxua, Ch, Ch, Rrc, Ch, Ch, Qxua, Qxua, Xoi, Xoi, Wwf, Wwg, Wwg, Wwg, Mm, Mm, Mm, _off^_usr, Mm, Mm, Mm, Wwg, Wwg, Wwg, Wwf, Xoi, Xoi, Qxua, Qxua, Ch, Ch, Rrc, Ch, Ch, Qxua, Qxua, Xoi, Xoi, Gs, Gs^Fms, _off^_usr, _off^_usr, _off^_usr
_off^_usr, _off^_usr, _off^_usr, Wwf, Wwf, Gs^Fms, Gs^Fms, Gs, Gg, Qxua, Rrc, Rrc, Rrc, Qxua, Wwg, Wwg, Wwf, Wwf, Wwf, Wwf, Wwf, Mm, Gg, Gg, Mm, _off^_usr, Mm, Gg, Gg, Mm, Wwf, Wwf, Wwf, Wwf, Wwf, Wwg, Wwg, Qxua, Rrc, Rrc, Rrc, Qxua, Gg, Gs, Gs^Fms, Gs^Fms, Wwf, Wwf, _off^_usr, _off^_usr, _off^_usr
_off^_usr, _off^_usr, _off^_usr, Wwf, Gg, Gg, Gs^Fds, Gs, Gs, Ket, Rrc, Rrc, Rrc, Ket, Wwg, Wwg, Wwg, Wwf, Wwg, Wwf, Wwg, Mm, Gg, Gg, Gs, _off^_usr, Gs, Gg, Gg, Mm, Wwg, Wwf, Wwg, Wwf, Wwg, Wwg, Wwg, Ket, Rrc, Rrc, Rrc, Ket, Gs, Gs, Gs^Fds, Gg, Gg, Wwf, _off^_usr, _off^_usr, _off^_usr
_off^_usr, _off^_usr, _off^_usr, Gg, Mm, Gg, Mm, Gs^Fds, Gs, Ket, Rrc, Rrc, Rrc, Ket, Wwg, Wwg, Wwf, Wwf, Wwg, Wwg, Wwg, Mm^Fms, Mm^Fms, Hh, Gs, _off^_usr, Gs, Hh, Mm^Fms, Mm^Fms, Wwg, Wwg, Wwg, Wwf, Wwf, Wwg, Wwg, Ket, Rrc, Rrc, Rrc, Ket, Gs, Gs^Fds, Mm, Gg, Mm, Gg, _off^_usr, _off^_usr, _off^_usr
_off^_usr, _off^_usr, _off^_usr, Mm, Gs^Fms, Hh, Hh, Mm^Fms, Mm^Fms, Gs, Rrc, Rrc, Rrc, Wwg, Wwg, Wwg, Wwf, Wwf, Wwf, Wwg, Wwg, Wwg, Wwf, Gs, Gs^Fds, _off^_usr, Gs^Fds, Gs, Wwf, Wwg, Wwg, Wwg, Wwf, Wwf, Wwf, Wwg, Wwg, Wwg, Rrc, Rrc, Rrc, Gs, Mm^Fms, Mm^Fms, Hh, Hh, Gs^Fms, Mm, _off^_usr, _off^_usr, _off^_usr
_off^_usr, _off^_usr, _off^_usr, Mm^Fms, Hh, Hh, Hh, Gs^Fds, Mm, Gs^Fds, Rrc, Rrc, Rrc, Wwg, Wwg, Wwf, Gs^Fds, Gs^Fds, Gs^Fds, Wwg, Wwg, Wwg, Gs, Wwf, Hh, _off^_usr, Hh, Wwf, Gs, Wwg, Wwg, Wwg, Gs^Fds, Gs^Fds, Gs^Fds, Wwf, Wwg, Wwg, Rrc, Rrc, Rrc, Gs^Fds, Mm, Gs^Fds, Hh, Hh, Hh, Mm^Fms, _off^_usr, _off^_usr, _off^_usr
_off^_usr, _off^_usr, _off^_usr, Gs^Fds, Ss, Ss, Ss, Mm, Ss, Gs^Fds, Rrc, Rrc, Rrc, Wwg, Wwg, Wwg, Gs^Fms, Hh, Hh, Hh, Wwf, Gs, Hh, Gs^Fds, Gs^Fds, _off^_usr, Gs^Fds, Gs^Fds, Hh, Gs, Wwf, Hh, Hh, Hh, Gs^Fms, Wwg, Wwg, Wwg, Rrc, Rrc, Rrc, Gs^Fds, Ss, Mm, Ss, Ss, Ss, Gs^Fds, _off^_usr, _off^_usr, _off^_usr
_off^_usr, _off^_usr, _off^_usr, Ss, Ss, Ss, Ss, Ss, Mm, Mm^Fms, Mm^Fms, Rrc, Rrc, Rrc, Rrc, Rrc, Rrc, Gs^Fms, Wwf, Wwf, Wwf, Gs^Vh, Gg^Gvs, Gg^Gvs, Gg^Gvs, _off^_usr, Gg^Gvs, Gg^Gvs, Gg^Gvs, Gs^Vh, Wwf, Wwf, Wwf, Gs^Fms, Rrc, Rrc, Rrc, Rrc, Rrc, Rrc, Mm^Fms, Mm^Fms, Mm, Ss, Ss, Ss, Ss, Ss, _off^_usr, _off^_usr, _off^_usr
_off^_usr, _off^_usr, _off^_usr, Ss, Ss, Ss, Gs^Fds, Mm, Hh, Hh^Fds, Ur, Ur, Ur, Rrc, Rrc, Rrc, Rrc, Rrc, Rrc, Gs^Fds, Gs^Fds, Gg^Gvs, Gg^Gvs, Gg^Gvs, Gg^Gvs, _off^_usr, Gg^Gvs, Gg^Gvs, Gg^Gvs, Gg^Gvs, Gs^Fds, Gs^Fds, Rrc, Rrc, Rrc, Rrc, Rrc, Rrc, Ur, Ur, Ur, Hh^Fds, Hh, Mm, Gs^Fds, Ss, Ss, Ss, _off^_usr, _off^_usr, _off^_usr
_off^_usr, _off^_usr, _off^_usr, Gs, Gs, Gs^Fds, Gs, Mm, Hh, Hh, Hh^Fds, Ur, Mm, Gs^Fds, Gs^Fds, Gs^Fds, Mm, Rrc, Rrc, Rrc, Gs^Fds, Gg^Gvs, Gg^Vwm, Gg^Gvs, Gs^Fms, _off^_usr, Gs^Fms, Gg^Gvs, Gg^Vwm, Gg^Gvs, Gs^Fds, Rrc, Rrc, Rrc, Mm, Gs^Fds, Gs^Fds, Gs^Fds, Mm, Ur, Hh^Fds, Hh, Hh, Mm, Gs, Gs^Fds, Gs, Gs, _off^_usr, _off^_usr, _off^_usr
_off^_usr, _off^_usr, _off^_usr, Gs, Gs^Fds, Gs, Gs, Mm, Mm^Fms, Mm, Mm, Hh^Fds, Mm, Gs, Gs, Gs^Fds, Gs^Fds, Mm^Fms, Gs^Fds, Rrc, Rrc, Rrc, Gs, Gs^Fms, Hh, _off^_usr, Hh, Gs^Fms, Gs, Rrc, Rrc, Rrc, Gs^Fds, Mm^Fms, Gs^Fds, Gs^Fds, Gs, Gs, Mm, Hh^Fds, Mm, Mm, Mm^Fms, Mm, Gs, Gs, Gs^Fds, Gs, _off^_usr, _off^_usr, _off^_usr
_off^_usr, _off^_usr, _off^_usr, Gs, Gs, Gs, Gs^Fds, Gs, Hh, Gs^Fds, Gs^Fds, Mm^Fms, Hh, Gs, Gs, Ss, Ss, Ss, Hh, Gs^Fds, Rrc, Gs^Fds, Hh, Gs, Gs^Fds, _off^_usr, Gs^Fds, Gs, Hh, Gs^Fds, Rrc, Gs^Fds, Hh, Ss, Ss, Ss, Gs, Gs, Hh, Mm^Fms, Gs^Fds, Gs^Fds, Hh, Gs, Gs^Fds, Gs, Gs, Gs, _off^_usr, _off^_usr, _off^_usr
_off^_usr, _off^_usr, _off^_usr, Gg, Gg, Gs, Gs, Hh^Fms, Gs^Fds, Gs^Fds, Gs, Mm, Hh, Gs^Fds, Hh, Gs^Fds, Ss, Ss, Gs^Fms, Rrc, Rrc, Gs^Fds, Ss, Gs^Fds, Ss, _off^_usr, Ss, Gs^Fds, Ss, Gs^Fds, Rrc, Rrc, Gs^Fms, Ss, Ss, Gs^Fds, Hh, Gs^Fds, Hh, Mm, Gs, Gs^Fds, Gs^Fds, Hh^Fms, Gs, Gs, Gg, Gg, _off^_usr, _off^_usr, _off^_usr
_off^_usr, _off^_usr, _off^_usr, Gs^Fds, Hh, Gs, Gs^Fds, Hh, Gs, Gs, Gs^Fds, Mm, Mm^Fms, Gs^Fds, Gs^Fds, Ss, Ss, Ss, Gs^Fms, Rrc, Gs^Fms, Ss, Ss, Ss, Ss, _off^_usr, Ss, Ss, Ss, Ss, Gs^Fms, Rrc, Gs^Fms, Ss, Ss, Ss, Gs^Fds, Gs^Fds, Mm^Fms, Mm, Gs^Fds, Gs, Gs, Hh, Gs^Fds, Gs, Hh, Gs^Fds, _off^_usr, _off^_usr, _off^_usr
_off^_usr, _off^_usr, _off^_usr, Hh, Mm^Fms, Mm, Gs^Fds, Gg, Gs, Gs, Hh, Hh, Hh, Gs^Fds, Gs^Fms, Gs^Fms, Hh, Ss, Rrc, Rrc, Gs^Fms, Ss, Ss, Ss, Gs^Fms, _off^_usr, Gs^Fms, Ss, Ss, Ss, Gs^Fms, Rrc, Rrc, Ss, Hh, Gs^Fms, Gs^Fms, Gs^Fds, Hh, Hh, Hh, Gs, Gs, Gg, Gs^Fds, Mm, Mm^Fms, Hh, _off^_usr, _off^_usr, _off^_usr
_off^_usr, _off^_usr, _off^_usr, _off^_usr, _off^_usr, Mm, Mm, Gg, Gs^Fds, Gs^Fds, Gs^Fds, Gs^Fds, Gs^Fds, Hh, Mm^Fms, Hh, Gs, Hh, Rrc, Rrc, Gs, Ss, Gs, Hh^Fms, Hh, _off^_usr, Hh, Hh^Fms, Gs, Ss, Gs, Rrc, Rrc, Hh, Gs, Hh, Mm^Fms, Hh, Gs^Fds, Gs^Fds, Gs^Fds, Gs^Fds, Gs^Fds, Gg, Mm, Mm, _off^_usr, _off^_usr, _off^_usr, _off^_usr, _off^_usr
_off^_usr, _off^_usr, _off^_usr, _off^_usr, _off^_usr, _off^_usr, _off^_usr, Mm^Fms, Gs^Fms, Mm, Hh, Gs^Vh, Gs, Mm, Gs^Fds, Gs, Kv, Rrc, Rrc, Hh, Hh, Gs, Gs, Gs^Fds, Hh, _off^_usr, Hh, Gs^Fds, Gs, Gs, Hh, Hh, Rrc, Rrc, Kh, Gs, Gs^Fds, Mm, Gs, Gs^Vh, Hh, Mm, Gs^Fms, Mm^Fms, _off^_usr, _off^_usr, _off^_usr, _off^_usr, _off^_usr, _off^_usr, _off^_usr
_off^_usr, _off^_usr, _off^_usr, _off^_usr, _off^_usr, _off^_usr, Gs^Fds, Gs^Fds, Hh, Hh, Gs^Vh, Gs, Cv, Gs^Fds, Cv, Gs^Fds, Cv, Rrc, Cv, Hh, Cv, Gs, Gs, Gs^Fds, Gs^Fms, _off^_usr, Gs^Fms, Gs^Fds, Gs, Gs, Ch, Hh, Ch, Rrc, Ch, Gs^Fds, Ch, Gs^Fds, Ch, Gs, Gs^Vh, Hh, Hh, Gs^Fds, Gs^Fds, _off^_usr, _off^_usr, _off^_usr, _off^_usr, _off^_usr, _off^_usr
_off^_usr, _off^_usr, _off^_usr, _off^_usr, _off^_usr, _off^_usr, Gs^Fds, Gs^Fds, Gs, Hh, Gs, Gs, Gs, Cv, Gs, Cv, Rp, Cv, Gs, Cv, Gs, Gs, Gs^Fms, Gs^Fms, Gs^Fms, _off^_usr, Gs^Fms, Gs^Fms, Gs^Fms, Gs, Gs, Ch, Gs, Ch, Gs, Ch, Gs, Ch, Gs, Gs, Gs, Hh, Gs, Gs^Fds, Gs^Fds, _off^_usr, _off^_usr, _off^_usr, _off^_usr, _off^_usr, _off^_usr
_off^_usr, _off^_usr, _off^_usr, _off^_usr, _off^_usr, _off^_usr, _off^_usr, Gs, Gs^Fds, Gs, Ss^Fds, Gs, Gs^Fds, Gs, Hh, Rp, Rp, Gs, Gs^Fms, Gs, Mm, Gs, Gs, Gs^Fds, Gs, _off^_usr, Gs, Gs^Fds, Gs, Gs, Mm, Gs, Gs^Fms, Gs, _off^_usr, Gs, _off^_usr, Gs, _off^_usr, Gs, _off^_usr, Gs, _off^_usr, Gs, _off^_usr, _off^_usr, _off^_usr, _off^_usr, _off^_usr, _off^_usr, _off^_usr
_off^_usr, _off^_usr, _off^_usr, _off^_usr, _off^_usr, _off^_usr, _off^_usr, _off^_usr, Ss^Fds, Ss, Hh^Fds, Ss^Fds, Hh^Fds, Hh, Rp, Rp, Mm, Mm, Gs^Fms, Gs, Mm^Fms, Mm^Fms, Mm, Gs, Gs^Fms, _off^_usr, Gs^Fms, Gs, Mm, Mm^Fms, Mm^Fms, Gs, Gs^Fms, _off^_usr, _off^_usr, _off^_usr, _off^_usr, _off^_usr, _off^_usr, _off^_usr, _off^_usr, _off^_usr, _off^_usr, _off^_usr, _off^_usr, _off^_usr, _off^_usr, _off^_usr, _off^_usr, _off^_usr, _off^_usr
_off^_usr, _off^_usr, _off^_usr, _off^_usr, _off^_usr, _off^_usr, _off^_usr, _off^_usr, Wwg, Ss, Mm, Mm, Rp, Rp, Gs^Fms, Gs^Fms, Gs, Gs, Gs^Es, Gs, Gs^Fms, Mm, Mm, Gs^Fms, Gs^Fms, _off^_usr, Gs^Fms, Gs^Fms, Mm, Mm, Gs^Fms, Gs, Gs, Gs, Gs, _off^_usr, _off^_usr, _off^_usr, _off^_usr, _off^_usr, _off^_usr, _off^_usr, _off^_usr, _off^_usr, _off^_usr, _off^_usr, _off^_usr, _off^_usr, _off^_usr, _off^_usr, _off^_usr
_off^_usr, _off^_usr, _off^_usr, _off^_usr, _off^_usr, _off^_usr, _off^_usr, _off^_usr, Wwg, Wwrg, Mm, Mm^Fms, Gs^Fds, Rp, Rp, Rp, Rp, Gs^Fms, Gs^Fms, Gs, Gs, _off^_usr, _off^_usr, Gs^Fms, _off^_usr, _off^_usr, _off^_usr, Gs^Fms, _off^_usr, _off^_usr, Gs, Gs, Gs^Fms, Gs^Fms, Gs, _off^_usr, _off^_usr, _off^_usr, _off^_usr, _off^_usr, _off^_usr, _off^_usr, _off^_usr, _off^_usr, _off^_usr, _off^_usr, _off^_usr, _off^_usr, _off^_usr, _off^_usr, _off^_usr
_off^_usr, _off^_usr, _off^_usr, _off^_usr, _off^_usr, _off^_usr, _off^_usr, _off^_usr, _off^_usr, Wwg, Wwrg, Mm, Wwf^Ewl, Gs^Fds, Gs^Emf, Rp, Rp, Rp, Gs^Fms, Gs, Gs, Gs, Gs^Fds, _off^_usr, _off^_usr, _off^_usr, _off^_usr, _off^_usr, Gs^Fds, Gs, Gs, Gs, Gs^Fms, Gs^Fms, Gs, Gs, Gs, _off^_usr, _off^_usr, _off^_usr, _off^_usr, _off^_usr, _off^_usr, _off^_usr, _off^_usr, _off^_usr, _off^_usr, _off^_usr, _off^_usr, _off^_usr, _off^_usr
_off^_usr, _off^_usr, _off^_usr, _off^_usr, _off^_usr, _off^_usr, _off^_usr, _off^_usr, _off^_usr, _off^_usr, Wwf, Wwf^Ewf, Wwf^Ewf, Hh^Fms, Gs^Fms, Mm, Mm, Rp, Rp, Rp, Cv^Fds, Gs^Fds, Gs^Fds, Gs^Fds, Gs^Fds, _off^_usr, Gs^Fds, Gs^Fds, Gs^Fds, Gs^Fds, Cv^Fds, Gs, Gs, Gs, Mm, Mm, Gs^Fms, Hh^Fms, _off^_usr, _off^_usr, _off^_usr, _off^_usr, _off^_usr, _off^_usr, _off^_usr, _off^_usr, _off^_usr, _off^_usr, _off^_usr, _off^_usr, _off^_usr
_off^_usr, _off^_usr, _off^_usr, _off^_usr, _off^_usr, _off^_usr, _off^_usr, _off^_usr, _off^_usr, _off^_usr, _off^_usr, Wwf, _off^_usr, Gs^Fms, Hh, Mm, Mm, Mm^Fms, Cv^Fms, Kv, Cv, Gs^Fds, Hh^Fds, Gs^Fds, Hh, _off^_usr, Hh, Gs^Fds, Hh^Fds, Gs^Fds, Cv, Kv, Cv^Fms, Mm^Fms, Mm, Mm, Hh, Gs^Fms, _off^_usr, _off^_usr, _off^_usr, _off^_usr, _off^_usr, _off^_usr, _off^_usr, _off^_usr, _off^_usr, _off^_usr, _off^_usr, _off^_usr, _off^_usr
_off^_usr, _off^_usr, _off^_usr, _off^_usr, _off^_usr, _off^_usr, _off^_usr, _off^_usr, _off^_usr, _off^_usr, _off^_usr, _off^_usr, _off^_usr, Gs^Fms, Gs^Fms, Hh^Fms, Mm, Mm^Fms, Cv^Fms, Cv, Gs, Cv, Cv, Hh, Gg^Fet, _off^_usr, Gg^Fet, Hh, Cv, Cv, Gs, Cv, Cv^Fms, Mm^Fms, Mm, Hh^Fms, Gs^Fms, Gs^Fms, _off^_usr, _off^_usr, _off^_usr, _off^_usr, _off^_usr, _off^_usr, _off^_usr, _off^_usr, _off^_usr, _off^_usr, _off^_usr, _off^_usr, _off^_usr
_off^_usr, _off^_usr, _off^_usr, _off^_usr, _off^_usr, _off^_usr, _off^_usr, _off^_usr, _off^_usr, _off^_usr, _off^_usr, _off^_usr, _off^_usr, Wwf, Wwrg, Hh, Hh, Gs^Fms, Cv, Gs, Gs, Gs, Gs, Gs, Gs, _off^_usr, Gs, Gs, Gs, Gs, Gs, Gs, Cv, Gs^Fms, Hh, Hh, Wwrg, Wwf, _off^_usr, _off^_usr, _off^_usr, _off^_usr, _off^_usr, _off^_usr, _off^_usr, _off^_usr, _off^_usr, _off^_usr, _off^_usr, _off^_usr, _off^_usr
_off^_usr, _off^_usr, _off^_usr, _off^_usr, _off^_usr, _off^_usr, _off^_usr, _off^_usr, _off^_usr, _off^_usr, _off^_usr, _off^_usr, Wwg, Wwg, Wwg, Mm, Mm, Gs^Fms, Gs^Fms, Gs, Gs, Gs^Fms, Gs^Fms, Gs, Gs^Eff, _off^_usr, Gs^Eff, Gs, Gs^Fms, Gs^Fms, Gs, Gs, Gs^Fms, Gs^Fms, Mm, Mm, Wwg, Wwg, Wwg, _off^_usr, _off^_usr, _off^_usr, _off^_usr, _off^_usr, _off^_usr, _off^_usr, _off^_usr, _off^_usr, _off^_usr, _off^_usr, _off^_usr
_off^_usr, _off^_usr, _off^_usr, _off^_usr, _off^_usr, _off^_usr, _off^_usr, _off^_usr, _off^_usr, _off^_usr, _off^_usr, _off^_usr, Wwg, Wwg, Wwg, Mm, Mm, Mm, Mm, Mm^Fms, Gs, Gs^Fms, Gs^Eff, Gs^Eff, Gs^Gvs, _off^_usr, Gs^Gvs, Gs^Eff, Gs^Eff, Gs^Fms, Gs, Mm^Fms, Mm, Mm, Mm, Mm, Wwg, Wwg, Wwg, _off^_usr, _off^_usr, _off^_usr, _off^_usr, _off^_usr, _off^_usr, _off^_usr, _off^_usr, _off^_usr, _off^_usr, _off^_usr, _off^_usr
_off^_usr, _off^_usr, _off^_usr, _off^_usr, _off^_usr, _off^_usr, _off^_usr, _off^_usr, _off^_usr, _off^_usr, _off^_usr, _off^_usr, Wwg, Wwg, Wwg, Wwrg, Wwg, Wwf, Wwf, Mm, Mm, Gs^Eff, Gs^Gvs, Gs^Gvs, Gs^Gvs, _off^_usr, Gs^Gvs, Gs^Gvs, Gs^Gvs, Gs^Eff, Mm, Mm, Wwf, Wwf, Wwg, Wwrg, Wwg, Wwg, Wwg, _off^_usr, _off^_usr, _off^_usr, _off^_usr, _off^_usr, _off^_usr, _off^_usr, _off^_usr, _off^_usr, _off^_usr, _off^_usr, _off^_usr
_off^_usr, _off^_usr, _off^_usr, _off^_usr, _off^_usr, _off^_usr, _off^_usr, _off^_usr, _off^_usr, _off^_usr, _off^_usr, _off^_usr, Wwg, Wwg, Wwg, Ket, Wwg^Bw\, Wwg, Wwf, Mm, Gs, Gg^Vwm, Gs^Gvs, Gs^Gvs, Gs^Gvs, _off^_usr, Gs^Gvs, Gs^Gvs, Gs^Gvs, Gg^Vwm, Gs, Mm, Wwf, Wwg, Wwg^Bw/, Ket, Wwg, Wwg, Wwg, _off^_usr, _off^_usr, _off^_usr, _off^_usr, _off^_usr, _off^_usr, _off^_usr, _off^_usr, _off^_usr, _off^_usr, _off^_usr, _off^_usr
_off^_usr, _off^_usr, _off^_usr, _off^_usr, _off^_usr, _off^_usr, _off^_usr, _off^_usr, _off^_usr, _off^_usr, _off^_usr, _off^_usr, Wwg, Wwg, Wwg, Wwg, Wwg, Wwg^Bw\, Gs, Gs, Gs, Gs^Eff, Gs^Eff, Gs^Gvs, Gs^Fms, _off^_usr, Gs^Fms, Gs^Gvs, Gs^Eff, Gs^Eff, Gs, Gs, Gs, Wwg^Bw/, Wwg, Wwg, Wwg, Wwg, Wwg, _off^_usr, _off^_usr, _off^_usr, _off^_usr, _off^_usr, _off^_usr, _off^_usr, _off^_usr, _off^_usr, _off^_usr, _off^_usr, _off^_usr
_off^_usr, _off^_usr, _off^_usr, _off^_usr, _off^_usr, _off^_usr, _off^_usr, _off^_usr, _off^_usr, _off^_usr, _off^_usr, _off^_usr, Wwg, Wwg, Wwg, Wwg, Wwg, Gs, Gs, Gs, Hh, Gs^Fms, Gs^Fms, Gg^Ve, Gs^Fms, _off^_usr, Gs^Fms, Gg^Ve, Gs^Fms, Gs^Fms, Hh, Gs, Gs, Gs, Wwg, Wwg, Wwg, Wwg, Wwg, _off^_usr, _off^_usr, _off^_usr, _off^_usr, _off^_usr, _off^_usr, _off^_usr, _off^_usr, _off^_usr, _off^_usr, _off^_usr, _off^_usr
_off^_usr, _off^_usr, _off^_usr, _off^_usr, _off^_usr, _off^_usr, _off^_usr, _off^_usr, _off^_usr, _off^_usr, _off^_usr, _off^_usr, _off^_usr, Wwg, Wwg, Wwg, Wwf, Wwf, Gs, Hh, Mm, Mm, Mm, Hh, Gs, _off^_usr, Gs, Hh, Mm, Mm, Mm, Hh, Gs, Wwf, Wwf, Wwg, Wwg, Wwg, _off^_usr, _off^_usr, _off^_usr, _off^_usr, _off^_usr, _off^_usr, _off^_usr, _off^_usr, _off^_usr, _off^_usr, _off^_usr, _off^_usr, _off^_usr
_off^_usr, _off^_usr, _off^_usr, _off^_usr, _off^_usr, _off^_usr, _off^_usr, _off^_usr, _off^_usr, _off^_usr, _off^_usr, _off^_usr, _off^_usr, _off^_usr, Wwg, Wwg, Wwrg, Wwf, Mm, Mm, Mm, Mm, Hh, Hh^Fms, Gs^Fms, _off^_usr, Gs^Fms, Hh^Fms, Hh, Mm, Mm, Mm, Mm, Wwf, Wwrg, Wwg, Wwg, _off^_usr, _off^_usr, _off^_usr, _off^_usr, _off^_usr, _off^_usr, _off^_usr, _off^_usr, _off^_usr, _off^_usr, _off^_usr, _off^_usr, _off^_usr, _off^_usr
_off^_usr, _off^_usr, _off^_usr, _off^_usr, _off^_usr, _off^_usr, _off^_usr, _off^_usr, _off^_usr, _off^_usr, _off^_usr, _off^_usr, _off^_usr, _off^_usr, _off^_usr, Wwg, Wwf, Wwf, Wwf, Hh^Fds, Gs, Gs, Gs, Gs^Fms, Hh, _off^_usr, Hh, Gs^Fms, Gs, Gs, Gs, Hh^Fds, Wwf, Wwf, Wwf, Wwg, _off^_usr, _off^_usr, _off^_usr, _off^_usr, _off^_usr, _off^_usr, _off^_usr, _off^_usr, _off^_usr, _off^_usr, _off^_usr, _off^_usr, _off^_usr, _off^_usr, _off^_usr
_off^_usr, _off^_usr, _off^_usr, _off^_usr, _off^_usr, _off^_usr, _off^_usr, _off^_usr, _off^_usr, _off^_usr, _off^_usr, _off^_usr, _off^_usr, _off^_usr, _off^_usr, Wwg, Wwg, Wwf, Gs, Gd, Gs, Gs, Gs^Fds, Gs, Gs, _off^_usr, Gs, Gs, Gs^Fds, Gs, Gs, Gd, Gs, Wwf, Wwg, Wwg, _off^_usr, _off^_usr, _off^_usr, _off^_usr, _off^_usr, _off^_usr, _off^_usr, _off^_usr, _off^_usr, _off^_usr, _off^_usr, _off^_usr, _off^_usr, _off^_usr, _off^_usr
_off^_usr, _off^_usr, _off^_usr, _off^_usr, _off^_usr, _off^_usr, _off^_usr, _off^_usr, _off^_usr, _off^_usr, _off^_usr, _off^_usr, _off^_usr, _off^_usr, _off^_usr, _off^_usr, _off^_usr, Wwf, Hh, Hh^Fds, Gg, Gs, Gs^Fds, Gg, Gs, _off^_usr, Gs, Gg, Gs^Fds, Gs, Gg, Hh^Fds, Hh, Wwf, _off^_usr, _off^_usr, _off^_usr, _off^_usr, _off^_usr, _off^_usr, _off^_usr, _off^_usr, _off^_usr, _off^_usr, _off^_usr, _off^_usr, _off^_usr, _off^_usr, _off^_usr, _off^_usr, _off^_usr
_off^_usr, _off^_usr, _off^_usr, _off^_usr, _off^_usr, _off^_usr, _off^_usr, _off^_usr, _off^_usr, _off^_usr, _off^_usr, _off^_usr, _off^_usr, _off^_usr, _off^_usr, _off^_usr, _off^_usr, _off^_usr, Gs^Fds, Gd, Gs, Gs, Gs, Gg, Gg, _off^_usr, Gg, Gg, Gs, Gs, Gs, Gd, Gs^Fds, _off^_usr, _off^_usr, _off^_usr, _off^_usr, _off^_usr, _off^_usr, _off^_usr, _off^_usr, _off^_usr, _off^_usr, _off^_usr, _off^_usr, _off^_usr, _off^_usr, _off^_usr, _off^_usr, _off^_usr, _off^_usr
_off^_usr, _off^_usr, _off^_usr, _off^_usr, _off^_usr, _off^_usr, _off^_usr, _off^_usr, _off^_usr, _off^_usr, _off^_usr, _off^_usr, _off^_usr, _off^_usr, _off^_usr, _off^_usr, _off^_usr, Gs, Gg, Gs, Gs^Fds, Cv^Fds, Gs^Fds, Cv, Gg, _off^_usr, Gg, Cv, Gs^Fds, Cv^Fds, Gs^Fds, Gs, Gg, Gs, _off^_usr, _off^_usr, _off^_usr, _off^_usr, _off^_usr, _off^_usr, _off^_usr, _off^_usr, _off^_usr, _off^_usr, _off^_usr, _off^_usr, _off^_usr, _off^_usr, _off^_usr, _off^_usr, _off^_usr
_off^_usr, _off^_usr, _off^_usr, _off^_usr, _off^_usr, _off^_usr, _off^_usr, _off^_usr, _off^_usr, _off^_usr, _off^_usr, _off^_usr, _off^_usr, _off^_usr, _off^_usr, _off^_usr, Gs^Fds, Gs^Fds, Gg, Gs^Fds, Gg, Cv, Kv, Cv, Gs, _off^_usr, Gs, Cv, Kv, Cv, Gg, Gs^Fds, Gg, Gs^Fds, Gs^Fds, _off^_usr, _off^_usr, _off^_usr, _off^_usr, _off^_usr, _off^_usr, _off^_usr, _off^_usr, _off^_usr, _off^_usr, _off^_usr, _off^_usr, _off^_usr, _off^_usr, _off^_usr, _off^_usr
_off^_usr, _off^_usr, _off^_usr, _off^_usr, _off^_usr, _off^_usr, _off^_usr, _off^_usr, _off^_usr, _off^_usr, _off^_usr, _off^_usr, _off^_usr, _off^_usr, Mm, Gg, Gs, Gg, Gs, Gs^Fds, Gs, Cv, Cv, Cv^Fds, Gs^Fds, _off^_usr, Gs^Fds, Cv^Fds, Cv, Cv, Gs, Gs^Fds, Gs, Gg, Gs, Gg, Mm, _off^_usr, _off^_usr, _off^_usr, _off^_usr, _off^_usr, _off^_usr, _off^_usr, _off^_usr, _off^_usr, _off^_usr, _off^_usr, _off^_usr, _off^_usr, _off^_usr
_off^_usr, _off^_usr, _off^_usr, _off^_usr, _off^_usr, _off^_usr, _off^_usr, _off^_usr, _off^_usr, _off^_usr, _off^_usr, _off^_usr, Mm, Mm^Fms, Gs, Gs^Fds, Gs, Gd, Gs, Gs, Gg, Gs^Fds, Gg, Gg, Gg, _off^_usr, Gg, Gg, Gg, Gs^Fds, Gg, Gs, Gs, Gd, Gs, Gs^Fds, Gs, Mm^Fms, Mm, _off^_usr, _off^_usr, _off^_usr, _off^_usr, _off^_usr, _off^_usr, _off^_usr, _off^_usr, _off^_usr, _off^_usr, _off^_usr, _off^_usr
_off^_usr, _off^_usr, _off^_usr, _off^_usr, _off^_usr, _off^_usr, _off^_usr, _off^_usr, Md^Fmw, Md^Fmw, Md, Mm^Fms, Hh, Hh^Fms, Gs, Gd, Gs^Fds, Gg, Hh^Fds, Hh^Fds, Gg^Fds, Gs, Xoc, Gg, Gs, _off^_usr, Gs, Gg, Xoc, Gs, Gg^Fds, Hh^Fds, Hh^Fds, Gg, Gs^Fds, Gd, Gs, Hh^Fms, Hh, Mm^Fms, Md, Md^Fmw, Md^Fmw, _off^_usr, _off^_usr, _off^_usr, _off^_usr, _off^_usr, _off^_usr, _off^_usr, _off^_usr
_off^_usr, _off^_usr, _off^_usr, _off^_usr, _off^_usr, _off^_usr, Md, Md, Md, Md, Hhd^Fdf, Hhd, Ce^Fms, Gs, Gd, Wwf, Gd, Md, Hh, Gg^Fds, Xoc, Xoc, Rr, Xoc, Rr^Pw\, _off^_usr, Rr^Pw/, Xoc, Rr, Xoc, Xoc, Gg^Fds, Hh, Md, Gd, Wwf, Gd, Gs, Ce^Fms, Hhd, Hhd^Fdf, Md, Md, Md, Md, _off^_usr, _off^_usr, _off^_usr, _off^_usr, _off^_usr, _off^_usr
Qlf, Qlf, Qlf, Qlf, Qlf, Md^Xm, Qlf, Md^Xm, Qlf, Md^Xm, Qlf, Md^Xm, Qlf, Qlf, Qlf, Qlf, Qlf, Qlf, Qlf, Qlf, Qlf, Qlf, Qlf, Qlf, Qlf, Xoc, Qlf, Qlf, Qlf, Qlf, Qlf, Qlf, Qlf, Qlf, Qlf, Qlf, Qlf, Qlf, Qlf, Md^Xm, Qlf, Md^Xm, Qlf, Md^Xm, Qlf, Md^Xm, Qlf, Qlf, Qlf, Qlf, Qlf
Qlf, Qlf, Qlf, Qlf, Qlf, Qlf, Qlf, Qlf, Qlf, Qlf, Qlf, Qlf, Qlf, Qlf, Qlf, Qlf, Qlf, Qlf, Qlf, Qlf, Qlf, Qlf, Qlf, Qlf, Qlf, _off^_usr, Qlf, Qlf, Qlf, Qlf, Qlf, Qlf, Qlf, Qlf, Qlf, Qlf, Qlf, Qlf, Qlf, Qlf, Qlf, Qlf, Qlf, Qlf, Qlf, Qlf, Qlf, Qlf, Qlf, Qlf, Qlf
Qlf, Qlf, Qlf, Qlf, Qlf, Qlf, Qlf, Qlf, Qlf, Qlf, Qlf, Qlf, Qlf, Qlf, Qlf, Qlf, Qlf, Qlf, Qlf, Qlf, Qlf, Qlf, Qlf, Qlf, Qlf, _off^_usr, Qlf, Qlf, Qlf, Qlf, Qlf, Qlf, Qlf, Qlf, Qlf, Qlf, Qlf, Qlf, Qlf, Qlf, Qlf, Qlf, Qlf, Qlf, Qlf, Qlf, Qlf, Qlf, Qlf, Qlf, Qlf
