_off^_usr, _off^_usr, _off^_usr, _off^_usr, _off^_usr, _off^_usr, _off^_usr, _off^_usr, _off^_usr, _off^_usr, _off^_usr, Sm, Sm^Fdw, Hhd^Fdw, Hhd^Fdw, Rb, Rb, Rb, Sm^Fdw, Rb, Rb, Sm^Fdw, Rb, Sm, Sm^Fdw, _off^_usr, Sm^Fdw, Sm, Rb, Sm^Fdw, Rb, Rb, Sm^Fdw, Rb, Rb, Rb, Hhd^Fdw, Hhd^Fdw, Sm^Fdw, Sm, _off^_usr, _off^_usr, _off^_usr, _off^_usr, _off^_usr, _off^_usr, _off^_usr, _off^_usr, _off^_usr, _off^_usr, _off^_usr
_off^_usr, _off^_usr, _off^_usr, _off^_usr, _off^_usr, _off^_usr, _off^_usr, _off^_usr, Xoc, _off^_usr, _off^_usr, Sm, Sm, Sm^Fdw, Sm^Fdw, Rb, Sm, Sm, Sm, Rb, Rb, Rb, Sm, Rb, Sm^Fdw, _off^_usr, Sm^Fdw, Rb, Sm, Rb, Rb, Rb, Sm, Sm, Sm, Rb, Sm^Fdw, Sm^Fdw, Sm, Sm, _off^_usr, _off^_usr, Xoc, _off^_usr, _off^_usr, _off^_usr, _off^_usr, _off^_usr, _off^_usr, _off^_usr, _off^_usr
_off^_usr, _off^_usr, _off^_usr, _off^_usr, _off^_usr, _off^_usr, Xoc, Xoc, Isr, Xoc, Xoc, _off^_usr, Sm^Fdw, Sm^Fdw, Sm, Sm^Vhs, Wwg, Wwf, Sm^Fdw, Rb, Rb, Sm^Tf, Sm, Sm^Bw|r, Sm^Fdw, _off^_usr, Sm^Fdw, Sm^Bw|r, Sm, Sm^Tf, Rb, Rb, Sm^Fdw, Wwf, Wwg, Sm^Vhs, Sm, Sm^Fdw, Sm^Fdw, _off^_usr, Xoc, Xoc, Isr, Xoc, Xoc, _off^_usr, _off^_usr, _off^_usr, _off^_usr, _off^_usr, _off^_usr
_off^_usr, _off^_usr, _off^_usr, _off^_usr, Xoc, Xoc, Isr, Isr, Isr, Isr, Xoc, _off^_usr, Sm, Sm^Tf, Sm^Fdw, Wwf, Wwf, Wwf, Sm^Fdw, Sm, Sm^Bw|r, Sm, Sm^Bw/r, Sm^Bw|r, Sm, _off^_usr, Sm, Sm^Bw|r, Sm^Bw\r, Sm, Sm^Bw|r, Sm, Sm^Fdw, Wwf, Wwf, Wwf, Sm^Fdw, Sm^Tf, Sm, _off^_usr, Xoc, Isr, Isr, Isr, Isr, Xoc, Xoc, _off^_usr, _off^_usr, _off^_usr, _off^_usr
_off^_usr, _off^_usr, _off^_usr, _off^_usr, Xoc, Isr, Isr, Isr, Isr, Isr, Xoc, _off^_usr, Sm, Hhd, Sm, Wwf, Sm^Fdw, Wwf, Sm, Sm, Sm^Fdw, Wwg^Bw\r, Wwf^Bw\r, Wwf, Sm, _off^_usr, Sm, Wwf, Wwf^Bw/r, Wwg^Bw/r, Sm^Fdw, Sm, Sm, Wwf, Sm^Fdw, Wwf, Sm, Hhd, Sm, _off^_usr, Xoc, Isr, Isr, Isr, Isr, Isr, Xoc, _off^_usr, _off^_usr, _off^_usr, _off^_usr
_off^_usr, _off^_usr, _off^_usr, _off^_usr, Xoc, Isr, Isr, Isr, Isr, Xoc, _off^_usr, Sm, Hhd, Sm^Fdw, Sm, Sm, Sm^Fdw, Sm, Sm^Tf, Sm^Fdw, Sm, Sm^Bw|r, Sm^Fdw, Sm^Bw\r, Isa, Isa^Xo, Isa, Sm^Bw/r, Sm^Fdw, Sm^Bw|r, Sm, Sm^Fdw, Sm^Tf, Sm, Sm^Fdw, Sm, Sm, Sm^Fdw, Hhd, Sm, _off^_usr, Xoc, Isr, Isr, Isr, Isr, Xoc, _off^_usr, _off^_usr, _off^_usr, _off^_usr
_off^_usr, _off^_usr, _off^_usr, _off^_usr, _off^_usr, Xoc, Xoc, Isr, Isr, Xoc, Xoc, Sm^Fdw, Sm^Fdw, Sm, Isa, Isa, Isa, Sm^Fdw, Sm^Fdw, Sm, Sm, Sm^Bw|r, Isa, Isa, _off^_usr, _off^_usr, _off^_usr, Isa, Isa, Sm^Bw|r, Sm, Sm, Sm^Fdw, Sm^Fdw, Isa, Isa, Isa, Sm, Sm^Fdw, Sm^Fdw, Xoc, Xoc, Isr, Isr, Xoc, Xoc, _off^_usr, _off^_usr, _off^_usr, _off^_usr, _off^_usr
_off^_usr, _off^_usr, _off^_usr, _off^_usr, _off^_usr, _off^_usr, _off^_usr, Xoc, Xoc, Isr, Rb, Rb^Fdw, Sm^Fdw, Isa, Cer, Cer, Isa, Sm^Fdw, Isa, Isa, Isa, Isa, Isa, Sm, Sm^Fdw, _off^_usr, Sm^Fdw, Sm, Isa, Isa, Isa, Isa, Isa, Sm^Fdw, Isa, Cer, Cer, Isa, Sm^Fdw, Rb^Fdw, Rb, Isr, Xoc, Xoc, _off^_usr, _off^_usr, _off^_usr, _off^_usr, _off^_usr, _off^_usr, _off^_usr
_off^_usr, _off^_usr, _off^_usr, _off^_usr, _off^_usr, _off^_usr, _off^_usr, _off^_usr, Isa, Isa, Isa, Isa, Isa, Isa, Cer, Ker, Cer, Isa, Sm, Sm, Sm, Isa, Sm, Sm, Sm^Fdw, _off^_usr, Sm^Fdw, Sm, Sm, Isa, Sm, Sm, Sm, Isa, Cer, Ker, Cer, Isa, Isa, Isa, Isa, Isa, Isa, _off^_usr, _off^_usr, _off^_usr, _off^_usr, _off^_usr, _off^_usr, _off^_usr, _off^_usr
_off^_usr, _off^_usr, _off^_usr, _off^_usr, _off^_usr, _off^_usr, _off^_usr, _off^_usr, Sm, Sm, Sm^Fdw, Isa, Sm, Sm^Fdw, Sm, Rb, Sm, Sm, Sm^Fdw, Sm^Fdw, Hhd^Fdw, Sm, Sm^Fdw, Sm^Tf, _off^_usr, _off^_usr, _off^_usr, Sm^Tf, Sm^Fdw, Sm, Hhd^Fdw, Sm^Fdw, Sm^Fdw, Sm, Sm, Rb, Sm, Sm^Fdw, Sm, Isa, Sm^Fdw, Sm, Sm, _off^_usr, _off^_usr, _off^_usr, _off^_usr, _off^_usr, _off^_usr, _off^_usr, _off^_usr
