_off^_usr, _off^_usr, _off^_usr, _off^_usr, _off^_usr, _off^_usr, _off^_usr, _off^_usr, _off^_usr, _off^_usr, _off^_usr, _off^_usr, _off^_usr, _off^_usr, _off^_usr, _off^_usr, _off^_usr, _off^_usr, _off^_usr, _off^_usr, _off^_usr, _off^_usr, _off^_usr, _off^_usr, _off^_usr, _off^_usr, Xoi, _off^_usr, _off^_usr, _off^_usr, _off^_usr, _off^_usr, _off^_usr, _off^_usr, _off^_usr, _off^_usr, _off^_usr, _off^_usr, _off^_usr, _off^_usr, _off^_usr, _off^_usr, _off^_usr, _off^_usr, _off^_usr, _off^_usr, _off^_usr, _off^_usr, _off^_usr, _off^_usr, _off^_usr, _off^_usr, _off^_usr
_off^_usr, _off^_usr, _off^_usr, _off^_usr, _off^_usr, _off^_usr, _off^_usr, _off^_usr, _off^_usr, _off^_usr, _off^_usr, _off^_usr, _off^_usr, _off^_usr, _off^_usr, _off^_usr, _off^_usr, _off^_usr, _off^_usr, _off^_usr, _off^_usr, _off^_usr, _off^_usr, _off^_usr, Xoi, Xoi, Qxua^Xo, Xoi, Xoi, _off^_usr, _off^_usr, _off^_usr, _off^_usr, _off^_usr, _off^_usr, _off^_usr, _off^_usr, _off^_usr, _off^_usr, _off^_usr, _off^_usr, _off^_usr, _off^_usr, _off^_usr, _off^_usr, _off^_usr, _off^_usr, _off^_usr, _off^_usr, _off^_usr, _off^_usr, _off^_usr, _off^_usr
_off^_usr, _off^_usr, _off^_usr, _off^_usr, _off^_usr, _off^_usr, _off^_usr, _off^_usr, _off^_usr, _off^_usr, _off^_usr, _off^_usr, _off^_usr, _off^_usr, _off^_usr, _off^_usr, _off^_usr, _off^_usr, _off^_usr, _off^_usr, _off^_usr, _off^_usr, Xoi, Xoi, Qxua^Xo, Qxua^Xo, Qxua^Xo, Qxua^Xo, Qxua^Xo, Xoi, Xoi, _off^_usr, _off^_usr, _off^_usr, _off^_usr, _off^_usr, _off^_usr, _off^_usr, _off^_usr, _off^_usr, _off^_usr, _off^_usr, _off^_usr, _off^_usr, _off^_usr, _off^_usr, _off^_usr, _off^_usr, _off^_usr, _off^_usr, _off^_usr, _off^_usr, _off^_usr
_off^_usr, _off^_usr, _off^_usr, _off^_usr, _off^_usr, _off^_usr, _off^_usr, _off^_usr, _off^_usr, _off^_usr, _off^_usr, _off^_usr, Xoi, _off^_usr, _off^_usr, _off^_usr, _off^_usr, _off^_usr, _off^_usr, _off^_usr, Xoi, Xoi, Qxua^Xo, Qxua^Xo, Qxua^Xo, Qxua^Xo, Qxua^Xo, Qxua^Xo, Qxua^Xo, Qxua^Xo, Qxua^Xo, Xoi, Xoi, _off^_usr, _off^_usr, _off^_usr, _off^_usr, _off^_usr, _off^_usr, _off^_usr, Xoi, _off^_usr, _off^_usr, _off^_usr, _off^_usr, _off^_usr, _off^_usr, _off^_usr, _off^_usr, _off^_usr, _off^_usr, _off^_usr, _off^_usr
_off^_usr, _off^_usr, _off^_usr, _off^_usr, _off^_usr, _off^_usr, _off^_usr, _off^_usr, _off^_usr, _off^_usr, Xoi, Xoi, Qxua, Xoi, Xoi, _off^_usr, _off^_usr, _off^_usr, Xoi, Xoi, Qxua, Qxua, Qxua, Qxua, Isr, Isr, Qxua, Isr, Isr, Qxua, Qxua, Qxua, Qxua, Xoi, Xoi, _off^_usr, _off^_usr, _off^_usr, Xoi, Xoi, Qxua, Xoi, Xoi, _off^_usr, _off^_usr, _off^_usr, _off^_usr, _off^_usr, _off^_usr, _off^_usr, _off^_usr, _off^_usr, _off^_usr
_off^_usr, _off^_usr, _off^_usr, _off^_usr, _off^_usr, _off^_usr, _off^_usr, _off^_usr, Xoi, Xoi, Qxua, Qxua, Qxua, Qxua, Qxua, Xoi, Xoi, Xoi, _off^_usr, Qxua, Qxua, Qxua, Isr, Isr, Qxua, Isr, Ch, Isr, Qxua, Isr, Isr, Qxua, Qxua, Qxua, _off^_usr, Xoi, Xoi, Xoi, Qxua, Qxua, Qxua, Qxua, Qxua, Xoi, Xoi, _off^_usr, _off^_usr, _off^_usr, _off^_usr, _off^_usr, _off^_usr, _off^_usr, _off^_usr
_off^_usr, _off^_usr, _off^_usr, _off^_usr, _off^_usr, _off^_usr, Xoi, Xoi, Qxua, Qxua, Qxua, Qxua, Qxua, Qxua, Qxua, Qxua, Qxua, Qxua, Qxua, Qxua, Isr, Isr, Isr, Isr, Qxua, Isc, Isc, Isc, Qxua, Isr, Isr, Isr, Isr, Qxua, Qxua, Qxua, Qxua, Qxua, Qxua, Qxua, Qxua, Qxua, Qxua, Qxua, Qxua, Xoi, Xoi, _off^_usr, _off^_usr, _off^_usr, _off^_usr, _off^_usr, _off^_usr
_off^_usr, _off^_usr, _off^_usr, _off^_usr, Xoi, Xoi, Qxua, Qxua, Qxua, Qxua, Qxua, Qxua, Qxua, Qxua, Qxua, Qxua, Qxua, Qxua, Isr, Isr, Isr, Isr, Isr, Isr, Isr, Qxua, Qxua, Qxua, Isr, Isr, Isr, Isr, Isr, Isr, Isr, Qxua, Qxua, Qxua, Qxua, Qxua, Qxua, Qxua, Qxua, Qxua, Qxua, Qxua, Qxua, Xoi, Xoi, _off^_usr, _off^_usr, _off^_usr, _off^_usr
_off^_usr, _off^_usr, _off^_usr, Xoi, Qxua, Qxua, Qxua, Qxua, Ch, Qxua, Qxua, Qxua, Ch, Qxua, Qxua, Qxua, Isr, Isr, Isr, Isr, Isr, Isr, Qxua, Qxua, Qxua, Isr, Qxua, Isr, Qxua, Qxua, Qxua, Isr, Isr, Isr, Isr, Isr, Isr, Qxua, Qxua, Qxua, Ch, Qxua, Qxua, Qxua, Ch, Qxua, Qxua, Qxua, Qxua, Xoi, _off^_usr, _off^_usr, _off^_usr
_off^_usr, _off^_usr, _off^_usr, Xoi, Qxua, Qxua, Ch, Ch, Isr, Kh, Ch, Ch, Isr, Ch, Ch, Kh, Isr, Isr, Isr, Isr, Qxua, Qxua, Qxua, Qxua, Qxua, Qxua, Qxua, Qxua, Qxua, Qxua, Qxua, Qxua, Qxua, Isr, Isr, Isr, Isr, Kh, Ch, Ch, Isr, Ch, Ch, Kh, Isr, Ch, Ch, Qxua, Qxua, Xoi, _off^_usr, _off^_usr, _off^_usr
_off^_usr, _off^_usr, _off^_usr, Xoi, Qxua, Qxua, Ch, Isr, Ch, Ch, Isr, Isr, Kh, Isr, Isr, Ch, Ch, Isr, Ch, Qxua, Qxua, Qxua, Xoi, Xoi, Xoi, Qxua, Qxua, Qxua, Xoi, Xoi, Xoi, Qxua, Qxua, Qxua, Ch, Isr, Ch, Ch, Isr, Isr, Kh, Isr, Isr, Ch, Ch, Isr, Ch, Qxua, Qxua, Xoi, _off^_usr, _off^_usr, _off^_usr
_off^_usr, _off^_usr, _off^_usr, Xoi, Qxua, Qxua, Ch, Isr, Ch, Isr, Ch, Ch, Isr, Ch, Ch, Isr, Ch, Isr, Ch, Qxua, Qxua, Xoi, _off^_usr, _off^_usr, _off^_usr, Xoi, Xoi, Xoi, _off^_usr, _off^_usr, _off^_usr, Xoi, Qxua, Qxua, Ch, Isr, Ch, Isr, Ch, Ch, Isr, Ch, Ch, Isr, Ch, Isr, Ch, Qxua, Qxua, Xoi, _off^_usr, _off^_usr, _off^_usr
_off^_usr, _off^_usr, _off^_usr, Xoi, Qxua, Qxua, Ch, Isr, Ch, Isr, Ch, Isr, Rr^Vd, Isr, Ch, Isr, Ch, Isr, Ch, Qxua, Qxua, Xoi, _off^_usr, _off^_usr, _off^_usr, _off^_usr, _off^_usr, _off^_usr, _off^_usr, _off^_usr, _off^_usr, Xoi, Qxua, Qxua, Ch, Isr, Ch, Isr, Ch, Isr, Rr^Vd, Isr, Ch, Isr, Ch, Isr, Ch, Qxua, Qxua, Xoi, _off^_usr, _off^_usr, _off^_usr
_off^_usr, _off^_usr, _off^_usr, Xoi, Qxua, Qxua, Ch, Isr, Kh, Isr, Isr, Isr, Isr, Isr, Isr, Isr, Kh, Isr, Ch, Qxua, Qxua, Xoi, _off^_usr, _off^_usr, _off^_usr, _off^_usr, _off^_usr, _off^_usr, _off^_usr, _off^_usr, _off^_usr, Xoi, Qxua, Qxua, Ch, Isr, Kh, Isr, Isr, Isr, Isr, Isr, Isr, Isr, Kh, Isr, Ch, Qxua, Qxua, Xoi, _off^_usr, _off^_usr, _off^_usr
_off^_usr, _off^_usr, _off^_usr, Xoi, Qxua, Qxua, Ch, Isr, Isr, Ch, Ch, Isr, Isr, Isr, Ch, Ch, Isr, Isr, Ch, Qxua, Qxua, Xoi, _off^_usr, _off^_usr, _off^_usr, _off^_usr, _off^_usr, _off^_usr, _off^_usr, _off^_usr, _off^_usr, Xoi, Qxua, Qxua, Ch, Isr, Isr, Ch, Ch, Isr, Isr, Isr, Ch, Ch, Isr, Isr, Ch, Qxua, Qxua, Xoi, _off^_usr, _off^_usr, _off^_usr
_off^_usr, _off^_usr, _off^_usr, Xoi, Qxua, Qxua, Qxua, Ch, Ch, Isr, Isr, Isr, Rrc, Isr, Isr, Isr, Ch, Ch, Qxua, Qxua, Qxua, Xoi, _off^_usr, _off^_usr, _off^_usr, _off^_usr, _off^_usr, _off^_usr, _off^_usr, _off^_usr, _off^_usr, Xoi, Qxua, Qxua, Qxua, Ch, Ch, Isr, Isr, Isr, Rrc, Isr, Isr, Isr, Ch, Ch, Qxua, Qxua, Qxua, Xoi, _off^_usr, _off^_usr, _off^_usr
_off^_usr, _off^_usr, _off^_usr, Xoi, Xoi, Qxua, Qxua, Qxua, Qxua, Ch, Ch, Ch, Rrc, Ch, Ch, Ch, Qxua, Qxua, Qxua, Qxua, Xoi, Xoi, _off^_usr, _off^_usr, _off^_usr, _off^_usr, _off^_usr, _off^_usr, _off^_usr, _off^_usr, _off^_usr, Xoi, Xoi, Qxua, Qxua, Qxua, Qxua, Ch, Ch, Ch, Rrc, Ch, Ch, Ch, Qxua, Qxua, Qxua, Qxua, Xoi, Xoi, _off^_usr, _off^_usr, _off^_usr
_off^_usr, _off^_usr, _off^_usr, _off^_usr, Gs^Fms, Xoi, Xoi, Qxua, Qxua, Kh, Ch, Rrc^Efs, Rrc, Rrc^Efs, Ch, Kh, Qxua, Qxua, Xoi, Xoi, Wwg, Wwg, Wwg, _off^_usr, Mm, _off^_usr, _off^_usr, _off^_usr, Mm, _off^_usr, Wwg, Wwg, Wwg, Xoi, Xoi, Qxua, Qxua, Kh, Ch, Rrc^Efs, Rrc, Rrc^Efs, Ch, Kh, Qxua, Qxua, Xoi, Xoi, Gs^Fms, _off^_usr, _off^_usr, _off^_usr, _off^_usr
_off^_usr, _off^_usr, _off^_usr, _off^_usr, Wwf, Gs, Gs^Fms, Xoi^Efs, Gs, Qxua, Qxua, Ch, Rrc, Ch, Qxua, Qxua, Wwg, Xoi^Efs, Wwf, Wwf, Wwf, Wwg, Mm, Mm, Gg, Mm, _off^_usr, Mm, Gg, Mm, Mm, Wwg, Wwf, Wwf, Wwf, Xoi^Efs, Wwg, Qxua, Qxua, Ch, Rrc, Ch, Qxua, Qxua, Gs, Xoi^Efs, Gs^Fms, Gs, Wwf, _off^_usr, _off^_usr, _off^_usr, _off^_usr
_off^_usr, _off^_usr, _off^_usr, _off^_usr, Wwf, Wwf, Gg, Gs^Fms, Gs, Gg, Ket, Rrc, Rrc, Rrc, Ket, Wwg, Wwg, Wwf, Wwf, Wwf, Wwf, Wwf, Mm, Gg, Gg, Mm, _off^_usr, Mm, Gg, Gg, Mm, Wwf, Wwf, Wwf, Wwf, Wwf, Wwg, Wwg, Ket, Rrc, Rrc, Rrc, Ket, Gg, Gs, Gs^Fms, Gg, Wwf, Wwf, _off^_usr, _off^_usr, _off^_usr, _off^_usr
_off^_usr, _off^_usr, _off^_usr, _off^_usr, Gg, Gg, Gg, Gs^Fds, Gs^Fds, Gs, Ket, Rrc, Rrc, Rrc, Ket, Wwg, Wwg, Wwg, Wwf, Wwg, Wwg, Wwg, Mm^Fms, Gg, Hh, Gs, _off^_usr, Gs, Hh, Gg, Mm^Fms, Wwg, Wwg, Wwg, Wwf, Wwg, Wwg, Wwg, Ket, Rrc, Rrc, Rrc, Ket, Gs, Gs^Fds, Gs^Fds, Gg, Gg, Gg, _off^_usr, _off^_usr, _off^_usr, _off^_usr
_off^_usr, _off^_usr, _off^_usr, _off^_usr, Mm, Mm, Hh, Mm, Mm^Fms, Gs, Gs, Rrc, Rrc, Rrc, Wwg, Wwg, Wwg, Wwf, Wwf, Wwg, Wwg, Wwg, Wwg, Mm^Fms, Gs, Gs, _off^_usr, Gs, Gs, Mm^Fms, Wwg, Wwg, Wwg, Wwg, Wwf, Wwf, Wwg, Wwg, Wwg, Rrc, Rrc, Rrc, Gs, Gs, Mm^Fms, Mm, Hh, Mm, Mm, _off^_usr, _off^_usr, _off^_usr, _off^_usr
_off^_usr, _off^_usr, _off^_usr, _off^_usr, Mm^Fms, Gs^Fms, Hh, Hh, Gs^Fds, Mm^Fms, Gs^Fds, Rrc, Rrc, Rrc, Wwg, Wwg, Wwf, Wwf, Gs^Fds, Wwf, Wwg, Wwg, Wwg, Wwf, Wwf, Gs^Fds, _off^_usr, Gs^Fds, Wwf, Wwf, Wwg, Wwg, Wwg, Wwf, Gs^Fds, Wwf, Wwf, Wwg, Wwg, Rrc, Rrc, Rrc, Gs^Fds, Mm^Fms, Gs^Fds, Hh, Hh, Gs^Fms, Mm^Fms, _off^_usr, _off^_usr, _off^_usr, _off^_usr
_off^_usr, _off^_usr, _off^_usr, _off^_usr, Gs^Fds, Hh, Ss, Hh, Mm, Mm, Gs^Fds, Rrc, Rrc, Rrc, Wwg, Wwg, Wwg, Gs^Fds, Hh, Gs^Fds, Hh, Wwg, Gs, Gs, Gs^Fds, Hh, _off^_usr, Hh, Gs^Fds, Gs, Gs, Wwg, Hh, Gs^Fds, Hh, Gs^Fds, Wwg, Wwg, Wwg, Rrc, Rrc, Rrc, Gs^Fds, Mm, Mm, Hh, Ss, Hh, Gs^Fds, _off^_usr, _off^_usr, _off^_usr, _off^_usr
_off^_usr, _off^_usr, _off^_usr, _off^_usr, Ss, Ss, Ss, Ss, Ss, Ss, Mm^Fms, Rrc, Rrc, Rrc, Rrc, Wwg, Rrc, Gs^Fms, Gs^Fms, Hh, Wwf, Wwf, Gs^Vh, Hh, Gg^Gvs, Gs^Fds, _off^_usr, Gs^Fds, Gg^Gvs, Hh, Gs^Vh, Wwf, Wwf, Hh, Gs^Fms, Gs^Fms, Rrc, Wwg, Rrc, Rrc, Rrc, Rrc, Mm^Fms, Ss, Ss, Ss, Ss, Ss, Ss, _off^_usr, _off^_usr, _off^_usr, _off^_usr
_off^_usr, _off^_usr, _off^_usr, _off^_usr, Ss, Ss, Ss, Ss, Mm, Mm, Hh^Fds, Mm^Fms, Ur, Rrc, Rrc, Rrc, Rrc, Rrc, Rrc, Wwf, Gs^Fds, Wwf, Gg^Gvs, Gg^Gvs, Gg^Gvs, Gg^Gvs, _off^_usr, Gg^Gvs, Gg^Gvs, Gg^Gvs, Gg^Gvs, Wwf, Gs^Fds, Wwf, Rrc, Rrc, Rrc, Rrc, Rrc, Rrc, Ur, Mm^Fms, Hh^Fds, Mm, Mm, Ss, Ss, Ss, Ss, _off^_usr, _off^_usr, _off^_usr, _off^_usr
_off^_usr, _off^_usr, _off^_usr, _off^_usr, Gs, Ss, Gs^Fds, Gs^Fds, Mm, Hh, Hh, Ur, Ur, Ur, Gs^Fds, Rrc, Gs^Fds, Rrc, Rrc, Rrc, Rrc, Gs^Fds, Gg^Gvs, Gg^Gvs, Gg^Gvs, Gg^Gvs, _off^_usr, Gg^Gvs, Gg^Gvs, Gg^Gvs, Gg^Gvs, Gs^Fds, Rrc, Rrc, Rrc, Rrc, Gs^Fds, Rrc, Gs^Fds, Ur, Ur, Ur, Hh, Hh, Mm, Gs^Fds, Gs^Fds, Ss, Gs, _off^_usr, _off^_usr, _off^_usr, _off^_usr
_off^_usr, _off^_usr, _off^_usr, _off^_usr, Gs, Gs, Gs, Gs, Mm, Hh, Mm, Hh^Fds, Hh^Fds, Mm, Gs, Gs^Fds, Gs^Fds, Mm, Mm^Fms, Rrc, Rrc, Gs^Fds, Rrc, Gg^Vwm, Gs^Fms, Gs^Fms, _off^_usr, Gs^Fms, Gs^Fms, Gg^Vwm, Rrc, Gs^Fds, Rrc, Rrc, Mm^Fms, Mm, Gs^Fds, Gs^Fds, Gs, Mm, Hh^Fds, Hh^Fds, Mm, Hh, Mm, Gs, Gs, Gs, Gs, _off^_usr, _off^_usr, _off^_usr, _off^_usr
_off^_usr, _off^_usr, _off^_usr, _off^_usr, Gs, Gs^Fds, Gs, Gs, Gs, Mm^Fms, Gs^Fds, Mm, Mm^Fms, Mm, Gs, Gs, Ss, Gs^Fds, Ss, Gs^Fds, Gs^Fds, Rrc, Gs^Fds, Gs, Gs, Hh, _off^_usr, Hh, Gs, Gs, Gs^Fds, Rrc, Gs^Fds, Gs^Fds, Ss, Gs^Fds, Ss, Gs, Gs, Mm, Mm^Fms, Mm, Gs^Fds, Mm^Fms, Gs, Gs, Gs, Gs^Fds, Gs, _off^_usr, _off^_usr, _off^_usr, _off^_usr
_off^_usr, _off^_usr, _off^_usr, _off^_usr, Gg, Gs, Gs, Gs^Fds, Hh^Fms, Hh, Gs^Fds, Gs^Fds, Mm, Hh, Gs^Fds, Gs, Gs^Fds, Ss, Ss, Hh, Rrc, Rrc, Gs^Fds, Hh, Gs^Fds, Gs^Fds, _off^_usr, Gs^Fds, Gs^Fds, Hh, Gs^Fds, Rrc, Rrc, Hh, Ss, Ss, Gs^Fds, Gs, Gs^Fds, Hh, Mm, Gs^Fds, Gs^Fds, Hh, Hh^Fms, Gs^Fds, Gs, Gs, Gg, _off^_usr, _off^_usr, _off^_usr, _off^_usr
_off^_usr, _off^_usr, _off^_usr, _off^_usr, Gs^Fds, Gg, Gs, Gs, Hh, Gs^Fds, Gs, Gs, Mm, Hh, Gs^Fds, Hh, Ss, Ss, Ss, Gs^Fms, Rrc, Rrc, Ss, Ss, Ss, Ss, _off^_usr, Ss, Ss, Ss, Ss, Rrc, Rrc, Gs^Fms, Ss, Ss, Ss, Hh, Gs^Fds, Hh, Mm, Gs, Gs, Gs^Fds, Hh, Gs, Gs, Gg, Gs^Fds, _off^_usr, _off^_usr, _off^_usr, _off^_usr
_off^_usr, _off^_usr, _off^_usr, _off^_usr, Hh, Hh, Mm, Gs^Fds, Gg, Gs, Gs, Gs^Fds, Hh, Mm^Fms, Gs^Fds, Gs^Fds, Gs^Fms, Ss, Ss, Gs^Fms, Rrc, Gs^Fms, Ss, Ss, Ss, Ss, _off^_usr, Ss, Ss, Ss, Ss, Gs^Fms, Rrc, Gs^Fms, Ss, Ss, Gs^Fms, Gs^Fds, Gs^Fds, Mm^Fms, Hh, Gs^Fds, Gs, Gs, Gg, Gs^Fds, Mm, Hh, Hh, _off^_usr, _off^_usr, _off^_usr, _off^_usr
_off^_usr, _off^_usr, _off^_usr, _off^_usr, _off^_usr, Mm^Fms, Mm, Gs^Fds, Gg, Gs, Gs^Fds, Hh, Gs^Fds, Hh, Hh, Gs^Fms, Hh, Hh, Hh, Rrc, Rrc, Gs^Fms, Ss, Ss, Hh^Fms, Gs^Fms, _off^_usr, Gs^Fms, Hh^Fms, Ss, Ss, Gs^Fms, Rrc, Rrc, Hh, Hh, Hh, Gs^Fms, Hh, Hh, Gs^Fds, Hh, Gs^Fds, Gs, Gg, Gs^Fds, Mm, Mm^Fms, _off^_usr, _off^_usr, _off^_usr, _off^_usr, _off^_usr
_off^_usr, _off^_usr, _off^_usr, _off^_usr, _off^_usr, _off^_usr, _off^_usr, Mm, Mm^Fms, Gs^Fds, Mm, Gs^Fds, Gs^Vh, Gs^Fds, Mm, Mm^Fms, Gs, Gs, Rrc, Rrc, Hh, Gs, Gs, Gs, Gs^Fds, Hh, _off^_usr, Hh, Gs^Fds, Gs, Gs, Gs, Hh, Rrc, Rrc, Gs, Gs, Mm^Fms, Mm, Gs^Fds, Gs^Vh, Gs^Fds, Mm, Gs^Fds, Mm^Fms, Mm, _off^_usr, _off^_usr, _off^_usr, _off^_usr, _off^_usr, _off^_usr, _off^_usr
_off^_usr, _off^_usr, _off^_usr, _off^_usr, _off^_usr, _off^_usr, _off^_usr, _off^_usr, Gs^Fds, Gs^Fms, Hh, Hh, Gs, Gs, Gs^Fds, Gs^Fds, Gs^Fds, Kv, Rrc, Rrc, Hh, Hh, Gs, Gs, Gs^Fds, Hh, _off^_usr, Hh, Gs^Fds, Gs, Gs, Hh, Hh, Rrc, Rrc, Kv, Gs^Fds, Gs^Fds, Gs^Fds, Gs, Gs, Hh, Hh, Gs^Fms, Gs^Fds, _off^_usr, _off^_usr, _off^_usr, _off^_usr, _off^_usr, _off^_usr, _off^_usr, _off^_usr
_off^_usr, _off^_usr, _off^_usr, _off^_usr, _off^_usr, _off^_usr, _off^_usr, Gs^Fds, Gs^Fds, Hh, Hh, Gs^Vh, Gs, Cv, Cv, Cv, Cv, Cv, Cv, Cv, Cv, Cv, Gs, Gs, Gs^Fms, Gs^Fms, _off^_usr, Gs^Fms, Gs^Fms, Gs, Gs, Cv, Cv, Cv, Cv, Cv, Cv, Cv, Cv, Cv, Gs, Gs^Vh, Hh, Hh, Gs^Fds, Gs^Fds, _off^_usr, _off^_usr, _off^_usr, _off^_usr, _off^_usr, _off^_usr, _off^_usr
_off^_usr, _off^_usr, _off^_usr, _off^_usr, _off^_usr, _off^_usr, _off^_usr, Gs^Fds, Gs, Gs, Gs, Gs, Gs, Gs, Gs, Gs, Rp, Rp, Gs, Gs, Gs, Gs, Gs, Gs^Fms, Gs^Fds, Gs^Fms, _off^_usr, Gs^Fms, Gs^Fds, Gs^Fms, Gs, Gs, Gs, Gs, Gs, Rp, Rp, Gs, Gs, Gs, Gs, Gs, Gs, Gs, Gs, Gs^Fds, _off^_usr, _off^_usr, _off^_usr, _off^_usr, _off^_usr, _off^_usr, _off^_usr
_off^_usr, _off^_usr, _off^_usr, _off^_usr, _off^_usr, _off^_usr, _off^_usr, _off^_usr, _off^_usr, Gs^Fds, Ss, Ss, Ss^Fds, Gs^Fds, Hh, Hh, Rp, Rp, Mm, Gs^Fms, Gs, Mm, Mm^Fms, Gs, Gs, Gs, _off^_usr, Gs, Gs, Gs, Mm^Fms, Mm, Gs, Gs^Fms, Mm, Rp, Rp, Hh, Hh, Gs^Fds, Ss^Fds, Ss, Ss, Gs^Fds, _off^_usr, _off^_usr, _off^_usr, _off^_usr, _off^_usr, _off^_usr, _off^_usr, _off^_usr, _off^_usr
_off^_usr, _off^_usr, _off^_usr, _off^_usr, _off^_usr, _off^_usr, _off^_usr, _off^_usr, _off^_usr, Ss^Fds, Ss, Hh^Fds, Mm, Hh^Fds, Rp, Rp, Gs^Fms, Mm, Gs, Gs^Fms, Gs, Mm^Fms, Mm, Mm, Gs^Fms, Gs^Fms, _off^_usr, Gs^Fms, Gs^Fms, Mm, Mm, Mm^Fms, Gs, Gs^Fms, Gs, Mm, Gs^Fms, Rp, Rp, Hh^Fds, Mm, Hh^Fds, Ss, Ss^Fds, _off^_usr, _off^_usr, _off^_usr, _off^_usr, _off^_usr, _off^_usr, _off^_usr, _off^_usr, _off^_usr
_off^_usr, _off^_usr, _off^_usr, _off^_usr, _off^_usr, _off^_usr, _off^_usr, _off^_usr, _off^_usr, Wwg, Wwrg, Mm, Mm^Fms, Rp, Rp, Gs^Fms, Rp, Gs, Gs^Fms, Gs^Es, Gs^Eff, Gs^Fms, Gg^Eff, Mm, Gs^Fms, Gs^Fms, _off^_usr, Gs^Fms, Gs^Fms, Mm, Gg^Eff, Gs^Fms, Gs^Eff, Gs^Es, Gs^Fms, Gs, Rp, Gs^Fms, Rp, Rp, Mm^Fms, Mm, Wwrg, Wwg, _off^_usr, _off^_usr, _off^_usr, _off^_usr, _off^_usr, _off^_usr, _off^_usr, _off^_usr, _off^_usr
_off^_usr, _off^_usr, _off^_usr, _off^_usr, _off^_usr, _off^_usr, _off^_usr, _off^_usr, _off^_usr, Wwg, Wwg, Mm, Mm, Gs^Fds, Gs^Fds, Rp, Rp, Rp, Rp, Gs^Fms, Gs, Gs^Eff, Gs, Gg^Eff, Gs, Gg, _off^_usr, Gg, Gs, Gg^Eff, Gs, Gs^Eff, Gs, Gs^Fms, Rp, Rp, Rp, Rp, Gs^Fds, Gs^Fds, Mm, Mm, Wwg, Wwg, _off^_usr, _off^_usr, _off^_usr, _off^_usr, _off^_usr, _off^_usr, _off^_usr, _off^_usr, _off^_usr
_off^_usr, _off^_usr, _off^_usr, _off^_usr, _off^_usr, _off^_usr, _off^_usr, _off^_usr, _off^_usr, _off^_usr, _off^_usr, Wwrg, Wwf^Ewf, Wwf^Ewl, Hh^Fms, Gs^Emf, Mm, Rp, Rp, Gs^Fms, Rp, Gs, Gs^Fds, Gs^Fds, Gs, Gs^Fds, _off^_usr, Gs^Fds, Gs, Gs^Fds, Gs^Fds, Gs, Rp, Gs^Fms, Rp, Rp, Mm, Gs^Emf, Hh^Fms, Wwf^Ewl, Wwf^Ewf, Wwrg, _off^_usr, _off^_usr, _off^_usr, _off^_usr, _off^_usr, _off^_usr, _off^_usr, _off^_usr, _off^_usr, _off^_usr, _off^_usr
_off^_usr, _off^_usr, _off^_usr, _off^_usr, _off^_usr, _off^_usr, _off^_usr, _off^_usr, _off^_usr, _off^_usr, _off^_usr, Wwf, Wwf, Wwf^Ewf, Gs^Fms, Gs^Fms, Mm, Mm, Mm^Fms, Rp, Kv, Cv^Fds, Gs^Fds, Gs^Fds, Gs^Fds, Gs^Fds, _off^_usr, Gs^Fds, Gs^Fds, Gs^Fds, Gs^Fds, Cv^Fds, Kv, Rp, Mm^Fms, Mm, Mm, Gs^Fms, Gs^Fms, Wwf^Ewf, Wwf, Wwf, _off^_usr, _off^_usr, _off^_usr, _off^_usr, _off^_usr, _off^_usr, _off^_usr, _off^_usr, _off^_usr, _off^_usr, _off^_usr
_off^_usr, _off^_usr, _off^_usr, _off^_usr, _off^_usr, _off^_usr, _off^_usr, _off^_usr, _off^_usr, _off^_usr, _off^_usr, Wwf, Wwf, Wwf, Gs^Fms, Hh, Hh^Fms, Mm, Mm^Fms, Cv^Fms, Cv, Cv, Cv, Hh^Fds, Hh, Hh, _off^_usr, Hh, Hh, Hh^Fds, Cv, Cv, Cv, Cv^Fms, Mm^Fms, Mm, Hh^Fms, Hh, Gs^Fms, Wwf, Wwf, Wwf, _off^_usr, _off^_usr, _off^_usr, _off^_usr, _off^_usr, _off^_usr, _off^_usr, _off^_usr, _off^_usr, _off^_usr, _off^_usr
_off^_usr, _off^_usr, _off^_usr, _off^_usr, _off^_usr, _off^_usr, _off^_usr, _off^_usr, _off^_usr, _off^_usr, _off^_usr, _off^_usr, _off^_usr, Wwf, Wwf, Gs^Fms, Wwg, Mm, Gs^Fms, Cv^Fms, Gs, Gs, Gs, Cv, Gs, Gg^Fet, _off^_usr, Gg^Fet, Gs, Cv, Gs, Gs, Gs, Cv^Fms, Gs^Fms, Mm, Wwg, Gs^Fms, Wwf, Wwf, _off^_usr, _off^_usr, _off^_usr, _off^_usr, _off^_usr, _off^_usr, _off^_usr, _off^_usr, _off^_usr, _off^_usr, _off^_usr, _off^_usr, _off^_usr
_off^_usr, _off^_usr, _off^_usr, _off^_usr, _off^_usr, _off^_usr, _off^_usr, _off^_usr, _off^_usr, _off^_usr, _off^_usr, _off^_usr, Wwg, Wwg, Wwg, Wwrg, Wwg, Wwg, Wwg, Cv, Gs, Gs, Gs^Fms, Gs, Gs, Gs, _off^_usr, Gs, Gs, Gs, Gs^Fms, Gs, Gs, Cv, Wwg, Wwg, Wwg, Wwrg, Wwg, Wwg, Wwg, _off^_usr, _off^_usr, _off^_usr, _off^_usr, _off^_usr, _off^_usr, _off^_usr, _off^_usr, _off^_usr, _off^_usr, _off^_usr, _off^_usr
_off^_usr, _off^_usr, _off^_usr, _off^_usr, _off^_usr, _off^_usr, _off^_usr, _off^_usr, _off^_usr, _off^_usr, _off^_usr, _off^_usr, Wwg, Wwg, Wwg, Wwg, Wwg, Wwg, Mm, Gs^Fms, Mm^Fms, Gs, Gs^Fms, Gs^Fms, Gs^Eff, Gs^Eff, _off^_usr, Gs^Eff, Gs^Eff, Gs^Fms, Gs^Fms, Gs, Mm^Fms, Gs^Fms, Mm, Wwg, Wwg, Wwg, Wwg, Wwg, Wwg, _off^_usr, _off^_usr, _off^_usr, _off^_usr, _off^_usr, _off^_usr, _off^_usr, _off^_usr, _off^_usr, _off^_usr, _off^_usr, _off^_usr
_off^_usr, _off^_usr, _off^_usr, _off^_usr, _off^_usr, _off^_usr, _off^_usr, _off^_usr, _off^_usr, _off^_usr, _off^_usr, _off^_usr, Wwg, Wwg, Wwg, Ket, Wwrg, Wwg, Wwf, Mm, Mm, Gs, Gs^Eff, Gs^Eff, Gs^Gvs, Gs^Gvs, _off^_usr, Gs^Gvs, Gs^Gvs, Gs^Eff, Gs^Eff, Gs, Mm, Mm, Wwf, Wwg, Wwrg, Ket, Wwg, Wwg, Wwg, _off^_usr, _off^_usr, _off^_usr, _off^_usr, _off^_usr, _off^_usr, _off^_usr, _off^_usr, _off^_usr, _off^_usr, _off^_usr, _off^_usr
_off^_usr, _off^_usr, _off^_usr, _off^_usr, _off^_usr, _off^_usr, _off^_usr, _off^_usr, _off^_usr, _off^_usr, _off^_usr, _off^_usr, Wwg, Wwg, Wwg, Wwg^Bw|, Wwg^Bw\, Wwg, Wwg, Wwf, Mm, Mm, Gg^Vwm, Gs^Gvs, Gs^Gvs, Gs^Gvs, _off^_usr, Gs^Gvs, Gs^Gvs, Gs^Gvs, Gg^Vwm, Mm, Mm, Wwf, Wwg, Wwg, Wwg^Bw/, Wwg^Bw|, Wwg, Wwg, Wwg, _off^_usr, _off^_usr, _off^_usr, _off^_usr, _off^_usr, _off^_usr, _off^_usr, _off^_usr, _off^_usr, _off^_usr, _off^_usr, _off^_usr
_off^_usr, _off^_usr, _off^_usr, _off^_usr, _off^_usr, _off^_usr, _off^_usr, _off^_usr, _off^_usr, _off^_usr, _off^_usr, _off^_usr, _off^_usr, Wwg, Wwg, Wwg, Wwg, Wwg^Bw\, Gd, Wwf, Gs, Gs, Gs^Eff, Gs^Gvs, Gs^Gvs, Gs^Gvs, _off^_usr, Gs^Gvs, Gs^Gvs, Gs^Gvs, Gs^Eff, Gs, Gs, Wwf, Gd, Wwg^Bw/, Wwg, Wwg, Wwg, Wwg, _off^_usr, _off^_usr, _off^_usr, _off^_usr, _off^_usr, _off^_usr, _off^_usr, _off^_usr, _off^_usr, _off^_usr, _off^_usr, _off^_usr, _off^_usr
_off^_usr, _off^_usr, _off^_usr, _off^_usr, _off^_usr, _off^_usr, _off^_usr, _off^_usr, _off^_usr, _off^_usr, Md^Fmw, _off^_usr, Mm^Fms, Mm, Hh^Fms, Gs, Gd, Gs, Gg, Gs, Hh^Fds, Gs, Gs^Fms, Gs^Eff, Gg^Ve, Gs^Fms, _off^_usr, Gs^Fms, Gg^Ve, Gs^Eff, Gs^Fms, Gs, Hh^Fds, Gs, Gg, Gs, Gd, Gs, Hh^Fms, Mm, Mm^Fms, _off^_usr, Md^Fmw, _off^_usr, _off^_usr, _off^_usr, _off^_usr, _off^_usr, _off^_usr, _off^_usr, _off^_usr, _off^_usr, _off^_usr
_off^_usr, _off^_usr, _off^_usr, _off^_usr, _off^_usr, _off^_usr, _off^_usr, _off^_usr, Md, Md^Fmw, Md, Md, Hhd, Hh, Gs, Gs, Wwf, Gs^Fds, Md, Hh^Fds, Gg^Fds, Gg^Fds, Mm, Gs^Fms, Hh, Gs^Fms, _off^_usr, Gs^Fms, Hh, Gs^Fms, Mm, Gg^Fds, Gg^Fds, Hh^Fds, Md, Gs^Fds, Wwf, Gs, Gs, Hh, Hhd, Md, Md, Md^Fmw, Md, _off^_usr, _off^_usr, _off^_usr, _off^_usr, _off^_usr, _off^_usr, _off^_usr, _off^_usr
_off^_usr, _off^_usr, _off^_usr, _off^_usr, _off^_usr, _off^_usr, _off^_usr, Md, Md^Fdf, Md, Md, Hhd^Fdf, Ket^Fmw, Ce^Fms, Gll^Fmf, Gd, Gd, Gd, Md, Hh, Md^Xm, Wwg, Mm, Mm, _off^_usr, Gs, _off^_usr, Gs, _off^_usr, Mm, Mm, Wwg, Md^Xm, Hh, Md, Gd, Gd, Gd, Gll^Fmf, Ce^Fms, Ket^Fmw, Hhd^Fdf, Md, Md, Md^Fdf, Md, _off^_usr, _off^_usr, _off^_usr, _off^_usr, _off^_usr, _off^_usr, _off^_usr
_off^_usr, _off^_usr, _off^_usr, _off^_usr, _off^_usr, _off^_usr, _off^_usr, Md^Fmf, Md, Md, Gd^Fmf, Ce^Fms, Ce^Fmf, Ce^Fmw, Gd, Gll^Fdf, Gd, Ww^Ewf, Wwg, Md^Fmw, Md^Fdw, Md^Xm, Md^Xm, _off^_usr, _off^_usr, _off^_usr, _off^_usr, _off^_usr, _off^_usr, _off^_usr, Md^Xm, Md^Xm, Md^Fdw, Md^Fmw, Wwg, Ww^Ewf, Gd, Gll^Fdf, Gd, Ce^Fmw, Ce^Fmf, Ce^Fms, Gd^Fmf, Md, Md, Md^Fmf, _off^_usr, _off^_usr, _off^_usr, _off^_usr, _off^_usr, _off^_usr, _off^_usr
_off^_usr, _off^_usr, _off^_usr, _off^_usr, _off^_usr, _off^_usr, _off^_usr, _off^_usr, Md^Fmf, Gd, Hhd^Fdf, Hhd, Wwf, Gd, Hhd^Fdf, Hhd, Hhd^Fdf, Gll^Fmf, Gd, Hhd^Fmf, Hhd^Fmf, Md, Md^Fmf, Md^Xm, Md^Xm, _off^_usr, _off^_usr, _off^_usr, Md^Xm, Md^Xm, Md^Fmf, Md, Hhd^Fmf, Hhd^Fmf, Gd, Gll^Fmf, Hhd^Fdf, Hhd, Hhd^Fdf, Gd, Wwf, Hhd, Hhd^Fdf, Gd, Md^Fmf, _off^_usr, _off^_usr, _off^_usr, _off^_usr, _off^_usr, _off^_usr, _off^_usr, _off^_usr
_off^_usr, _off^_usr, _off^_usr, _off^_usr, _off^_usr, _off^_usr, _off^_usr, _off^_usr, Hhd^Fmf, Hhd, Hhd^Fdf, Gd, Gd^Fmf, Ww^Ewl, Gd^Fdf, Hhd^Fmf, Gd, Gd, Wwf, Gd^Fdf, Gd, Hhd^Fdf, Hhd, Md, Md^Xm, _off^_usr, _off^_usr, _off^_usr, Md^Xm, Md, Hhd, Hhd^Fdf, Gd, Gd^Fdf, Wwf, Gd, Gd, Hhd^Fmf, Gd^Fdf, Ww^Ewl, Gd^Fmf, Gd, Hhd^Fdf, Hhd, Hhd^Fmf, _off^_usr, _off^_usr, _off^_usr, _off^_usr, _off^_usr, _off^_usr, _off^_usr, _off^_usr
_off^_usr, _off^_usr, _off^_usr, _off^_usr, _off^_usr, _off^_usr, _off^_usr, _off^_usr, _off^_usr, Gd^Fdf, Gd^Fmf, Wwf, Wwf, Hhd, Gd, Wwf, Hhd^Fmf, Hhd^Fdf, Gll^Fdf, Wwg, Ww^Ewl, Wwf, Gll^Fdf, Ww^Ewf, Gll^Fdf, Md^Xm, _off^_usr, Md^Xm, Gll^Fdf, Ww^Ewf, Gll^Fdf, Wwf, Ww^Ewl, Wwg, Gll^Fdf, Hhd^Fdf, Hhd^Fmf, Wwf, Gd, Hhd, Wwf, Wwf, Gd^Fmf, Gd^Fdf, _off^_usr, _off^_usr, _off^_usr, _off^_usr, _off^_usr, _off^_usr, _off^_usr, _off^_usr, _off^_usr
_off^_usr, _off^_usr, _off^_usr, _off^_usr, _off^_usr, _off^_usr, _off^_usr, _off^_usr, _off^_usr, Gll^Fmf, Gll^Fdf, Ww^Ewl, Hhd, Hhd^Fdf, Wwg, Wwf, Gd, Hhd, Re, Gll^Fdf, Hhd, Gd, Gd, Gd, Hhd^Fdf, Gll^Fdf, _off^_usr, Gll^Fdf, Hhd^Fdf, Gd, Gd, Gd, Hhd, Gll^Fdf, Re, Hhd, Gd, Wwf, Wwg, Hhd^Fdf, Hhd, Ww^Ewl, Gll^Fdf, Gll^Fmf, _off^_usr, _off^_usr, _off^_usr, _off^_usr, _off^_usr, _off^_usr, _off^_usr, _off^_usr, _off^_usr
_off^_usr, _off^_usr, _off^_usr, _off^_usr, _off^_usr, _off^_usr, _off^_usr, _off^_usr, _off^_usr, Hhd^Fmf, Hhd^Fdf, Gll, Wwf, Hhd^Fmf, Wwf, Gd^Fdf, Hhd^Fmf, Ww^Ewf, Re^Fdf, Hhd, Md, Gd^Fdf, Md, Hhd^Fdf, Hhd^Fdf, Hhd, _off^_usr, Hhd, Hhd^Fdf, Hhd^Fdf, Md, Gd^Fdf, Md, Hhd, Re^Fdf, Ww^Ewf, Hhd^Fmf, Gd^Fdf, Wwf, Hhd^Fmf, Wwf, Gll, Hhd^Fdf, Hhd^Fmf, _off^_usr, _off^_usr, _off^_usr, _off^_usr, _off^_usr, _off^_usr, _off^_usr, _off^_usr, _off^_usr
_off^_usr, _off^_usr, _off^_usr, _off^_usr, _off^_usr, _off^_usr, _off^_usr, _off^_usr, _off^_usr, _off^_usr, _off^_usr, Hhd^Fdf, Hhd^Fmf, Gd, Hhd^Fdf, Hhd^Fmf, Hhd, Gd, Hhd, Hhd, Hhd, Md, Gd^Fdf, Md^Fmf, Re^Fmf, Hhd, _off^_usr, Hhd, Re^Fmf, Md^Fmf, Gd^Fdf, Md, Hhd, Hhd, Hhd, Gd, Hhd, Hhd^Fmf, Hhd^Fdf, Gd, Hhd^Fmf, Hhd^Fdf, _off^_usr, _off^_usr, _off^_usr, _off^_usr, _off^_usr, _off^_usr, _off^_usr, _off^_usr, _off^_usr, _off^_usr, _off^_usr
_off^_usr, _off^_usr, _off^_usr, _off^_usr, _off^_usr, _off^_usr, _off^_usr, _off^_usr, _off^_usr, _off^_usr, _off^_usr, _off^_usr, _off^_usr, Gd, Gd, Wwg, Re, Gd, Hhd^Fmf, Hhd^Fmf, Re, Ww^Ewl, Md, Re^Fmf, Md, Gd, _off^_usr, Gd, Md, Re^Fmf, Md, Ww^Ewl, Re, Hhd^Fmf, Hhd^Fmf, Gd, Re, Wwg, Gd, Gd, _off^_usr, _off^_usr, _off^_usr, _off^_usr, _off^_usr, _off^_usr, _off^_usr, _off^_usr, _off^_usr, _off^_usr, _off^_usr, _off^_usr, _off^_usr
_off^_usr, _off^_usr, _off^_usr, _off^_usr, _off^_usr, _off^_usr, _off^_usr, _off^_usr, _off^_usr, _off^_usr, _off^_usr, _off^_usr, _off^_usr, _off^_usr, Md^Fmf, Md^Fdf, Md, Re, Re, Re, Re, Md^Fmf, Md, Md^Fmf, Re^Fmf, Re, _off^_usr, Re, Re^Fmf, Md^Fmf, Md, Md^Fmf, Re, Re, Re, Re, Md, Md^Fdf, Md^Fmf, _off^_usr, _off^_usr, _off^_usr, _off^_usr, _off^_usr, _off^_usr, _off^_usr, _off^_usr, _off^_usr, _off^_usr, _off^_usr, _off^_usr, _off^_usr, _off^_usr
_off^_usr, _off^_usr, _off^_usr, _off^_usr, _off^_usr, _off^_usr, _off^_usr, _off^_usr, _off^_usr, _off^_usr, _off^_usr, _off^_usr, _off^_usr, Md, Sm, Sm^Fdw, Rb, Rb, Re, Re^Fdf, Re, Md, Hhd, Md, Cer, Re, _off^_usr, Re, Cer, Md, Hhd, Md, Re, Re^Fdf, Re, Rb, Rb, Sm^Fdw, Sm, Md, _off^_usr, _off^_usr, _off^_usr, _off^_usr, _off^_usr, _off^_usr, _off^_usr, _off^_usr, _off^_usr, _off^_usr, _off^_usr, _off^_usr, _off^_usr
_off^_usr, _off^_usr, _off^_usr, _off^_usr, _off^_usr, _off^_usr, _off^_usr, _off^_usr, _off^_usr, _off^_usr, _off^_usr, _off^_usr, _off^_usr, Md, Sm^Fdw, Sm, Sm, Md, Re^Fdf, Re, Re, Hhd^Fdf, Hhd^Fdf, Cer, Kte, Hhd, _off^_usr, Hhd, Kte, Cer, Hhd^Fdf, Hhd^Fdf, Re, Re, Re^Fdf, Md, Sm, Sm, Sm^Fdw, Md, _off^_usr, _off^_usr, _off^_usr, _off^_usr, _off^_usr, _off^_usr, _off^_usr, _off^_usr, _off^_usr, _off^_usr, _off^_usr, _off^_usr, _off^_usr
_off^_usr, _off^_usr, _off^_usr, _off^_usr, _off^_usr, _off^_usr, _off^_usr, _off^_usr, _off^_usr, _off^_usr, _off^_usr, _off^_usr, _off^_usr, Sm^Fdw, Sm^Fdw, Sm, Hhd, Hhd^Fdw, Md, Md, Md, Re, Hhd, Cer, Hhd^Fdw, Cer, _off^_usr, Cer, Hhd^Fdw, Cer, Hhd, Re, Md, Md, Md, Hhd^Fdw, Hhd, Sm, Sm^Fdw, Sm^Fdw, _off^_usr, _off^_usr, _off^_usr, _off^_usr, _off^_usr, _off^_usr, _off^_usr, _off^_usr, _off^_usr, _off^_usr, _off^_usr, _off^_usr, _off^_usr
_off^_usr, _off^_usr, _off^_usr, _off^_usr, _off^_usr, _off^_usr, _off^_usr, _off^_usr, _off^_usr, _off^_usr, _off^_usr, _off^_usr, _off^_usr, Sm, Sm, Sm, Sm^Tf, Md, Rb, Md, Rb, Rb, Sm^Fdw, Sm, Md, Sm^Fdw, _off^_usr, Sm^Fdw, Md, Sm, Sm^Fdw, Rb, Rb, Md, Rb, Md, Sm^Tf, Sm, Sm, Sm, _off^_usr, _off^_usr, _off^_usr, _off^_usr, _off^_usr, _off^_usr, _off^_usr, _off^_usr, _off^_usr, _off^_usr, _off^_usr, _off^_usr, _off^_usr
_off^_usr, _off^_usr, _off^_usr, _off^_usr, _off^_usr, _off^_usr, _off^_usr, _off^_usr, _off^_usr, _off^_usr, _off^_usr, _off^_usr, Sm, Sm, Hhd^Fdw, Hhd, Rb, Rb^Fdw, Rb, Rb, Rb, Rb, Sm^Fdw, Sm^Fdw, Sm, Sm, _off^_usr, Sm, Sm, Sm^Fdw, Sm^Fdw, Rb, Rb, Rb, Rb, Rb^Fdw, Rb, Hhd, Hhd^Fdw, Sm, Sm, _off^_usr, _off^_usr, _off^_usr, _off^_usr, _off^_usr, _off^_usr, _off^_usr, _off^_usr, _off^_usr, _off^_usr, _off^_usr, _off^_usr
_off^_usr, _off^_usr, _off^_usr, _off^_usr, _off^_usr, _off^_usr, _off^_usr, _off^_usr, _off^_usr, _off^_usr, _off^_usr, _off^_usr, Sm, Sm^Fdw, Sm^Fdw, Hhd^Fdw, Rb, Rb, Sm, Sm^Fdw, Rb, Rb, Rb, Rb, Rb, Sm^Fdw, _off^_usr, Sm^Fdw, Rb, Rb, Rb, Rb, Rb, Sm^Fdw, Sm, Rb, Rb, Hhd^Fdw, Sm^Fdw, Sm^Fdw, Sm, _off^_usr, _off^_usr, _off^_usr, _off^_usr, _off^_usr, _off^_usr, _off^_usr, _off^_usr, _off^_usr, _off^_usr, _off^_usr, _off^_usr
_off^_usr, _off^_usr, _off^_usr, _off^_usr, _off^_usr, _off^_usr, _off^_usr, _off^_usr, _off^_usr, _off^_usr, _off^_usr, _off^_usr, _off^_usr, Sm, Sm^Fdw, Sm^Fdw, Sm^Vhs, Sm, Wwf, Sm, Rb, Rb, Sm^Tf, Sm, Sm^Bw|r, Sm^Fdw, _off^_usr, Sm^Fdw, Sm^Bw|r, Sm, Sm^Tf, Rb, Rb, Sm, Wwf, Sm, Sm^Vhs, Sm^Fdw, Sm^Fdw, Sm, _off^_usr, _off^_usr, _off^_usr, _off^_usr, _off^_usr, _off^_usr, _off^_usr, _off^_usr, _off^_usr, _off^_usr, _off^_usr, _off^_usr, _off^_usr
_off^_usr, _off^_usr, _off^_usr, _off^_usr, _off^_usr, _off^_usr, _off^_usr, _off^_usr, _off^_usr, _off^_usr, _off^_usr, _off^_usr, _off^_usr, Sm^Fdw, Sm^Tf, Sm, Wwf, Wwg, Wwf, Sm^Fdw, Sm, Rb, Sm, Sm, Sm^Bw|r, Sm^Fdw, _off^_usr, Sm^Fdw, Sm^Bw|r, Sm, Sm, Rb, Sm, Sm^Fdw, Wwf, Wwg, Wwf, Sm, Sm^Tf, Sm^Fdw, _off^_usr, _off^_usr, _off^_usr, _off^_usr, _off^_usr, _off^_usr, _off^_usr, _off^_usr, _off^_usr, _off^_usr, _off^_usr, _off^_usr, _off^_usr
_off^_usr, _off^_usr, _off^_usr, _off^_usr, _off^_usr, _off^_usr, _off^_usr, _off^_usr, _off^_usr, _off^_usr, _off^_usr, _off^_usr, _off^_usr, Sm, Hhd, Sm^Fdw, Wwf, Wwf, Wwf, Sm^Fdw, Sm^Bw/r, Sm^Bw|r, Wwg^Bw\r, Sm^Bw/r, Wwf, Sm, _off^_usr, Sm, Wwf, Sm^Bw\r, Wwg^Bw/r, Sm^Bw|r, Sm^Bw\r, Sm^Fdw, Wwf, Wwf, Wwf, Sm^Fdw, Hhd, Sm, _off^_usr, _off^_usr, _off^_usr, _off^_usr, _off^_usr, _off^_usr, _off^_usr, _off^_usr, _off^_usr, _off^_usr, _off^_usr, _off^_usr, _off^_usr
_off^_usr, _off^_usr, _off^_usr, _off^_usr, _off^_usr, _off^_usr, _off^_usr, _off^_usr, _off^_usr, _off^_usr, _off^_usr, _off^_usr, Sm, Sm, Sm^Fdw, Sm, Sm, Sm^Fdw, Sm, Sm, Sm^Fdw, Sm^Fdw, Sm^Bw|r, Wwf^Bw\r, Sm^Bw\r, Sm, Isa^Xo, Sm, Sm^Bw/r, Wwf^Bw/r, Sm^Bw|r, Sm^Fdw, Sm^Fdw, Sm, Sm, Sm^Fdw, Sm, Sm, Sm^Fdw, Sm, Sm, _off^_usr, _off^_usr, _off^_usr, _off^_usr, _off^_usr, _off^_usr, _off^_usr, _off^_usr, _off^_usr, _off^_usr, _off^_usr, _off^_usr
_off^_usr, _off^_usr, _off^_usr, _off^_usr, _off^_usr, _off^_usr, _off^_usr, _off^_usr, _off^_usr, _off^_usr, _off^_usr, _off^_usr, Sm^Fdw, Hhd, Sm, Sm, Isa, Sm^Fdw, Sm^Fdw, Sm^Tf, Sm, Sm, Sm^Bw|r, Sm^Fdw, Isa, Isa, _off^_usr, Isa, Isa, Sm^Fdw, Sm^Bw|r, Sm, Sm, Sm^Tf, Sm^Fdw, Sm^Fdw, Isa, Sm, Sm, Hhd, Sm^Fdw, _off^_usr, _off^_usr, _off^_usr, _off^_usr, _off^_usr, _off^_usr, _off^_usr, _off^_usr, _off^_usr, _off^_usr, _off^_usr, _off^_usr
_off^_usr, _off^_usr, _off^_usr, _off^_usr, _off^_usr, _off^_usr, _off^_usr, _off^_usr, _off^_usr, _off^_usr, _off^_usr, _off^_usr, Rb^Fdw, Sm^Fdw, Isa, Isa, Cer, Isa, Sm^Fdw, Sm^Fdw, Isa, Sm, Isa, Isa, Sm, _off^_usr, _off^_usr, _off^_usr, Sm, Isa, Isa, Sm, Isa, Sm^Fdw, Sm^Fdw, Isa, Cer, Isa, Isa, Sm^Fdw, Rb^Fdw, _off^_usr, _off^_usr, _off^_usr, _off^_usr, _off^_usr, _off^_usr, _off^_usr, _off^_usr, _off^_usr, _off^_usr, _off^_usr, _off^_usr
_off^_usr, _off^_usr, _off^_usr, _off^_usr, _off^_usr, _off^_usr, _off^_usr, _off^_usr, _off^_usr, _off^_usr, Isa, Rb, Isa, Sm^Fdw, Isa, Cer, Ker, Isa, Isa, Isa, Sm, Isa, Isa, Isa, Sm, Sm^Fdw, _off^_usr, Sm^Fdw, Sm, Isa, Isa, Isa, Sm, Isa, Isa, Isa, Ker, Cer, Isa, Sm^Fdw, Isa, Rb, Isa, _off^_usr, _off^_usr, _off^_usr, _off^_usr, _off^_usr, _off^_usr, _off^_usr, _off^_usr, _off^_usr, _off^_usr
_off^_usr, _off^_usr, _off^_usr, _off^_usr, _off^_usr, _off^_usr, _off^_usr, _off^_usr, _off^_usr, Isa, Sm, Isa, Isa, Isa, Sm^Fdw, Cer, Rb, Cer, Sm, Sm, Sm^Fdw, Sm, Sm, Sm, Sm^Tf, Sm^Fdw, _off^_usr, Sm^Fdw, Sm^Tf, Sm, Sm, Sm, Sm^Fdw, Sm, Sm, Cer, Rb, Cer, Sm^Fdw, Isa, Isa, Isa, Sm, Isa, _off^_usr, _off^_usr, _off^_usr, _off^_usr, _off^_usr, _off^_usr, _off^_usr, _off^_usr, _off^_usr
_off^_usr, _off^_usr, _off^_usr, _off^_usr, _off^_usr, _off^_usr, _off^_usr, _off^_usr, _off^_usr, Sm, Sm, Sm^Fdw, Sm^Bw|r, Sm, Sm^Fdw, Sm, Sm, Sm, Wwf, Sm^Fdw, Hhd, Hhd^Fdw, Sm^Tf, Sm^Fdw, Sm, _off^_usr, _off^_usr, _off^_usr, Sm, Sm^Fdw, Sm^Tf, Hhd^Fdw, Hhd, Sm^Fdw, Wwf, Sm, Sm, Sm, Sm^Fdw, Sm, Sm^Bw|r, Sm^Fdw, Sm, Sm, _off^_usr, _off^_usr, _off^_usr, _off^_usr, _off^_usr, _off^_usr, _off^_usr, _off^_usr, _off^_usr
_off^_usr, _off^_usr, _off^_usr, _off^_usr, _off^_usr, _off^_usr, _off^_usr, _off^_usr, _off^_usr, _off^_usr, Sm, Sm, Rb, Sm^Fdw, Sm^Fdw, Md, Wwf, Wwf, Sm^Es, Wwf, Sm, Sm, Sm^Fdw, Sm^Fdw, Sm^Vu, Sm, _off^_usr, Sm, Sm^Vu, Sm^Fdw, Sm^Fdw, Sm, Sm, Wwf, Sm^Es, Wwf, Wwf, Md, Sm^Fdw, Sm^Fdw, Rb, Sm, Sm, _off^_usr, _off^_usr, _off^_usr, _off^_usr, _off^_usr, _off^_usr, _off^_usr, _off^_usr, _off^_usr, _off^_usr
_off^_usr, _off^_usr, _off^_usr, _off^_usr, _off^_usr, _off^_usr, _off^_usr, _off^_usr, _off^_usr, _off^_usr, Sm, Rb, Rb, Rb^Fdw, Rb, Sm^Fdw, Wwf, Wwf, Sm, Sm, Sm, Sm, Rb, Rb, Sm^Fdw, Sm, _off^_usr, Sm, Sm^Fdw, Rb, Rb, Sm, Sm, Sm, Sm, Wwf, Wwf, Sm^Fdw, Rb, Rb^Fdw, Rb, Rb, Sm, _off^_usr, _off^_usr, _off^_usr, _off^_usr, _off^_usr, _off^_usr, _off^_usr, _off^_usr, _off^_usr, _off^_usr
_off^_usr, _off^_usr, _off^_usr, _off^_usr, _off^_usr, _off^_usr, _off^_usr, _off^_usr, _off^_usr, Sm, Sm^Fdw, Sm^Fdw, Rb, Rb, Gll^Fdf, Rb, Rb, Wwf, Rb, Sm^Fdw, Rb, Cte^Fdw, Rb, Rb^Fdw, Sm^Fdw, Sm, _off^_usr, Sm, Sm^Fdw, Rb^Fdw, Rb, Cte^Fdw, Rb, Sm^Fdw, Rb, Wwf, Rb, Rb, Gll^Fdf, Rb, Rb, Sm^Fdw, Sm^Fdw, Sm, _off^_usr, _off^_usr, _off^_usr, _off^_usr, _off^_usr, _off^_usr, _off^_usr, _off^_usr, _off^_usr
_off^_usr, _off^_usr, _off^_usr, _off^_usr, _off^_usr, _off^_usr, _off^_usr, _off^_usr, _off^_usr, Sm, Sm, Sm^Tf, Rb^Fdw, Sm^Fdw, Hhd^Fdw, Sm, Rb, Rb, Gd^Fetd, Rb, Sm^Fdw, Rb, Rb, Sm^Bw\, Sm^Bw\, Sm, _off^_usr, Sm, Sm^Bw/, Sm^Bw/, Rb, Rb, Sm^Fdw, Rb, Gd^Fetd, Rb, Rb, Sm, Hhd^Fdw, Sm^Fdw, Rb^Fdw, Sm^Tf, Sm, Sm, _off^_usr, _off^_usr, _off^_usr, _off^_usr, _off^_usr, _off^_usr, _off^_usr, _off^_usr, _off^_usr
_off^_usr, _off^_usr, _off^_usr, _off^_usr, _off^_usr, _off^_usr, _off^_usr, _off^_usr, Sm, Sm, Sm, Rb^Fdw, Sm^Fdw, Sm^Fdw, Sm, Hhd^Fdw, Sm, Rb, Rb, Sm, Sm, Sm, Sm, Sm, Hhd, Rb, _off^_usr, Rb, Hhd, Sm, Sm, Sm, Sm, Sm, Rb, Rb, Sm, Hhd^Fdw, Sm, Sm^Fdw, Sm^Fdw, Rb^Fdw, Sm, Sm, Sm, _off^_usr, _off^_usr, _off^_usr, _off^_usr, _off^_usr, _off^_usr, _off^_usr, _off^_usr
_off^_usr, _off^_usr, _off^_usr, _off^_usr, _off^_usr, _off^_usr, _off^_usr, _off^_usr, _off^_usr, Sm, Sm, Sm, Sm, Sm, Sm^Fdw, Sm, Rb, Cer, Rb, Rb, Rb^Fdw, Sm, Sm^Fdw, Sm^Fdw, Rb^Fdw, Rb^Fdw, _off^_usr, Rb^Fdw, Rb^Fdw, Sm^Fdw, Sm^Fdw, Sm, Rb^Fdw, Rb, Rb, Cer, Rb, Sm, Sm^Fdw, Sm, Sm, Sm, Sm, Sm, _off^_usr, _off^_usr, _off^_usr, _off^_usr, _off^_usr, _off^_usr, _off^_usr, _off^_usr, _off^_usr
_off^_usr, _off^_usr, _off^_usr, _off^_usr, _off^_usr, _off^_usr, _off^_usr, _off^_usr, _off^_usr, _off^_usr, Sm, Sm, Rb^Fdw, Sm^Tf, Sm, Sm, Sm^Feth, Rb, Rb, Rb, Rb, Sm, Rb, Rb, _off^_usr, Rb, _off^_usr, Rb, _off^_usr, Rb, Rb, Sm, Rb, Rb, Rb, Rb, Sm^Feth, Sm, Sm, Sm^Tf, Rb^Fdw, Sm, Sm, _off^_usr, _off^_usr, _off^_usr, _off^_usr, _off^_usr, _off^_usr, _off^_usr, _off^_usr, _off^_usr, _off^_usr
_off^_usr, _off^_usr, _off^_usr, _off^_usr, _off^_usr, _off^_usr, _off^_usr, _off^_usr, _off^_usr, _off^_usr, Rb^Vu, Rb, Rb, Sm, Wwf, Sm, Rb, Rb, Sm^Fdw, Rb, Rb^Tf, Rb, Rb, Rb, _off^_usr, _off^_usr, Xot^Efs, _off^_usr, _off^_usr, Rb, Rb, Rb, Rb^Tf, Rb, Sm^Fdw, Rb, Rb, Sm, Wwf, Sm, Rb, Rb, Rb^Vu, _off^_usr, _off^_usr, _off^_usr, _off^_usr, _off^_usr, _off^_usr, _off^_usr, _off^_usr, _off^_usr, _off^_usr
_off^_usr, _off^_usr, _off^_usr, _off^_usr, _off^_usr, _off^_usr, _off^_usr, _off^_usr, _off^_usr, Rb^Fdw, Rb^Fdw, Sm, Sm^Bw\r, Sm, Wwf, Wwf, Gll^Fdf, Sm, Hhd^Fdw, Sm^Fdw, Sm^Fdw, Rb^Fdw, _off^_usr, _off^_usr, Xos, Xoi, _off^_usr, Xoi, Xot, _off^_usr, _off^_usr, Rb^Fdw, Sm^Fdw, Sm^Fdw, Hhd^Fdw, Sm, Gll^Fdf, Wwf, Wwf, Sm, Sm^Bw/r, Sm, Rb^Fdw, Rb^Fdw, _off^_usr, _off^_usr, _off^_usr, _off^_usr, _off^_usr, _off^_usr, _off^_usr, _off^_usr, _off^_usr
_off^_usr, _off^_usr, _off^_usr, _off^_usr, _off^_usr, _off^_usr, _off^_usr, _off^_usr, _off^_usr, Rb^Fdw, Sm, Sm^Fdw, Rb^Fdw, Rb, Rb, Gd^Fdw, Rb^Fdw, Rb, Gd^Fdw, Rb, _off^_usr, _off^_usr, Xos, Xot, Qxu, Qxu, _off^_usr, Qxu, Qxu, Xoa, Xot, _off^_usr, _off^_usr, Rb, Gd^Fdw, Rb, Rb^Fdw, Gd^Fdw, Rb, Rb, Rb^Fdw, Sm^Fdw, Sm, Rb^Fdw, _off^_usr, _off^_usr, _off^_usr, _off^_usr, _off^_usr, _off^_usr, _off^_usr, _off^_usr, _off^_usr
_off^_usr, _off^_usr, _off^_usr, _off^_usr, _off^_usr, _off^_usr, _off^_usr, _off^_usr, _off^_usr, _off^_usr, Sm, Sm, Rb, Rb, Sm^Tf, Rb, Rb, Sm, Sm, Sm, Xos, Xot, Ce, Ce, Ce, Qxu, _off^_usr, Qxu, Ce, Ce, Ce, Xos, Xoa, Sm, Sm, Sm, Rb, Rb, Sm^Tf, Rb, Rb, Sm, Sm, _off^_usr, _off^_usr, _off^_usr, _off^_usr, _off^_usr, _off^_usr, _off^_usr, _off^_usr, _off^_usr, _off^_usr
_off^_usr, _off^_usr, _off^_usr, _off^_usr, _off^_usr, _off^_usr, _off^_usr, _off^_usr, _off^_usr, _off^_usr, _off^_usr, Sm, Hhd^Fdw, Rb, Sm, Sm^Fdw, Rb^Fdw, Rb, Sm^Bw\r, Sm, Xot^Efs, Ce, Qxu, Ce, Qxu, Qxu, _off^_usr, Qxu, Qxu, Ce, Qxu, Ce, Xot^Efs, Sm, Sm^Bw/, Rb, Rb^Fdw, Sm^Fdw, Sm, Rb, Hhd^Fdw, Sm, _off^_usr, _off^_usr, _off^_usr, _off^_usr, _off^_usr, _off^_usr, _off^_usr, _off^_usr, _off^_usr, _off^_usr, _off^_usr
_off^_usr, _off^_usr, _off^_usr, _off^_usr, _off^_usr, _off^_usr, _off^_usr, _off^_usr, _off^_usr, _off^_usr, _off^_usr, Sm, Sm, Sm, Sm, Sm^Fdw, Sm, Sm^Bw\, Rb, Sm^Bw|r, Sm, Ce, Qxu, Qxu, Qxu, Qxu, _off^_usr, Qxu, Qxu, Qxu, Qxu, Ce, Sm, Sm^Bw|r, Rb, Sm^Bw/, Sm, Sm^Fdw, Sm, Sm, Sm, Sm, _off^_usr, _off^_usr, _off^_usr, _off^_usr, _off^_usr, _off^_usr, _off^_usr, _off^_usr, _off^_usr, _off^_usr, _off^_usr
_off^_usr, _off^_usr, _off^_usr, _off^_usr, _off^_usr, _off^_usr, _off^_usr, _off^_usr, _off^_usr, _off^_usr, _off^_usr, _off^_usr, _off^_usr, Sm, Sm, Sm, Sm, Rb^Fdw, Rb, Sm^Bw/r, Sm, Ce, Ce, Qxu, Ket, Qxu, _off^_usr, Qxu, Ket, Qxu, Ce, Ce, Sm, Sm^Bw\r, Rb, Rb^Fdw, Sm, Sm, Sm, Sm, _off^_usr, _off^_usr, _off^_usr, _off^_usr, _off^_usr, _off^_usr, _off^_usr, _off^_usr, _off^_usr, _off^_usr, _off^_usr, _off^_usr, _off^_usr
_off^_usr, _off^_usr, _off^_usr, _off^_usr, _off^_usr, _off^_usr, _off^_usr, _off^_usr, _off^_usr, _off^_usr, _off^_usr, _off^_usr, _off^_usr, _off^_usr, Md^Xm, Md^Xm, Gll^Fdf, Gd^Fdw, Hhd^Fdf, Sm^Bw\r, Hhd, Gs, Gs, Ce, Ce, Ce, _off^_usr, Ce, Ce, Ce, Gs, Gs, Hhd, Sm^Bw/r, Hhd^Fdf, Gd^Fdw, Gll^Fdf, Md^Xm, Md^Xm, _off^_usr, _off^_usr, _off^_usr, _off^_usr, _off^_usr, _off^_usr, _off^_usr, _off^_usr, _off^_usr, _off^_usr, _off^_usr, _off^_usr, _off^_usr, _off^_usr
_off^_usr, _off^_usr, _off^_usr, _off^_usr, _off^_usr, _off^_usr, _off^_usr, _off^_usr, _off^_usr, _off^_usr, _off^_usr, _off^_usr, Md^Xm, Md^Xm, Gll^Fmw, Mm, Hhd^Fmw, Gll^Fdf, Mm, Hhd, Gll^Fdf, Gll, Gll^Fdf, Gs, Gll, Gll^Fdf, _off^_usr, Gll^Fdf, Gll, Gs, Gll^Fdf, Gll, Gll^Fdf, Hhd, Mm, Gll^Fdf, Hhd^Fmw, Mm, Gll^Fmw, Md^Xm, Md^Xm, _off^_usr, _off^_usr, _off^_usr, _off^_usr, _off^_usr, _off^_usr, _off^_usr, _off^_usr, _off^_usr, _off^_usr, _off^_usr, _off^_usr
_off^_usr, _off^_usr, _off^_usr, _off^_usr, _off^_usr, _off^_usr, Md^Xm, Md^Xm, Md^Xm, Md^Xm, Md^Xm, _off^_usr, Md^Xm, Gll^Fmw, Gll^Fmw, Gll, Gll^Fmw, Rp^Vhcr, Md^Xm, Gll^Fdf, Md, Md, Hhd^Fdf, Gs, Gs, Gll^Fdf, _off^_usr, Gll^Fdf, Gs, Gs, Hhd^Fdf, Md, Md, Gll^Fdf, Md^Xm, Rp^Vhcr, Gll^Fmw, Gll, Gll^Fmw, Gll^Fmw, Md^Xm, _off^_usr, Md^Xm, Md^Xm, Md^Xm, Md^Xm, Md^Xm, _off^_usr, _off^_usr, _off^_usr, _off^_usr, _off^_usr, _off^_usr
_off^_usr, _off^_usr, _off^_usr, _off^_usr, _off^_usr, Md^Xm, Gll^Fmf, Gll^Fmf, Gll^Fmf, Hhd^Fmf, Hhd^Fmf, Md^Xm, Hhd, Mm, Hhd^Fmw, Gll, Gll, Md^Xm, Cea, Md, Md, Md, Rb, Gd, Gd, Gs, _off^_usr, Gs, Gd, Gd, Rb, Md, Md, Md, Cea, Md^Xm, Gll, Gll, Hhd^Fmw, Mm, Hhd, Md^Xm, Hhd^Fmf, Hhd^Fmf, Gll^Fmf, Gll^Fmf, Gll^Fmf, Md^Xm, _off^_usr, _off^_usr, _off^_usr, _off^_usr, _off^_usr
_off^_usr, _off^_usr, _off^_usr, _off^_usr, Md^Xm, Md^Xm, Mm, Gll^Fmf, Hhd, Hhd^Fmf, Gll, Md^Xm, Aa^Fda, Hhd, Wwf, Hhd, Cea, Aa, Cea, Ms^Xm, Xue, Xue, Rb, Gd, Gd, Gll^Fdf, _off^_usr, Gll^Fdf, Gd, Gd, Rb, Xue, Xue, Ms^Xm, Cea, Aa, Cea, Hhd, Wwf, Hhd, Aa^Fda, Md^Xm, Gll, Hhd^Fmf, Hhd, Gll^Fmf, Mm, Md^Xm, Md^Xm, _off^_usr, _off^_usr, _off^_usr, _off^_usr
_off^_usr, _off^_usr, _off^_usr, _off^_usr, Md^Xm, Mm, Gll^Fmf, Mm, Gll^Fmw, Hhd, Aa^Fma, Aa, Ms, Wwf, Ms, Wwf, Wwf, Kte, Ms^Xm, Ms^Xm, Xue, Re, Re, Rb, Xue, Xue, _off^_usr, Xue, Xue, Rb, Re, Re, Xue, Ms^Xm, Ms^Xm, Kte, Wwf, Wwf, Ms, Wwf, Ms, Aa, Aa^Fma, Hhd, Gll^Fmw, Mm, Gll^Fmf, Mm, Md^Xm, _off^_usr, _off^_usr, _off^_usr, _off^_usr
_off^_usr, _off^_usr, _off^_usr, _off^_usr, _off^_usr, Md^Xm, Gll^Fmf, Mm, Gll, Aa, Ms, Ms, Ms, Ai, Ha, Ms, Wwf, Ms^Xm, Ha, Xue, Re, Re, Re, Rb, Re, Xue, _off^_usr, Xue, Re, Rb, Re, Re, Re, Xue, Ha, Ms^Xm, Wwf, Ms, Ha, Ai, Ms, Ms, Ms, Aa, Gll, Mm, Gll^Fmf, Md^Xm, _off^_usr, _off^_usr, _off^_usr, _off^_usr, _off^_usr
_off^_usr, _off^_usr, _off^_usr, _off^_usr, _off^_usr, Md^Xm, Md^Xm, Gll^Fmw, Hhd, Aa, Wwf, Ms, Ai, Ai, Wwf, Ms, Ha, Ai, Rb, Rb, Re, Re, Re^Tf, Re, Re, Xue, _off^_usr, Xue, Re, Re, Re^Tf, Re, Re, Rb, Rb, Ai, Ha, Ms, Wwf, Ai, Ai, Ms, Wwf, Aa, Hhd, Gll^Fmw, Md^Xm, Md^Xm, _off^_usr, _off^_usr, _off^_usr, _off^_usr, _off^_usr
_off^_usr, _off^_usr, _off^_usr, _off^_usr, _off^_usr, _off^_usr, _off^_usr, Md^Xm, Md^Xm, Hhd, Hhd, Wwf, Ms, Ha, Wwf, Aa^Vca, Ms^Xm, Ms, Re, Re, Rb, Xue, Xue, Re, Re, Re, _off^_usr, Re, Re, Re, Xue, Xue, Rb, Re, Re, Ms, Ms^Xm, Aa^Vca, Wwf, Ha, Ms, Wwf, Hhd, Hhd, Md^Xm, Md^Xm, _off^_usr, _off^_usr, _off^_usr, _off^_usr, _off^_usr, _off^_usr, _off^_usr
_off^_usr, _off^_usr, _off^_usr, _off^_usr, _off^_usr, _off^_usr, _off^_usr, _off^_usr, _off^_usr, Md^Xm, Md^Xm, Ai, Ms, Ha, Ha, Ms^Xm, Ms^Xm, Xue, Xue, Re, Rb, Uu^Vu, Xue, Uue, Uue, Xue, _off^_usr, Xue, Uue, Uue, Xue, Uu^Vu, Rb, Re, Xue, Xue, Ms^Xm, Ms^Xm, Ha, Ha, Ms, Ai, Md^Xm, Md^Xm, _off^_usr, _off^_usr, _off^_usr, _off^_usr, _off^_usr, _off^_usr, _off^_usr, _off^_usr, _off^_usr
_off^_usr, _off^_usr, _off^_usr, _off^_usr, _off^_usr, _off^_usr, _off^_usr, _off^_usr, _off^_usr, _off^_usr, _off^_usr, Wwf, Wwf, Ha, Ms, Ms, Ms, Ms^Xm, Xue, Re, Rb, Rb, Rb, Re, Uue, Xue, _off^_usr, Xue, Uue, Re, Rb, Rb, Rb, Re, Xue, Ms^Xm, Ms, Ms, Ms, Ha, Wwf, Wwf, _off^_usr, _off^_usr, _off^_usr, _off^_usr, _off^_usr, _off^_usr, _off^_usr, _off^_usr, _off^_usr, _off^_usr, _off^_usr
_off^_usr, _off^_usr, _off^_usr, _off^_usr, _off^_usr, _off^_usr, _off^_usr, _off^_usr, _off^_usr, _off^_usr, _off^_usr, Wwf, Ai, Aa^Fda, Aa^Fda, Ms, Ms, Ms^Xm, Xue, Rb, Rb, Rb, Xue, Uue, Aa^Fda, Xue, _off^_usr, Xue, Aa^Fda, Uue, Xue, Rb, Rb, Rb, Xue, Ms^Xm, Ms, Ms, Aa^Fda, Aa^Fda, Ai, Wwf, _off^_usr, _off^_usr, _off^_usr, _off^_usr, _off^_usr, _off^_usr, _off^_usr, _off^_usr, _off^_usr, _off^_usr, _off^_usr
_off^_usr, _off^_usr, _off^_usr, _off^_usr, _off^_usr, _off^_usr, _off^_usr, _off^_usr, _off^_usr, _off^_usr, _off^_usr, Wwf, Wwf, Wwf, Aa^Fda, Wwf, Ai, Aa, Re, Rb, Aa, Uue, Xue, Xue, Aa^Fpa, Ha^Fpa, _off^_usr, Ha^Fpa, Aa^Fpa, Xue, Xue, Uue, Aa, Rb, Re, Aa, Ai, Wwf, Aa^Fda, Wwf, Wwf, Wwf, _off^_usr, _off^_usr, _off^_usr, _off^_usr, _off^_usr, _off^_usr, _off^_usr, _off^_usr, _off^_usr, _off^_usr, _off^_usr
_off^_usr, _off^_usr, _off^_usr, _off^_usr, _off^_usr, _off^_usr, _off^_usr, _off^_usr, _off^_usr, _off^_usr, _off^_usr, Wwf, Wwf, Wwf, Wwf, Wwf, Wwf, Wwf, Wwf, Aa, Aa, Xue, Cha, Cha, Rr, Aa^Fpa, _off^_usr, Aa^Fpa, Rr, Cha, Cha, Xue, Aa, Aa, Wwf, Wwf, Wwf, Wwf, Wwf, Wwf, Wwf, Wwf, _off^_usr, _off^_usr, _off^_usr, _off^_usr, _off^_usr, _off^_usr, _off^_usr, _off^_usr, _off^_usr, _off^_usr, _off^_usr
_off^_usr, _off^_usr, _off^_usr, _off^_usr, _off^_usr, _off^_usr, _off^_usr, _off^_usr, _off^_usr, _off^_usr, Wwf, Wwf, Ai, Wwf, Wwf, Wwf, Ai, Wwf, Wwf, Ai, Wwf, Cha, Rrc^Vhca, Rr, Rr, Aa^Fpa, _off^_usr, Aa^Fpa, Rr, Rr, Rrc^Vhca, Cha, Wwf, Ai, Wwf, Wwf, Ai, Wwf, Wwf, Wwf, Ai, Wwf, Wwf, _off^_usr, _off^_usr, _off^_usr, _off^_usr, _off^_usr, _off^_usr, _off^_usr, _off^_usr, _off^_usr, _off^_usr
_off^_usr, _off^_usr, _off^_usr, _off^_usr, _off^_usr, _off^_usr, _off^_usr, _off^_usr, _off^_usr, _off^_usr, Wwf, Ai, Aa^Fpa, Ai, Wwf, Wwf, Wwf, Wwf, Ai, Wwf, Aa^Fpa, Cha, Cha, Kha, Rr, Rr, _off^_usr, Rr, Rr, Kha, Cha, Cha, Aa^Fpa, Wwf, Ai, Wwf, Wwf, Wwf, Wwf, Ai, Aa^Fpa, Ai, Wwf, _off^_usr, _off^_usr, _off^_usr, _off^_usr, _off^_usr, _off^_usr, _off^_usr, _off^_usr, _off^_usr, _off^_usr
_off^_usr, _off^_usr, _off^_usr, _off^_usr, _off^_usr, _off^_usr, _off^_usr, _off^_usr, _off^_usr, _off^_usr, Aa^Fpa, Aa^Fpa, Aa^Fpa, Ai, Wwf, Wwf, Wwf, Ai, Ms, Aa, Re, Gll^Fdw, Re, Cha, Aa^Fpa, Ha^Fpa, _off^_usr, Ha^Fpa, Aa^Fpa, Cha, Re, Gll^Fdw, Re, Aa, Ms, Ai, Wwf, Wwf, Wwf, Ai, Aa^Fpa, Aa^Fpa, Aa^Fpa, _off^_usr, _off^_usr, _off^_usr, _off^_usr, _off^_usr, _off^_usr, _off^_usr, _off^_usr, _off^_usr, _off^_usr
_off^_usr, _off^_usr, _off^_usr, _off^_usr, _off^_usr, _off^_usr, _off^_usr, _off^_usr, _off^_usr, _off^_usr, Aa^Fpa, Aa^Fpa, Re, Aa^Fpa, Wwf, Wwf, Aa^Fma, Ai, Ms, Ms, Re, Mv, Gll^Fdw, Rb, Ha, Aa^Fpa, _off^_usr, Aa^Fpa, Ha, Rb, Gll^Fdw, Mv, Re, Ms, Ms, Ai, Aa^Fma, Wwf, Wwf, Aa^Fpa, Re, Aa^Fpa, Aa^Fpa, _off^_usr, _off^_usr, _off^_usr, _off^_usr, _off^_usr, _off^_usr, _off^_usr, _off^_usr, _off^_usr, _off^_usr
_off^_usr, _off^_usr, _off^_usr, _off^_usr, _off^_usr, _off^_usr, _off^_usr, _off^_usr, _off^_usr, _off^_usr, Ai, Wwf, Mv, Re, Wwf, Aa^Vla, Aa, Wwf, Wwf, Wwf, Wwf, Gll^Fdw, Aa^Fpa, Ha, Ms, Ms, _off^_usr, Ms, Ms, Ha, Aa^Fpa, Gll^Fdw, Wwf, Wwf, Wwf, Wwf, Aa, Aa^Vla, Wwf, Re, Mv, Wwf, Ai, _off^_usr, _off^_usr, _off^_usr, _off^_usr, _off^_usr, _off^_usr, _off^_usr, _off^_usr, _off^_usr, _off^_usr
_off^_usr, _off^_usr, _off^_usr, _off^_usr, _off^_usr, _off^_usr, _off^_usr, _off^_usr, _off^_usr, _off^_usr, _off^_usr, Ha, Ha, Ha, Ai, Wwf, Re, Rb, Rb, Ha, Ai, Ha, Ha, Ha, Ha^Fma, Ms, _off^_usr, Ms, Ha^Fma, Ha, Ha, Ha, Ai, Ha, Rb, Rb, Re, Wwf, Ai, Ha, Ha, Ha, _off^_usr, _off^_usr, _off^_usr, _off^_usr, _off^_usr, _off^_usr, _off^_usr, _off^_usr, _off^_usr, _off^_usr, _off^_usr
_off^_usr, _off^_usr, _off^_usr, _off^_usr, _off^_usr, _off^_usr, _off^_usr, _off^_usr, _off^_usr, _off^_usr, _off^_usr, Ha, Ai, Ha^Fpa, Ai, Re, Mv, Gll^Fdw, Rb, Ha, Wwf, Ai, Ms, Ha^Vhha, Ms, Ms, _off^_usr, Ms, Ms, Ha^Vhha, Ms, Ai, Wwf, Ha, Rb, Gll^Fdw, Mv, Re, Ai, Ha^Fpa, Ai, Ha, _off^_usr, _off^_usr, _off^_usr, _off^_usr, _off^_usr, _off^_usr, _off^_usr, _off^_usr, _off^_usr, _off^_usr, _off^_usr
_off^_usr, _off^_usr, _off^_usr, _off^_usr, _off^_usr, _off^_usr, _off^_usr, _off^_usr, _off^_usr, _off^_usr, _off^_usr, _off^_usr, _off^_usr, Ai, Wwf, Wwf, Gll, Gll^Fdw, Wwf, Wwf, Aa^Fpa, Wwf, Wwf, Ms, Ha^Fpa, Ms, _off^_usr, Ms, Ha^Fpa, Ms, Wwf, Wwf, Aa^Fpa, Wwf, Wwf, Gll^Fdw, Gll, Wwf, Wwf, Ai, _off^_usr, _off^_usr, _off^_usr, _off^_usr, _off^_usr, _off^_usr, _off^_usr, _off^_usr, _off^_usr, _off^_usr, _off^_usr, _off^_usr, _off^_usr
_off^_usr, _off^_usr, _off^_usr, _off^_usr, _off^_usr, _off^_usr, _off^_usr, _off^_usr, _off^_usr, _off^_usr, _off^_usr, _off^_usr, _off^_usr, _off^_usr, _off^_usr, Wwf, Wwg, Wwrg, Wwf, Aa^Fpa, Aa^Fpa, Ms, Ms, Wwf, Wwf, Ha^Fpa, _off^_usr, Ha^Fpa, Wwf, Wwf, Ms, Ms, Aa^Fpa, Aa^Fpa, Wwf, Wwrg, Wwg, Wwf, _off^_usr, _off^_usr, _off^_usr, _off^_usr, _off^_usr, _off^_usr, _off^_usr, _off^_usr, _off^_usr, _off^_usr, _off^_usr, _off^_usr, _off^_usr, _off^_usr, _off^_usr
_off^_usr, _off^_usr, _off^_usr, _off^_usr, _off^_usr, _off^_usr, _off^_usr, _off^_usr, _off^_usr, _off^_usr, _off^_usr, _off^_usr, _off^_usr, _off^_usr, Ai, Ai, Wwg, Wwg, Ai, Aa^Fpa, Wwf, Ms, Wwf, Ai, Wwf, Wwf, _off^_usr, Wwf, Wwf, Ai, Wwf, Ms, Wwf, Aa^Fpa, Ai, Wwg, Wwg, Ai, Ai, _off^_usr, _off^_usr, _off^_usr, _off^_usr, _off^_usr, _off^_usr, _off^_usr, _off^_usr, _off^_usr, _off^_usr, _off^_usr, _off^_usr, _off^_usr, _off^_usr
_off^_usr, _off^_usr, _off^_usr, _off^_usr, _off^_usr, _off^_usr, _off^_usr, _off^_usr, _off^_usr, _off^_usr, _off^_usr, _off^_usr, Ai, Wwf, Wwf, Aa^Fpa, Aa^Fpa, Ha^Fpa, Aa, Ai, Wwg, Wwf, Wwf, Wwf, Ha^Fpa, Ha^Fpa, _off^_usr, Ha^Fpa, Ha^Fpa, Wwf, Wwf, Wwf, Wwg, Ai, Aa, Ha^Fpa, Aa^Fpa, Aa^Fpa, Wwf, Wwf, Ai, _off^_usr, _off^_usr, _off^_usr, _off^_usr, _off^_usr, _off^_usr, _off^_usr, _off^_usr, _off^_usr, _off^_usr, _off^_usr, _off^_usr
_off^_usr, _off^_usr, _off^_usr, _off^_usr, _off^_usr, _off^_usr, _off^_usr, _off^_usr, Ha^Fma, _off^_usr, Wwf, Wwf, Wwf, Wwf, Aa^Fpa, Wwf, Aa^Fpa, Aa, Wwf, Wwg, Ms, Wwf, Ha^Fma, Wwf, Wwf, Ha, _off^_usr, Ha, Wwf, Wwf, Ha^Fma, Wwf, Ms, Wwg, Wwf, Aa, Aa^Fpa, Wwf, Aa^Fpa, Wwf, Wwf, Wwf, Wwf, _off^_usr, Ha^Fma, _off^_usr, _off^_usr, _off^_usr, _off^_usr, _off^_usr, _off^_usr, _off^_usr, _off^_usr
_off^_usr, _off^_usr, _off^_usr, _off^_usr, _off^_usr, _off^_usr, Aa^Fpa, Ha^Fma, Ms, Ha, Ha^Fma, Ha, Aa, Aa^Fpa, Aa^Fpa, Aa^Fpa, Aa^Fpa, Aa^Fpa, Aa^Fpa, Ms, Ha, Ha, Wwf, Ha, Wwf, Wwf, _off^_usr, Wwf, Wwf, Ha, Wwf, Ha, Ha, Ms, Aa^Fpa, Aa^Fpa, Aa^Fpa, Aa^Fpa, Aa^Fpa, Aa^Fpa, Aa, Ha, Ha^Fma, Ha, Ms, Ha^Fma, Aa^Fpa, _off^_usr, _off^_usr, _off^_usr, _off^_usr, _off^_usr, _off^_usr
_off^_usr, _off^_usr, _off^_usr, _off^_usr, _off^_usr, _off^_usr, Aa^Fpa, Ha, Ms, Ms, Ms, Ha, Aa^Fpa, Aa, Aa, Aa^Fpa, Aa, Aa^Fpa, Aa^Vla, Ha, Aa^Fpa, Ha^Fma, Rr, Wwf, Wwf^Bw/, Cha, _off^_usr, Cha, Wwf^Bw\, Wwf, Rr, Ha^Fma, Aa^Fpa, Ha, Aa^Vla, Aa^Fpa, Aa, Aa^Fpa, Aa, Aa, Aa^Fpa, Ha, Ms, Ms, Ms, Ha, Aa^Fpa, _off^_usr, _off^_usr, _off^_usr, _off^_usr, _off^_usr, _off^_usr
_off^_usr, _off^_usr, _off^_usr, _off^_usr, _off^_usr, _off^_usr, Cha, Aa, Aa^Fpa, Ms, Ms, Aa, Aa^Fpa, Aa^Fpa, Cha, Aa, Rr, Aa^Fpa, Rr, Rr, Rr, Rr, Rr, Rr, Wwf, Cha, _off^_usr, Cha, Wwf, Rr, Rr, Rr, Rr, Rr, Rr, Aa^Fpa, Rr, Aa, Cha, Aa^Fpa, Aa^Fpa, Aa, Ms, Ms, Aa^Fpa, Aa, Cha, _off^_usr, _off^_usr, _off^_usr, _off^_usr, _off^_usr, _off^_usr
_off^_usr, _off^_usr, _off^_usr, _off^_usr, _off^_usr, Aa^Fpa, Cha, Cha, Cha, Aa^Fpa, Cha, Cha, Cha, Cha, Cha, Aa^Fpa, Rr, Rr, Rr, Rr, Rr, Rr, Ai, Cea, Wwf, Ds, _off^_usr, Ds, Wwf, Cea, Ai, Rr, Rr, Rr, Rr, Rr, Rr, Aa^Fpa, Cha, Cha, Cha, Cha, Cha, Aa^Fpa, Cha, Cha, Cha, Aa^Fpa, _off^_usr, _off^_usr, _off^_usr, _off^_usr, _off^_usr
_off^_usr, _off^_usr, _off^_usr, _off^_usr, Aa^Fpa, Aa^Fpa, Cha, Rrc^Vhca, Aa, Cha, Rrc^Vhca, Aa^Fpa, Rrc, Rrc^Vhca, Aa, Cha, Cha, Rr, Aa^Fpa, Aa^Fpa, Aa^Fpa, Aa^Vca, Ai, Wwf, Ds^Ewsh, Ds, _off^_usr, Ds, Ds^Ewsh, Wwf, Ai, Aa^Vca, Aa^Fpa, Aa^Fpa, Aa^Fpa, Rr, Cha, Cha, Aa, Rrc^Vhca, Rrc, Aa^Fpa, Rrc^Vhca, Cha, Aa, Rrc^Vhca, Cha, Aa^Fpa, Aa^Fpa, _off^_usr, _off^_usr, _off^_usr, _off^_usr
_off^_usr, _off^_usr, _off^_usr, _off^_usr, Aa^Fpa, Ms^Fpa, Cha, Aa, Rrc^Vhca, Aa, Rrc, Aa, Rrc, Rrc, Rrc^Vhca, Rrc^Vhca, Cha, Aa^Fpa, Wwf, Wwf, Ai, Ai, Wwrg, Wwf, Wwf, Ds^Ewsh, _off^_usr, Ds^Ewsh, Wwf, Wwf, Wwrg, Ai, Ai, Wwf, Wwf, Aa^Fpa, Cha, Rrc^Vhca, Rrc^Vhca, Rrc, Rrc, Aa, Rrc, Aa, Rrc^Vhca, Aa, Cha, Ms^Fpa, Aa^Fpa, _off^_usr, _off^_usr, _off^_usr, _off^_usr
_off^_usr, _off^_usr, _off^_usr, _off^_usr, Ha^Fma, Ms, Ha^Fpa, Cha, Aa, Rrc, Rrc^Vhca, Rrc, Cha, Aa, Cha, Cha, Aa^Fpa, Aa^Fpa, Ai, Wwf, Wwg, Wwf, Wwf, Wwf, Wwrg, Wwrg, _off^_usr, Wwrg, Wwrg, Wwf, Wwf, Wwf, Wwg, Wwf, Ai, Aa^Fpa, Aa^Fpa, Cha, Cha, Aa, Cha, Rrc, Rrc^Vhca, Rrc, Aa, Cha, Ha^Fpa, Ms, Ha^Fma, _off^_usr, _off^_usr, _off^_usr, _off^_usr
_off^_usr, _off^_usr, _off^_usr, _off^_usr, Aa^Fpa, Ha^Vaa, Cha, Cha, Aa, Rrc, Rrc^Vhca, Cha, Kha, Cha, Rr, Rr, Aa^Fpa, Aa^Fpa, Ai, Wwf, Wwg, Wwg, Wwf, Gs^Fms, Wwrg, Wwf, _off^_usr, Wwf, Wwrg, Gs^Fms, Wwf, Wwg, Wwg, Wwf, Ai, Aa^Fpa, Aa^Fpa, Rr, Rr, Cha, Kha, Cha, Rrc^Vhca, Rrc, Aa, Cha, Cha, Ha^Vaa, Aa^Fpa, _off^_usr, _off^_usr, _off^_usr, _off^_usr
_off^_usr, _off^_usr, _off^_usr, _off^_usr, _off^_usr, Aa^Fma, Cha, Rrc, Cha, Rrc, Cha, Cha, Cha, Cha, Rr, Rr, Rr, Aa^Fpa, Ai, Wwf, Wwg, Wwg, Gs^Fms, Gg, Hh^Fms, Wwf, _off^_usr, Wwf, Hh^Fms, Gg, Gs^Fms, Wwg, Wwg, Wwf, Ai, Aa^Fpa, Rr, Rr, Rr, Cha, Cha, Cha, Cha, Rrc, Cha, Rrc, Cha, Aa^Fma, _off^_usr, _off^_usr, _off^_usr, _off^_usr, _off^_usr
_off^_usr, _off^_usr, _off^_usr, _off^_usr, _off^_usr, Aa^Fda, Aa^Fpa, Cha, Aa, Cha, Aa^Fpa, Aa^Fpa, Aa^Fpa, Aa^Fpa, Rr, Rr, Rr, Aa^Fpa, Ai, Wwf, Wwg, Gs^Fms, Wwrg, Hh, Mm, Hh^Fms, _off^_usr, Hh^Fms, Mm, Hh, Wwrg, Gs^Fms, Wwg, Wwf, Ai, Aa^Fpa, Rr, Rr, Rr, Aa^Fpa, Aa^Fpa, Aa^Fpa, Aa^Fpa, Cha, Aa, Cha, Aa^Fpa, Aa^Fda, _off^_usr, _off^_usr, _off^_usr, _off^_usr, _off^_usr
_off^_usr, _off^_usr, _off^_usr, _off^_usr, _off^_usr, Aa, Ha^Fma, Aa^Fpa, Aa^Fma, Aa^Fpa, Aa^Fpa, Aa^Fpa, Aa^Fpa, Aa^Fpa, Aa^Fpa, Rr, Rr, Aa^Fpa, Wwf, Ai, Wwrg, Wwf, Gs, Hh, Gs^Fds, Mm, _off^_usr, Mm, Gs^Fds, Hh, Gs, Wwf, Wwrg, Ai, Wwf, Aa^Fpa, Rr, Rr, Aa^Fpa, Aa^Fpa, Aa^Fpa, Aa^Fpa, Aa^Fpa, Aa^Fpa, Aa^Fma, Aa^Fpa, Ha^Fma, Aa, _off^_usr, _off^_usr, _off^_usr, _off^_usr, _off^_usr
_off^_usr, _off^_usr, _off^_usr, _off^_usr, _off^_usr, _off^_usr, Aa^Fpa, Ha, Aa^Fma, Aa^Fma, Ms, Ha, Ha^Fma, Aa^Vea, Ai, Ai, Wwg, Wwg^Bsb\, Wwg^Bsb\, Wwg, Wwg, Wwg, Wwf, Wwf, Gs^Fds, Mm, _off^_usr, Mm, Gs^Fds, Wwf, Wwf, Wwg, Wwg, Wwg, Wwg^Bsb/, Wwg^Bsb/, Wwg, Ai, Ai, Aa^Vea, Ha^Fma, Ha, Ms, Aa^Fma, Aa^Fma, Ha, Aa^Fpa, _off^_usr, _off^_usr, _off^_usr, _off^_usr, _off^_usr, _off^_usr
_off^_usr, _off^_usr, _off^_usr, _off^_usr, _off^_usr, _off^_usr, Mm, Ms, Aa, Ms, Mm, Mm, Aa, Wwf, Ai, Wwf, Wwg, Wwg, Wwg, Wwg^Bsb\, Gg, Gg, Gg, Gg, Gg, Hh^Fds, _off^_usr, Hh^Fds, Gg, Gg, Gg, Gg, Gg, Wwg^Bsb/, Wwg, Wwg, Wwg, Wwf, Ai, Wwf, Aa, Mm, Mm, Ms, Aa, Ms, Mm, _off^_usr, _off^_usr, _off^_usr, _off^_usr, _off^_usr, _off^_usr
_off^_usr, _off^_usr, _off^_usr, _off^_usr, _off^_usr, _off^_usr, Mm, Mm, Mm, Mm, Hh, Hh, Wwf, Ai, Wwf, Wwf, Wwf, Wwg, Wwf, Chr, Gg, Gg, Gs^Fds, Gg, Gs^Fds, Gg, _off^_usr, Gg, Gs^Fds, Gg, Gs^Fds, Gg, Gg, Chr, Wwf, Wwg, Wwf, Wwf, Wwf, Ai, Wwf, Hh, Hh, Mm, Mm, Mm, Mm, _off^_usr, _off^_usr, _off^_usr, _off^_usr, _off^_usr, _off^_usr
_off^_usr, _off^_usr, _off^_usr, _off^_usr, _off^_usr, _off^_usr, Hh, Mm, Hh, Mm, Hh, Wwf, Ww^Wkf, Wwf, Wwf, Wwf, Gs^Fds, Wwf, Hh^Fds, Gs^Fds, Gs^Fds, Gs^Fds, Gg, Gg, Gs^Fds, Gg, _off^_usr, Gg, Gs^Fds, Gg, Gg, Gs^Fds, Gs^Fds, Gs^Fds, Hh^Fds, Wwf, Gs^Fds, Wwf, Wwf, Wwf, Ww^Wkf, Wwf, Hh, Mm, Hh, Mm, Hh, _off^_usr, _off^_usr, _off^_usr, _off^_usr, _off^_usr, _off^_usr
_off^_usr, _off^_usr, _off^_usr, _off^_usr, _off^_usr, _off^_usr, Ss, Hh, Gs^Ft, Hh, Wwrg, Wwrg, Ww^Wkf, Ww^Wkf, Ss, Gs^Fds, Hh^Fds, Hh, Mm, Gs^Fds, Gs^Fds, Gs^Fds, Gg, Gs^Fds, Gg^Ve, Gg, _off^_usr, Gg, Gg^Ve, Gs^Fds, Gg, Gs^Fds, Gs^Fds, Gs^Fds, Mm, Hh, Hh^Fds, Gs^Fds, Ss, Ww^Wkf, Ww^Wkf, Wwrg, Wwrg, Hh, Gs^Ft, Hh, Ss, _off^_usr, _off^_usr, _off^_usr, _off^_usr, _off^_usr, _off^_usr
_off^_usr, _off^_usr, _off^_usr, _off^_usr, _off^_usr, Ss, Ss, Gs^Ft, Gs^Ft, Ss, Wwrg, Ww^Wkf, Ww^Wkf, Wwrg, Ss, Gs^Fds, Gs^Fds, Hh, Mm, Mm, Mm, Gs^Fds, Gs^Fds, Gg, Gg, Gg, _off^_usr, Gg, Gg, Gg, Gs^Fds, Gs^Fds, Mm, Mm, Mm, Hh, Gs^Fds, Gs^Fds, Ss, Wwrg, Ww^Wkf, Ww^Wkf, Wwrg, Ss, Gs^Ft, Gs^Ft, Ss, Ss, _off^_usr, _off^_usr, _off^_usr, _off^_usr, _off^_usr
_off^_usr, _off^_usr, _off^_usr, _off^_usr, _off^_usr, Ss, Ss^Ft, Ss, Chs, Ss, Wwf, Ww^Wkf, Ww^Wkf, Ss, Wwrg, Ss, Wwrg, Gs^Fds, Hh, Mm, Gs^Fds, Gs^Fds, Gs^Fds, Gs^Fms, Gg, Gs^Fms, _off^_usr, Gs^Fms, Gg, Gs^Fms, Gs^Fds, Gs^Fds, Gs^Fds, Mm, Hh, Gs^Fds, Wwrg, Ss, Wwrg, Ss, Ww^Wkf, Ww^Wkf, Wwf, Ss, Chs, Ss, Ss^Ft, Ss, _off^_usr, _off^_usr, _off^_usr, _off^_usr, _off^_usr
_off^_usr, _off^_usr, _off^_usr, _off^_usr, _off^_usr, Ss, Khs, Chs, Ss^Vhs, Wwf, Wwf, Ww^Wkf, Ww^Wkf, Ww^Wkf, Ww^Wkf, Ww^Wkf, Ss, Ss^Vhs, Ss, Hh, Gs^Fds, Gs^Fds, Gs^Fds, Gg, Gs^Fms, Hh, _off^_usr, Hh, Gs^Fms, Gg, Gs^Fds, Gs^Fds, Gs^Fds, Hh, Ss, Ss^Vhs, Ss, Ww^Wkf, Ww^Wkf, Ww^Wkf, Ww^Wkf, Ww^Wkf, Wwf, Wwf, Ss^Vhs, Chs, Khs, Ss, _off^_usr, _off^_usr, _off^_usr, _off^_usr, _off^_usr
_off^_usr, _off^_usr, _off^_usr, _off^_usr, _off^_usr, Ss, Ss^Ft, Chs, Ss, Wwf, Wwf, Ss, Wwrg, Ss, Ss, Ss, Gs^Ft, Ss, Ss, Ss, Gs^Fds, Gs^Fds, Gs^Fms, Gg, Hh, Hh, _off^_usr, Hh, Hh, Gg, Gs^Fms, Gs^Fds, Gs^Fds, Ss, Ss, Ss, Gs^Ft, Ss, Ss, Ss, Wwrg, Ss, Wwf, Wwf, Ss, Chs, Ss^Ft, Ss, _off^_usr, _off^_usr, _off^_usr, _off^_usr, _off^_usr
_off^_usr, _off^_usr, _off^_usr, _off^_usr, _off^_usr, Ss, Ss^Ft, Gs^Ft, Ss, Ss, Wwf, Ss, Wwf, Wwrg, Ss, Gs^Ft, Gs^Ft, Ss, Gg, Gg, Gg, Gg, Gg, Gg, Gs^Fms, Gs^Fms, _off^_usr, Gs^Fms, Gs^Fms, Gg, Gg, Gg, Gg, Gg, Gg, Ss, Gs^Ft, Gs^Ft, Ss, Wwrg, Wwf, Ss, Wwf, Ss, Ss, Gs^Ft, Ss^Ft, Ss, _off^_usr, _off^_usr, _off^_usr, _off^_usr, _off^_usr
_off^_usr, _off^_usr, _off^_usr, _off^_usr, _off^_usr, Ss, Ss, Ss, Gs^Ft, Gs^Ft, Ss, Wwf, Ss, Wwf, Wwf, Ss, Ss, Ss, Gs^Fms, Gg, Gs^Fms, Gs^Fms, Hh, Gs^Fms, Gs^Fms, Gs^Fms, _off^_usr, Gs^Fms, Gs^Fms, Gs^Fms, Hh, Gs^Fms, Gs^Fms, Gg, Gs^Fms, Ss, Ss, Ss, Wwf, Wwf, Ss, Wwf, Ss, Gs^Ft, Gs^Ft, Ss, Ss, Ss, _off^_usr, _off^_usr, _off^_usr, _off^_usr, _off^_usr
_off^_usr, _off^_usr, _off^_usr, _off^_usr, _off^_usr, _off^_usr, Hh, Ss, Ss, Ss, Gs^Ft, Ss, Gs^Ft, Ss, Ss, Wwf, Gg, Gs^Fms, Gg, Gg, Hh, Gs^Fms, Hh, Mm, Mm^Fms, Mm, _off^_usr, Mm, Mm^Fms, Mm, Hh, Gs^Fms, Hh, Gg, Gg, Gs^Fms, Gg, Wwf, Ss, Ss, Gs^Ft, Ss, Gs^Ft, Ss, Ss, Ss, Hh, _off^_usr, _off^_usr, _off^_usr, _off^_usr, _off^_usr, _off^_usr
_off^_usr, _off^_usr, _off^_usr, _off^_usr, _off^_usr, _off^_usr, Gs^Fds, Hh, Ss, Ss, Ss, Gs^Ft, Gs^Ft, Ss, Ss, Wwf, Wwf, Gg, Ke, Gs^Fms, Hh, Mm, Mm, Hh^Fms, Mm, Mm, _off^_usr, Mm, Mm, Hh^Fms, Mm, Mm, Hh, Gs^Fms, Ke, Gg, Wwf, Wwf, Ss, Ss, Gs^Ft, Gs^Ft, Ss, Ss, Ss, Hh, Gs^Fds, _off^_usr, _off^_usr, _off^_usr, _off^_usr, _off^_usr, _off^_usr
_off^_usr, _off^_usr, _off^_usr, _off^_usr, _off^_usr, _off^_usr, Gs^Fds, Gs^Fds, Gs^Fds, Gs^Fds, Ss, Ss, Ss, Ss, Gs^Fds, Ss, Wwf, Ce, Ce, Hh, Wwg, Gs^Fms, Wwg, Hh, Hh^Fms, Hh^Fms, _off^_usr, Hh^Fms, Hh^Fms, Hh, Wwg, Gs^Fms, Wwg, Hh, Ce, Ce, Wwf, Ss, Gs^Fds, Ss, Ss, Ss, Ss, Gs^Fds, Gs^Fds, Gs^Fds, Gs^Fds, _off^_usr, _off^_usr, _off^_usr, _off^_usr, _off^_usr, _off^_usr
_off^_usr, _off^_usr, _off^_usr, _off^_usr, _off^_usr, _off^_usr, Gg^Ve, Gg, Gg, Gg, Gg, Ss, Gs^Fds, Ss, Gg, Gg, Gs^Fds, Wwf, Wwf, Wwg, Gg, Wwg, Gs^Fds, Wwg, Wwg, Gg, _off^_usr, Gg, Wwg, Wwg, Gs^Fds, Wwg, Gg, Wwg, Wwf, Wwf, Gs^Fds, Gg, Gg, Ss, Gs^Fds, Ss, Gg, Gg, Gg, Gg, Gg^Ve, _off^_usr, _off^_usr, _off^_usr, _off^_usr, _off^_usr, _off^_usr
_off^_usr, _off^_usr, _off^_usr, _off^_usr, _off^_usr, _off^_usr, Gs^Fms, Gs^Fms, Hh^Fms, Hh, Gg, Gg, Gg, Gg, Gg^Ve, Gs^Fds, Mm, Hh, Hh, Gg, Gg, Gs^Fds, Gs^Fds, Gs^Fds, Wwg, Gg, _off^_usr, Gg, Wwg, Gs^Fds, Gs^Fds, Gs^Fds, Gg, Gg, Hh, Hh, Mm, Gs^Fds, Gg^Ve, Gg, Gg, Gg, Gg, Hh, Hh^Fms, Gs^Fms, Gs^Fms, _off^_usr, _off^_usr, _off^_usr, _off^_usr, _off^_usr, _off^_usr
_off^_usr, _off^_usr, _off^_usr, _off^_usr, _off^_usr, _off^_usr, Gs^Fms, Gs^Fms, Hh, Gs^Fms, Gg, Gg, Gs^Fds, Gs^Fds, Hh, Hh, Mm, Hh^Fms, Mm, Hh, Gg^Ve, Gg, Wwf, Wwf, Gg, Gg, _off^_usr, Gg, Gg, Wwf, Wwf, Gg, Gg^Ve, Hh, Mm, Hh^Fms, Mm, Hh, Hh, Gs^Fds, Gs^Fds, Gg, Gg, Gs^Fms, Hh, Gs^Fms, Gs^Fms, _off^_usr, _off^_usr, _off^_usr, _off^_usr, _off^_usr, _off^_usr
_off^_usr, _off^_usr, _off^_usr, _off^_usr, _off^_usr, _off^_usr, Gg, Hh, Gs^Fms, Gs^Fms, Wwg, Wwg, Wwg, Hh^Fms, Gs^Fms, Hh, Gs^Fms, Gs^Fms, Hh, Hh, Gs^Fds, Gs^Fds, Wwg, Gg, Gs^Fds, Gs^Fms, _off^_usr, Gs^Fms, Gs^Fds, Gg, Wwg, Gs^Fds, Gs^Fds, Hh, Hh, Gs^Fms, Gs^Fms, Hh, Gs^Fms, Hh^Fms, Wwg, Wwg, Wwg, Gs^Fms, Gs^Fms, Hh, Gg, _off^_usr, _off^_usr, _off^_usr, _off^_usr, _off^_usr, _off^_usr
_off^_usr, _off^_usr, _off^_usr, _off^_usr, _off^_usr, _off^_usr, Gg, Gg, Wwg, Wwg, Gs^Fds, Wwg, Wwg, Gs^Fds, Wwg, Gs^Fms, Wwf, Hh^Fms, Wwf, Wwf, Wwf, Gs^Fds, Wwg, Gg, Gs^Fds, Gs^Fms, _off^_usr, Gs^Fms, Gs^Fds, Gg, Wwg, Gs^Fds, Wwf, Wwf, Wwf, Hh^Fms, Wwf, Gs^Fms, Wwg, Gs^Fds, Wwg, Wwg, Gs^Fds, Wwg, Wwg, Gg, Gg, _off^_usr, _off^_usr, _off^_usr, _off^_usr, _off^_usr, _off^_usr
_off^_usr, _off^_usr, _off^_usr, _off^_usr, _off^_usr, _off^_usr, _off^_usr, Wwg, Wwg, Gs^Fds, Wwg, Wwg, Wwg, Wwg, Hh, Wwg, Hh, Wwf, Wwf, Gs^Fms, Gs^Fms, Wwg, Gg, Gg, Gs^Fds, Hh, _off^_usr, Hh, Gs^Fds, Gg, Gg, Wwg, Gs^Fms, Gs^Fms, Wwf, Wwf, Hh, Wwg, Hh, Wwg, Wwg, Wwg, Wwg, Gs^Fds, Wwg, Wwg, _off^_usr, _off^_usr, _off^_usr, _off^_usr, _off^_usr, _off^_usr, _off^_usr
_off^_usr, _off^_usr, _off^_usr, _off^_usr, _off^_usr, _off^_usr, _off^_usr, _off^_usr, _off^_usr, Wwg, Wwg, Wwg, Wwg, Wwg, Hh, Hh^Fms, Hh, Gs^Fms, Wwg, Hh, Gg, Gg, Ce, Gg, Gg, Hh^Fms, _off^_usr, Hh^Fms, Gg, Gg, Ce, Gg, Gg, Hh, Wwg, Gs^Fms, Hh, Hh^Fms, Hh, Wwg, Wwg, Wwg, Wwg, Wwg, _off^_usr, _off^_usr, _off^_usr, _off^_usr, _off^_usr, _off^_usr, _off^_usr, _off^_usr, _off^_usr
_off^_usr, _off^_usr, _off^_usr, _off^_usr, _off^_usr, _off^_usr, _off^_usr, _off^_usr, _off^_usr, _off^_usr, _off^_usr, Wwg, Wwg, Hh^Fms, Hh^Vhh, Mm, Gg^Fet, Wwg, Wwf, Wwrg, Gs, Gs, Gs, Gs, Gs^Fds, Mm, _off^_usr, Mm, Gs^Fds, Gs, Gs, Gs, Gs, Wwrg, Wwf, Wwg, Gg^Fet, Mm, Hh^Vhh, Hh^Fms, Wwg, Wwg, _off^_usr, _off^_usr, _off^_usr, _off^_usr, _off^_usr, _off^_usr, _off^_usr, _off^_usr, _off^_usr, _off^_usr, _off^_usr
_off^_usr, _off^_usr, _off^_usr, _off^_usr, _off^_usr, _off^_usr, _off^_usr, _off^_usr, _off^_usr, _off^_usr, _off^_usr, _off^_usr, _off^_usr, Wwg, Wwg, Wwf, Gs, Wwf, Wwf, Wwf, Wwf, Gs^Fds, Gs^Fds, Gs^Fds, Mm, Mm, _off^_usr, Mm, Mm, Gs^Fds, Gs^Fds, Gs^Fds, Wwf, Wwf, Wwf, Wwf, Gs, Wwf, Wwg, Wwg, _off^_usr, _off^_usr, _off^_usr, _off^_usr, _off^_usr, _off^_usr, _off^_usr, _off^_usr, _off^_usr, _off^_usr, _off^_usr, _off^_usr, _off^_usr
_off^_usr, _off^_usr, _off^_usr, _off^_usr, _off^_usr, _off^_usr, _off^_usr, _off^_usr, _off^_usr, _off^_usr, _off^_usr, _off^_usr, _off^_usr, _off^_usr, _off^_usr, Hh^Fms, Hh, Gd, Gs, Wwf, Wwf, Gs, Gg, Gs^Fds, Gs, Gs, _off^_usr, Gs, Gs, Gs^Fds, Gg, Gs, Wwf, Wwf, Gs, Gd, Hh, Hh^Fms, _off^_usr, _off^_usr, _off^_usr, _off^_usr, _off^_usr, _off^_usr, _off^_usr, _off^_usr, _off^_usr, _off^_usr, _off^_usr, _off^_usr, _off^_usr, _off^_usr, _off^_usr
_off^_usr, _off^_usr, _off^_usr, _off^_usr, _off^_usr, _off^_usr, _off^_usr, _off^_usr, _off^_usr, _off^_usr, Xu, _off^_usr, _off^_usr, _off^_usr, _off^_usr, Hh^Fms, Hh^Fms, Gs, Gs, Ce, Gg, Gs, Gg^Es, Gs, Gd^Fts, Gg, _off^_usr, Gg, Gd^Fts, Gs, Gg^Es, Gs, Gg, Ce, Gs, Gs, Hh^Fms, Hh^Fms, _off^_usr, _off^_usr, _off^_usr, _off^_usr, Xu, _off^_usr, _off^_usr, _off^_usr, _off^_usr, _off^_usr, _off^_usr, _off^_usr, _off^_usr, _off^_usr, _off^_usr
_off^_usr, _off^_usr, _off^_usr, _off^_usr, _off^_usr, _off^_usr, _off^_usr, _off^_usr, _off^_usr, Xu, Chw, Xu, Xu, _off^_usr, Xu, _off^_usr, Gs, Gs, Gg, Gs, Gg, Gs, Gs^Efm, Gs, Gd^Fts, Gg, _off^_usr, Gg, Gd^Fts, Gs, Gs^Efm, Gs, Gg, Gs, Gg, Gs, Gs, _off^_usr, Xu, _off^_usr, Xu, Xu, Chw, Xu, _off^_usr, _off^_usr, _off^_usr, _off^_usr, _off^_usr, _off^_usr, _off^_usr, _off^_usr, _off^_usr
_off^_usr, _off^_usr, _off^_usr, _off^_usr, _off^_usr, _off^_usr, _off^_usr, _off^_usr, Xu, Xu, Khw, Chw, Wwf, Xu, Uh, Xu, Gs, Gg, Gs, Gg^Edt, Ss, Gg, Gg, Gg^Efm, Gd^Fts, Gd, _off^_usr, Gd, Gd^Fts, Gg^Efm, Gg, Gg, Ss, Gg^Edt, Gs, Gg, Gs, Xu, Uh, Xu, Wwf, Chw, Khw, Xu, Xu, _off^_usr, _off^_usr, _off^_usr, _off^_usr, _off^_usr, _off^_usr, _off^_usr, _off^_usr
_off^_usr, _off^_usr, _off^_usr, _off^_usr, _off^_usr, _off^_usr, _off^_usr, Xu, Wwg, Chw, Chw, Chw, Wwf, Uh, Uh, Uu^Tf, Gs, Gg, Ss, Ss, Ss, Gs, Gs, Gd^Fts, Gd^Fts, Gd, _off^_usr, Gd, Gd^Fts, Gd^Fts, Gs, Gs, Ss, Ss, Ss, Gg, Gs, Uu^Tf, Uh, Uh, Wwf, Chw, Chw, Chw, Wwg, Xu, _off^_usr, _off^_usr, _off^_usr, _off^_usr, _off^_usr, _off^_usr, _off^_usr
_off^_usr, _off^_usr, _off^_usr, _off^_usr, _off^_usr, _off^_usr, _off^_usr, Xu, Xu, Wwg, Wwrg, Wwrg, Wwf, Wwf, Ur, Ur, Xu, Gs^Ftp, Gs^Ftp, Ss, Ss, Gs^Ftp, Gs, Gd, Gd, Gs, _off^_usr, Gs, Gd, Gd, Gs, Gs^Ftp, Ss, Ss, Gs^Ftp, Gs^Ftp, Xu, Ur, Ur, Wwf, Wwf, Wwrg, Wwrg, Wwg, Xu, Xu, _off^_usr, _off^_usr, _off^_usr, _off^_usr, _off^_usr, _off^_usr, _off^_usr
_off^_usr, _off^_usr, _off^_usr, _off^_usr, _off^_usr, _off^_usr, _off^_usr, Xu, Wwg, Wwrg, Xu, Wwrg, Ur, Ur, Uu, Xu, Gs^Ftp, Gs^Ftp, Ss, Ss, Gs^Ftp, Gs^Ftp, Gg, Gd, Gll^Fdf, Hhd, _off^_usr, Hhd, Gll^Fdf, Gd, Gg, Gs^Ftp, Gs^Ftp, Ss, Ss, Gs^Ftp, Gs^Ftp, Xu, Uu, Ur, Ur, Wwrg, Xu, Wwrg, Wwg, Xu, _off^_usr, _off^_usr, _off^_usr, _off^_usr, _off^_usr, _off^_usr, _off^_usr
_off^_usr, _off^_usr, _off^_usr, _off^_usr, _off^_usr, _off^_usr, Xu, Xu, Wwg, Uu, Wwf, Wwf, Ur, Xu, Xu, Xu, Gs, Gs^Ftp, Gd, Gg, Gs, Gs, Gs, Hh, Hh, Mm, _off^_usr, Mm, Hh, Hh, Gs, Gs, Gs, Gg, Gd, Gs^Ftp, Gs, Xu, Xu, Xu, Ur, Wwf, Wwf, Uu, Wwg, Xu, Xu, _off^_usr, _off^_usr, _off^_usr, _off^_usr, _off^_usr, _off^_usr
_off^_usr, _off^_usr, _off^_usr, _off^_usr, _off^_usr, Xu, Wwrg, Wwg, Wwrg, Wwg, Ur, Ur, Uu^Tf, Uh, Xu, Xos, Xos, Gs, Xos, Gd, Gs, Gd, Gs, Gs, Urb, Xos, Xos, Xos, Urb, Gs, Gs, Gd, Gs, Gd, Xos, Gs, Xos, Xos, Xu, Uh, Uu^Tf, Ur, Ur, Wwg, Wwrg, Wwg, Wwrg, Xu, _off^_usr, _off^_usr, _off^_usr, _off^_usr, _off^_usr
_off^_usr, _off^_usr, _off^_usr, _off^_usr, _off^_usr, Xu, Xu, Wwg, Xu, Uu^Ii, Wwf, Uu, Xu, Uh, Xu, Xos, Urb, Urb, Xos, Xos, Xos, Xos, Xos, Urb, Urb, Urb, Xos, Urb, Urb, Urb, Xos, Xos, Xos, Xos, Xos, Urb, Urb, Xos, Xu, Uh, Xu, Uu, Wwf, Uu^Ii, Xu, Wwg, Xu, Xu, _off^_usr, _off^_usr, _off^_usr, _off^_usr, _off^_usr
_off^_usr, _off^_usr, _off^_usr, _off^_usr, _off^_usr, _off^_usr, Xu, Wwg, Wwf, Wwf, Xu, Xu, Xos, Xu, Xos, Xos, Urb, Xos, Xos, Xos, Urb, Urb, Urb, Xos, Urb^Xo, Urb, Xos, Urb, Urb^Xo, Xos, Urb, Urb, Urb, Xos, Xos, Xos, Urb, Xos, Xos, Xu, Xos, Xu, Xu, Wwf, Wwf, Wwg, Xu, _off^_usr, _off^_usr, _off^_usr, _off^_usr, _off^_usr, _off^_usr
_off^_usr, _off^_usr, _off^_usr, _off^_usr, _off^_usr, _off^_usr, Xu, Wwrg, Wwf, Uu, Xos, Xos, Urb, Xos, Urb, Urb, Xos, Xos, Urb, Urb, Urb, Urb, Xos, Urb, Urb, Urb, Xos, Urb, Urb, Urb, Xos, Urb, Urb, Urb, Urb, Xos, Xos, Urb, Urb, Xos, Urb, Xos, Xos, Uu, Wwf, Wwrg, Xu, _off^_usr, _off^_usr, _off^_usr, _off^_usr, _off^_usr, _off^_usr
_off^_usr, _off^_usr, _off^_usr, _off^_usr, _off^_usr, _off^_usr, Xu, Xu, Xu, Wwf, Xos, Urb, Urb, Xos, Urb, Xos, Urb, Urb, Urb, Xos, Urb, Urb, Xos, Urb, Urb, Urb, Xos, Urb, Urb, Urb, Xos, Urb, Urb, Xos, Urb, Urb, Urb, Xos, Urb, Xos, Urb, Urb, Xos, Wwf, Xu, Xu, Xu, _off^_usr, _off^_usr, _off^_usr, _off^_usr, _off^_usr, _off^_usr
_off^_usr, _off^_usr, _off^_usr, _off^_usr, _off^_usr, _off^_usr, _off^_usr, Xos, Wwf, Wwf, Xos, Urb, Urb, Urb, Urb, Urb, Xos, Xos, Xos, Xos, Urb, Urb, Urb, Urb^Xo, Xos, Urb, Xos, Urb, Xos, Urb^Xo, Urb, Urb, Urb, Xos, Xos, Xos, Xos, Urb, Urb, Urb, Urb, Urb, Xos, Wwf, Wwf, Xos, _off^_usr, _off^_usr, _off^_usr, _off^_usr, _off^_usr, _off^_usr, _off^_usr
_off^_usr, _off^_usr, _off^_usr, _off^_usr, _off^_usr, _off^_usr, _off^_usr, Xos, Urb, Wwf, Xos, Xos, Xos, Xos, Xos, Xos, Urb, Urb, Urb, Xos, Xos, Urb, Urb, Urb, Urb, Urb, Xos, Urb, Urb, Urb, Urb, Urb, Xos, Xos, Urb, Urb, Urb, Xos, Xos, Xos, Xos, Xos, Xos, Wwf, Urb, Xos, _off^_usr, _off^_usr, _off^_usr, _off^_usr, _off^_usr, _off^_usr, _off^_usr
_off^_usr, _off^_usr, _off^_usr, _off^_usr, _off^_usr, _off^_usr, _off^_usr, Xos, Xos, Urb, Urb, Urb, Urb, Urb, Urb, Urb, Urb, Urb, Urb, Urb, Urb, Xos, Xos, Urb, Urb, Urb, Xos, Urb, Urb, Urb, Xos, Xos, Urb, Urb, Urb, Urb, Urb, Urb, Urb, Urb, Urb, Urb, Urb, Urb, Xos, Xos, _off^_usr, _off^_usr, _off^_usr, _off^_usr, _off^_usr, _off^_usr, _off^_usr
_off^_usr, _off^_usr, _off^_usr, _off^_usr, _off^_usr, _off^_usr, _off^_usr, _off^_usr, _off^_usr, Xos, Xos, Urb, Xos, Urb, Xos, Urb, Urb, Xos, Xos, Urb, Urb, Urb, Urb, Urb^Xo, Kh, Urb, Xos, Urb, Kh, Urb^Xo, Urb, Urb, Urb, Urb, Xos, Xos, Urb, Urb, Xos, Urb, Xos, Urb, Xos, Xos, _off^_usr, _off^_usr, _off^_usr, _off^_usr, _off^_usr, _off^_usr, _off^_usr, _off^_usr, _off^_usr
_off^_usr, _off^_usr, _off^_usr, _off^_usr, _off^_usr, _off^_usr, _off^_usr, _off^_usr, _off^_usr, _off^_usr, _off^_usr, Xos, _off^_usr, Xos, _off^_usr, Xos, Xos, Urb, Xos, Xos, Xos, Urb, Urb, Ch, Ch, Ch, Xos, Ch, Ch, Ch, Urb, Urb, Xos, Xos, Xos, Urb, Xos, Xos, _off^_usr, Xos, _off^_usr, Xos, _off^_usr, _off^_usr, _off^_usr, _off^_usr, _off^_usr, _off^_usr, _off^_usr, _off^_usr, _off^_usr, _off^_usr, _off^_usr
_off^_usr, _off^_usr, _off^_usr, _off^_usr, _off^_usr, _off^_usr, _off^_usr, _off^_usr, _off^_usr, _off^_usr, _off^_usr, _off^_usr, _off^_usr, _off^_usr, _off^_usr, _off^_usr, _off^_usr, Xos, _off^_usr, _off^_usr, Xos, Urb, Urb, Urb, Urb, Xos, _off^_usr, Xos, Urb, Urb, Urb, Urb, Xos, _off^_usr, _off^_usr, Xos, _off^_usr, _off^_usr, _off^_usr, _off^_usr, _off^_usr, _off^_usr, _off^_usr, _off^_usr, _off^_usr, _off^_usr, _off^_usr, _off^_usr, _off^_usr, _off^_usr, _off^_usr, _off^_usr, _off^_usr
_off^_usr, _off^_usr, _off^_usr, _off^_usr, _off^_usr, _off^_usr, _off^_usr, _off^_usr, _off^_usr, _off^_usr, _off^_usr, _off^_usr, _off^_usr, _off^_usr, _off^_usr, _off^_usr, _off^_usr, _off^_usr, _off^_usr, Xos, _off^_usr, Xos, Urb^Xo, Urb, Urb, Xos, Xos, Xos, Urb, Urb, Urb^Xo, Xos, _off^_usr, Xos, _off^_usr, _off^_usr, _off^_usr, _off^_usr, _off^_usr, _off^_usr, _off^_usr, _off^_usr, _off^_usr, _off^_usr, _off^_usr, _off^_usr, _off^_usr, _off^_usr, _off^_usr, _off^_usr, _off^_usr, _off^_usr, _off^_usr
_off^_usr, _off^_usr, _off^_usr, _off^_usr, _off^_usr, _off^_usr, _off^_usr, _off^_usr, _off^_usr, _off^_usr, _off^_usr, _off^_usr, _off^_usr, _off^_usr, _off^_usr, _off^_usr, _off^_usr, _off^_usr, _off^_usr, Xos, Xos, Xos, Urb, Xos, Urb, Urb, Xos, Urb, Urb, Xos, Urb, Xos, Xos, Xos, _off^_usr, _off^_usr, _off^_usr, _off^_usr, _off^_usr, _off^_usr, _off^_usr, _off^_usr, _off^_usr, _off^_usr, _off^_usr, _off^_usr, _off^_usr, _off^_usr, _off^_usr, _off^_usr, _off^_usr, _off^_usr, _off^_usr
_off^_usr, _off^_usr, _off^_usr, _off^_usr, _off^_usr, _off^_usr, _off^_usr, _off^_usr, _off^_usr, _off^_usr, _off^_usr, _off^_usr, _off^_usr, _off^_usr, _off^_usr, _off^_usr, _off^_usr, _off^_usr, _off^_usr, _off^_usr, Xos, Urb, Urb, Urb, Urb, Urb, Xos, Urb, Urb, Urb, Urb, Urb, Xos, _off^_usr, _off^_usr, _off^_usr, _off^_usr, _off^_usr, _off^_usr, _off^_usr, _off^_usr, _off^_usr, _off^_usr, _off^_usr, _off^_usr, _off^_usr, _off^_usr, _off^_usr, _off^_usr, _off^_usr, _off^_usr, _off^_usr, _off^_usr
_off^_usr, _off^_usr, _off^_usr, _off^_usr, _off^_usr, _off^_usr, _off^_usr, _off^_usr, _off^_usr, _off^_usr, _off^_usr, _off^_usr, _off^_usr, _off^_usr, _off^_usr, _off^_usr, _off^_usr, _off^_usr, _off^_usr, _off^_usr, Xos, Urb, Urb, Xos, Urb^Xo, Urb, Xos, Urb, Urb^Xo, Xos, Urb, Urb, Xos, _off^_usr, _off^_usr, _off^_usr, _off^_usr, _off^_usr, _off^_usr, _off^_usr, _off^_usr, _off^_usr, _off^_usr, _off^_usr, _off^_usr, _off^_usr, _off^_usr, _off^_usr, _off^_usr, _off^_usr, _off^_usr, _off^_usr, _off^_usr
_off^_usr, _off^_usr, _off^_usr, _off^_usr, _off^_usr, _off^_usr, _off^_usr, _off^_usr, Xos, _off^_usr, _off^_usr, _off^_usr, _off^_usr, _off^_usr, Xos, _off^_usr, _off^_usr, _off^_usr, _off^_usr, _off^_usr, Xos, Urb, Urb, Urb, Urb, Xos, _off^_usr, Xos, Urb, Urb, Urb, Urb, Xos, _off^_usr, _off^_usr, _off^_usr, _off^_usr, _off^_usr, Xos, _off^_usr, _off^_usr, _off^_usr, _off^_usr, _off^_usr, Xos, _off^_usr, _off^_usr, _off^_usr, _off^_usr, _off^_usr, _off^_usr, _off^_usr, _off^_usr
_off^_usr, _off^_usr, _off^_usr, _off^_usr, _off^_usr, _off^_usr, Xos, Xos, Urb, Xos, Xos, _off^_usr, Xos, Xos, Urb, Xos, Xos, _off^_usr, _off^_usr, _off^_usr, Xos, Urb, Urb, Urb, Urb, Xos, Xos, Xos, Urb, Urb, Urb, Urb, Xos, _off^_usr, _off^_usr, _off^_usr, Xos, Xos, Urb, Xos, Xos, _off^_usr, Xos, Xos, Urb, Xos, Xos, _off^_usr, _off^_usr, _off^_usr, _off^_usr, _off^_usr, _off^_usr
_off^_usr, _off^_usr, _off^_usr, _off^_usr, _off^_usr, _off^_usr, Xos, Urb, Urb, Urb, Xos, Xos, Urb, Urb^Xo, Xos, Urb^Xo, Urb, Xos, Xos, _off^_usr, Xos, Urb, Urb, Urb, Urb, Urb, Xos, Urb, Urb, Urb, Urb, Urb, Xos, _off^_usr, Xos, Xos, Urb, Urb^Xo, Xos, Urb^Xo, Urb, Xos, Xos, Urb, Urb, Urb, Xos, _off^_usr, _off^_usr, _off^_usr, _off^_usr, _off^_usr, _off^_usr
_off^_usr, _off^_usr, _off^_usr, _off^_usr, _off^_usr, _off^_usr, _off^_usr, Xos, Urb, Xos, Urb, Urb, Urb, Urb, Xos, Urb, Urb, Urb, Urb, Xos, Urb^Xo, Urb, Urb, Urb, Urb, Urb, Xos, Urb, Urb, Urb, Urb, Urb, Urb^Xo, Xos, Urb, Urb, Urb, Urb, Xos, Urb, Urb, Urb, Urb, Xos, Urb, Xos, _off^_usr, _off^_usr, _off^_usr, _off^_usr, _off^_usr, _off^_usr, _off^_usr
_off^_usr, _off^_usr, _off^_usr, _off^_usr, _off^_usr, _off^_usr, _off^_usr, Xos, Xos, Urb, Urb, Xos, Xos, Urb, Urb, Urb, Xos, Xos, Urb, Urb, Urb, Xos, Xos, Urb, Urb, Urb, Xos, Urb, Urb, Urb, Xos, Xos, Urb, Urb, Urb, Xos, Xos, Urb, Urb, Urb, Xos, Xos, Urb, Urb, Xos, Xos, _off^_usr, _off^_usr, _off^_usr, _off^_usr, _off^_usr, _off^_usr, _off^_usr
_off^_usr, _off^_usr, _off^_usr, _off^_usr, _off^_usr, _off^_usr, _off^_usr, _off^_usr, _off^_usr, Xos, Xos, Urb, Urb, Xos, Urb, Xos, Urb, Urb, Urb, Xos, Urb, Urb, Urb, Urb, Urb, Urb, Xos, Urb, Urb, Urb, Urb, Urb, Urb, Xos, Urb, Urb, Urb, Xos, Urb, Xos, Urb, Urb, Xos, Xos, _off^_usr, _off^_usr, _off^_usr, _off^_usr, _off^_usr, _off^_usr, _off^_usr, _off^_usr, _off^_usr
_off^_usr, _off^_usr, _off^_usr, _off^_usr, _off^_usr, _off^_usr, _off^_usr, _off^_usr, _off^_usr, _off^_usr, _off^_usr, Xos, Xos, Xos, Urb, Xos, Xos, Urb, Urb, Urb, Urb, Xos, Urb, Urb, Urb, Xos, _off^_usr, Xos, Urb, Urb, Urb, Xos, Urb, Urb, Urb, Urb, Xos, Xos, Urb, Xos, Xos, Xos, _off^_usr, _off^_usr, _off^_usr, _off^_usr, _off^_usr, _off^_usr, _off^_usr, _off^_usr, _off^_usr, _off^_usr, _off^_usr
_off^_usr, _off^_usr, _off^_usr, _off^_usr, _off^_usr, _off^_usr, _off^_usr, _off^_usr, _off^_usr, _off^_usr, _off^_usr, Xos, Urb, Urb, Chr, Urb, Xos, Urb, Urb, Urb, Xos, Xos, Xos, Urb, Urb, Xos, Xos, Xos, Urb, Urb, Xos, Xos, Xos, Urb, Urb, Urb, Xos, Urb, Chr, Urb, Urb, Xos, _off^_usr, _off^_usr, _off^_usr, _off^_usr, _off^_usr, _off^_usr, _off^_usr, _off^_usr, _off^_usr, _off^_usr, _off^_usr
_off^_usr, _off^_usr, _off^_usr, _off^_usr, _off^_usr, _off^_usr, _off^_usr, _off^_usr, _off^_usr, _off^_usr, _off^_usr, Xos, Urb, Khr, Chr, Urb, Xos, Urb, Urb, Xos, Urb, Urb, Urb, Xos, Xos, Urb, Xos, Urb, Xos, Xos, Urb, Urb, Urb, Xos, Urb, Urb, Xos, Urb, Chr, Khr, Urb, Xos, _off^_usr, _off^_usr, _off^_usr, _off^_usr, _off^_usr, _off^_usr, _off^_usr, _off^_usr, _off^_usr, _off^_usr, _off^_usr
_off^_usr, _off^_usr, _off^_usr, _off^_usr, _off^_usr, _off^_usr, _off^_usr, _off^_usr, _off^_usr, _off^_usr, Xos, Xos, Xos, Urb, Urb, Urb, Urb, Xos, Urb, Urb, Urb, Urb, Urb, Urb, Urb, Urb^Xo, Xos, Urb^Xo, Urb, Urb, Urb, Urb, Urb, Urb, Urb, Xos, Urb, Urb, Urb, Urb, Xos, Xos, Xos, _off^_usr, _off^_usr, _off^_usr, _off^_usr, _off^_usr, _off^_usr, _off^_usr, _off^_usr, _off^_usr, _off^_usr
_off^_usr, _off^_usr, _off^_usr, _off^_usr, _off^_usr, _off^_usr, _off^_usr, _off^_usr, _off^_usr, Xos, Urb, Urb, Urb, Xos, Xos, Urb, Xos, Urb, Urb, Urb, Urb, Urb, Xos, Urb, Urb, Xos, Xos, Xos, Urb, Urb, Xos, Urb, Urb, Urb, Urb, Urb, Xos, Urb, Xos, Xos, Urb, Urb, Urb, Xos, _off^_usr, _off^_usr, _off^_usr, _off^_usr, _off^_usr, _off^_usr, _off^_usr, _off^_usr, _off^_usr
_off^_usr, _off^_usr, _off^_usr, _off^_usr, _off^_usr, _off^_usr, _off^_usr, _off^_usr, _off^_usr, Xos, Urb, Urb, Urb, Urb, Urb, Xos, Xos, Urb, Urb, Urb, Xos, Xos, Urb, Xos, Urb^Xo, Xos, Xos, Xos, Urb^Xo, Xos, Urb, Xos, Xos, Urb, Urb, Urb, Xos, Xos, Urb, Urb, Urb, Urb, Urb, Xos, _off^_usr, _off^_usr, _off^_usr, _off^_usr, _off^_usr, _off^_usr, _off^_usr, _off^_usr, _off^_usr
_off^_usr, _off^_usr, _off^_usr, _off^_usr, _off^_usr, _off^_usr, _off^_usr, _off^_usr, _off^_usr, Xos, Xos, Urb, Urb, Urb, Xos, Urb, Urb, Urb, Xos, Xos, Urb, Urb, Urb, Urb, Urb, Xos, Xos, Xos, Urb, Urb, Urb, Urb, Urb, Xos, Xos, Urb, Urb, Urb, Xos, Urb, Urb, Urb, Xos, Xos, _off^_usr, _off^_usr, _off^_usr, _off^_usr, _off^_usr, _off^_usr, _off^_usr, _off^_usr, _off^_usr
_off^_usr, _off^_usr, _off^_usr, _off^_usr, _off^_usr, _off^_usr, _off^_usr, _off^_usr, _off^_usr, _off^_usr, _off^_usr, Xos, Urb, Urb, Xos, Urb, Xos, Xos, Urb, Urb, Urb, Urb, Xos, Urb, Urb, Urb, Xos, Urb, Urb, Urb, Xos, Urb, Urb, Urb, Urb, Xos, Xos, Urb, Xos, Urb, Urb, Xos, _off^_usr, _off^_usr, _off^_usr, _off^_usr, _off^_usr, _off^_usr, _off^_usr, _off^_usr, _off^_usr, _off^_usr, _off^_usr
_off^_usr, _off^_usr, _off^_usr, _off^_usr, _off^_usr, _off^_usr, _off^_usr, _off^_usr, _off^_usr, _off^_usr, _off^_usr, Xos, Urb, Urb, Urb, Xos, Urb, Urb, Urb, Urb, Urb, Urb, Urb^Xo, Xos, Xos, Xos, Xos, Xos, Xos, Xos, Urb^Xo, Urb, Urb, Urb, Urb, Urb, Urb, Xos, Urb, Urb, Urb, Xos, _off^_usr, _off^_usr, _off^_usr, _off^_usr, _off^_usr, _off^_usr, _off^_usr, _off^_usr, _off^_usr, _off^_usr, _off^_usr
_off^_usr, _off^_usr, _off^_usr, _off^_usr, _off^_usr, _off^_usr, _off^_usr, _off^_usr, _off^_usr, _off^_usr, Xos, Xos, Urb, Urb, Urb, Urb, Urb, Urb, Urb, Urb, Xos, Xos, Urb, Urb, Xos, Xos, Xos, Xos, Xos, Urb, Urb, Xos, Xos, Urb, Urb, Urb, Urb, Urb, Urb, Urb, Urb, Xos, Xos, _off^_usr, _off^_usr, _off^_usr, _off^_usr, _off^_usr, _off^_usr, _off^_usr, _off^_usr, _off^_usr, _off^_usr
_off^_usr, _off^_usr, _off^_usr, _off^_usr, _off^_usr, _off^_usr, _off^_usr, _off^_usr, Xos, Xos, Urb, Urb, Urb, Urb, Xos, Urb, Urb, Urb, Urb, Urb, Xos, Urb, Urb, Urb, Urb, Xos, Xos, Xos, Urb, Urb, Urb, Urb, Xos, Urb, Urb, Urb, Urb, Urb, Xos, Urb, Urb, Urb, Urb, Xos, Xos, _off^_usr, _off^_usr, _off^_usr, _off^_usr, _off^_usr, _off^_usr, _off^_usr, _off^_usr
_off^_usr, _off^_usr, _off^_usr, _off^_usr, _off^_usr, _off^_usr, _off^_usr, Xos, Urb, Urb, Urb, Urb, Xos, Urb^Xo, Urb, Xos, Xos, Urb, Urb, Urb, Urb, Urb, Xos, Urb, Urb, Urb, Xos, Urb, Urb, Urb, Xos, Urb, Urb, Urb, Urb, Urb, Xos, Xos, Urb, Urb^Xo, Xos, Urb, Urb, Urb, Urb, Xos, _off^_usr, _off^_usr, _off^_usr, _off^_usr, _off^_usr, _off^_usr, _off^_usr
_off^_usr, _off^_usr, _off^_usr, _off^_usr, _off^_usr, _off^_usr, _off^_usr, Xos, Urb, Urb, Xos, Xos, Urb, Urb, Urb, Urb, Urb, Xos, Urb, Urb, Xos, Xos, Urb, Urb, Urb, Urb, Xos, Urb, Urb, Urb, Urb, Xos, Xos, Urb, Urb, Xos, Urb, Urb, Urb, Urb, Urb, Xos, Xos, Urb, Urb, Xos, _off^_usr, _off^_usr, _off^_usr, _off^_usr, _off^_usr, _off^_usr, _off^_usr
_off^_usr, _off^_usr, _off^_usr, _off^_usr, _off^_usr, _off^_usr, _off^_usr, Xos, Urb, Urb, Xos, Urb, Urb, Urb, Urb, Urb, Urb, Urb, Urb, Xos, Urb, Urb, Urb, Urb, Ch, Urb, Xos, Urb, Ch, Urb, Urb, Urb, Urb, Xos, Urb, Urb, Urb, Urb, Urb, Urb, Urb, Urb, Xos, Urb, Urb, Xos, _off^_usr, _off^_usr, _off^_usr, _off^_usr, _off^_usr, _off^_usr, _off^_usr
_off^_usr, _off^_usr, _off^_usr, _off^_usr, _off^_usr, _off^_usr, _off^_usr, Xos, Urb, Urb, Urb, Urb, Urb, Urb, Urb, Urb, Urb, Urb, Urb, Xos, Urb, Urb, Urb, Ch, Kh, Urb, Xos, Urb, Kh, Ch, Urb, Urb, Urb, Xos, Urb, Urb, Urb, Urb, Urb, Urb, Urb, Urb, Urb, Urb, Urb, Xos, _off^_usr, _off^_usr, _off^_usr, _off^_usr, _off^_usr, _off^_usr, _off^_usr
_off^_usr, _off^_usr, _off^_usr, _off^_usr, _off^_usr, _off^_usr, _off^_usr, Xos, Urb, Urb, Xos, Urb, Urb, Urb, Urb, Urb, Urb, Urb, Urb, Urb, Urb, Urb, Ch, Ch, Urb, Urb, Xos, Urb, Urb, Ch, Ch, Urb, Urb, Urb, Urb, Urb, Urb, Urb, Urb, Urb, Urb, Urb, Xos, Urb, Urb, Xos, _off^_usr, _off^_usr, _off^_usr, _off^_usr, _off^_usr, _off^_usr, _off^_usr
_off^_usr, _off^_usr, _off^_usr, _off^_usr, _off^_usr, _off^_usr, _off^_usr, Xos, Urb, Urb, Urb, Xos, Urb, Urb, Urb, Urb, Urb, Urb, Urb, Urb, Urb, Urb, Urb, Ch, Urb, Urb, Xos, Urb, Urb, Ch, Urb, Urb, Urb, Urb, Urb, Urb, Urb, Urb, Urb, Urb, Urb, Xos, Urb, Urb, Urb, Xos, _off^_usr, _off^_usr, _off^_usr, _off^_usr, _off^_usr, _off^_usr, _off^_usr
_off^_usr, _off^_usr, _off^_usr, _off^_usr, _off^_usr, _off^_usr, _off^_usr, Xos, Urb, Urb, Urb, Urb, Urb, Urb, Urb^Xo, Xos, Urb, Urb, Urb, Xos, Urb^Xo, Urb, Urb, Urb, Urb, Urb, Xos, Urb, Urb, Urb, Urb, Urb, Urb^Xo, Xos, Urb, Urb, Urb, Xos, Urb^Xo, Urb, Urb, Urb, Urb, Urb, Urb, Xos, _off^_usr, _off^_usr, _off^_usr, _off^_usr, _off^_usr, _off^_usr, _off^_usr
_off^_usr, _off^_usr, _off^_usr, _off^_usr, _off^_usr, _off^_usr, _off^_usr, Xos, Xos, Xos, Xos, Xos, Xos, Xos, Qlf, Xos, Xos, Xos, Xos, Xos, Qlf, Xos, Xos, Xos, Xos, Xos, Xos, Xos, Xos, Xos, Xos, Xos, Qlf, Xos, Xos, Xos, Xos, Xos, Qlf, Xos, Xos, Xos, Xos, Xos, Xos, Xos, _off^_usr, _off^_usr, _off^_usr, _off^_usr, _off^_usr, _off^_usr, _off^_usr
Qlf, Qlf, Qlf, Qlf, Qlf, Qlf, Qlf, Qlf, Qlf, Qlf, Qlf, Qlf, Qlf, Qlf, Qlf, Qlf, Qlf, Qlf, Qlf, Qlf, Qlf, Qlf, Qlf, Qlf, Qlf, Qlf, Xos, Qlf, Qlf, Qlf, Qlf, Qlf, Qlf, Qlf, Qlf, Qlf, Qlf, Qlf, Qlf, Qlf, Qlf, Qlf, Qlf, Qlf, Qlf, Qlf, Qlf, Qlf, Qlf, Qlf, Qlf, Qlf, Qlf
Qlf, Qlf, Qlf, Qlf, Qlf, Qlf, Qlf, Qlf, Qlf, Qlf, Qlf, Qlf, Qlf, Qlf, Qlf, Qlf, Qlf, Qlf, Qlf, Qlf, Qlf, Qlf, Qlf, Qlf, Qlf, Qlf, Xos, Qlf, Qlf, Qlf, Qlf, Qlf, Qlf, Qlf, Qlf, Qlf, Qlf, Qlf, Qlf, Qlf, Qlf, Qlf, Qlf, Qlf, Qlf, Qlf, Qlf, Qlf, Qlf, Qlf, Qlf, Qlf, Qlf
Qlf, Qlf, Qlf, Qlf, Qlf, Qlf, Qlf, Qlf, Qlf, Qlf, Qlf, Qlf, Qlf, Qlf, Qlf, Qlf, Qlf, Qlf, Qlf, Qlf, Qlf, Qlf, Qlf, Qlf, Qlf, Qlf, Xos, Qlf, Qlf, Qlf, Qlf, Qlf, Qlf, Qlf, Qlf, Qlf, Qlf, Qlf, Qlf, Qlf, Qlf, Qlf, Qlf, Qlf, Qlf, Qlf, Qlf, Qlf, Qlf, Qlf, Qlf, Qlf, Qlf
