_off^_usr, _off^_usr, _off^_usr, _off^_usr, _off^_usr, _off^_usr, _off^_usr, _off^_usr, _off^_usr, _off^_usr, _off^_usr, _off^_usr, _off^_usr, _off^_usr, _off^_usr, _off^_usr, _off^_usr, _off^_usr, _off^_usr, _off^_usr, _off^_usr, _off^_usr, _off^_usr, _off^_usr, _off^_usr, _off^_usr, _off^_usr, _off^_usr, _off^_usr, _off^_usr, _off^_usr, _off^_usr, _off^_usr, _off^_usr, _off^_usr, _off^_usr, _off^_usr, _off^_usr, _off^_usr, _off^_usr, _off^_usr, _off^_usr, _off^_usr, _off^_usr, _off^_usr, _off^_usr, _off^_usr, _off^_usr, _off^_usr, _off^_usr, _off^_usr
_off^_usr, _off^_usr, _off^_usr, _off^_usr, _off^_usr, _off^_usr, _off^_usr, _off^_usr, _off^_usr, _off^_usr, _off^_usr, _off^_usr, _off^_usr, _off^_usr, _off^_usr, _off^_usr, _off^_usr, _off^_usr, _off^_usr, _off^_usr, _off^_usr, _off^_usr, _off^_usr, _off^_usr, Gg, _off^_usr, Gg, _off^_usr, _off^_usr, _off^_usr, _off^_usr, _off^_usr, _off^_usr, _off^_usr, _off^_usr, _off^_usr, _off^_usr, _off^_usr, _off^_usr, _off^_usr, _off^_usr, _off^_usr, _off^_usr, _off^_usr, _off^_usr, _off^_usr, _off^_usr, _off^_usr, _off^_usr, _off^_usr, _off^_usr
_off^_usr, _off^_usr, _off^_usr, _off^_usr, _off^_usr, _off^_usr, _off^_usr, _off^_usr, _off^_usr, _off^_usr, _off^_usr, _off^_usr, _off^_usr, _off^_usr, _off^_usr, _off^_usr, _off^_usr, _off^_usr, _off^_usr, _off^_usr, _off^_usr, _off^_usr, Gs^Fds, Gs, Gs, Gs, Gs, Gs, Gs^Fds, _off^_usr, _off^_usr, _off^_usr, _off^_usr, _off^_usr, _off^_usr, _off^_usr, _off^_usr, _off^_usr, _off^_usr, _off^_usr, _off^_usr, _off^_usr, _off^_usr, _off^_usr, _off^_usr, _off^_usr, _off^_usr, _off^_usr, _off^_usr, _off^_usr, _off^_usr
_off^_usr, _off^_usr, _off^_usr, _off^_usr, _off^_usr, _off^_usr, _off^_usr, _off^_usr, _off^_usr, _off^_usr, _off^_usr, _off^_usr, _off^_usr, _off^_usr, _off^_usr, _off^_usr, _off^_usr, _off^_usr, _off^_usr, _off^_usr, _off^_usr, _off^_usr, Gs^Fds, Gg, Gs, Cv, Gs, Gg, Gs^Fds, _off^_usr, _off^_usr, _off^_usr, _off^_usr, _off^_usr, _off^_usr, _off^_usr, _off^_usr, _off^_usr, _off^_usr, _off^_usr, _off^_usr, _off^_usr, _off^_usr, _off^_usr, _off^_usr, _off^_usr, _off^_usr, _off^_usr, _off^_usr, _off^_usr, _off^_usr
_off^_usr, _off^_usr, _off^_usr, _off^_usr, _off^_usr, _off^_usr, _off^_usr, _off^_usr, _off^_usr, _off^_usr, _off^_usr, _off^_usr, _off^_usr, _off^_usr, _off^_usr, _off^_usr, _off^_usr, _off^_usr, Gs^Fds, _off^_usr, Gs, Gs, Gs, Gg, Gg, Gs, Gg, Gg, Gs, Gs, Gs, _off^_usr, Gs^Fds, _off^_usr, _off^_usr, _off^_usr, _off^_usr, _off^_usr, _off^_usr, _off^_usr, _off^_usr, _off^_usr, _off^_usr, _off^_usr, _off^_usr, _off^_usr, _off^_usr, _off^_usr, _off^_usr, _off^_usr, _off^_usr
_off^_usr, _off^_usr, _off^_usr, _off^_usr, _off^_usr, _off^_usr, _off^_usr, _off^_usr, _off^_usr, _off^_usr, _off^_usr, _off^_usr, _off^_usr, _off^_usr, _off^_usr, _off^_usr, _off^_usr, Gs, Gg, Gs, Gs^Fds, Cv^Fds, Gs^Fds, Cv, Gg, Gg, Gg, Cv, Gs^Fds, Cv^Fds, Gs^Fds, Gs, Gg, Gs, _off^_usr, _off^_usr, _off^_usr, _off^_usr, _off^_usr, _off^_usr, _off^_usr, _off^_usr, _off^_usr, _off^_usr, _off^_usr, _off^_usr, _off^_usr, _off^_usr, _off^_usr, _off^_usr, _off^_usr
_off^_usr, _off^_usr, _off^_usr, _off^_usr, _off^_usr, _off^_usr, _off^_usr, _off^_usr, _off^_usr, _off^_usr, _off^_usr, _off^_usr, _off^_usr, _off^_usr, _off^_usr, _off^_usr, Gs^Fds, Gs^Fds, Gg, Gs^Fds, Gg, Cv, Kv, Cv, Gs, Gs^Fds, Gs, Cv, Kv, Cv, Gg, Gs^Fds, Gg, Gs^Fds, Gs^Fds, _off^_usr, _off^_usr, _off^_usr, _off^_usr, _off^_usr, _off^_usr, _off^_usr, _off^_usr, _off^_usr, _off^_usr, _off^_usr, _off^_usr, _off^_usr, _off^_usr, _off^_usr, _off^_usr
_off^_usr, _off^_usr, _off^_usr, _off^_usr, _off^_usr, _off^_usr, _off^_usr, _off^_usr, _off^_usr, _off^_usr, _off^_usr, _off^_usr, _off^_usr, _off^_usr, Mm, Gg, Gs, Gg, Gs, Gs^Fds, Gs, Cv, Cv, Cv^Fds, Gs^Fds, Gs, Gs^Fds, Cv^Fds, Cv, Cv, Gs, Gs^Fds, Gs, Gg, Gs, Gg, Mm, _off^_usr, _off^_usr, _off^_usr, _off^_usr, _off^_usr, _off^_usr, _off^_usr, _off^_usr, _off^_usr, _off^_usr, _off^_usr, _off^_usr, _off^_usr, _off^_usr
_off^_usr, _off^_usr, _off^_usr, _off^_usr, _off^_usr, _off^_usr, _off^_usr, _off^_usr, _off^_usr, _off^_usr, _off^_usr, _off^_usr, Mm, Mm^Fms, Gs, Gs^Fds, Gs, Gd, Gs, Gs, Gg, Gs^Fds, Gg, Gg, Gg, Gs, Gg, Gg, Gg, Gs^Fds, Gg, Gs, Gs, Gd, Gs, Gs^Fds, Gs, Mm^Fms, Mm, _off^_usr, _off^_usr, _off^_usr, _off^_usr, _off^_usr, _off^_usr, _off^_usr, _off^_usr, _off^_usr, _off^_usr, _off^_usr, _off^_usr
_off^_usr, _off^_usr, _off^_usr, _off^_usr, _off^_usr, _off^_usr, _off^_usr, _off^_usr, Md^Fmw, Md^Fmw, Md, Mm^Fms, Hh, Hh^Fms, Gs, Gd, Gs^Fds, Gg, Hh^Fds, Hh^Fds, Gg^Fds, Gs, Xoc, Gg, Gs, Gg, Gs, Gg, Xoc, Gs, Gg^Fds, Hh^Fds, Hh^Fds, Gg, Gs^Fds, Gd, Gs, Hh^Fms, Hh, Mm^Fms, Md, Md^Fmw, Md^Fmw, _off^_usr, _off^_usr, _off^_usr, _off^_usr, _off^_usr, _off^_usr, _off^_usr, _off^_usr
_off^_usr, _off^_usr, _off^_usr, _off^_usr, _off^_usr, _off^_usr, Md, Md, Md, Md, Hhd^Fdf, Hhd, Ce^Fms, Gs, Gd, Wwf, Gd, Md, Hh, Gg^Fds, Xoc, Xoc, _off^_usr, Xoc, Rr^Pw\, Gs, Rr^Pw/, Xoc, _off^_usr, Xoc, Xoc, Gg^Fds, Hh, Md, Gd, Wwf, Gd, Gs, Ce^Fms, Hhd, Hhd^Fdf, Md, Md, Md, Md, _off^_usr, _off^_usr, _off^_usr, _off^_usr, _off^_usr, _off^_usr
_off^_usr, _off^_usr, _off^_usr, _off^_usr, _off^_usr, _off^_usr, Md^Fmf, Md^Fdf, Md, Md, Ce^Fms, Ket^Fmw, Ce^Fmw, Gll^Fmf, Gll^Fdf, Gd, Wwg, Md, Md^Fmw, Md^Xm, Md^Xm, _off^_usr, _off^_usr, _off^_usr, _off^_usr, Xoc, _off^_usr, _off^_usr, _off^_usr, _off^_usr, Md^Xm, Md^Xm, Md^Fmw, Md, Wwg, Gd, Gll^Fdf, Gll^Fmf, Ce^Fmw, Ket^Fmw, Ce^Fms, Md, Md, Md^Fdf, Md^Fmf, _off^_usr, _off^_usr, _off^_usr, _off^_usr, _off^_usr, _off^_usr
_off^_usr, _off^_usr, _off^_usr, _off^_usr, _off^_usr, _off^_usr, _off^_usr, Md, Gd, Gd^Fmf, Hhd, Ce^Fmf, Gd, Gd, Hhd, Gd, Gll^Fmf, Wwg, Hhd^Fmf, Md^Fdw, Md, Md^Xm, Md^Xm, _off^_usr, _off^_usr, _off^_usr, _off^_usr, _off^_usr, Md^Xm, Md^Xm, Md, Md^Fdw, Hhd^Fmf, Wwg, Gll^Fmf, Gd, Hhd, Gd, Gd, Ce^Fmf, Hhd, Gd^Fmf, Gd, Md, _off^_usr, _off^_usr, _off^_usr, _off^_usr, _off^_usr, _off^_usr, _off^_usr
_off^_usr, _off^_usr, _off^_usr, _off^_usr, _off^_usr, _off^_usr, _off^_usr, Md^Fmf, Hhd, Hhd^Fdf, Gd, Wwf, Wwg, Hhd^Fdf, Hhd^Fmf, Hhd^Fdf, Gd, Gd, Gd^Fdf, Hhd^Fmf, Hhd^Fdf, Md^Fmf, Md, Md^Xm, _off^_usr, _off^_usr, _off^_usr, Md^Xm, Md, Md^Fmf, Hhd^Fdf, Hhd^Fmf, Gd^Fdf, Gd, Gd, Hhd^Fdf, Hhd^Fmf, Hhd^Fdf, Wwg, Wwf, Gd, Hhd^Fdf, Hhd, Md^Fmf, _off^_usr, _off^_usr, _off^_usr, _off^_usr, _off^_usr, _off^_usr, _off^_usr
_off^_usr, _off^_usr, _off^_usr, _off^_usr, _off^_usr, _off^_usr, _off^_usr, Hhd^Fmf, Gd^Fdf, Hhd^Fdf, Wwf, Gd^Fmf, Hhd, Gd^Fdf, Wwf, Gd, Hhd^Fdf, Wwf, Wwg, Gd, Wwf, Hhd, Wwf, Md^Xm, Md^Xm, _off^_usr, Md^Xm, Md^Xm, Wwf, Hhd, Wwf, Gd, Wwg, Wwf, Hhd^Fdf, Gd, Wwf, Gd^Fdf, Hhd, Gd^Fmf, Wwf, Hhd^Fdf, Gd^Fdf, Hhd^Fmf, _off^_usr, _off^_usr, _off^_usr, _off^_usr, _off^_usr, _off^_usr, _off^_usr
_off^_usr, _off^_usr, _off^_usr, _off^_usr, _off^_usr, _off^_usr, _off^_usr, _off^_usr, Gll^Fmf, Gd^Fmf, Wwf, Wwf, Hhd^Fdf, Gd, Wwf, Hhd^Fmf, Hhd, Gll^Fdf, Gll^Fdf, Wwg, Gd, Gll^Fdf, Gd, Gll^Fdf, Gll^Fdf, _off^_usr, Gll^Fdf, Gll^Fdf, Gd, Gll^Fdf, Gd, Wwg, Gll^Fdf, Gll^Fdf, Hhd, Hhd^Fmf, Wwf, Gd, Hhd^Fdf, Wwf, Wwf, Gd^Fmf, Gll^Fmf, _off^_usr, _off^_usr, _off^_usr, _off^_usr, _off^_usr, _off^_usr, _off^_usr, _off^_usr
_off^_usr, _off^_usr, _off^_usr, _off^_usr, _off^_usr, _off^_usr, _off^_usr, _off^_usr, Hhd^Fmf, Gll^Fdf, Gll, Hhd, Hhd^Fmf, Wwg, Gd^Fdf, Gd, Re, Re, Hhd, Hhd, Gd^Fdf, Gd, Hhd^Fdf, Hhd^Fdf, Hhd, _off^_usr, Hhd, Hhd^Fdf, Hhd^Fdf, Gd, Gd^Fdf, Hhd, Hhd, Re, Re, Gd, Gd^Fdf, Wwg, Hhd^Fmf, Hhd, Gll, Gll^Fdf, Hhd^Fmf, _off^_usr, _off^_usr, _off^_usr, _off^_usr, _off^_usr, _off^_usr, _off^_usr, _off^_usr
_off^_usr, _off^_usr, _off^_usr, _off^_usr, _off^_usr, _off^_usr, _off^_usr, _off^_usr, _off^_usr, Hhd^Fdf, Hhd^Fdf, Wwf, Gd, Wwf, Hhd^Fmf, Hhd^Fmf, Gd, Re^Fdf, Hhd, Md, Md, Md, Md^Fmf, Hhd^Fdf, Hhd, _off^_usr, Hhd, Hhd^Fdf, Md^Fmf, Md, Md, Md, Hhd, Re^Fdf, Gd, Hhd^Fmf, Hhd^Fmf, Wwf, Gd, Wwf, Hhd^Fdf, Hhd^Fdf, _off^_usr, _off^_usr, _off^_usr, _off^_usr, _off^_usr, _off^_usr, _off^_usr, _off^_usr, _off^_usr
_off^_usr, _off^_usr, _off^_usr, _off^_usr, _off^_usr, _off^_usr, _off^_usr, _off^_usr, _off^_usr, _off^_usr, _off^_usr, Hhd^Fmf, Gd, Hhd^Fdf, Re, Hhd, Gd, Hhd, Hhd^Fmf, Hhd, Gd, Gd^Fdf, Re^Fmf, Re^Fmf, Gd, _off^_usr, Gd, Re^Fmf, Re^Fmf, Gd^Fdf, Gd, Hhd, Hhd^Fmf, Hhd, Gd, Hhd, Re, Hhd^Fdf, Gd, Hhd^Fmf, _off^_usr, _off^_usr, _off^_usr, _off^_usr, _off^_usr, _off^_usr, _off^_usr, _off^_usr, _off^_usr, _off^_usr, _off^_usr
_off^_usr, _off^_usr, _off^_usr, _off^_usr, _off^_usr, _off^_usr, _off^_usr, _off^_usr, _off^_usr, _off^_usr, _off^_usr, _off^_usr, _off^_usr, Gd, Md^Fdf, Re, Re, Hhd^Fmf, Re, Re, Md^Fmf, Md, Md^Fmf, Md, Re, _off^_usr, Re, Md, Md^Fmf, Md, Md^Fmf, Re, Re, Hhd^Fmf, Re, Re, Md^Fdf, Gd, _off^_usr, _off^_usr, _off^_usr, _off^_usr, _off^_usr, _off^_usr, _off^_usr, _off^_usr, _off^_usr, _off^_usr, _off^_usr, _off^_usr, _off^_usr
_off^_usr, _off^_usr, _off^_usr, _off^_usr, _off^_usr, _off^_usr, _off^_usr, _off^_usr, _off^_usr, _off^_usr, _off^_usr, _off^_usr, Md, Md^Fmf, Sm^Fdw, Md, Rb, Re, Re^Fdf, Re, Md, Md, Md, Re^Fmf, Re, _off^_usr, Re, Re^Fmf, Md, Md, Md, Re, Re^Fdf, Re, Rb, Md, Sm^Fdw, Md^Fmf, Md, _off^_usr, _off^_usr, _off^_usr, _off^_usr, _off^_usr, _off^_usr, _off^_usr, _off^_usr, _off^_usr, _off^_usr, _off^_usr, _off^_usr
_off^_usr, _off^_usr, _off^_usr, _off^_usr, _off^_usr, _off^_usr, _off^_usr, _off^_usr, _off^_usr, _off^_usr, _off^_usr, _off^_usr, Md, Sm, Sm, Rb, Md, Re, Re, Re, Hhd^Fdf, Hhd, Cer, Cer, Hhd, _off^_usr, Hhd, Cer, Cer, Hhd, Hhd^Fdf, Re, Re, Re, Md, Rb, Sm, Sm, Md, _off^_usr, _off^_usr, _off^_usr, _off^_usr, _off^_usr, _off^_usr, _off^_usr, _off^_usr, _off^_usr, _off^_usr, _off^_usr, _off^_usr
_off^_usr, _off^_usr, _off^_usr, _off^_usr, _off^_usr, _off^_usr, _off^_usr, _off^_usr, _off^_usr, _off^_usr, _off^_usr, _off^_usr, Sm^Fdw, Sm^Fdw, Sm, Sm, Hhd^Fdw, Re^Fdf, Md, Re, Re, Hhd^Fdf, Cer, Kte, Cer, _off^_usr, Cer, Kte, Cer, Hhd^Fdf, Re, Re, Md, Re^Fdf, Hhd^Fdw, Sm, Sm, Sm^Fdw, Sm^Fdw, _off^_usr, _off^_usr, _off^_usr, _off^_usr, _off^_usr, _off^_usr, _off^_usr, _off^_usr, _off^_usr, _off^_usr, _off^_usr, _off^_usr
_off^_usr, _off^_usr, _off^_usr, _off^_usr, _off^_usr, _off^_usr, _off^_usr, _off^_usr, _off^_usr, _off^_usr, _off^_usr, _off^_usr, Sm, Sm^Fdw, Sm, Hhd, Md, Md, Md, Md, Rb, Hhd, Sm, Hhd^Fdw, Sm^Fdw, _off^_usr, Sm^Fdw, Hhd^Fdw, Sm, Hhd, Rb, Md, Md, Md, Md, Hhd, Sm, Sm^Fdw, Sm, _off^_usr, _off^_usr, _off^_usr, _off^_usr, _off^_usr, _off^_usr, _off^_usr, _off^_usr, _off^_usr, _off^_usr, _off^_usr, _off^_usr
_off^_usr, _off^_usr, _off^_usr, _off^_usr, _off^_usr, _off^_usr, _off^_usr, _off^_usr, _off^_usr, _off^_usr, _off^_usr, _off^_usr, Sm, Sm, Hhd, Sm^Tf, Rb^Fdw, Rb, Rb, Rb, Rb, Sm^Fdw, Sm^Fdw, Md, Sm, _off^_usr, Sm, Md, Sm^Fdw, Sm^Fdw, Rb, Rb, Rb, Rb, Rb^Fdw, Sm^Tf, Hhd, Sm, Sm, _off^_usr, _off^_usr, _off^_usr, _off^_usr, _off^_usr, _off^_usr, _off^_usr, _off^_usr, _off^_usr, _off^_usr, _off^_usr, _off^_usr
_off^_usr, _off^_usr, _off^_usr, _off^_usr, _off^_usr, _off^_usr, _off^_usr, _off^_usr, _off^_usr, _off^_usr, _off^_usr, Sm, Sm^Fdw, Hhd^Fdw, Hhd^Fdw, Rb, Rb, Rb, Sm^Fdw, Rb, Rb, Sm^Fdw, Rb, Sm, Sm^Fdw, _off^_usr, Sm^Fdw, Sm, Rb, Sm^Fdw, Rb, Rb, Sm^Fdw, Rb, Rb, Rb, Hhd^Fdw, Hhd^Fdw, Sm^Fdw, Sm, _off^_usr, _off^_usr, _off^_usr, _off^_usr, _off^_usr, _off^_usr, _off^_usr, _off^_usr, _off^_usr, _off^_usr, _off^_usr
_off^_usr, _off^_usr, _off^_usr, _off^_usr, _off^_usr, _off^_usr, _off^_usr, _off^_usr, _off^_usr, _off^_usr, _off^_usr, Sm, Sm, Sm^Fdw, Sm^Fdw, Rb, Sm, Sm, Sm, Rb, Rb, Rb, Sm, Rb, Sm^Fdw, _off^_usr, Sm^Fdw, Rb, Sm, Rb, Rb, Rb, Sm, Sm, Sm, Rb, Sm^Fdw, Sm^Fdw, Sm, Sm, _off^_usr, _off^_usr, _off^_usr, _off^_usr, _off^_usr, _off^_usr, _off^_usr, _off^_usr, _off^_usr, _off^_usr, _off^_usr
_off^_usr, _off^_usr, _off^_usr, _off^_usr, _off^_usr, _off^_usr, _off^_usr, _off^_usr, _off^_usr, _off^_usr, _off^_usr, _off^_usr, Sm^Fdw, Sm^Fdw, Sm, Sm^Vhs, Wwg, Wwf, Sm^Fdw, Rb, Rb, Sm^Tf, Sm, Sm^Bw|r, Sm^Fdw, _off^_usr, Sm^Fdw, Sm^Bw|r, Sm, Sm^Tf, Rb, Rb, Sm^Fdw, Wwf, Wwg, Sm^Vhs, Sm, Sm^Fdw, Sm^Fdw, _off^_usr, _off^_usr, _off^_usr, _off^_usr, _off^_usr, _off^_usr, _off^_usr, _off^_usr, _off^_usr, _off^_usr, _off^_usr, _off^_usr
_off^_usr, _off^_usr, _off^_usr, _off^_usr, _off^_usr, _off^_usr, _off^_usr, _off^_usr, _off^_usr, _off^_usr, _off^_usr, _off^_usr, Sm, Sm^Tf, Sm^Fdw, Wwf, Wwf, Wwf, Sm^Fdw, Sm, Sm^Bw|r, Sm, Sm^Bw/r, Sm^Bw|r, Sm, _off^_usr, Sm, Sm^Bw|r, Sm^Bw\r, Sm, Sm^Bw|r, Sm, Sm^Fdw, Wwf, Wwf, Wwf, Sm^Fdw, Sm^Tf, Sm, _off^_usr, _off^_usr, _off^_usr, _off^_usr, _off^_usr, _off^_usr, _off^_usr, _off^_usr, _off^_usr, _off^_usr, _off^_usr, _off^_usr
_off^_usr, _off^_usr, _off^_usr, _off^_usr, _off^_usr, _off^_usr, _off^_usr, _off^_usr, _off^_usr, _off^_usr, _off^_usr, _off^_usr, Sm, Hhd, Sm, Wwf, Sm^Fdw, Wwf, Sm, Sm, Sm^Fdw, Wwg^Bw\r, Wwf^Bw\r, Wwf, Sm, _off^_usr, Sm, Wwf, Wwf^Bw/r, Wwg^Bw/r, Sm^Fdw, Sm, Sm, Wwf, Sm^Fdw, Wwf, Sm, Hhd, Sm, _off^_usr, _off^_usr, _off^_usr, _off^_usr, _off^_usr, _off^_usr, _off^_usr, _off^_usr, _off^_usr, _off^_usr, _off^_usr, _off^_usr
_off^_usr, _off^_usr, _off^_usr, _off^_usr, _off^_usr, _off^_usr, _off^_usr, _off^_usr, _off^_usr, _off^_usr, _off^_usr, Sm, Hhd, Sm^Fdw, Sm, Sm, Sm^Fdw, Sm, Sm^Tf, Sm^Fdw, Sm, Sm^Bw|r, Sm^Fdw, Sm^Bw\r, Ias, Ias^Xo, Ias, Sm^Bw/r, Sm^Fdw, Sm^Bw|r, Sm, Sm^Fdw, Sm^Tf, Sm, Sm^Fdw, Sm, Sm, Sm^Fdw, Hhd, Sm, _off^_usr, _off^_usr, _off^_usr, _off^_usr, _off^_usr, _off^_usr, _off^_usr, _off^_usr, _off^_usr, _off^_usr, _off^_usr
_off^_usr, _off^_usr, _off^_usr, _off^_usr, _off^_usr, _off^_usr, _off^_usr, _off^_usr, _off^_usr, _off^_usr, _off^_usr, Sm^Fdw, Sm^Fdw, Sm, Ias, Ias, Ias, Sm^Fdw, Sm^Fdw, Sm, Sm, Sm^Bw|r, Ias, Ias, _off^_usr, _off^_usr, _off^_usr, Ias, Ias, Sm^Bw|r, Sm, Sm, Sm^Fdw, Sm^Fdw, Ias, Ias, Ias, Sm, Sm^Fdw, Sm^Fdw, _off^_usr, _off^_usr, _off^_usr, _off^_usr, _off^_usr, _off^_usr, _off^_usr, _off^_usr, _off^_usr, _off^_usr, _off^_usr
_off^_usr, _off^_usr, _off^_usr, _off^_usr, _off^_usr, _off^_usr, _off^_usr, _off^_usr, _off^_usr, _off^_usr, Rb, Rb^Fdw, Sm^Fdw, Ias, Cer, Cer, Ias, Sm^Fdw, Ias, Ias, Ias, Ias, Ias, Sm, Sm^Fdw, _off^_usr, Sm^Fdw, Sm, Ias, Ias, Ias, Ias, Ias, Sm^Fdw, Ias, Cer, Cer, Ias, Sm^Fdw, Rb^Fdw, Rb, _off^_usr, _off^_usr, _off^_usr, _off^_usr, _off^_usr, _off^_usr, _off^_usr, _off^_usr, _off^_usr, _off^_usr
_off^_usr, _off^_usr, _off^_usr, _off^_usr, _off^_usr, _off^_usr, _off^_usr, _off^_usr, Ias, Ias, Ias, Ias, Ias, Ias, Cer, Ker, Cer, Ias, Sm, Sm, Sm, Ias, Sm, Sm, Sm^Fdw, _off^_usr, Sm^Fdw, Sm, Sm, Ias, Sm, Sm, Sm, Ias, Cer, Ker, Cer, Ias, Ias, Ias, Ias, Ias, Ias, _off^_usr, _off^_usr, _off^_usr, _off^_usr, _off^_usr, _off^_usr, _off^_usr, _off^_usr
_off^_usr, _off^_usr, _off^_usr, _off^_usr, _off^_usr, _off^_usr, _off^_usr, _off^_usr, Sm, Sm, Sm^Fdw, Ias, Sm, Sm^Fdw, Sm, Rb, Sm, Sm, Sm^Fdw, Sm^Fdw, Hhd^Fdw, Sm, Sm^Fdw, Sm^Tf, _off^_usr, _off^_usr, _off^_usr, Sm^Tf, Sm^Fdw, Sm, Hhd^Fdw, Sm^Fdw, Sm^Fdw, Sm, Sm, Rb, Sm, Sm^Fdw, Sm, Ias, Sm^Fdw, Sm, Sm, _off^_usr, _off^_usr, _off^_usr, _off^_usr, _off^_usr, _off^_usr, _off^_usr, _off^_usr
_off^_usr, _off^_usr, _off^_usr, _off^_usr, _off^_usr, _off^_usr, _off^_usr, _off^_usr, _off^_usr, Sm, Sm, Sm^Bw|r, Sm^Fdw, Sm^Fdw, Md, Sm, Wwf, Wwf, Wwf, Hhd, Sm, Sm^Tf, Sm^Fdw, Sm, Sm, _off^_usr, Sm, Sm, Sm^Fdw, Sm^Tf, Sm, Hhd, Wwf, Wwf, Wwf, Sm, Md, Sm^Fdw, Sm^Fdw, Sm^Bw|r, Sm, Sm, _off^_usr, _off^_usr, _off^_usr, _off^_usr, _off^_usr, _off^_usr, _off^_usr, _off^_usr, _off^_usr
_off^_usr, _off^_usr, _off^_usr, _off^_usr, _off^_usr, _off^_usr, _off^_usr, _off^_usr, _off^_usr, Sm, Rb, Rb, Rb^Fdw, Sm^Fdw, Sm^Fdw, Wwf, Wwf, Sm^Es, Sm, Sm, Sm, Sm^Fdw, Rb, Sm^Vu, Sm, _off^_usr, Sm, Sm^Vu, Rb, Sm^Fdw, Sm, Sm, Sm, Sm^Es, Wwf, Wwf, Sm^Fdw, Sm^Fdw, Rb^Fdw, Rb, Rb, Sm, _off^_usr, _off^_usr, _off^_usr, _off^_usr, _off^_usr, _off^_usr, _off^_usr, _off^_usr, _off^_usr
_off^_usr, _off^_usr, _off^_usr, _off^_usr, _off^_usr, _off^_usr, _off^_usr, _off^_usr, Sm, Sm, Sm^Fdw, Rb, Rb, Rb, Rb, Wwf, Wwf, Sm, Sm^Fdw, Sm, Cte^Fdw, Rb, Rb^Fdw, Sm^Fdw, Sm, _off^_usr, Sm, Sm^Fdw, Rb^Fdw, Rb, Cte^Fdw, Sm, Sm^Fdw, Sm, Wwf, Wwf, Rb, Rb, Rb, Rb, Sm^Fdw, Sm, Sm, _off^_usr, _off^_usr, _off^_usr, _off^_usr, _off^_usr, _off^_usr, _off^_usr, _off^_usr
_off^_usr, _off^_usr, _off^_usr, _off^_usr, _off^_usr, _off^_usr, _off^_usr, _off^_usr, Sm, Sm^Fdw, Sm^Tf, Rb, Sm^Fdw, Gll^Fdf, Sm, Rb, Rb, Rb, Rb, Rb, Rb, Rb, Sm^Bw\, Sm^Fdw, Sm, _off^_usr, Sm, Sm^Fdw, Sm^Bw/, Rb, Rb, Rb, Rb, Rb, Rb, Rb, Sm, Gll^Fdf, Sm^Fdw, Rb, Sm^Tf, Sm^Fdw, Sm, _off^_usr, _off^_usr, _off^_usr, _off^_usr, _off^_usr, _off^_usr, _off^_usr, _off^_usr
_off^_usr, _off^_usr, _off^_usr, _off^_usr, _off^_usr, _off^_usr, _off^_usr, _off^_usr, Sm, Sm, Rb^Fdw, Rb^Fdw, Sm^Fdw, Hhd^Fdw, Hhd^Fdw, Rb, Rb, Gd^Fetd, Sm, Sm^Fdw, Sm, Rb, Sm, Sm^Bw\, Rb, _off^_usr, Rb, Sm^Bw/, Sm, Rb, Sm, Sm^Fdw, Sm, Gd^Fetd, Rb, Rb, Hhd^Fdw, Hhd^Fdw, Sm^Fdw, Rb^Fdw, Rb^Fdw, Sm, Sm, _off^_usr, _off^_usr, _off^_usr, _off^_usr, _off^_usr, _off^_usr, _off^_usr, _off^_usr
_off^_usr, _off^_usr, _off^_usr, _off^_usr, _off^_usr, _off^_usr, _off^_usr, Sm, Sm, Sm, Sm, Sm^Fdw, Sm, Sm, Sm, Sm, Cer, Rb, Rb, Sm, Sm, Sm, Sm^Fdw, Hhd, Rb^Fdw, _off^_usr, Rb^Fdw, Hhd, Sm^Fdw, Sm, Sm, Sm, Rb, Rb, Cer, Sm, Sm, Sm, Sm, Sm^Fdw, Sm, Sm, Sm, Sm, _off^_usr, _off^_usr, _off^_usr, _off^_usr, _off^_usr, _off^_usr, _off^_usr
_off^_usr, _off^_usr, _off^_usr, _off^_usr, _off^_usr, _off^_usr, _off^_usr, _off^_usr, _off^_usr, Sm, Sm, Sm, Sm^Tf, Sm^Fdw, Sm, Rb, Rb, Rb, Rb, Rb^Fdw, Sm, Sm^Fdw, Rb, Rb^Fdw, Rb, _off^_usr, Rb, Rb^Fdw, Rb, Sm^Fdw, Sm, Rb^Fdw, Rb, Rb, Rb, Rb, Sm, Sm^Fdw, Sm^Tf, Sm, Sm, Sm, _off^_usr, _off^_usr, _off^_usr, _off^_usr, _off^_usr, _off^_usr, _off^_usr, _off^_usr, _off^_usr
_off^_usr, _off^_usr, _off^_usr, _off^_usr, _off^_usr, _off^_usr, _off^_usr, _off^_usr, _off^_usr, Sm, Rb, Rb^Fdw, Sm, Sm, Sm, Sm^Feth, Rb, Rb, Rb, Rb, Rb, Rb, Rb, _off^_usr, _off^_usr, _off^_usr, _off^_usr, _off^_usr, Rb, Rb, Rb, Rb, Rb, Rb, Rb, Sm^Feth, Sm, Sm, Sm, Rb^Fdw, Rb, Sm, _off^_usr, _off^_usr, _off^_usr, _off^_usr, _off^_usr, _off^_usr, _off^_usr, _off^_usr, _off^_usr
_off^_usr, _off^_usr, _off^_usr, _off^_usr, _off^_usr, _off^_usr, _off^_usr, _off^_usr, Rb^Fdw, Rb^Vu, Sm, Rb, Sm, Wwf, Wwf, Rb, Sm, Sm^Fdw, Sm^Fdw, Rb^Tf, Rb^Fdw, Rb, _off^_usr, _off^_usr, Xoi, Xot^Efs, Xoi, _off^_usr, _off^_usr, Rb, Rb^Fdw, Rb^Tf, Sm^Fdw, Sm^Fdw, Sm, Rb, Wwf, Wwf, Sm, Rb, Sm, Rb^Vu, Rb^Fdw, _off^_usr, _off^_usr, _off^_usr, _off^_usr, _off^_usr, _off^_usr, _off^_usr, _off^_usr
_off^_usr, _off^_usr, _off^_usr, _off^_usr, _off^_usr, _off^_usr, _off^_usr, _off^_usr, Rb^Fdw, Rb^Fdw, Sm^Fdw, Sm, Rb, Wwf, Gd^Fdw, Gll^Fdf, Rb, Hhd^Fdw, Rb, Sm^Fdw, _off^_usr, _off^_usr, Rr^Pr/, Xot^Efs, Qxu, _off^_usr, Qxu, Xot^Efs, Rr^Pr\, _off^_usr, _off^_usr, Sm^Fdw, Rb, Hhd^Fdw, Rb, Gll^Fdf, Gd^Fdw, Wwf, Rb, Sm, Sm^Fdw, Rb^Fdw, Rb^Fdw, _off^_usr, _off^_usr, _off^_usr, _off^_usr, _off^_usr, _off^_usr, _off^_usr, _off^_usr
_off^_usr, _off^_usr, _off^_usr, _off^_usr, _off^_usr, _off^_usr, _off^_usr, _off^_usr, _off^_usr, Sm, Sm, Rb^Fdw, Rb, Rb, Rb, Rb^Fdw, Sm, Gd^Fdw, Sm, _off^_usr, Xot^Efs, Xot^Efs, Qxu^Bp/, Qxu, Qxu, _off^_usr, Qxu, Qxu, Qxu^Bp\, Xot^Efs, Xot^Efs, _off^_usr, Sm, Gd^Fdw, Sm, Rb^Fdw, Rb, Rb, Rb, Rb^Fdw, Sm, Sm, _off^_usr, _off^_usr, _off^_usr, _off^_usr, _off^_usr, _off^_usr, _off^_usr, _off^_usr, _off^_usr
_off^_usr, _off^_usr, _off^_usr, _off^_usr, _off^_usr, _off^_usr, _off^_usr, _off^_usr, _off^_usr, Sm, Sm, Rb, Rb, Sm^Tf, Sm^Fdw, Rb, Rb, Sm, Sm, Xot, Ce, Ce, Qxu, Qxu, Ias, _off^_usr, Ias, Qxu, Qxu, Ce, Ce, Xot, Sm, Sm, Rb, Rb, Sm^Fdw, Sm^Tf, Rb, Rb, Sm, Sm, _off^_usr, _off^_usr, _off^_usr, _off^_usr, _off^_usr, _off^_usr, _off^_usr, _off^_usr, _off^_usr
_off^_usr, _off^_usr, _off^_usr, _off^_usr, _off^_usr, _off^_usr, _off^_usr, _off^_usr, _off^_usr, _off^_usr, Sm, Hhd^Fdw, Sm, Sm, Sm^Fdw, Rb^Fdw, Sm^Bw\, Sm^Bw\, Sm, Xot^Efs, Ce, Qxu, Ias, Ias, Ias, _off^_usr, Ias, Ias, Ias, Qxu, Ce, Xot^Efs, Sm, Sm^Bw/, Sm^Bw/, Rb^Fdw, Sm^Fdw, Sm, Sm, Hhd^Fdw, Sm, _off^_usr, _off^_usr, _off^_usr, _off^_usr, _off^_usr, _off^_usr, _off^_usr, _off^_usr, _off^_usr, _off^_usr
_off^_usr, _off^_usr, _off^_usr, _off^_usr, _off^_usr, _off^_usr, _off^_usr, _off^_usr, _off^_usr, _off^_usr, _off^_usr, Sm, Sm, Sm, Sm, Sm, Rb^Fdw, Rb, Sm, Sm, Ce, Ias, Ias, Ias, Ias, _off^_usr, Ias, Ias, Ias, Ias, Ce, Sm, Sm, Rb, Rb^Fdw, Sm, Sm, Sm, Sm, Sm, _off^_usr, _off^_usr, _off^_usr, _off^_usr, _off^_usr, _off^_usr, _off^_usr, _off^_usr, _off^_usr, _off^_usr, _off^_usr
_off^_usr, _off^_usr, _off^_usr, _off^_usr, _off^_usr, _off^_usr, _off^_usr, _off^_usr, _off^_usr, _off^_usr, _off^_usr, _off^_usr, _off^_usr, Sm, _off^_usr, Sm, Gd^Fdw, Rb, Sm^Bw\r, Sm, Gs, Ce, Ce, Ket, Ce, _off^_usr, Ce, Ket, Ce, Ce, Gs, Sm, Sm^Bw/r, Rb, Gd^Fdw, Sm, _off^_usr, Sm, _off^_usr, _off^_usr, _off^_usr, _off^_usr, _off^_usr, _off^_usr, _off^_usr, _off^_usr, _off^_usr, _off^_usr, _off^_usr, _off^_usr, _off^_usr
_off^_usr, _off^_usr, _off^_usr, _off^_usr, _off^_usr, _off^_usr, _off^_usr, _off^_usr, _off^_usr, _off^_usr, _off^_usr, _off^_usr, _off^_usr, _off^_usr, _off^_usr, _off^_usr, _off^_usr, _off^_usr, Sm, Gd, Gd, Gll^Fdf, Gs, Ce, Gs, _off^_usr, Gs, Ce, Gs, Gll^Fdf, Gd, Gd, Sm, _off^_usr, _off^_usr, _off^_usr, _off^_usr, _off^_usr, _off^_usr, _off^_usr, _off^_usr, _off^_usr, _off^_usr, _off^_usr, _off^_usr, _off^_usr, _off^_usr, _off^_usr, _off^_usr, _off^_usr, _off^_usr
_off^_usr, _off^_usr, _off^_usr, _off^_usr, _off^_usr, _off^_usr, _off^_usr, _off^_usr, _off^_usr, _off^_usr, _off^_usr, _off^_usr, _off^_usr, _off^_usr, Md^Xm, _off^_usr, Hhd, _off^_usr, Mm, Gll^Fdf, Hhd^Fdf, Gd, Gs, Gs, Hhd^Fdf, _off^_usr, Hhd^Fdf, Gs, Gs, Gd, Hhd^Fdf, Gll^Fdf, Mm, _off^_usr, Hhd, _off^_usr, Md^Xm, _off^_usr, _off^_usr, _off^_usr, _off^_usr, _off^_usr, _off^_usr, _off^_usr, _off^_usr, _off^_usr, _off^_usr, _off^_usr, _off^_usr, _off^_usr, _off^_usr
_off^_usr, _off^_usr, _off^_usr, _off^_usr, _off^_usr, _off^_usr, _off^_usr, _off^_usr, _off^_usr, _off^_usr, _off^_usr, _off^_usr, Md^Xm, Md^Xm, Mm, Gll^Fdf, Gll^Fdf, Hhd^Fdf, Mm, Hhd, Gll, Gs, Gs, Gs^Dr, Gll^Fdf, _off^_usr, Gll^Fdf, Gs^Dr, Gs, Gs, Gll, Hhd, Mm, Hhd^Fdf, Gll^Fdf, Gll^Fdf, Mm, Md^Xm, Md^Xm, _off^_usr, _off^_usr, _off^_usr, _off^_usr, _off^_usr, _off^_usr, _off^_usr, _off^_usr, _off^_usr, _off^_usr, _off^_usr, _off^_usr
Qlf, Qlf, Qlf, Qlf, Qlf, Qlf, Qlf, Qlf, Qlf, Qlf, Qlf, Md^Xm, Qlf, Qlf, Qlf, Qlf, Qlf, Qlf, Qlf, Qlf, Qlf, Qlf, Qlf, Qlf, Qlf, _off^_usr, Qlf, Qlf, Qlf, Qlf, Qlf, Qlf, Qlf, Qlf, Qlf, Qlf, Qlf, Qlf, Qlf, Md^Xm, Qlf, Qlf, Qlf, Qlf, Qlf, Qlf, Qlf, Qlf, Qlf, Qlf, Qlf
Qlf, Qlf, Qlf, Qlf, Qlf, Qlf, Qlf, Qlf, Qlf, Qlf, Qlf, Qlf, Qlf, Qlf, Qlf, Qlf, Qlf, Qlf, Qlf, Qlf, Qlf, Qlf, Qlf, Qlf, Qlf, _off^_usr, Qlf, Qlf, Qlf, Qlf, Qlf, Qlf, Qlf, Qlf, Qlf, Qlf, Qlf, Qlf, Qlf, Qlf, Qlf, Qlf, Qlf, Qlf, Qlf, Qlf, Qlf, Qlf, Qlf, Qlf, Qlf
Qlf, Qlf, Qlf, Qlf, Qlf, Qlf, Qlf, Qlf, Qlf, Qlf, Qlf, Qlf, Qlf, Qlf, Qlf, Qlf, Qlf, Qlf, Qlf, Qlf, Qlf, Qlf, Qlf, Qlf, Qlf, _off^_usr, Qlf, Qlf, Qlf, Qlf, Qlf, Qlf, Qlf, Qlf, Qlf, Qlf, Qlf, Qlf, Qlf, Qlf, Qlf, Qlf, Qlf, Qlf, Qlf, Qlf, Qlf, Qlf, Qlf, Qlf, Qlf
