_off^_usr, _off^_usr, _off^_usr, _off^_usr, _off^_usr, _off^_usr, _off^_usr, _off^_usr, _off^_usr, _off^_usr, _off^_usr, _off^_usr, _off^_usr, _off^_usr, _off^_usr, _off^_usr, _off^_usr, _off^_usr, _off^_usr, _off^_usr, _off^_usr, _off^_usr, _off^_usr, _off^_usr, _off^_usr, _off^_usr, _off^_usr, _off^_usr, _off^_usr, _off^_usr, _off^_usr, _off^_usr, _off^_usr, _off^_usr, _off^_usr, _off^_usr, _off^_usr, _off^_usr, _off^_usr, _off^_usr, _off^_usr, _off^_usr, _off^_usr, _off^_usr, _off^_usr, _off^_usr, _off^_usr, _off^_usr, _off^_usr, _off^_usr, _off^_usr
_off^_usr, _off^_usr, _off^_usr, _off^_usr, _off^_usr, _off^_usr, _off^_usr, _off^_usr, _off^_usr, _off^_usr, _off^_usr, _off^_usr, _off^_usr, _off^_usr, _off^_usr, _off^_usr, _off^_usr, _off^_usr, _off^_usr, _off^_usr, _off^_usr, _off^_usr, _off^_usr, _off^_usr, _off^_usr, _off^_usr, _off^_usr, _off^_usr, _off^_usr, _off^_usr, _off^_usr, _off^_usr, _off^_usr, _off^_usr, _off^_usr, _off^_usr, _off^_usr, _off^_usr, _off^_usr, _off^_usr, _off^_usr, _off^_usr, _off^_usr, _off^_usr, _off^_usr, _off^_usr, _off^_usr, _off^_usr, _off^_usr, _off^_usr, _off^_usr
_off^_usr, _off^_usr, _off^_usr, _off^_usr, _off^_usr, _off^_usr, _off^_usr, _off^_usr, _off^_usr, _off^_usr, _off^_usr, _off^_usr, _off^_usr, _off^_usr, _off^_usr, _off^_usr, _off^_usr, _off^_usr, _off^_usr, _off^_usr, _off^_usr, _off^_usr, _off^_usr, _off^_usr, _off^_usr, _off^_usr, _off^_usr, _off^_usr, _off^_usr, _off^_usr, _off^_usr, _off^_usr, _off^_usr, _off^_usr, _off^_usr, _off^_usr, _off^_usr, _off^_usr, _off^_usr, _off^_usr, _off^_usr, _off^_usr, _off^_usr, _off^_usr, _off^_usr, _off^_usr, _off^_usr, _off^_usr, _off^_usr, _off^_usr, _off^_usr
_off^_usr, _off^_usr, _off^_usr, _off^_usr, _off^_usr, _off^_usr, _off^_usr, _off^_usr, _off^_usr, _off^_usr, _off^_usr, _off^_usr, _off^_usr, _off^_usr, _off^_usr, _off^_usr, _off^_usr, _off^_usr, _off^_usr, _off^_usr, _off^_usr, _off^_usr, _off^_usr, _off^_usr, _off^_usr, _off^_usr, _off^_usr, _off^_usr, _off^_usr, _off^_usr, _off^_usr, _off^_usr, _off^_usr, _off^_usr, _off^_usr, _off^_usr, _off^_usr, _off^_usr, _off^_usr, _off^_usr, _off^_usr, _off^_usr, _off^_usr, _off^_usr, _off^_usr, _off^_usr, _off^_usr, _off^_usr, _off^_usr, _off^_usr, _off^_usr
_off^_usr, _off^_usr, _off^_usr, _off^_usr, _off^_usr, _off^_usr, _off^_usr, _off^_usr, _off^_usr, _off^_usr, _off^_usr, _off^_usr, _off^_usr, _off^_usr, _off^_usr, _off^_usr, _off^_usr, _off^_usr, _off^_usr, _off^_usr, _off^_usr, _off^_usr, _off^_usr, _off^_usr, _off^_usr, _off^_usr, _off^_usr, _off^_usr, _off^_usr, _off^_usr, _off^_usr, _off^_usr, _off^_usr, _off^_usr, _off^_usr, _off^_usr, _off^_usr, _off^_usr, _off^_usr, _off^_usr, _off^_usr, _off^_usr, _off^_usr, _off^_usr, _off^_usr, _off^_usr, _off^_usr, _off^_usr, _off^_usr, _off^_usr, _off^_usr
_off^_usr, _off^_usr, _off^_usr, _off^_usr, _off^_usr, _off^_usr, _off^_usr, _off^_usr, _off^_usr, _off^_usr, _off^_usr, _off^_usr, _off^_usr, _off^_usr, _off^_usr, _off^_usr, _off^_usr, _off^_usr, _off^_usr, _off^_usr, _off^_usr, _off^_usr, _off^_usr, _off^_usr, _off^_usr, _off^_usr, _off^_usr, _off^_usr, _off^_usr, _off^_usr, _off^_usr, _off^_usr, _off^_usr, _off^_usr, _off^_usr, _off^_usr, _off^_usr, _off^_usr, _off^_usr, _off^_usr, _off^_usr, _off^_usr, _off^_usr, _off^_usr, _off^_usr, _off^_usr, _off^_usr, _off^_usr, _off^_usr, _off^_usr, _off^_usr
_off^_usr, _off^_usr, _off^_usr, _off^_usr, _off^_usr, _off^_usr, _off^_usr, _off^_usr, _off^_usr, _off^_usr, _off^_usr, _off^_usr, _off^_usr, _off^_usr, _off^_usr, _off^_usr, _off^_usr, _off^_usr, _off^_usr, _off^_usr, _off^_usr, _off^_usr, _off^_usr, _off^_usr, _off^_usr, _off^_usr, _off^_usr, _off^_usr, _off^_usr, _off^_usr, _off^_usr, _off^_usr, _off^_usr, _off^_usr, _off^_usr, _off^_usr, _off^_usr, _off^_usr, _off^_usr, _off^_usr, _off^_usr, _off^_usr, _off^_usr, _off^_usr, _off^_usr, _off^_usr, _off^_usr, _off^_usr, _off^_usr, _off^_usr, _off^_usr
_off^_usr, _off^_usr, _off^_usr, _off^_usr, _off^_usr, _off^_usr, _off^_usr, _off^_usr, _off^_usr, _off^_usr, _off^_usr, _off^_usr, _off^_usr, _off^_usr, _off^_usr, _off^_usr, _off^_usr, _off^_usr, _off^_usr, _off^_usr, _off^_usr, _off^_usr, _off^_usr, _off^_usr, _off^_usr, _off^_usr, _off^_usr, _off^_usr, _off^_usr, _off^_usr, _off^_usr, _off^_usr, _off^_usr, _off^_usr, _off^_usr, _off^_usr, _off^_usr, _off^_usr, _off^_usr, _off^_usr, _off^_usr, _off^_usr, _off^_usr, _off^_usr, _off^_usr, _off^_usr, _off^_usr, _off^_usr, _off^_usr, _off^_usr, _off^_usr
_off^_usr, _off^_usr, _off^_usr, _off^_usr, _off^_usr, _off^_usr, _off^_usr, _off^_usr, _off^_usr, _off^_usr, _off^_usr, _off^_usr, _off^_usr, _off^_usr, _off^_usr, _off^_usr, _off^_usr, _off^_usr, _off^_usr, _off^_usr, _off^_usr, _off^_usr, _off^_usr, _off^_usr, Xoc^Efs, Xoc^Efs, Xoc^Efs, _off^_usr, _off^_usr, _off^_usr, _off^_usr, _off^_usr, _off^_usr, _off^_usr, _off^_usr, _off^_usr, _off^_usr, _off^_usr, _off^_usr, _off^_usr, _off^_usr, _off^_usr, _off^_usr, _off^_usr, _off^_usr, _off^_usr, _off^_usr, _off^_usr, _off^_usr, _off^_usr, _off^_usr
_off^_usr, _off^_usr, _off^_usr, _off^_usr, _off^_usr, _off^_usr, _off^_usr, _off^_usr, _off^_usr, _off^_usr, _off^_usr, _off^_usr, _off^_usr, _off^_usr, _off^_usr, _off^_usr, _off^_usr, _off^_usr, _off^_usr, _off^_usr, _off^_usr, _off^_usr, _off^_usr, Xoc, Urc, Urc, Urc, Xoc, _off^_usr, _off^_usr, _off^_usr, _off^_usr, _off^_usr, _off^_usr, _off^_usr, _off^_usr, _off^_usr, _off^_usr, _off^_usr, _off^_usr, _off^_usr, _off^_usr, _off^_usr, _off^_usr, _off^_usr, _off^_usr, _off^_usr, _off^_usr, _off^_usr, _off^_usr, _off^_usr
_off^_usr, _off^_usr, _off^_usr, _off^_usr, _off^_usr, _off^_usr, _off^_usr, _off^_usr, _off^_usr, _off^_usr, _off^_usr, _off^_usr, _off^_usr, _off^_usr, _off^_usr, _off^_usr, _off^_usr, _off^_usr, _off^_usr, _off^_usr, _off^_usr, _off^_usr, Xoc, Xoc^Efs, Urc, Cud, Urc, Xoc^Efs, Xoc, _off^_usr, _off^_usr, _off^_usr, _off^_usr, _off^_usr, _off^_usr, _off^_usr, _off^_usr, _off^_usr, _off^_usr, _off^_usr, _off^_usr, _off^_usr, _off^_usr, _off^_usr, _off^_usr, _off^_usr, _off^_usr, _off^_usr, _off^_usr, _off^_usr, _off^_usr
_off^_usr, _off^_usr, _off^_usr, _off^_usr, _off^_usr, _off^_usr, _off^_usr, _off^_usr, _off^_usr, _off^_usr, _off^_usr, _off^_usr, _off^_usr, _off^_usr, _off^_usr, _off^_usr, _off^_usr, _off^_usr, _off^_usr, _off^_usr, Xoc, Xoc^Efs, Urc, Urc, Urc, Urc, Urc, Urc, Urc, Xoc^Efs, Xoc, _off^_usr, _off^_usr, _off^_usr, _off^_usr, _off^_usr, _off^_usr, _off^_usr, _off^_usr, _off^_usr, _off^_usr, _off^_usr, _off^_usr, _off^_usr, _off^_usr, _off^_usr, _off^_usr, _off^_usr, _off^_usr, _off^_usr, _off^_usr
_off^_usr, _off^_usr, _off^_usr, _off^_usr, _off^_usr, _off^_usr, _off^_usr, _off^_usr, _off^_usr, _off^_usr, _off^_usr, _off^_usr, _off^_usr, _off^_usr, _off^_usr, _off^_usr, _off^_usr, _off^_usr, Xoc, Xoc^Efs, Qxua, Urc, Urc, Urb^Ebn, Urc, Urc, Urc, Urb^Ebn, Urc, Urc, Qxua, Xoc^Efs, Xoc, _off^_usr, _off^_usr, _off^_usr, _off^_usr, _off^_usr, _off^_usr, _off^_usr, _off^_usr, _off^_usr, _off^_usr, _off^_usr, _off^_usr, _off^_usr, _off^_usr, _off^_usr, _off^_usr, _off^_usr, _off^_usr
_off^_usr, _off^_usr, _off^_usr, _off^_usr, _off^_usr, _off^_usr, _off^_usr, _off^_usr, _off^_usr, _off^_usr, _off^_usr, _off^_usr, _off^_usr, _off^_usr, _off^_usr, _off^_usr, Xoc, Xoc^Efs, Qxua, Qxua, Qxua, Qxua, Urb^Efs, Urb, Urb, Urc, Urb, Urb, Urb^Efs, Qxua, Qxua, Qxua, Qxua, Xoc^Efs, Xos, _off^_usr, _off^_usr, _off^_usr, _off^_usr, _off^_usr, _off^_usr, _off^_usr, _off^_usr, _off^_usr, _off^_usr, _off^_usr, _off^_usr, _off^_usr, _off^_usr, _off^_usr, _off^_usr
_off^_usr, _off^_usr, _off^_usr, _off^_usr, _off^_usr, _off^_usr, _off^_usr, _off^_usr, _off^_usr, _off^_usr, _off^_usr, _off^_usr, _off^_usr, _off^_usr, _off^_usr, _off^_usr, Xos, Qxua, Qxua, Qxua, Qxua, Qxua, Urb, Urb, Urb, Urb, Urb, Urb, Urb, Qxua, Qxua, Qxua, Qxua, Qxua, Xos, _off^_usr, _off^_usr, _off^_usr, _off^_usr, _off^_usr, _off^_usr, _off^_usr, _off^_usr, _off^_usr, _off^_usr, _off^_usr, _off^_usr, _off^_usr, _off^_usr, _off^_usr, _off^_usr
_off^_usr, _off^_usr, _off^_usr, _off^_usr, _off^_usr, _off^_usr, _off^_usr, _off^_usr, _off^_usr, _off^_usr, _off^_usr, _off^_usr, _off^_usr, _off^_usr, _off^_usr, _off^_usr, Xos, Qxua, Urb, Qxua, Urb^Efs, Urb^Efs, Urb, Urb, Qxua^Efs, Qxua, Qxua^Efs, Urb, Urb, Urb^Efs, Urb^Efs, Qxua, Urb, Qxua, Xos, _off^_usr, _off^_usr, _off^_usr, _off^_usr, _off^_usr, _off^_usr, _off^_usr, _off^_usr, _off^_usr, _off^_usr, _off^_usr, _off^_usr, _off^_usr, _off^_usr, _off^_usr, _off^_usr
_off^_usr, _off^_usr, _off^_usr, _off^_usr, _off^_usr, _off^_usr, _off^_usr, _off^_usr, _off^_usr, _off^_usr, _off^_usr, _off^_usr, _off^_usr, _off^_usr, _off^_usr, _off^_usr, Xos, Qxua, Urb, Urb, Urb, Urb, Qxua^Efs, Qxua^Efs, Qxua, Qxua, Qxua, Qxua^Efs, Qxua^Efs, Urb, Urb, Urb, Urb, Qxua, Xos, _off^_usr, _off^_usr, _off^_usr, _off^_usr, _off^_usr, _off^_usr, _off^_usr, _off^_usr, _off^_usr, _off^_usr, _off^_usr, _off^_usr, _off^_usr, _off^_usr, _off^_usr, _off^_usr
_off^_usr, _off^_usr, _off^_usr, _off^_usr, _off^_usr, _off^_usr, _off^_usr, _off^_usr, _off^_usr, _off^_usr, _off^_usr, _off^_usr, _off^_usr, _off^_usr, _off^_usr, _off^_usr, Xos, Qxua, Urb, Urb, Urb, Urb, Urb, Qxua, Urb^Vd, _off^_usr, Urb^Vd, Qxua, Urb, Urb, Urb, Urb, Urb, Qxua, Xos, _off^_usr, _off^_usr, _off^_usr, _off^_usr, _off^_usr, _off^_usr, _off^_usr, _off^_usr, _off^_usr, _off^_usr, _off^_usr, _off^_usr, _off^_usr, _off^_usr, _off^_usr, _off^_usr
_off^_usr, _off^_usr, _off^_usr, _off^_usr, _off^_usr, _off^_usr, _off^_usr, _off^_usr, _off^_usr, _off^_usr, _off^_usr, _off^_usr, _off^_usr, _off^_usr, _off^_usr, _off^_usr, Xos, Qxua, Qxua, Urb, Urb, Urb, Urb, Urb, Qxua, _off^_usr, Qxua, Urb, Urb, Urb, Urb, Urb, Qxua, Qxua, Xos, _off^_usr, _off^_usr, _off^_usr, _off^_usr, _off^_usr, _off^_usr, _off^_usr, _off^_usr, _off^_usr, _off^_usr, _off^_usr, _off^_usr, _off^_usr, _off^_usr, _off^_usr, _off^_usr
_off^_usr, _off^_usr, _off^_usr, _off^_usr, _off^_usr, _off^_usr, _off^_usr, _off^_usr, _off^_usr, _off^_usr, _off^_usr, _off^_usr, _off^_usr, _off^_usr, _off^_usr, _off^_usr, Xos, Qxua, Qxua, Urb, Urb, Urb, Urb, Qxua, Qxua, _off^_usr, Qxua, Qxua, Urb, Urb, Urb, Urb, Qxua, Qxua, Xos, _off^_usr, _off^_usr, _off^_usr, _off^_usr, _off^_usr, _off^_usr, _off^_usr, _off^_usr, _off^_usr, _off^_usr, _off^_usr, _off^_usr, _off^_usr, _off^_usr, _off^_usr, _off^_usr
_off^_usr, _off^_usr, _off^_usr, _off^_usr, _off^_usr, _off^_usr, _off^_usr, _off^_usr, _off^_usr, _off^_usr, _off^_usr, _off^_usr, _off^_usr, _off^_usr, _off^_usr, _off^_usr, Xoc, Qxua, Qxua, Qxua, Qxua, Urb, Chr, Urb, Qxua, _off^_usr, Qxua, Urb, Chr, Urb, Qxua, Qxua, Qxua, Qxua, Xoc, _off^_usr, _off^_usr, _off^_usr, _off^_usr, _off^_usr, _off^_usr, _off^_usr, _off^_usr, _off^_usr, _off^_usr, _off^_usr, _off^_usr, _off^_usr, _off^_usr, _off^_usr, _off^_usr
_off^_usr, _off^_usr, _off^_usr, _off^_usr, _off^_usr, _off^_usr, _off^_usr, _off^_usr, _off^_usr, _off^_usr, _off^_usr, _off^_usr, _off^_usr, _off^_usr, _off^_usr, _off^_usr, _off^_usr, Xoc, Xoc, Qxua, Urb, Urb, Urb, Urb, Qxua, _off^_usr, Qxua, Urb, Urb, Urb, Urb, Qxua, Xoc, Xoc, _off^_usr, _off^_usr, _off^_usr, _off^_usr, _off^_usr, _off^_usr, _off^_usr, _off^_usr, _off^_usr, _off^_usr, _off^_usr, _off^_usr, _off^_usr, _off^_usr, _off^_usr, _off^_usr, _off^_usr
_off^_usr, _off^_usr, _off^_usr, _off^_usr, _off^_usr, _off^_usr, _off^_usr, _off^_usr, _off^_usr, _off^_usr, _off^_usr, _off^_usr, _off^_usr, _off^_usr, _off^_usr, _off^_usr, _off^_usr, _off^_usr, Xoi, Urb, Urb, Urb, Urb, Urb, Qxua, _off^_usr, Qxua, Urb, Urb, Urb, Urb, Urb, Xoi, _off^_usr, _off^_usr, _off^_usr, _off^_usr, _off^_usr, _off^_usr, _off^_usr, _off^_usr, _off^_usr, _off^_usr, _off^_usr, _off^_usr, _off^_usr, _off^_usr, _off^_usr, _off^_usr, _off^_usr, _off^_usr
_off^_usr, _off^_usr, _off^_usr, _off^_usr, _off^_usr, _off^_usr, _off^_usr, _off^_usr, _off^_usr, _off^_usr, _off^_usr, _off^_usr, _off^_usr, _off^_usr, _off^_usr, _off^_usr, Xoi, Xoi, Ur, Chr, Chr, Urb, Urb, Urb, Qxua, _off^_usr, Qxua, Urb, Urb, Urb, Chr, Chr, Ur, Xoi, Xoi, _off^_usr, _off^_usr, _off^_usr, _off^_usr, _off^_usr, _off^_usr, _off^_usr, _off^_usr, _off^_usr, _off^_usr, _off^_usr, _off^_usr, _off^_usr, _off^_usr, _off^_usr, _off^_usr
_off^_usr, _off^_usr, _off^_usr, _off^_usr, _off^_usr, _off^_usr, _off^_usr, _off^_usr, _off^_usr, _off^_usr, _off^_usr, _off^_usr, _off^_usr, _off^_usr, Xoi, Xoi, Iwr, Iwo, Ur, Khr, Chr, Urb, Urb, Urb, Urb, _off^_usr, Urb, Urb, Urb, Urb, Chr, Khr, Ur, Iwo, Iwr, Xoi, Xoi, _off^_usr, _off^_usr, _off^_usr, _off^_usr, _off^_usr, _off^_usr, _off^_usr, _off^_usr, _off^_usr, _off^_usr, _off^_usr, _off^_usr, _off^_usr, _off^_usr
_off^_usr, _off^_usr, _off^_usr, _off^_usr, _off^_usr, _off^_usr, _off^_usr, _off^_usr, _off^_usr, _off^_usr, _off^_usr, _off^_usr, _off^_usr, Xoi, Iwr, Iwr, Iwr, Iwo, Ur, Chr, Chr, Chr, Urb, Urb, Urb, _off^_usr, Urb, Urb, Urb, Chr, Chr, Chr, Ur, Iwo, Iwr, Iwr, Iwr, Xoi, _off^_usr, _off^_usr, _off^_usr, _off^_usr, _off^_usr, _off^_usr, _off^_usr, _off^_usr, _off^_usr, _off^_usr, _off^_usr, _off^_usr, _off^_usr
_off^_usr, _off^_usr, _off^_usr, _off^_usr, _off^_usr, _off^_usr, _off^_usr, _off^_usr, _off^_usr, _off^_usr, _off^_usr, _off^_usr, _off^_usr, Xoi, Iwr, Iwr, Xoi, Xoi, Iwo, Ur, Ur, Chr, Ur, Urb, Ur, _off^_usr, Ur, Urb, Ur, Chr, Ur, Ur, Iwo, Xoi, Xoi, Iwr, Iwr, Xoi, _off^_usr, _off^_usr, _off^_usr, _off^_usr, _off^_usr, _off^_usr, _off^_usr, _off^_usr, _off^_usr, _off^_usr, _off^_usr, _off^_usr, _off^_usr
_off^_usr, _off^_usr, _off^_usr, _off^_usr, _off^_usr, _off^_usr, _off^_usr, _off^_usr, _off^_usr, _off^_usr, _off^_usr, _off^_usr, _off^_usr, Xoi, Iwr, Iwr, Xoi, Iwr, Xoi, Xoi, Iwo, Ur, Xoi, Ur, Ur, _off^_usr, Ur, Ur, Xoi, Ur, Iwo, Xoi, Xoi, Iwr, Xoi, Iwr, Iwr, Xoi, _off^_usr, _off^_usr, _off^_usr, _off^_usr, _off^_usr, _off^_usr, _off^_usr, _off^_usr, _off^_usr, _off^_usr, _off^_usr, _off^_usr, _off^_usr
_off^_usr, _off^_usr, _off^_usr, _off^_usr, _off^_usr, _off^_usr, _off^_usr, _off^_usr, _off^_usr, _off^_usr, _off^_usr, _off^_usr, _off^_usr, Xoi, Xoi, Iwr, Iwr, Iwr, Xoi, Iwr, Iwr, Xoi, Iwo, Iwo, Iwo, Xoi, Iwo, Iwo, Iwo, Xoi, Iwr, Iwr, Xoi, Iwr, Iwr, Iwr, Xoi, Xoi, _off^_usr, _off^_usr, _off^_usr, _off^_usr, _off^_usr, _off^_usr, _off^_usr, _off^_usr, _off^_usr, _off^_usr, _off^_usr, _off^_usr, _off^_usr
_off^_usr, _off^_usr, _off^_usr, _off^_usr, _off^_usr, _off^_usr, _off^_usr, _off^_usr, _off^_usr, _off^_usr, _off^_usr, _off^_usr, _off^_usr, _off^_usr, _off^_usr, Xoi, Xoi, Iwr, Iwr, Xoi^Efs, Iwr, Xoi, Xoi^Efs, Iwr, Iwr, Xoi, Iwr, Iwr, Xoi^Efs, Xoi, Iwr, Xoi^Efs, Iwr, Iwr, Xoi, Xoi, _off^_usr, _off^_usr, _off^_usr, _off^_usr, _off^_usr, _off^_usr, _off^_usr, _off^_usr, _off^_usr, _off^_usr, _off^_usr, _off^_usr, _off^_usr, _off^_usr, _off^_usr
_off^_usr, _off^_usr, _off^_usr, _off^_usr, _off^_usr, _off^_usr, _off^_usr, _off^_usr, _off^_usr, _off^_usr, _off^_usr, _off^_usr, _off^_usr, _off^_usr, _off^_usr, _off^_usr, _off^_usr, Xoi, Xoi, Iwr, Iwr, Iwr, Iwr, Iwr, Xoi^Efs, Xoi, Xoi^Efs, Iwr, Iwr, Iwr, Iwr, Iwr, Xoi, Xoi, _off^_usr, _off^_usr, _off^_usr, _off^_usr, _off^_usr, _off^_usr, _off^_usr, _off^_usr, _off^_usr, _off^_usr, _off^_usr, _off^_usr, _off^_usr, _off^_usr, _off^_usr, _off^_usr, _off^_usr
_off^_usr, _off^_usr, _off^_usr, _off^_usr, _off^_usr, _off^_usr, _off^_usr, _off^_usr, _off^_usr, _off^_usr, _off^_usr, _off^_usr, _off^_usr, _off^_usr, _off^_usr, _off^_usr, _off^_usr, _off^_usr, Xoi, Iwr, Iwr, Iwr, Iwr, Iwr, Iwr, Xoi, Iwr, Iwr, Iwr, Iwr, Iwr, Iwr, Xoi, _off^_usr, _off^_usr, _off^_usr, _off^_usr, _off^_usr, _off^_usr, _off^_usr, _off^_usr, _off^_usr, _off^_usr, _off^_usr, _off^_usr, _off^_usr, _off^_usr, _off^_usr, _off^_usr, _off^_usr, _off^_usr
_off^_usr, _off^_usr, _off^_usr, _off^_usr, _off^_usr, _off^_usr, _off^_usr, _off^_usr, _off^_usr, _off^_usr, _off^_usr, _off^_usr, _off^_usr, _off^_usr, _off^_usr, _off^_usr, Xoi, Xoi, Iwr, Iwr, Iwr, Iwr, Xoi, Xoi, Iwr, Xoi, Iwr, Xoi, Xoi, Iwr, Iwr, Iwr, Iwr, Xoi, Xoi, _off^_usr, _off^_usr, _off^_usr, _off^_usr, _off^_usr, _off^_usr, _off^_usr, _off^_usr, _off^_usr, _off^_usr, _off^_usr, _off^_usr, _off^_usr, _off^_usr, _off^_usr, _off^_usr
_off^_usr, _off^_usr, _off^_usr, _off^_usr, _off^_usr, _off^_usr, _off^_usr, _off^_usr, _off^_usr, _off^_usr, _off^_usr, _off^_usr, _off^_usr, _off^_usr, Xoi, Xoi, Iwr, Xoi, Xoi^Efs, Iwr, Iwr, Iwr, Xoi, Iwr, Iwr, Xoi, Iwr, Iwr, Xoi, Iwr, Iwr, Iwr, Xoi^Efs, Xoi, Iwr, Xoi, Xoi, _off^_usr, _off^_usr, _off^_usr, _off^_usr, _off^_usr, _off^_usr, _off^_usr, _off^_usr, _off^_usr, _off^_usr, _off^_usr, _off^_usr, _off^_usr, _off^_usr
_off^_usr, _off^_usr, _off^_usr, _off^_usr, _off^_usr, _off^_usr, _off^_usr, _off^_usr, _off^_usr, _off^_usr, _off^_usr, _off^_usr, Xoi, Xoi, Xoi, Iwr, Rr^Vd, Iwr, Iwr, Iwr, Iwr, Xoi, Xoi^Efs, Xoi, Iwr, Xoi, Iwr, Xoi, Xoi^Efs, Xoi, Iwr, Iwr, Iwr, Iwr, Rr^Vd, Iwr, Xoi, Xoi, Xoi, _off^_usr, _off^_usr, _off^_usr, _off^_usr, _off^_usr, _off^_usr, _off^_usr, _off^_usr, _off^_usr, _off^_usr, _off^_usr, _off^_usr
_off^_usr, _off^_usr, _off^_usr, _off^_usr, _off^_usr, _off^_usr, _off^_usr, _off^_usr, _off^_usr, _off^_usr, _off^_usr, Xoi, Iwr, Iwr, Iwr, Xoi^Efs, Iwr, Iwr, Iwr, Iwr, Xoi, Iwr, Iwr, Iwr, Iwr, Xoi, Iwr, Iwr, Iwr, Iwr, Xoi, Iwr, Iwr, Iwr, Iwr, Xoi^Efs, Iwr, Iwr, Iwr, Xoi, _off^_usr, _off^_usr, _off^_usr, _off^_usr, _off^_usr, _off^_usr, _off^_usr, _off^_usr, _off^_usr, _off^_usr, _off^_usr
_off^_usr, _off^_usr, _off^_usr, _off^_usr, _off^_usr, _off^_usr, _off^_usr, _off^_usr, _off^_usr, _off^_usr, _off^_usr, Xoi, Iwr, Iwr, Iwr, Iwr, Iwr, Iwr, Xoi, Iwr, Xoi, Xoi, Iwr, Iwr, Iwr, _off^_usr, Iwr, Iwr, Iwr, Xoi, Xoi, Iwr, Xoi, Iwr, Iwr, Iwr, Iwr, Iwr, Iwr, Xoi, _off^_usr, _off^_usr, _off^_usr, _off^_usr, _off^_usr, _off^_usr, _off^_usr, _off^_usr, _off^_usr, _off^_usr, _off^_usr
_off^_usr, _off^_usr, _off^_usr, _off^_usr, _off^_usr, _off^_usr, _off^_usr, _off^_usr, _off^_usr, _off^_usr, _off^_usr, Xoi, Iwr, Iwr, Iwr, Iwr, Iwr, Iwr, Iwr, Xoi^Efs, Iwr, Xoi^Efs, Iwr, Xoi, Iwr, _off^_usr, Iwr, Xoi, Iwr, Xoi^Efs, Iwr, Xoi^Efs, Iwr, Iwr, Iwr, Iwr, Iwr, Iwr, Iwr, Xoi, _off^_usr, _off^_usr, _off^_usr, _off^_usr, _off^_usr, _off^_usr, _off^_usr, _off^_usr, _off^_usr, _off^_usr, _off^_usr
_off^_usr, _off^_usr, _off^_usr, _off^_usr, _off^_usr, _off^_usr, _off^_usr, _off^_usr, _off^_usr, _off^_usr, _off^_usr, Xoi, Iwr, Iwr, Iwr, Iwr, Iwr, Iwr, Iwr, Iwr, Iwr, Iwr, Iwr, Xoi, Xoi, Xoi, Xoi, Xoi, Iwr, Iwr, Iwr, Iwr, Iwr, Iwr, Iwr, Iwr, Iwr, Iwr, Iwr, Xoi, _off^_usr, _off^_usr, _off^_usr, _off^_usr, _off^_usr, _off^_usr, _off^_usr, _off^_usr, _off^_usr, _off^_usr, _off^_usr
_off^_usr, _off^_usr, _off^_usr, _off^_usr, _off^_usr, _off^_usr, _off^_usr, _off^_usr, _off^_usr, _off^_usr, _off^_usr, Xoi, Iwr, Iwr, Iwr, Iwr, Iwr, Iwr, Iwr, Iwr, Iwr, Iwr, Xoi, Xoi, _off^_usr, _off^_usr, _off^_usr, Xoi, Xoi, Iwr, Iwr, Iwr, Iwr, Iwr, Iwr, Iwr, Iwr, Iwr, Iwr, Xoi, _off^_usr, _off^_usr, _off^_usr, _off^_usr, _off^_usr, _off^_usr, _off^_usr, _off^_usr, _off^_usr, _off^_usr, _off^_usr
_off^_usr, _off^_usr, _off^_usr, _off^_usr, _off^_usr, _off^_usr, _off^_usr, _off^_usr, _off^_usr, _off^_usr, _off^_usr, Xoi, Iwr, Iwr, Iwr, Iwr, Iwr, Iwr, Iwr, Iwr, Xoi, Xoi, _off^_usr, _off^_usr, _off^_usr, _off^_usr, _off^_usr, _off^_usr, _off^_usr, Xoi, Xoi, Iwr, Iwr, Iwr, Iwr, Iwr, Iwr, Iwr, Iwr, Xoi, _off^_usr, _off^_usr, _off^_usr, _off^_usr, _off^_usr, _off^_usr, _off^_usr, _off^_usr, _off^_usr, _off^_usr, _off^_usr
_off^_usr, _off^_usr, _off^_usr, _off^_usr, _off^_usr, _off^_usr, _off^_usr, _off^_usr, _off^_usr, _off^_usr, _off^_usr, Xoi, Iwr, Iwr, Iwr, Iwr, Iwr, Iwr, Iwr, Xoi, _off^_usr, _off^_usr, _off^_usr, _off^_usr, _off^_usr, _off^_usr, _off^_usr, _off^_usr, _off^_usr, _off^_usr, _off^_usr, Xoi, Iwr, Iwr, Iwr, Iwr, Iwr, Iwr, Iwr, Xoi, _off^_usr, _off^_usr, _off^_usr, _off^_usr, _off^_usr, _off^_usr, _off^_usr, _off^_usr, _off^_usr, _off^_usr, _off^_usr
_off^_usr, _off^_usr, _off^_usr, _off^_usr, _off^_usr, _off^_usr, _off^_usr, _off^_usr, _off^_usr, _off^_usr, _off^_usr, Xoi, Xoi, Iwr, Iwr, Iwr, Iwr, Iwr, Xoi, Xoi, _off^_usr, _off^_usr, _off^_usr, _off^_usr, _off^_usr, _off^_usr, _off^_usr, _off^_usr, _off^_usr, _off^_usr, _off^_usr, Xoi, Xoi, Iwr, Iwr, Iwr, Iwr, Iwr, Xoi, Xoi, _off^_usr, _off^_usr, _off^_usr, _off^_usr, _off^_usr, _off^_usr, _off^_usr, _off^_usr, _off^_usr, _off^_usr, _off^_usr
_off^_usr, _off^_usr, _off^_usr, _off^_usr, _off^_usr, _off^_usr, _off^_usr, _off^_usr, _off^_usr, _off^_usr, _off^_usr, _off^_usr, _off^_usr, Xoi, Iwr, Ch, Iwr, Xoi, _off^_usr, _off^_usr, _off^_usr, _off^_usr, _off^_usr, _off^_usr, _off^_usr, _off^_usr, _off^_usr, _off^_usr, _off^_usr, _off^_usr, _off^_usr, _off^_usr, _off^_usr, Xoi, Iwr, Ch, Iwr, Xoi, _off^_usr, _off^_usr, _off^_usr, _off^_usr, _off^_usr, _off^_usr, _off^_usr, _off^_usr, _off^_usr, _off^_usr, _off^_usr, _off^_usr, _off^_usr
_off^_usr, _off^_usr, _off^_usr, _off^_usr, _off^_usr, _off^_usr, Mm^Xm, _off^_usr, _off^_usr, _off^_usr, _off^_usr, _off^_usr, _off^_usr, Xoi^Efs, Rrc, Iwr, Rrc, Xoi^Efs, Mm^Xm, _off^_usr, _off^_usr, _off^_usr, _off^_usr, _off^_usr, _off^_usr, _off^_usr, _off^_usr, _off^_usr, _off^_usr, _off^_usr, _off^_usr, _off^_usr, Mm^Xm, Xoi^Efs, Rrc, Iwr, Rrc, Xoi^Efs, _off^_usr, _off^_usr, _off^_usr, _off^_usr, _off^_usr, _off^_usr, _off^_usr, _off^_usr, _off^_usr, _off^_usr, _off^_usr, _off^_usr, _off^_usr
_off^_usr, _off^_usr, _off^_usr, _off^_usr, _off^_usr, _off^_usr, Hh^Fms, Mm^Xm, Mm^Xm, Mm^Xm, Mm^Xm, _off^_usr, Mm^Xm, Rrc, Rrc, Rrc, Rrc, Rrc, Md, Mm^Xm, Mm^Xm, Mm^Xm, Mm^Xm, _off^_usr, _off^_usr, _off^_usr, _off^_usr, _off^_usr, Mm^Xm, Mm^Xm, Mm^Xm, Mm^Xm, Md, Rrc, Rrc, Rrc, Rrc, Rrc, Mm^Xm, _off^_usr, Mm^Xm, Mm^Xm, Mm^Xm, Mm^Xm, Mm^Xm, _off^_usr, _off^_usr, _off^_usr, _off^_usr, _off^_usr, _off^_usr
_off^_usr, _off^_usr, _off^_usr, _off^_usr, _off^_usr, _off^_usr, Hh, Md, Md, Md, Hh^Fms, Mm^Xm, Md, Md, Hh, Rrc, Hh, Hh, Hh, Hh, Hh, Md, Hh^Fms, Mm^Xm, Mm^Xm, _off^_usr, Mm^Xm, Mm^Xm, Hh^Fms, Md, Hh, Hh, Hh, Hh, Hh, Rrc, Hh, Md, Md, Mm^Xm, Hh^Fms, Md, Md, Md, Hh^Fms, _off^_usr, _off^_usr, _off^_usr, _off^_usr, _off^_usr, _off^_usr
_off^_usr, _off^_usr, _off^_usr, _off^_usr, _off^_usr, _off^_usr, Gs^Fms, Hh, Hh, Hh^Fms, Gs^Fms, Hh, Hh, Hh, Ch, Rrc, Ch, Gs^Fms, Gs^Fms, Gs^Fms, Ch, Hh, Hh, Md, Md, _off^_usr, Md, Md, Hh, Hh, Ch, Gs^Fms, Gs^Fms, Gs^Fms, Ch, Rrc, Ch, Hh, Hh, Hh^Fms, Gs^Fms, Hh, Hh, Hh, Gs^Fms, _off^_usr, _off^_usr, _off^_usr, _off^_usr, _off^_usr, _off^_usr
_off^_usr, _off^_usr, _off^_usr, _off^_usr, _off^_usr, _off^_usr, Gs^Fms, Gs^Fms, Gg, Gg, Gg, Gg, Ch, Ch, Rrc, Rrc, Rr, Ch, Ch, Ch, Rrc, Ch, Ch, Hh, Hh, _off^_usr, Hh, Hh, Ch, Ch, Rrc, Ch, Ch, Ch, Rr, Rrc, Rrc, Ch, Ch, Gg, Gg, Gg, Gg, Gs^Fms, Gs^Fms, _off^_usr, _off^_usr, _off^_usr, _off^_usr, _off^_usr, _off^_usr
_off^_usr, _off^_usr, _off^_usr, _off^_usr, _off^_usr, _off^_usr, Gg, Gg, Gg, Gg, Ch, Ch, Rrc, Rrc, Ch, Rr, Rr^Vhc, Rr, Rr, Rrc, Rr^Vhc, Rrc, Rrc, Ch, Hh, _off^_usr, Hh, Ch, Rrc, Rrc, Rr^Vhc, Rrc, Rr, Rr, Rr^Vhc, Rr, Ch, Rrc, Rrc, Ch, Ch, Gg, Gg, Gg, Gg, _off^_usr, _off^_usr, _off^_usr, _off^_usr, _off^_usr, _off^_usr
_off^_usr, _off^_usr, _off^_usr, _off^_usr, _off^_usr, Wwg, Gg, Gg, Wwg, Ch, Rr, Rrc, Rrc^Fet, Rr^Vhc, Ch, Ch, Ch, Rr^Vhc, Rr^Vhc, Rr, Rr, Rr, Rrc, Ch, Gg, _off^_usr, Gg, Ch, Rrc, Rr, Rr, Rr, Rr^Vhc, Rr^Vhc, Ch, Ch, Ch, Rr^Vhc, Rrc^Fet, Rrc, Rr, Ch, Wwg, Gg, Gg, Wwg, _off^_usr, _off^_usr, _off^_usr, _off^_usr, _off^_usr
_off^_usr, _off^_usr, _off^_usr, _off^_usr, _off^_usr, Wwg, Wwg, Wwg, Wwg, Ch, Rrc, Rr^Vhc, Rr, Ch, Ch, Kh, Ch, Ch, Ch, Rr, Rr^Vhc, Rrc, Ch, Ch, Gg, _off^_usr, Gg, Ch, Ch, Rrc, Rr^Vhc, Rr, Ch, Ch, Ch, Kh, Ch, Ch, Rr, Rr^Vhc, Rrc, Ch, Wwg, Wwg, Wwg, Wwg, _off^_usr, _off^_usr, _off^_usr, _off^_usr, _off^_usr
_off^_usr, _off^_usr, _off^_usr, _off^_usr, _off^_usr, Wwg, Wwg, Wwg, Wwg, Ch, Ch, Rrc, Rr, Rr^Vhc, Ch, Ch, Ch, Rr^Vhc, Rrc, Rrc, Rr, Rrc, Ch, Gs^Fds, Gs^Fds, _off^_usr, Gs^Fds, Gs^Fds, Ch, Rrc, Rr, Rrc, Rrc, Rr^Vhc, Ch, Ch, Ch, Rr^Vhc, Rr, Rrc, Ch, Ch, Wwg, Wwg, Wwg, Wwg, _off^_usr, _off^_usr, _off^_usr, _off^_usr, _off^_usr
_off^_usr, _off^_usr, _off^_usr, _off^_usr, _off^_usr, Wwg, Wwg, Wwg, Wwg^Bw/, Wwg^Bw/, Wwg, Ch, Rrc, Rr^Vhc, Rrc, Rrc, Rrc, Rrc, Rr, Rr^Vhc, Rr, Rrc, Ch, Gs^Fds, Gs^Fds, _off^_usr, Gs^Fds, Gs^Fds, Ch, Rrc, Rr, Rr^Vhc, Rr, Rrc, Rrc, Rrc, Rrc, Rr^Vhc, Rrc, Ch, Wwg, Wwg^Bw\, Wwg^Bw\, Wwg, Wwg, Wwg, _off^_usr, _off^_usr, _off^_usr, _off^_usr, _off^_usr
_off^_usr, _off^_usr, _off^_usr, _off^_usr, _off^_usr, Wwg, Wwg, Wwg^Bw/, Wwg, Wwg, Wwg, Ch, Ch, Rrc, Ch, Rrc, Rrc, Rr, Ch, Rr, Ch, Rr^Vhc, Ch, Gs^Fds, Gs^Fds, _off^_usr, Gs^Fds, Gs^Fds, Ch, Rr^Vhc, Ch, Rr, Ch, Rr, Rrc, Rrc, Ch, Rrc, Ch, Ch, Wwg, Wwg, Wwg, Wwg^Bw\, Wwg, Wwg, _off^_usr, _off^_usr, _off^_usr, _off^_usr, _off^_usr
_off^_usr, _off^_usr, _off^_usr, _off^_usr, _off^_usr, Wwg, Wwg, Wwg, Wwg, Wwg, Wwg, Wwg, Gg, Ch, Gg, Ch, Rrc, Ch, Gg, Ch, Gg, Ch, Gg, Gs^Fds, Gs^Fds, _off^_usr, Gs^Fds, Gs^Fds, Gg, Ch, Gg, Ch, Gg, Ch, Rrc, Ch, Gg, Ch, Gg, Wwg, Wwg, Wwg, Wwg, Wwg, Wwg, Wwg, _off^_usr, _off^_usr, _off^_usr, _off^_usr, _off^_usr
_off^_usr, _off^_usr, _off^_usr, _off^_usr, _off^_usr, Wwg, Wwg, Wwg, Wwg, Wwg, Wwg, Gg, Gg, Gg, Gg, Gg, Rrc, Gg, Gg, Gg, Gg, Gg, Gg^Fds, Gg, Gg, _off^_usr, Gg, Gg, Gg^Fds, Gg, Gg, Gg, Gg, Gg, Rrc, Gg, Gg, Gg, Gg, Gg, Wwg, Wwg, Wwg, Wwg, Wwg, Wwg, _off^_usr, _off^_usr, _off^_usr, _off^_usr, _off^_usr
_off^_usr, _off^_usr, _off^_usr, _off^_usr, _off^_usr, Wwg, Wwg, Wwg, Wwg, Wwg, Wwg, Gg, Gg, Gg, Ch, Gg, Rrc, Gg, Ch, Gg, Gg, Hh^Fds, Hh, Hh^Fds, Hh, _off^_usr, Hh, Hh, Hh^Fds, Hh^Fds, Gg^Fds, Gg, Ch, Gg, Rrc, Gg, Ch, Gg, Gg, Gg, Wwg, Wwg, Wwg, Wwg, Wwg, Wwg, _off^_usr, _off^_usr, _off^_usr, _off^_usr, _off^_usr
_off^_usr, _off^_usr, _off^_usr, _off^_usr, _off^_usr, Wwg, Wwg, Wwg, Wwg, Wwg, Wwg, Wwg, Wwg, Gg, Gg, Gg, Rrc, Gg, Gg, Gg, Gg, Hh^Fds, Gs^Fds, Md, Md, _off^_usr, Md, Md, Gs^Fds, Hh, Gg, Gg, Gg, Gg, Rrc, Gg, Gg, Gg, Wwg, Wwg, Wwg, Wwg, Wwg, Wwg, Wwg, Wwg, _off^_usr, _off^_usr, _off^_usr, _off^_usr, _off^_usr
_off^_usr, _off^_usr, _off^_usr, _off^_usr, _off^_usr, Wwg, Wwg, Wwg, Wwg, Wwg, Wwg, Wwg, Wwg, Gs^Fds, Gg, Gg, Rrc, Gg, Gs^Fds, Gs^Fds, Gg, Gg, Gs^Fds, Hh, Md, _off^_usr, Md, Hh, Gs^Fds, Gg, Gg, Gs^Fds, Gs^Fds, Gg, Rrc, Gg, Gg, Gs^Fds, Wwg, Wwg, Wwg, Wwg, Wwg, Wwg, Wwg, Wwg, _off^_usr, _off^_usr, _off^_usr, _off^_usr, _off^_usr
_off^_usr, _off^_usr, _off^_usr, _off^_usr, _off^_usr, Wwg, Wwg, Wwg, Wwg, Wwg, Wwg, Wwg, Wwg, Gs^Fds, Gg, Gg, Rr, Gg, Gg, Gs^Fds, Gg, Gg, Ss, Gs^Fds, Gs^Fds, _off^_usr, Gs^Fds, Gs^Fds, Ss, Gg, Gg, Gs^Fds, Gg, Gg, Rr, Gg, Gg, Gs^Fds, Wwg, Wwg, Wwg, Wwg, Wwg, Wwg, Wwg, Wwg, _off^_usr, _off^_usr, _off^_usr, _off^_usr, _off^_usr
_off^_usr, _off^_usr, _off^_usr, _off^_usr, _off^_usr, Wwg, Wwg, Wwg, Wwg, Wwg, Wwg, Wwg, Gg, Gg, Ch, Gg, Rr, Gg, Ch, Gg, Gs^Fds, Ss, Ss, Ss, Ss, _off^_usr, Ss, Ss, Ss, Ss, Gs^Fds, Gg, Ch, Gg, Rr, Gg, Ch, Gg, Gg, Wwg, Wwg, Wwg, Wwg, Wwg, Wwg, Wwg, _off^_usr, _off^_usr, _off^_usr, _off^_usr, _off^_usr
_off^_usr, _off^_usr, _off^_usr, _off^_usr, Wwg, Wwg, Wwg, Wwg, Wwg, Wwg, Wwg, Wwg, Gg, Gg, Gg, Gg, Rp, Gg, Gg, Gg, Gs^Fds, Ss, Ss, Ss, Ss, _off^_usr, Ss, Ss, Ss, Ss, Gs^Fds, Gg, Gg, Gg, Rp, Gg, Gg, Gg, Gg, Wwg, Wwg, Wwg, Wwg, Wwg, Wwg, Wwg, Wwg, _off^_usr, _off^_usr, _off^_usr, _off^_usr
_off^_usr, _off^_usr, _off^_usr, _off^_usr, Wwg, Wwg, Wwg, Wwg, Gg^Efm, Wwg, Gg^Wm, Wwg, Gs^Fds, Gg, Gg, Gg, Rr, Gg, Gs^Fds, Gs^Fds, Ss, Ss, Ss, Ss, Ss, _off^_usr, Ss, Ss, Ss, Ss, Ss, Gs^Fds, Gs^Fds, Gg, Rr, Gg, Gg, Gg, Gs^Fds, Wwg, Gg^Wm, Wwg, Gg^Efm, Wwg, Wwg, Wwg, Wwg, _off^_usr, _off^_usr, _off^_usr, _off^_usr
_off^_usr, _off^_usr, _off^_usr, _off^_usr, Wwg, Wwg, Wwg, Gg^Efm, Gg^Es, Wwf, Wwf, Gg, Wwf, Hh^Fds, Gg^Fds, Gg, Rp, Gg, Gs^Fds, Hh, Hh, Gs^Fds, Gs^Fds, Ss, Ss, _off^_usr, Ss, Ss, Gs^Fds, Gs^Fds, Hh, Hh, Gs^Fds, Gg, Rp, Gg, Gg^Fds, Hh^Fds, Wwf, Gg, Wwf, Wwf, Gg^Es, Gg^Efm, Wwg, Wwg, Wwg, _off^_usr, _off^_usr, _off^_usr, _off^_usr
_off^_usr, _off^_usr, _off^_usr, _off^_usr, Wwg, Wwg, Gg^Efm, Gg^Efm, Gg, Gg, Gg, Wwf, Hh, Hh^Fds, Gg, Gg, Rp, Gg, Gg, Gs^Vl, Gg, Hh, Gg, Ss, Gs^Fds, _off^_usr, Gs^Fds, Ss, Gg, Hh, Gg, Gs^Vl, Gg, Gg, Rp, Gg, Gg, Hh^Fds, Hh, Wwf, Gg, Gg, Gg, Gg^Efm, Gg^Efm, Wwg, Wwg, _off^_usr, _off^_usr, _off^_usr, _off^_usr
_off^_usr, _off^_usr, _off^_usr, _off^_usr, Wwg, Wwg, Gg, Gg, Gg^Gvs, Gs^Vh, Gg^Gvs, Gg, Gg, Gg, Rp, Rp, Gg, Gg, Gs^Fms, Gg, Gs^Fms, Gg, Gg, Gs^Fds, Gs^Fds, _off^_usr, Gs^Fds, Gs^Fds, Gg, Gg, Gs^Fms, Gg, Gs^Fms, Gg, Gg, Rp, Rp, Gg, Gg, Gg, Gg^Gvs, Gs^Vh, Gg^Gvs, Gg, Gg, Wwg, Wwg, _off^_usr, _off^_usr, _off^_usr, _off^_usr
_off^_usr, _off^_usr, _off^_usr, _off^_usr, Wwg, Wwg, Gg, Gg^Gvs, Gg^Gvs, Gg^Gvs, Gg^Gvs, Gg^Gvs, Gg, Gg, Gg, Gg, Gg, Gs^Fms, Gs^Fms, Gs^Fms, Gg^Em, Gs^Fms, Gg, Gg, Hh^Fds, _off^_usr, Hh^Fds, Gg, Gg, Gs^Fms, Gg^Em, Gs^Fms, Gs^Fms, Gs^Fms, Gg, Gg, Gg, Gg, Gg, Gg^Gvs, Gg^Gvs, Gg^Gvs, Gg^Gvs, Gg^Gvs, Gg, Wwg, Wwg, _off^_usr, _off^_usr, _off^_usr, _off^_usr
_off^_usr, _off^_usr, _off^_usr, _off^_usr, Wwg, Wwg, Gg, Gg^Gvs, Gg^Gvs, Gg^Gvs, Gg, Gg, Gs^Fms, Gs^Fms, Mm, Gg, Gg, Gs^Fms, Gs^Fms, Gg^Em, Gg^Gvs, Gg^Em, Gg, Gg, Hh, _off^_usr, Hh, Gg, Gg, Gg^Em, Gg^Gvs, Gg^Em, Gs^Fms, Gs^Fms, Gg, Gg, Mm, Gs^Fms, Gs^Fms, Gg, Gg, Gg^Gvs, Gg^Gvs, Gg^Gvs, Gg, Wwg, Wwg, _off^_usr, _off^_usr, _off^_usr, _off^_usr
_off^_usr, _off^_usr, _off^_usr, _off^_usr, Wwg, Wwg, Wwg, Gg, Gg, Gg, Gg, Gg, Gs^Fms, Hh, Hh^Fds, Hh, Gg, Gs^Fms, Gg, Gg, Gg^Gvs, Gg^Gvs, Gg^Gvs, Gg, Gg, _off^_usr, Gg, Gg, Gg^Gvs, Gg^Gvs, Gg^Gvs, Gg, Gg, Gs^Fms, Gg, Hh, Hh^Fds, Hh, Gs^Fms, Gg, Gg, Gg, Gg, Gg, Wwg, Wwg, Wwg, _off^_usr, _off^_usr, _off^_usr, _off^_usr
_off^_usr, _off^_usr, _off^_usr, _off^_usr, Wwg, Wwg, Wwg, Wwg, Gg, Gg, Gg, Gg, Gg, Hh, Gg, Gg, Gg^Gvs, Gg, Gg, Gs^Vh, Gg^Gvs, Gg^Gvs, Gg^Gvs, Gg^Gvs, Gg, _off^_usr, Gg, Gg^Gvs, Gg^Gvs, Gg^Gvs, Gg^Gvs, Gs^Vh, Gg, Gg, Gg^Gvs, Gg, Gg, Hh, Gg, Gg, Gg, Gg, Gg, Wwg, Wwg, Wwg, Wwg, _off^_usr, _off^_usr, _off^_usr, _off^_usr
_off^_usr, _off^_usr, _off^_usr, _off^_usr, _off^_usr, Wwg, Wwg, Wwg, Gg^Dr, Gg, Gg, Gg, Gg, Gg, Gg^Gvs, Gg^Gvs, Gg^Gvs, Gg^Gvs, Gg, Gg, Gg, Gg^Gvs, Gg^Gvs, Gg^Gvs, Gg, _off^_usr, Gg, Gg^Gvs, Gg^Gvs, Gg^Gvs, Gg, Gg, Gg, Gg^Gvs, Gg^Gvs, Gg^Gvs, Gg^Gvs, Gg, Gg, Gg, Gg, Gg, Gg^Dr, Wwg, Wwg, Wwg, _off^_usr, _off^_usr, _off^_usr, _off^_usr, _off^_usr
_off^_usr, _off^_usr, _off^_usr, _off^_usr, _off^_usr, Wwg, Wwg, Wwg, Wwg, Wwg, Gg, Hh, Gs^Fms, Gg, Gg, Gg^Gvs, Gg, Gs^Vh, Gg^Gvs, Gg^Gvs, Gg^Gvs, Gg, Gg, Gg^Gvs, Gg, _off^_usr, Gg, Gg^Gvs, Gg, Gg, Gg^Gvs, Gg^Gvs, Gg^Gvs, Gs^Vh, Gg, Gg^Gvs, Gg, Gg, Gs^Fms, Hh, Gg, Wwg, Wwg, Wwg, Wwg, Wwg, _off^_usr, _off^_usr, _off^_usr, _off^_usr, _off^_usr
_off^_usr, _off^_usr, _off^_usr, _off^_usr, _off^_usr, Wwg, Wwg, Wwg, Wwg, Wwg, Gg, Hh, Hh, Gg, Gs^Vh, Gg, Gg^Gvs, Gg^Gvs, Gg^Gvs, Gg^Gvs, Gs^Vh, Gg, Gs^Fms, Gg, Hh, _off^_usr, Hh, Gg, Gs^Fms, Gg, Gs^Vh, Gg^Gvs, Gg^Gvs, Gg^Gvs, Gg^Gvs, Gg, Gs^Vh, Gg, Hh, Hh, Gg, Wwg, Wwg, Wwg, Wwg, Wwg, _off^_usr, _off^_usr, _off^_usr, _off^_usr, _off^_usr
_off^_usr, _off^_usr, _off^_usr, _off^_usr, _off^_usr, _off^_usr, _off^_usr, Wwg, Wwg, Wwg, Wwg, Gs^Fms, Gs^Fms, Gg, Gg, Gg, Gg, Gg^Gvs, Gg, Gg, Gg, Gg, Hh, Gs^Fms, Gs^Fms, _off^_usr, Gs^Fms, Gs^Fms, Hh, Gg, Gg, Gg, Gg, Gg^Gvs, Gg, Gg, Gg, Gg, Gs^Fms, Gs^Fms, Wwg, Wwg, Wwg, Wwg, _off^_usr, _off^_usr, _off^_usr, _off^_usr, _off^_usr, _off^_usr, _off^_usr
_off^_usr, _off^_usr, _off^_usr, _off^_usr, _off^_usr, _off^_usr, _off^_usr, Wwg, Wwg, Wwg, Wwg, Wwg, Gg, Gg, Gs^Fms, Gg, Gg, Gg, Gg, Gs^Fms, Gg, Hh, Hh, Gg^Fet, Gs^Fds, _off^_usr, Gs^Fds, Gg^Fet, Hh, Hh, Gg, Gs^Fms, Gg, Gg, Gg, Gg, Gs^Fms, Gg, Gg, Wwg, Wwg, Wwg, Wwg, Wwg, _off^_usr, _off^_usr, _off^_usr, _off^_usr, _off^_usr, _off^_usr, _off^_usr
_off^_usr, _off^_usr, _off^_usr, _off^_usr, _off^_usr, _off^_usr, _off^_usr, Wwg, Wwg, Wwg, Wwg, Wwg, Wwg, Gg, Gg, Gg, Gg, Gg, Gg, Gg, Gg, Ss, Gs^Fds, Hh, Gs^Fds, _off^_usr, Gs^Fds, Hh, Gs^Fds, Ss, Gg, Gg, Gg, Gg, Gg, Gg, Gg, Gg, Wwg, Wwg, Wwg, Wwg, Wwg, Wwg, _off^_usr, _off^_usr, _off^_usr, _off^_usr, _off^_usr, _off^_usr, _off^_usr
_off^_usr, _off^_usr, _off^_usr, _off^_usr, _off^_usr, _off^_usr, _off^_usr, _off^_usr, _off^_usr, Wwg, Wwg, Wwg, Wwg, Wwg, Ss^Bw/r, Gg, Ss, Ss, Ss, Gg, Ss, Ss, Ss, Gs^Fds, Ss, _off^_usr, Ss, Gs^Fds, Ss, Ss, Ss, Gg, Ss, Ss, Ss, Gg, Ss^Bw\r, Wwg, Wwg, Wwg, Wwg, Wwg, _off^_usr, _off^_usr, _off^_usr, _off^_usr, _off^_usr, _off^_usr, _off^_usr, _off^_usr, _off^_usr
_off^_usr, _off^_usr, _off^_usr, _off^_usr, _off^_usr, _off^_usr, _off^_usr, _off^_usr, _off^_usr, _off^_usr, Wwg, Wwg, Rb, Ss^Bw/r, Ss, Ss, Ss, Ss, Gll^Ftr, Ss, Ss, Ss, Ss, Ss, Ss^Vhs, _off^_usr, Ss^Vhs, Ss, Ss, Ss, Ss, Ss, Gll^Ftr, Ss, Ss, Ss, Ss, Ss^Bw\r, Rb, Wwg, Wwg, _off^_usr, _off^_usr, _off^_usr, _off^_usr, _off^_usr, _off^_usr, _off^_usr, _off^_usr, _off^_usr, _off^_usr
_off^_usr, _off^_usr, _off^_usr, _off^_usr, _off^_usr, _off^_usr, _off^_usr, _off^_usr, _off^_usr, _off^_usr, Wwg, Wwg, Rb, Ss, Ss, Gll^Ftr, Ss, Ss, Ss, Ss, Wwf, Wwf, Gll^Ftr, Ss, Ss, _off^_usr, Ss, Ss, Gll^Ftr, Wwf, Wwf, Ss, Ss, Ss, Ss, Gll^Ftr, Ss, Ss, Rb, Wwg, Wwg, _off^_usr, _off^_usr, _off^_usr, _off^_usr, _off^_usr, _off^_usr, _off^_usr, _off^_usr, _off^_usr, _off^_usr
_off^_usr, _off^_usr, _off^_usr, _off^_usr, _off^_usr, _off^_usr, _off^_usr, _off^_usr, _off^_usr, _off^_usr, Wwg, Wwg, Ss, Rb, Rb, Ss, Ss, Ss, Chs, Gll^Ftr, Chs, Ss, Ss, Gll^Ftr, Gll^Ftr, _off^_usr, Gll^Ftr, Gll^Ftr, Ss, Ss, Chs, Gll^Ftr, Chs, Ss, Ss, Ss, Rb, Rb, Ss, Wwg, Wwg, _off^_usr, _off^_usr, _off^_usr, _off^_usr, _off^_usr, _off^_usr, _off^_usr, _off^_usr, _off^_usr, _off^_usr
_off^_usr, _off^_usr, _off^_usr, _off^_usr, _off^_usr, _off^_usr, _off^_usr, _off^_usr, _off^_usr, _off^_usr, Wwg, Wwg, Ss, Gll^Ftr, Gll^Ftr, Rb, Rb, Gll^Ftr, Chs, Chs, Khs, Chs, Wwg, Ss, Ss, _off^_usr, Ss, Ss, Wwg, Chs, Khs, Chs, Chs, Gll^Ftr, Rb, Rb, Gll^Ftr, Gll^Ftr, Ss, Wwg, Wwg, _off^_usr, _off^_usr, _off^_usr, _off^_usr, _off^_usr, _off^_usr, _off^_usr, _off^_usr, _off^_usr, _off^_usr
_off^_usr, _off^_usr, _off^_usr, _off^_usr, _off^_usr, _off^_usr, _off^_usr, _off^_usr, _off^_usr, _off^_usr, Wwg, Wwg, Wwg, Ss, Ss, Ss, Ss, Rb, Chs, Chs, Gll^Ftr, Gll^Ftr, Ss, Wwg, Wwf, _off^_usr, Wwf, Wwg, Ss, Gll^Ftr, Gll^Ftr, Chs, Chs, Rb, Ss, Ss, Ss, Ss, Wwg, Wwg, Wwg, _off^_usr, _off^_usr, _off^_usr, _off^_usr, _off^_usr, _off^_usr, _off^_usr, _off^_usr, _off^_usr, _off^_usr
_off^_usr, _off^_usr, _off^_usr, _off^_usr, _off^_usr, _off^_usr, _off^_usr, _off^_usr, _off^_usr, _off^_usr, _off^_usr, Wwg, Wwg, Ss, Ss, Ss, Ss, Rb, Ss, Ss, Ss, Ss, Wwf, Wwf, Wwf, _off^_usr, Wwf, Wwf, Wwf, Ss, Ss, Ss, Ss, Rb, Ss, Ss, Ss, Ss, Wwg, Wwg, _off^_usr, _off^_usr, _off^_usr, _off^_usr, _off^_usr, _off^_usr, _off^_usr, _off^_usr, _off^_usr, _off^_usr, _off^_usr
_off^_usr, _off^_usr, _off^_usr, _off^_usr, _off^_usr, _off^_usr, _off^_usr, _off^_usr, _off^_usr, _off^_usr, _off^_usr, _off^_usr, _off^_usr, Ss, Wwf, Ss, Rb, Rb, Ss, Wwg, Wwf, Wwf, Dd^Ftd, Wwf, Wwf, _off^_usr, Wwf, Wwf, Dd^Ftd, Wwf, Wwf, Wwg, Ss, Rb, Rb, Ss, Wwf, Ss, _off^_usr, _off^_usr, _off^_usr, _off^_usr, _off^_usr, _off^_usr, _off^_usr, _off^_usr, _off^_usr, _off^_usr, _off^_usr, _off^_usr, _off^_usr
_off^_usr, _off^_usr, _off^_usr, _off^_usr, _off^_usr, _off^_usr, _off^_usr, _off^_usr, _off^_usr, _off^_usr, _off^_usr, _off^_usr, _off^_usr, Wwf, Wwf, Rb, Rb, Ss, Wwf, Wwf, Wwf, Dd^Ftd, Wwf, Wwf, Dd^Ftd, _off^_usr, Dd^Ftd, Wwf, Wwf, Dd^Ftd, Wwf, Wwf, Wwf, Ss, Rb, Rb, Wwf, Wwf, _off^_usr, _off^_usr, _off^_usr, _off^_usr, _off^_usr, _off^_usr, _off^_usr, _off^_usr, _off^_usr, _off^_usr, _off^_usr, _off^_usr, _off^_usr
_off^_usr, _off^_usr, _off^_usr, _off^_usr, _off^_usr, _off^_usr, _off^_usr, _off^_usr, _off^_usr, _off^_usr, _off^_usr, _off^_usr, _off^_usr, Wwf, Wwf, Wwf, Wwf, Wwf, Wwf, Wwf, Dd^Ftd, Wwf, Wwf, Wwf, Wwf, _off^_usr, Wwf, Wwf, Wwf, Wwf, Dd^Ftd, Wwf, Wwf, Wwf, Wwf, Wwf, Wwf, Wwf, _off^_usr, _off^_usr, _off^_usr, _off^_usr, _off^_usr, _off^_usr, _off^_usr, _off^_usr, _off^_usr, _off^_usr, _off^_usr, _off^_usr, _off^_usr
_off^_usr, _off^_usr, _off^_usr, _off^_usr, _off^_usr, _off^_usr, _off^_usr, _off^_usr, _off^_usr, _off^_usr, _off^_usr, _off^_usr, _off^_usr, _off^_usr, _off^_usr, Wwf, Wwf, Wwf, Dd^Ftd, Dd^Ftd, Dd^Ftd, Wwf, Dd, Dd^Ftd, Wwf, _off^_usr, Wwf, Dd^Ftd, Dd, Wwf, Dd^Ftd, Dd^Ftd, Dd^Ftd, Wwf, Wwf, Wwf, _off^_usr, _off^_usr, _off^_usr, _off^_usr, _off^_usr, _off^_usr, _off^_usr, _off^_usr, _off^_usr, _off^_usr, _off^_usr, _off^_usr, _off^_usr, _off^_usr, _off^_usr
_off^_usr, _off^_usr, _off^_usr, _off^_usr, _off^_usr, _off^_usr, _off^_usr, _off^_usr, _off^_usr, _off^_usr, _off^_usr, _off^_usr, _off^_usr, _off^_usr, _off^_usr, _off^_usr, Wwf, Wwf, Hd, Hd^Ftd, Dd, Dd, Wwf, Wwf, Dd^Ftd, _off^_usr, Dd^Ftd, Wwf, Wwf, Dd, Dd, Hd^Ftd, Hd, Wwf, Wwf, _off^_usr, _off^_usr, _off^_usr, _off^_usr, _off^_usr, _off^_usr, _off^_usr, _off^_usr, _off^_usr, _off^_usr, _off^_usr, _off^_usr, _off^_usr, _off^_usr, _off^_usr, _off^_usr
_off^_usr, _off^_usr, _off^_usr, _off^_usr, _off^_usr, _off^_usr, _off^_usr, _off^_usr, _off^_usr, _off^_usr, _off^_usr, _off^_usr, _off^_usr, _off^_usr, _off^_usr, _off^_usr, Dd, Hd^Ftd, Dd^Ftd, Dd^Do, Dd, Dd, Rd, Rd, Dd^Ftd, _off^_usr, Dd^Ftd, Rd, Rd, Dd, Dd, Dd^Do, Dd^Ftd, Hd^Ftd, Dd, _off^_usr, _off^_usr, _off^_usr, _off^_usr, _off^_usr, _off^_usr, _off^_usr, _off^_usr, _off^_usr, _off^_usr, _off^_usr, _off^_usr, _off^_usr, _off^_usr, _off^_usr, _off^_usr
_off^_usr, _off^_usr, _off^_usr, _off^_usr, _off^_usr, _off^_usr, _off^_usr, _off^_usr, _off^_usr, _off^_usr, _off^_usr, _off^_usr, _off^_usr, _off^_usr, _off^_usr, _off^_usr, Dd, Dd, Hd, Hd, Dd, Dd, Rd, Dd, Dd, _off^_usr, Dd, Dd, Rd, Dd, Dd, Hd, Hd, Dd, Dd, _off^_usr, _off^_usr, _off^_usr, _off^_usr, _off^_usr, _off^_usr, _off^_usr, _off^_usr, _off^_usr, _off^_usr, _off^_usr, _off^_usr, _off^_usr, _off^_usr, _off^_usr, _off^_usr
_off^_usr, _off^_usr, _off^_usr, _off^_usr, _off^_usr, _off^_usr, _off^_usr, _off^_usr, _off^_usr, _off^_usr, _off^_usr, _off^_usr, _off^_usr, _off^_usr, _off^_usr, _off^_usr, Dd, Hd, Dd, Dd, Hd, Dd, Dd^Ftd, Rd, Dd, _off^_usr, Dd, Rd, Dd^Ftd, Dd, Hd, Dd, Dd, Hd, Dd, _off^_usr, _off^_usr, _off^_usr, _off^_usr, _off^_usr, _off^_usr, _off^_usr, _off^_usr, _off^_usr, _off^_usr, _off^_usr, _off^_usr, _off^_usr, _off^_usr, _off^_usr, _off^_usr
_off^_usr, _off^_usr, _off^_usr, _off^_usr, _off^_usr, _off^_usr, _off^_usr, _off^_usr, _off^_usr, _off^_usr, _off^_usr, _off^_usr, _off^_usr, _off^_usr, _off^_usr, _off^_usr, Hd, Dd, Dd^Ftd, Dd, Dd, Dd, Dd^Dc, Rd, Dd, _off^_usr, Dd, Rd, Dd^Dc, Dd, Dd, Dd, Dd^Ftd, Dd, Hd, _off^_usr, _off^_usr, _off^_usr, _off^_usr, _off^_usr, _off^_usr, _off^_usr, _off^_usr, _off^_usr, _off^_usr, _off^_usr, _off^_usr, _off^_usr, _off^_usr, _off^_usr, _off^_usr
_off^_usr, _off^_usr, _off^_usr, _off^_usr, _off^_usr, _off^_usr, _off^_usr, _off^_usr, _off^_usr, _off^_usr, _off^_usr, _off^_usr, _off^_usr, _off^_usr, Hd, Hd, Hd, Hd, Cd, Dd, Dd^Do, Dd, Rd, Rd, Dd^Ftd, _off^_usr, Dd^Ftd, Rd, Rd, Dd, Dd^Do, Dd, Cd, Hd, Hd, Hd, Hd, _off^_usr, _off^_usr, _off^_usr, _off^_usr, _off^_usr, _off^_usr, _off^_usr, _off^_usr, _off^_usr, _off^_usr, _off^_usr, _off^_usr, _off^_usr, _off^_usr
_off^_usr, _off^_usr, _off^_usr, _off^_usr, _off^_usr, _off^_usr, _off^_usr, _off^_usr, _off^_usr, _off^_usr, _off^_usr, _off^_usr, _off^_usr, _off^_usr, Hd, Hd, Cd, Cd, Dd^Ftd, Cd, Cd, Dd^Ftd, Rd, Dd^Ftd, Dd^Do, _off^_usr, Dd^Do, Dd^Ftd, Rd, Dd^Ftd, Cd, Cd, Dd^Ftd, Cd, Cd, Hd, Hd, _off^_usr, _off^_usr, _off^_usr, _off^_usr, _off^_usr, _off^_usr, _off^_usr, _off^_usr, _off^_usr, _off^_usr, _off^_usr, _off^_usr, _off^_usr, _off^_usr
_off^_usr, _off^_usr, _off^_usr, _off^_usr, _off^_usr, _off^_usr, _off^_usr, _off^_usr, _off^_usr, _off^_usr, _off^_usr, _off^_usr, _off^_usr, _off^_usr, Hd, Hd, Cd, Dd^Ftd, Kd, Dd^Ftd, Cd, Rd, Dd^Vda, Dd^Ftd, Dd^Ftd, _off^_usr, Dd^Ftd, Dd^Ftd, Dd^Vda, Rd, Cd, Dd^Ftd, Kd, Dd^Ftd, Cd, Hd, Hd, _off^_usr, _off^_usr, _off^_usr, _off^_usr, _off^_usr, _off^_usr, _off^_usr, _off^_usr, _off^_usr, _off^_usr, _off^_usr, _off^_usr, _off^_usr, _off^_usr
_off^_usr, _off^_usr, _off^_usr, _off^_usr, _off^_usr, _off^_usr, _off^_usr, _off^_usr, _off^_usr, _off^_usr, _off^_usr, _off^_usr, _off^_usr, _off^_usr, Dd, Ql, Ql, Cd, Cd, Cd, Dd, Rd, Rd, Dd^Ftd, Dd, _off^_usr, Dd, Dd^Ftd, Rd, Rd, Dd, Cd, Cd, Cd, Ql, Ql, Dd, _off^_usr, _off^_usr, _off^_usr, _off^_usr, _off^_usr, _off^_usr, _off^_usr, _off^_usr, _off^_usr, _off^_usr, _off^_usr, _off^_usr, _off^_usr, _off^_usr
_off^_usr, _off^_usr, _off^_usr, _off^_usr, _off^_usr, _off^_usr, _off^_usr, _off^_usr, _off^_usr, _off^_usr, _off^_usr, _off^_usr, Dd, Dd, Dd, Ql, Ql, Ql, Ql, Ql, Dd, Dd, Rd, Dd, Dd, _off^_usr, Dd, Dd, Rd, Dd, Dd, Ql, Ql, Ql, Ql, Ql, Dd, Dd, Dd, _off^_usr, _off^_usr, _off^_usr, _off^_usr, _off^_usr, _off^_usr, _off^_usr, _off^_usr, _off^_usr, _off^_usr, _off^_usr, _off^_usr
_off^_usr, _off^_usr, _off^_usr, _off^_usr, _off^_usr, _off^_usr, _off^_usr, _off^_usr, _off^_usr, _off^_usr, _off^_usr, Hd, Hd, Hd, Hd, Hd, Hd, Hd, Hd, Hd, Hd, Rd, Hd, Hd, Hd, _off^_usr, Hd, Hd, Hd, Rd, Hd, Hd, Hd, Hd, Hd, Hd, Hd, Hd, Hd, Hd, _off^_usr, _off^_usr, _off^_usr, _off^_usr, _off^_usr, _off^_usr, _off^_usr, _off^_usr, _off^_usr, _off^_usr, _off^_usr
_off^_usr, _off^_usr, _off^_usr, _off^_usr, _off^_usr, _off^_usr, _off^_usr, _off^_usr, _off^_usr, _off^_usr, _off^_usr, Md, Md, Hd, Md, Hd, Md, Md, Md, Md, Md, Rd, Ce, Md, Md, _off^_usr, Md, Md, Ce, Rd, Md, Md, Md, Md, Md, Hd, Md, Hd, Md, Md, _off^_usr, _off^_usr, _off^_usr, _off^_usr, _off^_usr, _off^_usr, _off^_usr, _off^_usr, _off^_usr, _off^_usr, _off^_usr
_off^_usr, _off^_usr, _off^_usr, _off^_usr, _off^_usr, _off^_usr, _off^_usr, _off^_usr, _off^_usr, _off^_usr, _off^_usr, Md, Xu, Md, Xu, Md, Xu, Md, Xu, Hhd, Ur, Rd, Ur, Md, Xu, _off^_usr, Xu, Md, Ur, Rd, Ur, Hhd, Xu, Md, Xu, Md, Xu, Md, Xu, Md, _off^_usr, _off^_usr, _off^_usr, _off^_usr, _off^_usr, _off^_usr, _off^_usr, _off^_usr, _off^_usr, _off^_usr, _off^_usr
_off^_usr, _off^_usr, _off^_usr, _off^_usr, _off^_usr, _off^_usr, _off^_usr, _off^_usr, _off^_usr, _off^_usr, _off^_usr, Xu, Uu^Tf, Xu, Uh, Xu, Xu, Xu, Ur, Ur, Uu^Tf, Ur, Xu, Xu, Wog, _off^_usr, Wog, Xu, Xu, Ur, Uu^Tf, Ur, Ur, Xu, Xu, Xu, Uh, Xu, Uu^Tf, Xu, _off^_usr, _off^_usr, _off^_usr, _off^_usr, _off^_usr, _off^_usr, _off^_usr, _off^_usr, _off^_usr, _off^_usr, _off^_usr
_off^_usr, _off^_usr, _off^_usr, _off^_usr, _off^_usr, _off^_usr, _off^_usr, _off^_usr, Xu, _off^_usr, Xu, Xu, Ur, Ur, Ur, Uh, Uu, Uu, Ur, Ur, Ur, Uu, Wwf, Wog, Wog, _off^_usr, Wog, Wog, Wwf, Uu, Ur, Ur, Ur, Uu, Uu, Uh, Ur, Ur, Ur, Xu, Xu, _off^_usr, Xu, _off^_usr, _off^_usr, _off^_usr, _off^_usr, _off^_usr, _off^_usr, _off^_usr, _off^_usr
_off^_usr, _off^_usr, _off^_usr, _off^_usr, _off^_usr, _off^_usr, Xu, Xu, Ur, Xu, Ur, Ur, Uu, Uu, Ur, Uu, Ur, Uu, Xu, Ur, Xu, Wwf, Ur, Ur, Uu^Tfi, _off^_usr, Uu^Tfi, Ur, Ur, Wwf, Xu, Ur, Xu, Uu, Ur, Uu, Ur, Uu, Uu, Ur, Ur, Xu, Ur, Xu, Xu, _off^_usr, _off^_usr, _off^_usr, _off^_usr, _off^_usr, _off^_usr
_off^_usr, _off^_usr, _off^_usr, _off^_usr, _off^_usr, _off^_usr, Xu, Ur, Xu, Ur, Ur, Uh, Uh, Uu, Xu, Ur, Ur, Xu, Ur, Ur, Uu, Wwg, Wwg, Ur, Wog, _off^_usr, Wog, Ur, Wwg, Wwg, Uu, Ur, Ur, Xu, Ur, Ur, Xu, Uu, Uh, Uh, Ur, Ur, Xu, Ur, Xu, _off^_usr, _off^_usr, _off^_usr, _off^_usr, _off^_usr, _off^_usr
_off^_usr, _off^_usr, _off^_usr, _off^_usr, _off^_usr, Xu, Ur, Ur, Xu, Uu, Ur, Uh, Uh, Xu, Uh, Xu, Xu, Ur, Xu, Ur, Uh, Wwg, Wwg, Wwg, Wog, _off^_usr, Wog, Wwg, Wwg, Wwg, Uh, Ur, Xu, Ur, Xu, Xu, Uh, Xu, Uh, Uh, Ur, Uu, Xu, Ur, Ur, Xu, _off^_usr, _off^_usr, _off^_usr, _off^_usr, _off^_usr
_off^_usr, _off^_usr, _off^_usr, _off^_usr, _off^_usr, Xu, Xu, Xu, Uu, Uu, Ur, Ur, Ur, Ur, Ur, Xu, Ur, Xu, Uh, Xu, Xu, Wwg, Wwg, Wwg, Wog, _off^_usr, Wog, Wwg, Wwg, Wwg, Xu, Xu, Uh, Xu, Ur, Xu, Ur, Ur, Ur, Ur, Ur, Uu, Uu, Xu, Xu, Xu, _off^_usr, _off^_usr, _off^_usr, _off^_usr, _off^_usr
_off^_usr, _off^_usr, _off^_usr, _off^_usr, Xu, Xu, Ur, Ur, Ur, Ur, Uu, Ur, Xu, Xu, Xu, Ur, Ur, Uu, Uu, Uh, Uh, Wwf, Wwg, Wwg, Wog, _off^_usr, Wog, Wwg, Wwg, Wwf, Uh, Uh, Uu, Uu, Ur, Ur, Xu, Xu, Xu, Ur, Uu, Ur, Ur, Ur, Ur, Xu, Xu, _off^_usr, _off^_usr, _off^_usr, _off^_usr
_off^_usr, _off^_usr, _off^_usr, _off^_usr, Xu, Ur, Uh, Uh, Xu, Xu, Uu^Tf, Xu, Xu, Xu, Xu, Xu, Ur, Uu^Tf, Uu^Tf, Uh, Wwf, Wwf, Wwg, Wwg, Wog, _off^_usr, Wog, Wwg, Wwg, Wwf, Wwf, Uh, Uu^Tf, Uu^Tf, Ur, Xu, Xu, Xu, Xu, Xu, Uu^Tf, Xu, Xu, Uh, Uh, Ur, Xu, _off^_usr, _off^_usr, _off^_usr, _off^_usr
_off^_usr, _off^_usr, _off^_usr, _off^_usr, Xu, Ur, Ur, Uh, Uu, Uu, Cud, Xu, Kud, Xu, Xu, Xu, Ur, Uh, Uh, Uu, Wwf, Wwg, Wwg, Wwg, Wog, _off^_usr, Wog, Wwg, Wwg, Wwg, Wwf, Uu, Uh, Uh, Ur, Xu, Xu, Xu, Kud, Xu, Cud, Uu, Uu, Uh, Ur, Ur, Xu, _off^_usr, _off^_usr, _off^_usr, _off^_usr
_off^_usr, _off^_usr, _off^_usr, _off^_usr, _off^_usr, Xu, Xu, Ur, Ur, Uu, Uu, Cud, Cud, Cud, Xu, Xu, Ur, Ur, Ur, Uu, Ur, Wwg, Wwg, Wwg, Wog, _off^_usr, Wog, Wwg, Wwg, Wwg, Ur, Uu, Ur, Ur, Ur, Xu, Xu, Cud, Cud, Cud, Uu, Uu, Ur, Ur, Xu, Xu, _off^_usr, _off^_usr, _off^_usr, _off^_usr, _off^_usr
_off^_usr, _off^_usr, _off^_usr, _off^_usr, _off^_usr, _off^_usr, _off^_usr, Xu, Xu, Ur, Ur, Cud, Cud, Xu, Xu, Xu, Xu, Ur, Uh, Ur, Xu, Ur, Ur, Xu, Xu, Xu, Xu, Xu, Ur, Ur, Xu, Ur, Uh, Ur, Xu, Xu, Xu, Xu, Cud, Cud, Ur, Ur, Xu, Xu, _off^_usr, _off^_usr, _off^_usr, _off^_usr, _off^_usr, _off^_usr, _off^_usr
_off^_usr, _off^_usr, _off^_usr, _off^_usr, _off^_usr, _off^_usr, _off^_usr, _off^_usr, Xu, Uu, Ur, Ur, Ur, Uh, Uh, Uh, Uh, Xu, Xu, Xu, Uu, Uu^Tf, Cud, Ur, Xu, Xu, Xu, Ur, Cud, Uu^Tf, Uu, Xu, Xu, Xu, Uh, Uh, Uh, Uh, Ur, Ur, Ur, Uu, Xu, _off^_usr, _off^_usr, _off^_usr, _off^_usr, _off^_usr, _off^_usr, _off^_usr, _off^_usr
_off^_usr, _off^_usr, _off^_usr, _off^_usr, _off^_usr, _off^_usr, _off^_usr, _off^_usr, Xu, Uu^Vud, Uu, Ur, Ur, Uu, Uu, Uu, Xu, Xu, Uu^Tfi, Ur, Ur, Ur, Ur, Ur, Uu, Xu, Uu, Ur, Ur, Ur, Ur, Ur, Uu^Tfi, Xu, Xu, Uu, Uu, Uu, Ur, Ur, Uu, Uu^Vud, Xu, _off^_usr, _off^_usr, _off^_usr, _off^_usr, _off^_usr, _off^_usr, _off^_usr, _off^_usr
_off^_usr, _off^_usr, _off^_usr, _off^_usr, _off^_usr, _off^_usr, _off^_usr, _off^_usr, _off^_usr, Xu, Xu, Xu, Xu, Ur, Ur, Ur, Ur, Uu, Ur, Ur, Xu, Uu, Xu, Xu, Xu, Xu, Xu, Xu, Xu, Uu, Xu, Ur, Ur, Uu, Ur, Ur, Ur, Ur, Xu, Xu, Xu, Xu, _off^_usr, _off^_usr, _off^_usr, _off^_usr, _off^_usr, _off^_usr, _off^_usr, _off^_usr, _off^_usr
_off^_usr, _off^_usr, _off^_usr, _off^_usr, _off^_usr, _off^_usr, _off^_usr, _off^_usr, _off^_usr, _off^_usr, _off^_usr, _off^_usr, _off^_usr, Xu, Xu, Ur, Ur, Ur, Ur, Ur, Ur, Uu, Uh, Xu, Uh, Xu, Uh, Xu, Uh, Uu, Ur, Ur, Ur, Ur, Ur, Ur, Xu, Xu, _off^_usr, _off^_usr, _off^_usr, _off^_usr, _off^_usr, _off^_usr, _off^_usr, _off^_usr, _off^_usr, _off^_usr, _off^_usr, _off^_usr, _off^_usr
_off^_usr, _off^_usr, _off^_usr, _off^_usr, _off^_usr, _off^_usr, _off^_usr, _off^_usr, _off^_usr, _off^_usr, _off^_usr, _off^_usr, _off^_usr, _off^_usr, Xu, Ur, Uu, Uu, Xu, Ur, Ur, Uu, Ur, Uh, Uh, Xu, Uh, Uh, Ur, Uu, Ur, Ur, Xu, Uu, Uu, Ur, Xu, _off^_usr, _off^_usr, _off^_usr, _off^_usr, _off^_usr, _off^_usr, _off^_usr, _off^_usr, _off^_usr, _off^_usr, _off^_usr, _off^_usr, _off^_usr, _off^_usr
_off^_usr, _off^_usr, _off^_usr, _off^_usr, _off^_usr, _off^_usr, _off^_usr, _off^_usr, _off^_usr, _off^_usr, _off^_usr, _off^_usr, _off^_usr, _off^_usr, _off^_usr, Xu, Uh, Uu, Uu, Ur, Ur, Ur, Uu^Tf, Xu, Xu, Xu, Xu, Xu, Uu^Tf, Ur, Ur, Ur, Uu, Uu, Uh, Xu, _off^_usr, _off^_usr, _off^_usr, _off^_usr, _off^_usr, _off^_usr, _off^_usr, _off^_usr, _off^_usr, _off^_usr, _off^_usr, _off^_usr, _off^_usr, _off^_usr, _off^_usr
_off^_usr, _off^_usr, _off^_usr, _off^_usr, _off^_usr, _off^_usr, _off^_usr, _off^_usr, _off^_usr, _off^_usr, _off^_usr, _off^_usr, _off^_usr, _off^_usr, _off^_usr, Xu, Xu, Uh, Xu, Xu, Uh, Ur, Ur, Xu, Xu, _off^_usr, Xu, Xu, Ur, Ur, Uh, Xu, Xu, Uh, Xu, Xu, _off^_usr, _off^_usr, _off^_usr, _off^_usr, _off^_usr, _off^_usr, _off^_usr, _off^_usr, _off^_usr, _off^_usr, _off^_usr, _off^_usr, _off^_usr, _off^_usr, _off^_usr
_off^_usr, _off^_usr, _off^_usr, _off^_usr, _off^_usr, _off^_usr, _off^_usr, _off^_usr, _off^_usr, _off^_usr, _off^_usr, _off^_usr, _off^_usr, _off^_usr, _off^_usr, _off^_usr, _off^_usr, Xu, Uh, Uh, Uh, Cud, Ur^Pw|o, Ur, Xu, _off^_usr, Xu, Ur, Ur^Pw|o, Cud, Uh, Uh, Uh, Xu, _off^_usr, _off^_usr, _off^_usr, _off^_usr, _off^_usr, _off^_usr, _off^_usr, _off^_usr, _off^_usr, _off^_usr, _off^_usr, _off^_usr, _off^_usr, _off^_usr, _off^_usr, _off^_usr, _off^_usr
_off^_usr, _off^_usr, _off^_usr, _off^_usr, _off^_usr, _off^_usr, _off^_usr, _off^_usr, _off^_usr, _off^_usr, _off^_usr, _off^_usr, _off^_usr, _off^_usr, _off^_usr, _off^_usr, Xu, Xu, Xu, Uh, Xu, Xu, Rr, Xu, Xu, _off^_usr, Xu, Xu, Rr, Xu, Xu, Uh, Xu, Xu, Xu, _off^_usr, _off^_usr, _off^_usr, _off^_usr, _off^_usr, _off^_usr, _off^_usr, _off^_usr, _off^_usr, _off^_usr, _off^_usr, _off^_usr, _off^_usr, _off^_usr, _off^_usr, _off^_usr
_off^_usr, _off^_usr, _off^_usr, _off^_usr, _off^_usr, _off^_usr, _off^_usr, _off^_usr, _off^_usr, _off^_usr, _off^_usr, _off^_usr, _off^_usr, _off^_usr, Xu, Xu, Ms^Xm, Ms^Xm, Ms^Xm, Xu, Ms^Xm, Ms, Rr, Ms, Ms^Xm, Xu, Ms^Xm, Ms, Rr, Ms, Ms^Xm, Xu, Ms^Xm, Ms^Xm, Ms^Xm, Xu, Xu, _off^_usr, _off^_usr, _off^_usr, _off^_usr, _off^_usr, _off^_usr, _off^_usr, _off^_usr, _off^_usr, _off^_usr, _off^_usr, _off^_usr, _off^_usr, _off^_usr
_off^_usr, _off^_usr, _off^_usr, _off^_usr, _off^_usr, _off^_usr, _off^_usr, _off^_usr, _off^_usr, _off^_usr, _off^_usr, _off^_usr, Xu, Xu, Ms^Xm, Ms^Xm, Rr, Rr, Rr, Ms^Xm, Rr, Rr, Ms, Aa, Aa^Fma, Ms^Xm, Aa^Fma, Aa, Ms, Rr, Rr, Ms^Xm, Rr, Rr, Rr, Ms^Xm, Ms^Xm, Xu, Xu, _off^_usr, _off^_usr, _off^_usr, _off^_usr, _off^_usr, _off^_usr, _off^_usr, _off^_usr, _off^_usr, _off^_usr, _off^_usr, _off^_usr
_off^_usr, _off^_usr, _off^_usr, _off^_usr, _off^_usr, _off^_usr, _off^_usr, _off^_usr, _off^_usr, _off^_usr, _off^_usr, Xu, Ms^Xm, Ms^Xm, Rr, Rr, Ms, Aa^Fpa, Aa^Fpa, Rr, Aa, Ha^Fpa, Aa, Aa^Fma, Aa, _off^_usr, Aa, Aa^Fma, Aa, Ha^Fpa, Aa, Rr, Aa^Fpa, Aa^Fpa, Ms, Rr, Rr, Ms^Xm, Ms^Xm, Xu, _off^_usr, _off^_usr, _off^_usr, _off^_usr, _off^_usr, _off^_usr, _off^_usr, _off^_usr, _off^_usr, _off^_usr, _off^_usr
_off^_usr, _off^_usr, _off^_usr, _off^_usr, _off^_usr, _off^_usr, _off^_usr, _off^_usr, _off^_usr, _off^_usr, _off^_usr, Ms^Xm, Aa, Rr, Rr, Aa, Aa^Fda, Ms, Ms, Aa^Fpa, Ms, Aa, Ai, Wwf, Aa^Fpa, _off^_usr, Aa^Fpa, Wwf, Ai, Aa, Ms, Aa^Fpa, Ms, Ms, Aa^Fda, Aa, Rr, Rr, Aa, Ms^Xm, _off^_usr, _off^_usr, _off^_usr, _off^_usr, _off^_usr, _off^_usr, _off^_usr, _off^_usr, _off^_usr, _off^_usr, _off^_usr
_off^_usr, _off^_usr, _off^_usr, _off^_usr, _off^_usr, _off^_usr, _off^_usr, _off^_usr, _off^_usr, _off^_usr, _off^_usr, Wwg, Wwg, Aa, Aa, Rr, Rr, Ha, Rr, Ha^Vhha, Ha, Ha, Wwf, Wwf, Ai, _off^_usr, Ai, Wwf, Wwf, Ha, Ha, Ha^Vhha, Rr, Ha, Rr, Rr, Aa, Aa, Wwg, Wwg, _off^_usr, _off^_usr, _off^_usr, _off^_usr, _off^_usr, _off^_usr, _off^_usr, _off^_usr, _off^_usr, _off^_usr, _off^_usr
_off^_usr, _off^_usr, _off^_usr, _off^_usr, _off^_usr, _off^_usr, _off^_usr, _off^_usr, _off^_usr, _off^_usr, _off^_usr, _off^_usr, Wwg, Aa, Ai, Aa, Aa, Rr, Aa^Fma, Rr, Rr, Wwf, Ai, Wwf, Ai, _off^_usr, Ai, Wwf, Ai, Wwf, Rr, Rr, Aa^Fma, Rr, Aa, Aa, Ai, Aa, Wwg, _off^_usr, _off^_usr, _off^_usr, _off^_usr, _off^_usr, _off^_usr, _off^_usr, _off^_usr, _off^_usr, _off^_usr, _off^_usr, _off^_usr
_off^_usr, _off^_usr, _off^_usr, _off^_usr, _off^_usr, _off^_usr, _off^_usr, _off^_usr, _off^_usr, _off^_usr, _off^_usr, _off^_usr, Wwg, Ai, Ai, Aa, Aa^Fpa, Aa^Fpa, Aa, Aa, Aa^Fda, Rr, Wwf, Wwf, Aa^Fma, _off^_usr, Aa^Fma, Wwf, Wwf, Rr, Aa^Fda, Aa, Aa, Aa^Fpa, Aa^Fpa, Aa, Ai, Ai, Wwg, _off^_usr, _off^_usr, _off^_usr, _off^_usr, _off^_usr, _off^_usr, _off^_usr, _off^_usr, _off^_usr, _off^_usr, _off^_usr, _off^_usr
_off^_usr, _off^_usr, _off^_usr, _off^_usr, _off^_usr, _off^_usr, _off^_usr, _off^_usr, _off^_usr, _off^_usr, _off^_usr, _off^_usr, _off^_usr, Wwg, Ai, Aa, Aa^Fma, Ms, Aa, Aa, Rr, Rr, Aa^Fpa, Aa, Aa, _off^_usr, Aa, Aa, Aa^Fpa, Rr, Rr, Aa, Aa, Ms, Aa^Fma, Aa, Ai, Wwg, _off^_usr, _off^_usr, _off^_usr, _off^_usr, _off^_usr, _off^_usr, _off^_usr, _off^_usr, _off^_usr, _off^_usr, _off^_usr, _off^_usr, _off^_usr
_off^_usr, _off^_usr, _off^_usr, _off^_usr, _off^_usr, _off^_usr, _off^_usr, _off^_usr, _off^_usr, _off^_usr, _off^_usr, _off^_usr, _off^_usr, Wwg, Ai, Aa^Fma, Ai, Aa^Fma, Wwf, Rr, Ha^Fda, Aa^Fpa, Ha, Ha, Xu, _off^_usr, Xu, Ha, Ha, Aa^Fpa, Ha^Fda, Rr, Wwf, Aa^Fma, Ai, Aa^Fma, Ai, Wwg, _off^_usr, _off^_usr, _off^_usr, _off^_usr, _off^_usr, _off^_usr, _off^_usr, _off^_usr, _off^_usr, _off^_usr, _off^_usr, _off^_usr, _off^_usr
_off^_usr, _off^_usr, _off^_usr, _off^_usr, _off^_usr, _off^_usr, _off^_usr, _off^_usr, _off^_usr, _off^_usr, _off^_usr, _off^_usr, _off^_usr, _off^_usr, Ha, Ha^Fda, Wwf, Ai, Wwf, Rr, Ms, Ms, Xu, Xu, Xu, _off^_usr, Xu, Xu, Xu, Ms, Ms, Rr, Wwf, Ai, Wwf, Ha^Fda, Ha, _off^_usr, _off^_usr, _off^_usr, _off^_usr, _off^_usr, _off^_usr, _off^_usr, _off^_usr, _off^_usr, _off^_usr, _off^_usr, _off^_usr, _off^_usr, _off^_usr
_off^_usr, _off^_usr, _off^_usr, _off^_usr, _off^_usr, _off^_usr, _off^_usr, _off^_usr, _off^_usr, _off^_usr, _off^_usr, _off^_usr, _off^_usr, _off^_usr, Ha, Wwf, Aa, Ai, Rr, Rr, Rr, Xu, Cud, Kud, Xu, _off^_usr, Xu, Kud, Cud, Xu, Rr, Rr, Rr, Ai, Aa, Wwf, Ha, _off^_usr, _off^_usr, _off^_usr, _off^_usr, _off^_usr, _off^_usr, _off^_usr, _off^_usr, _off^_usr, _off^_usr, _off^_usr, _off^_usr, _off^_usr, _off^_usr
_off^_usr, _off^_usr, _off^_usr, _off^_usr, _off^_usr, _off^_usr, _off^_usr, _off^_usr, _off^_usr, _off^_usr, _off^_usr, _off^_usr, _off^_usr, _off^_usr, Ms, Ha, Aa, Ms, Rr, Aa, Aa^Fma, Rr, Cud, Cud, Xu, _off^_usr, Xu, Cud, Cud, Rr, Aa^Fma, Aa, Rr, Ms, Aa, Ha, Ms, _off^_usr, _off^_usr, _off^_usr, _off^_usr, _off^_usr, _off^_usr, _off^_usr, _off^_usr, _off^_usr, _off^_usr, _off^_usr, _off^_usr, _off^_usr, _off^_usr
_off^_usr, _off^_usr, _off^_usr, _off^_usr, _off^_usr, _off^_usr, _off^_usr, _off^_usr, _off^_usr, _off^_usr, _off^_usr, _off^_usr, _off^_usr, _off^_usr, Aa^Fpa, Aa^Fpa, Ha, Aa, Rr, Aa^Fda, Ms, Xu, Xu, Ur, Xu, _off^_usr, Xu, Ur, Xu, Xu, Ms, Aa^Fda, Rr, Aa, Ha, Aa^Fpa, Aa^Fpa, _off^_usr, _off^_usr, _off^_usr, _off^_usr, _off^_usr, _off^_usr, _off^_usr, _off^_usr, _off^_usr, _off^_usr, _off^_usr, _off^_usr, _off^_usr, _off^_usr
_off^_usr, _off^_usr, _off^_usr, _off^_usr, _off^_usr, _off^_usr, _off^_usr, _off^_usr, _off^_usr, _off^_usr, _off^_usr, _off^_usr, _off^_usr, _off^_usr, Ha, Aa^Fpa, Ha, Aa, Aa^Fma, Rr, Rr, Ms, Ms, Xu, Xu, _off^_usr, Xu, Xu, Ms, Ms, Rr, Rr, Aa^Fma, Aa, Ha, Aa^Fpa, Ha, _off^_usr, _off^_usr, _off^_usr, _off^_usr, _off^_usr, _off^_usr, _off^_usr, _off^_usr, _off^_usr, _off^_usr, _off^_usr, _off^_usr, _off^_usr, _off^_usr
_off^_usr, _off^_usr, _off^_usr, _off^_usr, _off^_usr, _off^_usr, _off^_usr, _off^_usr, _off^_usr, _off^_usr, _off^_usr, _off^_usr, _off^_usr, _off^_usr, Ha, Ms, Ha, Ai, Ha^Vhha, Ha, Ai, Rr, Rr, Ms, Ms, _off^_usr, Ms, Ms, Rr, Rr, Ai, Ha, Ha^Vhha, Ai, Ha, Ms, Ha, _off^_usr, _off^_usr, _off^_usr, _off^_usr, _off^_usr, _off^_usr, _off^_usr, _off^_usr, _off^_usr, _off^_usr, _off^_usr, _off^_usr, _off^_usr, _off^_usr
_off^_usr, _off^_usr, _off^_usr, _off^_usr, _off^_usr, _off^_usr, _off^_usr, _off^_usr, _off^_usr, _off^_usr, _off^_usr, _off^_usr, _off^_usr, _off^_usr, Aa, Ha, Aa^Fma, Ha, Ha, Aa^Fda, Aa^Fpa, Aa, Gll, Rr, Rr, _off^_usr, Rr, Rr, Gll, Aa, Aa^Fpa, Aa^Fda, Ha, Ha, Aa^Fma, Ha, Aa, _off^_usr, _off^_usr, _off^_usr, _off^_usr, _off^_usr, _off^_usr, _off^_usr, _off^_usr, _off^_usr, _off^_usr, _off^_usr, _off^_usr, _off^_usr, _off^_usr
_off^_usr, _off^_usr, _off^_usr, _off^_usr, _off^_usr, _off^_usr, _off^_usr, _off^_usr, _off^_usr, _off^_usr, _off^_usr, _off^_usr, _off^_usr, _off^_usr, Gd, Aa, Gd, Aa, Gll, Aa, Aa, Aa^Fda, Aa^Fda, Aa, Rr, _off^_usr, Rr, Aa, Aa^Fda, Aa^Fda, Aa, Aa, Gll, Aa, Gd, Aa, Gd, _off^_usr, _off^_usr, _off^_usr, _off^_usr, _off^_usr, _off^_usr, _off^_usr, _off^_usr, _off^_usr, _off^_usr, _off^_usr, _off^_usr, _off^_usr, _off^_usr
_off^_usr, _off^_usr, _off^_usr, _off^_usr, _off^_usr, _off^_usr, _off^_usr, _off^_usr, _off^_usr, _off^_usr, _off^_usr, _off^_usr, _off^_usr, _off^_usr, Gd, Aa, Gd, Gll^Fmw, Gll^Fmw, Gll, Gll^Fdw, Gll^Fdw, Rr, Rr, Rb, _off^_usr, Rb, Rr, Rr, Gll^Fdw, Gll^Fdw, Gll, Gll^Fmw, Gll^Fmw, Gd, Aa, Gd, _off^_usr, _off^_usr, _off^_usr, _off^_usr, _off^_usr, _off^_usr, _off^_usr, _off^_usr, _off^_usr, _off^_usr, _off^_usr, _off^_usr, _off^_usr, _off^_usr
_off^_usr, _off^_usr, _off^_usr, _off^_usr, _off^_usr, _off^_usr, _off^_usr, _off^_usr, _off^_usr, Wog, Wog, _off^_usr, _off^_usr, _off^_usr, Gd, Gd, Aa^Fda, Aa, Kea, Gd, Aa, Gd, Rr, Aa^Fda, Aa, _off^_usr, Aa, Aa^Fda, Rr, Gd, Aa, Gd, Kea, Aa, Aa^Fda, Gd, Gd, _off^_usr, _off^_usr, _off^_usr, Wog, Wog, _off^_usr, _off^_usr, _off^_usr, _off^_usr, _off^_usr, _off^_usr, _off^_usr, _off^_usr, _off^_usr
_off^_usr, _off^_usr, _off^_usr, _off^_usr, _off^_usr, _off^_usr, _off^_usr, _off^_usr, _off^_usr, Wog, Wog, Wog, Wog, _off^_usr, Gd, Gd, Gd, Cea, Cea, Cea, Rr, Rr, Aa, Gd, Aa, _off^_usr, Aa, Gd, Aa, Rr, Rr, Cea, Cea, Cea, Gd, Gd, Gd, _off^_usr, Wog, Wog, Wog, Wog, _off^_usr, _off^_usr, _off^_usr, _off^_usr, _off^_usr, _off^_usr, _off^_usr, _off^_usr, _off^_usr
_off^_usr, _off^_usr, _off^_usr, _off^_usr, _off^_usr, _off^_usr, _off^_usr, _off^_usr, _off^_usr, Wog, Wog, Wog, Wog, Wog, Wog, Gd, Gd, Aa, Rr, Rr, Gd, Gd, Aa^Fma, Aa, Aa^Fda, _off^_usr, Aa^Fda, Aa, Aa^Fma, Gd, Gd, Rr, Rr, Aa, Gd, Gd, Wog, Wog, Wog, Wog, Wog, Wog, _off^_usr, _off^_usr, _off^_usr, _off^_usr, _off^_usr, _off^_usr, _off^_usr, _off^_usr, _off^_usr
_off^_usr, _off^_usr, _off^_usr, _off^_usr, _off^_usr, _off^_usr, _off^_usr, _off^_usr, _off^_usr, _off^_usr, _off^_usr, Wog, Wog, Wog, Wwg, Wwg, Wwg, Gd, Rr, Ce, Aa, Aa^Fma, Ha, Ms, Ha, _off^_usr, Ha, Ms, Ha, Aa^Fma, Aa, Ce, Rr, Gd, Wwg, Wwg, Wwg, Wog, Wog, Wog, _off^_usr, _off^_usr, _off^_usr, _off^_usr, _off^_usr, _off^_usr, _off^_usr, _off^_usr, _off^_usr, _off^_usr, _off^_usr
_off^_usr, _off^_usr, _off^_usr, _off^_usr, _off^_usr, _off^_usr, _off^_usr, _off^_usr, _off^_usr, _off^_usr, _off^_usr, _off^_usr, _off^_usr, Wog, Wwg, Wwg, Wwg, Wwg, Wwg^Bsb|, Gd, Gd, Gd, Hhd, Ha, Ms, _off^_usr, Ms, Ha, Hhd, Gd, Gd, Gd, Wwg^Bsb|, Wwg, Wwg, Wwg, Wwg, Wog, _off^_usr, _off^_usr, _off^_usr, _off^_usr, _off^_usr, _off^_usr, _off^_usr, _off^_usr, _off^_usr, _off^_usr, _off^_usr, _off^_usr, _off^_usr
_off^_usr, _off^_usr, _off^_usr, _off^_usr, _off^_usr, _off^_usr, _off^_usr, _off^_usr, _off^_usr, _off^_usr, _off^_usr, _off^_usr, _off^_usr, Wog, Wwg, Wwg, Wwg, Wwg, Wwg^Bsb|, Wwg, Wwg, Wwg, Wwg, Md, Md, _off^_usr, Md, Md, Wwg, Wwg, Wwg, Wwg, Wwg^Bsb|, Wwg, Wwg, Wwg, Wwg, Wog, _off^_usr, _off^_usr, _off^_usr, _off^_usr, _off^_usr, _off^_usr, _off^_usr, _off^_usr, _off^_usr, _off^_usr, _off^_usr, _off^_usr, _off^_usr
_off^_usr, _off^_usr, _off^_usr, _off^_usr, _off^_usr, _off^_usr, _off^_usr, _off^_usr, _off^_usr, _off^_usr, _off^_usr, _off^_usr, _off^_usr, _off^_usr, _off^_usr, Gd, Gd, Wwg, Wwg^Bsb|, Wwg, Wwg, Wwg, Wwg, Wwg, Wwg, _off^_usr, Wwg, Wwg, Wwg, Wwg, Wwg, Wwg, Wwg^Bsb|, Wwg, Gd, Gd, _off^_usr, _off^_usr, _off^_usr, _off^_usr, _off^_usr, _off^_usr, _off^_usr, _off^_usr, _off^_usr, _off^_usr, _off^_usr, _off^_usr, _off^_usr, _off^_usr, _off^_usr
_off^_usr, _off^_usr, _off^_usr, _off^_usr, _off^_usr, _off^_usr, _off^_usr, _off^_usr, _off^_usr, _off^_usr, _off^_usr, _off^_usr, _off^_usr, _off^_usr, _off^_usr, Gd, Gd, Gd, Rr, Gd, Gd, Wwg, Wwg, Wwg, Wwg, _off^_usr, Wwg, Wwg, Wwg, Wwg, Gd, Gd, Rr, Gd, Gd, Gd, _off^_usr, _off^_usr, _off^_usr, _off^_usr, _off^_usr, _off^_usr, _off^_usr, _off^_usr, _off^_usr, _off^_usr, _off^_usr, _off^_usr, _off^_usr, _off^_usr, _off^_usr
_off^_usr, _off^_usr, _off^_usr, _off^_usr, _off^_usr, _off^_usr, _off^_usr, _off^_usr, _off^_usr, _off^_usr, _off^_usr, _off^_usr, _off^_usr, _off^_usr, _off^_usr, Gll, Gd, Aa, Rr, Gd, Gd, Wwg, Wwg, Wwg, Wwg, _off^_usr, Wwg, Wwg, Wwg, Wwg, Gd, Gd, Rr, Aa, Gd, Gll, _off^_usr, _off^_usr, _off^_usr, _off^_usr, _off^_usr, _off^_usr, _off^_usr, _off^_usr, _off^_usr, _off^_usr, _off^_usr, _off^_usr, _off^_usr, _off^_usr, _off^_usr
_off^_usr, _off^_usr, _off^_usr, _off^_usr, _off^_usr, _off^_usr, _off^_usr, _off^_usr, _off^_usr, _off^_usr, _off^_usr, _off^_usr, _off^_usr, _off^_usr, _off^_usr, Gll^Fmw, Gll, Gd, Rr, Gd, Gll, Gd, Gll^Fmw, Wwg, Wwg, _off^_usr, Wwg, Wwg, Gll^Fmw, Gd, Gll, Gd, Rr, Gd, Gll, Gll^Fmw, _off^_usr, _off^_usr, _off^_usr, _off^_usr, _off^_usr, _off^_usr, _off^_usr, _off^_usr, _off^_usr, _off^_usr, _off^_usr, _off^_usr, _off^_usr, _off^_usr, _off^_usr
_off^_usr, _off^_usr, _off^_usr, _off^_usr, _off^_usr, _off^_usr, _off^_usr, _off^_usr, _off^_usr, _off^_usr, _off^_usr, _off^_usr, _off^_usr, _off^_usr, _off^_usr, Gll^Fmw, Hhd, Gd, Rr, Gll, Gll^Fmf, Hhd, Re^Vct, Wwf, Wwg, _off^_usr, Wwg, Wwf, Re^Vct, Hhd, Gll^Fmf, Gll, Rr, Gd, Hhd, Gll^Fmw, _off^_usr, _off^_usr, _off^_usr, _off^_usr, _off^_usr, _off^_usr, _off^_usr, _off^_usr, _off^_usr, _off^_usr, _off^_usr, _off^_usr, _off^_usr, _off^_usr, _off^_usr
_off^_usr, _off^_usr, _off^_usr, _off^_usr, _off^_usr, _off^_usr, _off^_usr, _off^_usr, _off^_usr, _off^_usr, _off^_usr, _off^_usr, _off^_usr, _off^_usr, _off^_usr, Gll^Fmf, Gll^Fdf, Gs, Gs, Rr, Rr, Gs, Wwg, Gll^Fmw, Wog, _off^_usr, Wog, Gll^Fmw, Wwg, Gs, Rr, Rr, Gs, Gs, Gll^Fdf, Gll^Fmf, _off^_usr, _off^_usr, _off^_usr, _off^_usr, _off^_usr, _off^_usr, _off^_usr, _off^_usr, _off^_usr, _off^_usr, _off^_usr, _off^_usr, _off^_usr, _off^_usr, _off^_usr
_off^_usr, _off^_usr, _off^_usr, _off^_usr, _off^_usr, _off^_usr, _off^_usr, _off^_usr, _off^_usr, _off^_usr, _off^_usr, _off^_usr, _off^_usr, _off^_usr, _off^_usr, Hhd, Gll, Gll^Fmf, Gd, Gs, Rr, Gs, Wwg, Wog, Wog, _off^_usr, Wog, Wog, Wwg, Gs, Rr, Gs, Gd, Gll^Fmf, Gll, Hhd, _off^_usr, _off^_usr, _off^_usr, _off^_usr, _off^_usr, _off^_usr, _off^_usr, _off^_usr, _off^_usr, _off^_usr, _off^_usr, _off^_usr, _off^_usr, _off^_usr, _off^_usr
_off^_usr, _off^_usr, _off^_usr, _off^_usr, _off^_usr, _off^_usr, _off^_usr, _off^_usr, _off^_usr, _off^_usr, _off^_usr, _off^_usr, _off^_usr, _off^_usr, _off^_usr, Gll^Fdf, Gll^Fmf, Gd, Gs^Fms, Rr, Gd, Gs, Gs, Wwg, Wwg, _off^_usr, Wwg, Wwg, Gs, Gs, Gd, Rr, Gs^Fms, Gd, Gll^Fmf, Gll^Fdf, _off^_usr, _off^_usr, _off^_usr, _off^_usr, _off^_usr, _off^_usr, _off^_usr, _off^_usr, _off^_usr, _off^_usr, _off^_usr, _off^_usr, _off^_usr, _off^_usr, _off^_usr
_off^_usr, _off^_usr, _off^_usr, _off^_usr, _off^_usr, _off^_usr, _off^_usr, _off^_usr, _off^_usr, _off^_usr, _off^_usr, _off^_usr, _off^_usr, _off^_usr, _off^_usr, Hh, Hh, Hh^Fds, Gs^Em, Rr, Gs, Gs, Gs, Wwg, Wwg, _off^_usr, Wwg, Wwg, Gs, Gs, Gs, Rr, Gs^Em, Hh^Fds, Hh, Hh, _off^_usr, _off^_usr, _off^_usr, _off^_usr, _off^_usr, _off^_usr, _off^_usr, _off^_usr, _off^_usr, _off^_usr, _off^_usr, _off^_usr, _off^_usr, _off^_usr, _off^_usr
_off^_usr, _off^_usr, _off^_usr, _off^_usr, _off^_usr, _off^_usr, _off^_usr, _off^_usr, _off^_usr, _off^_usr, _off^_usr, _off^_usr, _off^_usr, _off^_usr, _off^_usr, Hh, Mm, Hh, Gs, Rr, Gs^Fms, Gs, Gs, Wwg, Wog, _off^_usr, Wog, Wwg, Gs, Gs, Gs^Fms, Rr, Gs, Hh, Mm, Hh, _off^_usr, _off^_usr, _off^_usr, _off^_usr, _off^_usr, _off^_usr, _off^_usr, _off^_usr, _off^_usr, _off^_usr, _off^_usr, _off^_usr, _off^_usr, _off^_usr, _off^_usr
_off^_usr, _off^_usr, _off^_usr, _off^_usr, _off^_usr, _off^_usr, _off^_usr, _off^_usr, _off^_usr, _off^_usr, _off^_usr, _off^_usr, _off^_usr, _off^_usr, _off^_usr, Hh, Mm, Wwf, Gs, Rr, Rp, Gs, Wwg, Wwg, Wog, _off^_usr, Wog, Wwg, Wwg, Gs, Rp, Rr, Gs, Wwf, Mm, Hh, _off^_usr, _off^_usr, _off^_usr, _off^_usr, _off^_usr, _off^_usr, _off^_usr, _off^_usr, _off^_usr, _off^_usr, _off^_usr, _off^_usr, _off^_usr, _off^_usr, _off^_usr
_off^_usr, _off^_usr, _off^_usr, _off^_usr, _off^_usr, _off^_usr, _off^_usr, _off^_usr, _off^_usr, _off^_usr, _off^_usr, _off^_usr, _off^_usr, _off^_usr, Hh^Fds, Hh, Wwg, Wwg, Wwg, Ce, Rp, Ww^Vm, Wwg, Wwg, Wog, _off^_usr, Wog, Wwg, Wwg, Ww^Vm, Rp, Ce, Wwg, Wwg, Wwg, Hh, Hh^Fds, _off^_usr, _off^_usr, _off^_usr, _off^_usr, _off^_usr, _off^_usr, _off^_usr, _off^_usr, _off^_usr, _off^_usr, _off^_usr, _off^_usr, _off^_usr, _off^_usr
_off^_usr, _off^_usr, _off^_usr, _off^_usr, _off^_usr, _off^_usr, _off^_usr, _off^_usr, _off^_usr, _off^_usr, _off^_usr, _off^_usr, Hh^Fds, Hh^Fds, Wwg, Wwg, Wwg, Wwg, Wwg^Bsb/, Wwg^Bsb/, Wwg, Wwg, Wwg, Wog, Wog, _off^_usr, Wog, Wog, Wwg, Wwg, Wwg, Wwg^Bsb\, Wwg^Bsb\, Wwg, Wwg, Wwg, Wwg, Hh^Fds, Hh^Fds, _off^_usr, _off^_usr, _off^_usr, _off^_usr, _off^_usr, _off^_usr, _off^_usr, _off^_usr, _off^_usr, _off^_usr, _off^_usr, _off^_usr
_off^_usr, _off^_usr, _off^_usr, _off^_usr, _off^_usr, _off^_usr, _off^_usr, _off^_usr, _off^_usr, _off^_usr, Mm, Hh, Wwg, Wwg, Wwg, Wwg, Rr, Wwg^Bsb/, Wwg, Wwg, Wwg, Wwrg, Wwg, Wog, Wog, _off^_usr, Wog, Wog, Wwg, Wwrg, Wwg, Wwg, Wwg, Wwg^Bsb\, Rr, Wwg, Wwg, Wwg, Wwg, Hh, Mm, _off^_usr, _off^_usr, _off^_usr, _off^_usr, _off^_usr, _off^_usr, _off^_usr, _off^_usr, _off^_usr, _off^_usr
_off^_usr, _off^_usr, _off^_usr, _off^_usr, _off^_usr, _off^_usr, _off^_usr, _off^_usr, _off^_usr, _off^_usr, Wwg, Wwg, Wwg, Wwg, Wwf, Wwg, Rp, Rp, Gs, Gs, Gs, Wwg, Wwg, Wwg, Wwg, _off^_usr, Wwg, Wwg, Wwg, Wwg, Gs, Gs, Gs, Rp, Rp, Wwg, Wwf, Wwg, Wwg, Wwg, Wwg, _off^_usr, _off^_usr, _off^_usr, _off^_usr, _off^_usr, _off^_usr, _off^_usr, _off^_usr, _off^_usr, _off^_usr
_off^_usr, _off^_usr, _off^_usr, _off^_usr, _off^_usr, _off^_usr, _off^_usr, _off^_usr, _off^_usr, _off^_usr, Wwg, Wwg, Wwf, Wwf, Wwf, Gg, Rp, Gs, Gs^Fms, Gs^Fms, Gs^Fms, Gs, Wwg, Wwg, Wwg, _off^_usr, Wwg, Wwg, Wwg, Gs, Gs^Fms, Gs^Fms, Gs^Fms, Gs, Rp, Gg, Wwf, Wwf, Wwf, Wwg, Wwg, _off^_usr, _off^_usr, _off^_usr, _off^_usr, _off^_usr, _off^_usr, _off^_usr, _off^_usr, _off^_usr, _off^_usr
_off^_usr, _off^_usr, _off^_usr, _off^_usr, _off^_usr, _off^_usr, _off^_usr, _off^_usr, _off^_usr, _off^_usr, Wwg, Wwf, Wwf, Wwf, Gg, Gg, Gg, Gg, Gg, Gg, Gs^Vh, Wwf, Wwf, Wwg, Gs, _off^_usr, Gs, Wwg, Wwf, Wwf, Gs^Vh, Gg, Gg, Gg, Gg, Gg, Gg, Wwf, Wwf, Wwf, Wwg, _off^_usr, _off^_usr, _off^_usr, _off^_usr, _off^_usr, _off^_usr, _off^_usr, _off^_usr, _off^_usr, _off^_usr
_off^_usr, _off^_usr, _off^_usr, _off^_usr, _off^_usr, _off^_usr, _off^_usr, _off^_usr, _off^_usr, _off^_usr, Ww^Ewl, Wwf, Wwf, Chr, Gg, Gg, Gs^Fms, Gg, Ce, Ke, Ce, Gs^Fms, Wwf, Gs^Fms, Hh, _off^_usr, Hh, Gs^Fms, Wwf, Gs^Fms, Ce, Ke, Ce, Gg, Gs^Fms, Gg, Gg, Chr, Wwf, Wwf, Ww^Ewl, _off^_usr, _off^_usr, _off^_usr, _off^_usr, _off^_usr, _off^_usr, _off^_usr, _off^_usr, _off^_usr, _off^_usr
_off^_usr, _off^_usr, _off^_usr, _off^_usr, _off^_usr, _off^_usr, _off^_usr, _off^_usr, _off^_usr, _off^_usr, Ww^Ewf, Ww^Ewl, Wwf, Gg, Gg, Gs^Fms, Gg, Gg, Gg, Gg, Gg, Wwf, Wwf, Hh, Hh, _off^_usr, Hh, Hh, Wwf, Wwf, Gg, Gg, Gg, Gg, Gg, Gs^Fms, Gg, Gg, Wwf, Ww^Ewl, Ww^Ewf, _off^_usr, _off^_usr, _off^_usr, _off^_usr, _off^_usr, _off^_usr, _off^_usr, _off^_usr, _off^_usr, _off^_usr
_off^_usr, _off^_usr, _off^_usr, _off^_usr, _off^_usr, _off^_usr, _off^_usr, _off^_usr, _off^_usr, _off^_usr, Wwf, Ww^Feth, Wwf, Gg^Fds, Gg, Gg, Gg, Gg, Gg^Eff, Gg, Gg, Wwf, Ss, Gs^Fms, Gs^Fds, _off^_usr, Gs^Fds, Gs^Fms, Ss, Wwf, Gg, Gg, Gg^Eff, Gg, Gg, Gg, Gg, Gs^Fds, Wwf, Ww^Feth, Wwf, _off^_usr, _off^_usr, _off^_usr, _off^_usr, _off^_usr, _off^_usr, _off^_usr, _off^_usr, _off^_usr, _off^_usr
_off^_usr, _off^_usr, _off^_usr, _off^_usr, _off^_usr, _off^_usr, _off^_usr, _off^_usr, _off^_usr, _off^_usr, Wwf, Wwf, Wwf, Wwf, Wwf, Wwf, Gg^Eff, Gg^Eff, Gg^Gvs, Gg^Eff, Gg^Eff, Gs^Fds, Gs^Fds, Ss, Ss, _off^_usr, Ss, Ss, Gs^Fds, Gs^Fds, Gg^Eff, Gg^Eff, Gg^Gvs, Gg^Eff, Gg^Eff, Wwf, Wwf, Wwf, Wwf, Wwf, Wwf, _off^_usr, _off^_usr, _off^_usr, _off^_usr, _off^_usr, _off^_usr, _off^_usr, _off^_usr, _off^_usr, _off^_usr
_off^_usr, _off^_usr, _off^_usr, _off^_usr, _off^_usr, _off^_usr, _off^_usr, _off^_usr, _off^_usr, _off^_usr, Wwf, Hh, Hh, Hh^Fds, Gg^Fet, Gg^Eff, Gg^Eff, Gg^Gvs, Gg^Gvs, Gg^Gvs, Gg^Gvs, Gg^Eff, Gg^Eff, Gs^Fds, Gs^Fds, _off^_usr, Gs^Fds, Gs^Fds, Gg^Eff, Gg^Eff, Gg^Gvs, Gg^Gvs, Gg^Gvs, Gg^Gvs, Gg^Eff, Gg^Eff, Gg^Fet, Hh^Fds, Hh, Hh, Wwf, _off^_usr, _off^_usr, _off^_usr, _off^_usr, _off^_usr, _off^_usr, _off^_usr, _off^_usr, _off^_usr, _off^_usr
_off^_usr, _off^_usr, _off^_usr, _off^_usr, _off^_usr, _off^_usr, _off^_usr, _off^_usr, _off^_usr, _off^_usr, Wwf, Wwf, Wwf, Wwf, Wwf, Gg, Gg, Gg^Eff, Gs^Vl, Gg^Gvs, Gg^Gvs, Gg^Gvs, Gg^Eff, Gg^Eff, Hh^Fds, _off^_usr, Hh^Fds, Gg^Eff, Gg^Eff, Gg^Gvs, Gg^Gvs, Gg^Gvs, Gs^Vl, Gg^Eff, Gg, Gg, Wwf, Wwf, Wwf, Wwf, Wwf, _off^_usr, _off^_usr, _off^_usr, _off^_usr, _off^_usr, _off^_usr, _off^_usr, _off^_usr, _off^_usr, _off^_usr
_off^_usr, _off^_usr, _off^_usr, _off^_usr, _off^_usr, _off^_usr, _off^_usr, _off^_usr, _off^_usr, _off^_usr, Wwf, Wwf, Wwg, Wwg, Wwg, Wwf, Wwf, Gg, Gg, Gg, Gg^Eff, Gg^Eff, Gs^Fms, Gs^Fms, Hh, _off^_usr, Hh, Gs^Fms, Gs^Fms, Gg^Eff, Gg^Eff, Gg, Gg, Gg, Wwf, Wwf, Wwg, Wwg, Wwg, Wwf, Wwf, _off^_usr, _off^_usr, _off^_usr, _off^_usr, _off^_usr, _off^_usr, _off^_usr, _off^_usr, _off^_usr, _off^_usr
_off^_usr, _off^_usr, _off^_usr, _off^_usr, _off^_usr, _off^_usr, _off^_usr, _off^_usr, _off^_usr, _off^_usr, Wwf, Wwg, Wwg, Wwg, Wwg, Wwf, Wwf, Gg, Gg, Gg, Gs^Fms, Gg, Gs^Fms, Hh, Hh, _off^_usr, Hh, Hh, Gs^Fms, Gg, Gs^Fms, Gg, Gg, Gg, Wwf, Wwf, Wwg, Wwg, Wwg, Wwg, Wwf, _off^_usr, _off^_usr, _off^_usr, _off^_usr, _off^_usr, _off^_usr, _off^_usr, _off^_usr, _off^_usr, _off^_usr
_off^_usr, _off^_usr, _off^_usr, _off^_usr, _off^_usr, _off^_usr, _off^_usr, _off^_usr, _off^_usr, _off^_usr, Wwf, Wwg, Wwg, Wwg, Wwf, Wwf, Gs^Fms, Gs^Fms, Mm^Fms, Hh^Fds, Hh, Gs^Fms, Mm, Gs^Fms, Gs^Fms, _off^_usr, Gs^Fms, Gs^Fms, Md, Gs^Fms, Hh, Hh^Fds, Mm^Fms, Gs^Fms, Gs^Fms, Wwf, Wwf, Wwg, Wwg, Wwg, Wwf, _off^_usr, _off^_usr, _off^_usr, _off^_usr, _off^_usr, _off^_usr, _off^_usr, _off^_usr, _off^_usr, _off^_usr
_off^_usr, _off^_usr, _off^_usr, _off^_usr, _off^_usr, _off^_usr, _off^_usr, _off^_usr, _off^_usr, _off^_usr, Wwf, Wwf, Wwf, Wwg, Wwf, Wwf, Mm, Mm^Fms, Hh, Hh, Mm, Hh, Mm, Mm, Mm, _off^_usr, Md, Md, Mm, Hh, Mm, Hh, Hh, Mm^Fms, Mm, Wwf, Wwf, Wwg, Wwf, Wwf, Wwf, _off^_usr, _off^_usr, _off^_usr, _off^_usr, _off^_usr, _off^_usr, _off^_usr, _off^_usr, _off^_usr, _off^_usr
_off^_usr, _off^_usr, _off^_usr, _off^_usr, _off^_usr, _off^_usr, _off^_usr, _off^_usr, _off^_usr, _off^_usr, Gd, Wwf, Wwf, Wwf, Wwf, Hh, Hh^Fds, Hh^Vl, Wwf, Wwf, Wwf, Wwf, Hh, Hh^Fds, Hh, _off^_usr, Hh, Hh^Fds, Hh, Wwf, Wwf, Wwf, Wwf, Hh^Vl, Hh^Fds, Hh, Wwf, Wwf, Wwf, Wwf, Gd, _off^_usr, _off^_usr, _off^_usr, _off^_usr, _off^_usr, _off^_usr, _off^_usr, _off^_usr, _off^_usr, _off^_usr
_off^_usr, _off^_usr, _off^_usr, _off^_usr, _off^_usr, _off^_usr, _off^_usr, _off^_usr, _off^_usr, _off^_usr, Hhd^Fp, Gd, Gd, Wwf, Hhd, Wwf, Wwf, Wwf, Gs^Fms, Gs, Gs, Hh, Hh, Hh, Gs^Fms, _off^_usr, Gs^Fms, Hh, Hh, Hh, Gs, Gs, Gs^Fms, Wwf, Wwf, Wwf, Hhd, Wwf, Gd, Gd, Hhd^Fp, _off^_usr, _off^_usr, _off^_usr, _off^_usr, _off^_usr, _off^_usr, _off^_usr, _off^_usr, _off^_usr, _off^_usr
_off^_usr, _off^_usr, _off^_usr, _off^_usr, _off^_usr, _off^_usr, _off^_usr, _off^_usr, _off^_usr, _off^_usr, Hhd^Fp, Gd, Gd, Gd, Hhd^Fp, Hhd^Fp, Wwf, Gg^Fet, Gs^Fms, Gs, Gs, Gs^Fms, Cv^Fds, Gs^Fms, Gs^Fms, _off^_usr, Gs^Fms, Gs^Fms, Cv^Fds, Gs^Fms, Gs, Gs, Gs^Fms, Gg^Fet, Wwf, Hhd^Fp, Hhd^Fp, Gd, Gd, Gd, Hhd^Fp, _off^_usr, _off^_usr, _off^_usr, _off^_usr, _off^_usr, _off^_usr, _off^_usr, _off^_usr, _off^_usr, _off^_usr
_off^_usr, _off^_usr, _off^_usr, _off^_usr, _off^_usr, _off^_usr, _off^_usr, _off^_usr, _off^_usr, _off^_usr, Gd, Hhd, Gd, Hhd, Gll^Fp, Gll^Fp, Hh, Wwf, Gs, Gs, Cv, Cv, Cv^Fms, Cv^Fms, Gg^Fet, _off^_usr, Gg^Fet, Cv^Fms, Cv^Fms, Cv, Cv, Gs, Gs, Wwf, Hh, Gll^Fp, Gll^Fp, Hhd, Gd, Hhd, Gd, _off^_usr, _off^_usr, _off^_usr, _off^_usr, _off^_usr, _off^_usr, _off^_usr, _off^_usr, _off^_usr, _off^_usr
_off^_usr, _off^_usr, _off^_usr, _off^_usr, _off^_usr, _off^_usr, _off^_usr, _off^_usr, _off^_usr, _off^_usr, Hhd^Fp, Gd, Gll, Hhd, Gll^Fp, Gll^Fp, Hh, Wwf, Wwf, Gs, Gs^Fms, Cv, Kv, Hh, Hh, _off^_usr, Hh, Hh, Kv, Cv, Gs^Fms, Gs, Wwf, Wwf, Hh, Gll^Fp, Gll^Fp, Hhd, Gll, Gd, Hhd^Fp, _off^_usr, _off^_usr, _off^_usr, _off^_usr, _off^_usr, _off^_usr, _off^_usr, _off^_usr, _off^_usr, _off^_usr
_off^_usr, _off^_usr, _off^_usr, _off^_usr, _off^_usr, _off^_usr, _off^_usr, _off^_usr, _off^_usr, _off^_usr, Hhd, Hhd^Fp, Gll, Gll^Fp, Gll^Fp, Gll^Fp, Mm, Hh, Wwf, Gs, Gs, Gs^Fms, Gs^Fms, Hh, Hh, _off^_usr, Hh, Hh, Gs^Fms, Gs^Fms, Gs, Gs, Wwf, Hh, Mm, Gll^Fp, Gll^Fp, Gll^Fp, Gll, Hhd^Fp, Hhd, _off^_usr, _off^_usr, _off^_usr, _off^_usr, _off^_usr, _off^_usr, _off^_usr, _off^_usr, _off^_usr, _off^_usr
_off^_usr, _off^_usr, _off^_usr, _off^_usr, _off^_usr, _off^_usr, _off^_usr, _off^_usr, _off^_usr, _off^_usr, Gll^Fp, Gll, Gll^Fp, Gll^Fp, Hhd, Hhd^Fp, Wwf, Wwf, Hhd, Hhd, Hhd, Gs, Gs, Gg^Ve, Gs, _off^_usr, Gs, Gg^Ve, Gs, Gs, Hhd, Hhd, Hhd, Wwf, Wwf, Hhd^Fp, Hhd, Gll^Fp, Gll^Fp, Gll, Gll^Fp, _off^_usr, _off^_usr, _off^_usr, _off^_usr, _off^_usr, _off^_usr, _off^_usr, _off^_usr, _off^_usr, _off^_usr
_off^_usr, _off^_usr, _off^_usr, _off^_usr, _off^_usr, _off^_usr, _off^_usr, _off^_usr, _off^_usr, _off^_usr, Gll^Fp, Gll^Fp, Gll^Fp, Hhd, Hhd, Hhd, Wwf, Hhd, Hhd, Hhd^Fdf, Hhd^Fdf, Hhd^Fdf, Mm, Gs, Gs, _off^_usr, Gs, Gs, Mm, Hhd^Fdf, Hhd^Fdf, Hhd^Fdf, Hhd, Hhd, Wwf, Hhd, Hhd, Hhd, Gll^Fp, Gll^Fp, Gll^Fp, _off^_usr, _off^_usr, _off^_usr, _off^_usr, _off^_usr, _off^_usr, _off^_usr, _off^_usr, _off^_usr, _off^_usr
_off^_usr, _off^_usr, _off^_usr, _off^_usr, _off^_usr, _off^_usr, _off^_usr, _off^_usr, Gll, Gll^Fp, Gll^Fp, Hhd^Fp, Hhd, Hhd^Fp, Mm, Hhd, Hhd^Fp, Wwf, Hhd^Fdf, Hhd^Fdf, Mm, Mm, Mm^Xm, Mm, Mm, _off^_usr, Mm, Mm, Mm^Xm, Mm, Mm, Hhd^Fdf, Hhd^Fdf, Wwf, Hhd^Fp, Hhd, Mm, Hhd^Fp, Hhd, Hhd^Fp, Gll^Fp, Gll^Fp, Gll, _off^_usr, _off^_usr, _off^_usr, _off^_usr, _off^_usr, _off^_usr, _off^_usr, _off^_usr
_off^_usr, _off^_usr, _off^_usr, _off^_usr, _off^_usr, _off^_usr, _off^_usr, _off^_usr, Gll^Fp, Hhd, Hhd^Fp, Hhd, Mm, Mm, Mm, Mm, Mm, Hhd^Fp, Mm, Mm, Mm^Xm, Mm^Xm, Mm^Xm, Mm, Mm, _off^_usr, Mm, Mm, Mm^Xm, Mm^Xm, Mm^Xm, Mm, Mm, Hhd^Fp, Mm, Mm, Mm, Mm, Mm, Hhd, Hhd^Fp, Hhd, Gll^Fp, _off^_usr, _off^_usr, _off^_usr, _off^_usr, _off^_usr, _off^_usr, _off^_usr, _off^_usr
_off^_usr, _off^_usr, _off^_usr, _off^_usr, _off^_usr, _off^_usr, _off^_usr, Gll^Fp, Hhd^Fp, Hhd^Fp, Mm, Mm, Mm^Xm, Mm^Xm, Mm^Xm, Mm, Mm^Xm, Mm, Mm^Xm, Mm, Mm^Xm, Mm^Xm, Mm^Xm, Mm^Xm, Mm^Xm, _off^_usr, Mm^Xm, Mm^Xm, Mm^Xm, Mm^Xm, Mm^Xm, Mm, Mm^Xm, Mm, Mm^Xm, Mm, Mm^Xm, Mm^Xm, Mm^Xm, Mm, Mm, Hhd^Fp, Hhd^Fp, Gll^Fp, _off^_usr, _off^_usr, _off^_usr, _off^_usr, _off^_usr, _off^_usr, _off^_usr
_off^_usr, _off^_usr, _off^_usr, _off^_usr, _off^_usr, _off^_usr, Mm, Mm, Mm, Mm, Mm, Mm, Mm, Mm^Xm, Mm^Xm, Mm^Xm, Mm^Xm, Mm^Xm, Mm^Xm, Mm^Xm, Mm^Xm, Mm^Xm, Mm^Xm, Mm^Xm, Mm^Xm, _off^_usr, Mm^Xm, Mm^Xm, Mm^Xm, Mm^Xm, Mm^Xm, Mm^Xm, Mm^Xm, Mm^Xm, Mm^Xm, Mm^Xm, Mm^Xm, Mm^Xm, Mm, Mm, Mm, Mm, Mm, Mm, Mm, _off^_usr, _off^_usr, _off^_usr, _off^_usr, _off^_usr, _off^_usr
Qlf, Qlf, Qlf, Qlf, Qlf, Qlf, Qlf, Qlf, Qlf, Qlf, Qlf, Qlf, Qlf, Qlf, Qlf, Qlf, Qlf, Qlf, Qlf, Qlf, Qlf, Qlf, Qlf, Qlf, Qlf, _off^_usr, Qlf, Qlf, Qlf, Qlf, Qlf, Qlf, Qlf, Qlf, Qlf, Qlf, Qlf, Qlf, Qlf, Qlf, Qlf, Qlf, Qlf, Qlf, Qlf, Qlf, Qlf, Qlf, Qlf, Qlf, Qlf
Qlf, Qlf, Qlf, Qlf, Qlf, Qlf, Qlf, Qlf, Qlf, Qlf, Qlf, Qlf, Qlf, Qlf, Qlf, Qlf, Qlf, Qlf, Qlf, Qlf, Qlf, Qlf, Qlf, Qlf, Qlf, _off^_usr, Qlf, Qlf, Qlf, Qlf, Qlf, Qlf, Qlf, Qlf, Qlf, Qlf, Qlf, Qlf, Qlf, Qlf, Qlf, Qlf, Qlf, Qlf, Qlf, Qlf, Qlf, Qlf, Qlf, Qlf, Qlf
Qlf, Qlf, Qlf, Qlf, Qlf, Qlf, Qlf, Qlf, Qlf, Qlf, Qlf, Qlf, Qlf, Qlf, Qlf, Qlf, Qlf, Qlf, Qlf, Qlf, Qlf, Qlf, Qlf, Qlf, Qlf, _off^_usr, Qlf, Qlf, Qlf, Qlf, Qlf, Qlf, Qlf, Qlf, Qlf, Qlf, Qlf, Qlf, Qlf, Qlf, Qlf, Qlf, Qlf, Qlf, Qlf, Qlf, Qlf, Qlf, Qlf, Qlf, Qlf
