_off^_usr, _off^_usr, _off^_usr, _off^_usr, _off^_usr, Xu, Ur, Ur, Xu, Uu, Ur, Uh, Uh, Xu, Uh, Xu, Xu, Ur, Xu, Ur, Uh, Wwg, Wwg, Wwg, Wog, _off^_usr, Wog, Wwg, Wwg, Wwg, Uh, Ur, Xu, Ur, Xu, Xu, Uh, Xu, Uh, Uh, Ur, Uu, Xu, Ur, Ur, Xu, _off^_usr, _off^_usr, _off^_usr, _off^_usr, _off^_usr
_off^_usr, _off^_usr, _off^_usr, _off^_usr, _off^_usr, Xu, Xu, Xu, Uu, Uu, Ur, Ur, Ur, Ur, Ur, Xu, Ur, Xu, Uh, Xu, Xu, Wwg, Wwg, Wwg, Wog, _off^_usr, Wog, Wwg, Wwg, Wwg, Xu, Xu, Uh, Xu, Ur, Xu, Ur, Ur, Ur, Ur, Ur, Uu, Uu, Xu, Xu, Xu, _off^_usr, _off^_usr, _off^_usr, _off^_usr, _off^_usr
_off^_usr, _off^_usr, _off^_usr, _off^_usr, Xu, Xu, Ur, Ur, Ur, Ur, Uu, Ur, Xu, Xu, Xu, Ur, Ur, Uu, Uu, Uh, Uh, Wwf, Wwg, Wwg, Wog, _off^_usr, Wog, Wwg, Wwg, Wwf, Uh, Uh, Uu, Uu, Ur, Ur, Xu, Xu, Xu, Ur, Uu, Ur, Ur, Ur, Ur, Xu, Xu, _off^_usr, _off^_usr, _off^_usr, _off^_usr
_off^_usr, _off^_usr, _off^_usr, _off^_usr, Xu, Ur, Uh, Uh, Xu, Xu, Uu^Tf, Xu, Xu, Isa, Isa, Xu, Ur, Uu^Tf, Uu^Tf, Uh, Wwf, Wwf, Wwg, Wwg, Wog, _off^_usr, Wog, Wwg, Wwg, Wwf, Wwf, Uh, Uu^Tf, Uu^Tf, Ur, Xu, Isa, Isa, Xu, Xu, Uu^Tf, Xu, Xu, Uh, Uh, Ur, Xu, _off^_usr, _off^_usr, _off^_usr, _off^_usr
_off^_usr, _off^_usr, _off^_usr, _off^_usr, Xu, Ur, Ur, Uh, Uu, Uu, Cud, Xu, Kud, Isa, Isa, Xu, Ur, Uh, Uh, Uu, Wwf, Wwg, Wwg, Wwg, Wog, _off^_usr, Wog, Wwg, Wwg, Wwg, Wwf, Uu, Uh, Uh, Ur, Xu, Isa, Isa, Kud, Xu, Cud, Uu, Uu, Uh, Ur, Ur, Xu, _off^_usr, _off^_usr, _off^_usr, _off^_usr
_off^_usr, _off^_usr, _off^_usr, _off^_usr, _off^_usr, Xu, Xu, Ur, Ur, Uu, Uu, Cud, Cud, Cud, Xu, Xu, Ur, Ur, Ur, Uu, Ur, Wwg, Wwg, Wwg, Wog, _off^_usr, Wog, Wwg, Wwg, Wwg, Ur, Uu, Ur, Ur, Ur, Xu, Xu, Cud, Cud, Cud, Uu, Uu, Ur, Ur, Xu, Xu, _off^_usr, _off^_usr, _off^_usr, _off^_usr, _off^_usr
_off^_usr, _off^_usr, _off^_usr, _off^_usr, _off^_usr, _off^_usr, _off^_usr, Xu, Xu, Ur, Ur, Cud, Cud, Xu, Xu, Xu, Xu, Ur, Uh, Ur, Xu, Ur, Ur, Xu, Xu, Xu, Xu, Xu, Ur, Ur, Xu, Ur, Uh, Ur, Xu, Xu, Xu, Xu, Cud, Cud, Ur, Ur, Xu, Xu, _off^_usr, _off^_usr, _off^_usr, _off^_usr, _off^_usr, _off^_usr, _off^_usr
_off^_usr, _off^_usr, _off^_usr, _off^_usr, _off^_usr, _off^_usr, _off^_usr, _off^_usr, Xu, Uu, Ur, Ur, Ur, Uh, Uh, Uh, Uh, Xu, Xu, Xu, Uu, Uu^Tf, Cud, Ur, Xu, Xu, Xu, Ur, Cud, Uu^Tf, Uu, Xu, Xu, Xu, Uh, Uh, Uh, Uh, Ur, Ur, Ur, Uu, Xu, _off^_usr, _off^_usr, _off^_usr, _off^_usr, _off^_usr, _off^_usr, _off^_usr, _off^_usr
_off^_usr, _off^_usr, _off^_usr, _off^_usr, _off^_usr, _off^_usr, _off^_usr, _off^_usr, Xu, Uu^Vud, Uu, Ur, Ur, Uu, Uu, Uu, Xu, Xu, Uu^Tfi, Ur, Ur, Ur, Ur, Ur, Uu, Xu, Uu, Ur, Ur, Ur, Ur, Ur, Uu^Tfi, Xu, Xu, Uu, Uu, Uu, Ur, Ur, Uu, Uu^Vud, Xu, _off^_usr, _off^_usr, _off^_usr, _off^_usr, _off^_usr, _off^_usr, _off^_usr, _off^_usr
